2026-08-31 16:19:44.265 [main] INFO  c.s.managers.PropertiesManager - Loaded properties file: src/main/resources/project_properties/project_config_local.properties
2026-08-31 16:19:44.365 [main] INFO  c.s.capabilities.CapabilityManager - Loaded capabilities from C:\Users\family\Desktop\projects\swag-labs-mobile-nwdfew/src/main/resources/caps/local.json
2026-08-31 16:20:21.180 [main] INFO  c.s.managers.PropertiesManager - Loaded properties file: src/main/resources/project_properties/project_config_local.properties
2026-08-31 16:20:21.529 [main] INFO  c.s.capabilities.CapabilityManager - Loaded capabilities from C:\Users\family\Desktop\projects\swag-labs-mobile-nwdfew/src/main/resources/caps/local.json
2026-08-31 16:25:30.918 [main] INFO  c.s.managers.PropertiesManager - Loaded properties file: src/main/resources/project_properties/project_config_local.properties
2026-08-31 16:25:31.052 [main] INFO  c.s.capabilities.CapabilityManager - Loaded capabilities from C:\Users\family\Desktop\projects\swag-labs-mobile-nwdfew/src/main/resources/caps/local.json
2026-08-31 16:25:38.627 [main] INFO  c.s.managers.AppiumServerManager - Appium server started on http://127.0.0.1:4723
2026-08-31 16:25:38.701 [main] INFO  c.s.managers.AppiumServerManager - Appium server stopped
2026-08-31 16:29:03.332 [main] INFO  c.s.managers.PropertiesManager - Loaded properties file: src/main/resources/project_properties/project_config_local.properties
2026-08-31 16:29:03.351 [main] INFO  c.s.capabilities.CapabilityManager - Loaded capabilities from C:\Users\family\Desktop\projects\swag-labs-mobile-nwdfew/src/main/resources/caps/local.json
2026-08-31 16:29:03.352 [main] INFO  com.swaglabs.hooks.Hooks - Swag Labs automation started. Platform=android, Environment=local
2026-08-31 16:29:03.729 [main] INFO  com.swaglabs.hooks.Hooks - ******* Scenario: Standard user can log in successfully started *******
2026-08-31 16:29:15.012 [main] INFO  c.s.managers.AppiumServerManager - Appium server started on http://127.0.0.1:4723
2026-08-31 16:29:15.221 [main] INFO  com.swaglabs.device.DeviceManager - Using Android device: b58c6ff4
2026-08-31 16:29:15.527 [main] INFO  c.s.managers.AppiumDriverManager - Starting Appium session: http://127.0.0.1:4723 with caps Capabilities {appium:adbExecTimeout: 20000, appium:app: C:\Users\family\Desktop\pro..., appium:appActivity: .MainActivity, appium:appPackage: com.juanforeroaxpo.saucedemo, appium:autoGrantPermissions: true, appium:automationName: UiAutomator2, appium:clearSystemFiles: true, appium:disableWindowAnimation: false, appium:newCommandTimeout: 250, appium:noSign: true, appium:udid: b58c6ff4, appium:uiautomator2ServerInstallTimeout: 20000, platformName: ANDROID}
2026-08-31 16:29:39.392 [main] INFO  c.swaglabs.stepsDefs.LoginStepsDefs - User lands on the login page
2026-08-31 16:29:45.806 [main] INFO  c.swaglabs.stepsDefs.LoginStepsDefs - Logged in as standard_user
2026-08-31 16:29:47.829 [main] INFO  c.s.stepsDefs.ProductsStepsDefs - Products page is displayed
2026-08-31 16:29:48.722 [main] INFO  c.s.managers.AppiumDriverManager - Local driver variables cleared
2026-08-31 16:29:48.723 [main] INFO  page_objects.PageObjectHelper - Page object instances cleared
2026-08-31 16:29:48.726 [main] INFO  com.swaglabs.hooks.Hooks - Scenario 'Standard user can log in successfully' PASSED.
2026-08-31 16:29:48.738 [main] INFO  com.swaglabs.hooks.Hooks - ******* Scenario: Locked out user is blocked from logging in started *******
2026-08-31 16:29:48.739 [main] INFO  c.s.managers.AppiumServerManager - Appium server already running on 127.0.0.1:4723 - stopping to reuse clean state
2026-08-31 16:29:48.789 [main] INFO  c.s.managers.AppiumServerManager - Appium server stopped
2026-08-31 16:29:55.649 [main] INFO  c.s.managers.AppiumServerManager - Appium server started on http://127.0.0.1:4723
2026-08-31 16:29:55.758 [main] INFO  com.swaglabs.device.DeviceManager - Using Android device: b58c6ff4
2026-08-31 16:29:55.996 [main] INFO  c.s.managers.AppiumDriverManager - Starting Appium session: http://127.0.0.1:4723 with caps Capabilities {appium:adbExecTimeout: 20000, appium:app: C:\Users\family\Desktop\pro..., appium:appActivity: .MainActivity, appium:appPackage: com.juanforeroaxpo.saucedemo, appium:autoGrantPermissions: true, appium:automationName: UiAutomator2, appium:clearSystemFiles: true, appium:disableWindowAnimation: false, appium:newCommandTimeout: 250, appium:noSign: true, appium:udid: b58c6ff4, appium:uiautomator2ServerInstallTimeout: 20000, platformName: ANDROID}
2026-08-31 16:30:04.581 [main] INFO  c.swaglabs.stepsDefs.LoginStepsDefs - User lands on the login page
2026-08-31 16:30:10.927 [main] INFO  c.swaglabs.stepsDefs.LoginStepsDefs - Logged in as locked_out_user
2026-08-31 16:30:12.938 [main] INFO  c.s.managers.AppiumDriverManager - Local driver variables cleared
2026-08-31 16:30:12.938 [main] INFO  page_objects.PageObjectHelper - Page object instances cleared
2026-08-31 16:30:12.939 [main] INFO  com.swaglabs.hooks.Hooks - Scenario 'Locked out user is blocked from logging in' PASSED.
2026-08-31 16:30:12.966 [main] INFO  com.swaglabs.hooks.Hooks - ******* Scenario: Problem user can log in started *******
2026-08-31 16:30:12.967 [main] INFO  c.s.managers.AppiumServerManager - Appium server already running on 127.0.0.1:4723 - stopping to reuse clean state
2026-08-31 16:30:13.037 [main] INFO  c.s.managers.AppiumServerManager - Appium server stopped
2026-08-31 16:30:20.243 [main] INFO  c.s.managers.AppiumServerManager - Appium server started on http://127.0.0.1:4723
2026-08-31 16:30:20.343 [main] INFO  com.swaglabs.device.DeviceManager - Using Android device: b58c6ff4
2026-08-31 16:30:20.695 [main] INFO  c.s.managers.AppiumDriverManager - Starting Appium session: http://127.0.0.1:4723 with caps Capabilities {appium:adbExecTimeout: 20000, appium:app: C:\Users\family\Desktop\pro..., appium:appActivity: .MainActivity, appium:appPackage: com.juanforeroaxpo.saucedemo, appium:autoGrantPermissions: true, appium:automationName: UiAutomator2, appium:clearSystemFiles: true, appium:disableWindowAnimation: false, appium:newCommandTimeout: 250, appium:noSign: true, appium:udid: b58c6ff4, appium:uiautomator2ServerInstallTimeout: 20000, platformName: ANDROID}
2026-08-31 16:30:30.462 [main] INFO  c.swaglabs.stepsDefs.LoginStepsDefs - User lands on the login page
2026-08-31 16:30:37.141 [main] INFO  c.swaglabs.stepsDefs.LoginStepsDefs - Logged in as problem_user
2026-08-31 16:30:39.185 [main] INFO  c.s.stepsDefs.ProductsStepsDefs - Products page is displayed
2026-08-31 16:30:39.967 [main] INFO  c.s.managers.AppiumDriverManager - Local driver variables cleared
2026-08-31 16:30:39.967 [main] INFO  page_objects.PageObjectHelper - Page object instances cleared
2026-08-31 16:30:39.968 [main] INFO  com.swaglabs.hooks.Hooks - Scenario 'Problem user can log in' PASSED.
2026-08-31 16:30:39.975 [main] INFO  com.swaglabs.hooks.Hooks - ******* Scenario: Performance glitch user can log in (may take longer) started *******
2026-08-31 16:30:39.976 [main] INFO  c.s.managers.AppiumServerManager - Appium server already running on 127.0.0.1:4723 - stopping to reuse clean state
2026-08-31 16:30:40.007 [main] INFO  c.s.managers.AppiumServerManager - Appium server stopped
2026-08-31 16:30:44.654 [main] INFO  c.s.managers.AppiumServerManager - Appium server started on http://127.0.0.1:4723
2026-08-31 16:30:44.736 [main] INFO  com.swaglabs.device.DeviceManager - Using Android device: b58c6ff4
2026-08-31 16:30:44.947 [main] INFO  c.s.managers.AppiumDriverManager - Starting Appium session: http://127.0.0.1:4723 with caps Capabilities {appium:adbExecTimeout: 20000, appium:app: C:\Users\family\Desktop\pro..., appium:appActivity: .MainActivity, appium:appPackage: com.juanforeroaxpo.saucedemo, appium:autoGrantPermissions: true, appium:automationName: UiAutomator2, appium:clearSystemFiles: true, appium:disableWindowAnimation: false, appium:newCommandTimeout: 250, appium:noSign: true, appium:udid: b58c6ff4, appium:uiautomator2ServerInstallTimeout: 20000, platformName: ANDROID}
2026-08-31 16:30:53.200 [main] INFO  c.swaglabs.stepsDefs.LoginStepsDefs - User lands on the login page
2026-08-31 16:30:59.563 [main] INFO  c.swaglabs.stepsDefs.LoginStepsDefs - Logged in as performance_glitch_user
2026-08-31 16:31:05.944 [main] INFO  c.s.stepsDefs.ProductsStepsDefs - Products page is displayed
2026-08-31 16:31:06.827 [main] INFO  c.s.managers.AppiumDriverManager - Local driver variables cleared
2026-08-31 16:31:06.827 [main] INFO  page_objects.PageObjectHelper - Page object instances cleared
2026-08-31 16:31:06.828 [main] INFO  com.swaglabs.hooks.Hooks - Scenario 'Performance glitch user can log in (may take longer)' PASSED.
2026-08-31 16:31:06.832 [main] INFO  com.swaglabs.hooks.Hooks - ******* Scenario: Login with empty credentials is rejected started *******
2026-08-31 16:31:06.833 [main] INFO  c.s.managers.AppiumServerManager - Appium server already running on 127.0.0.1:4723 - stopping to reuse clean state
2026-08-31 16:31:06.878 [main] INFO  c.s.managers.AppiumServerManager - Appium server stopped
2026-08-31 16:31:12.247 [main] INFO  c.s.managers.AppiumServerManager - Appium server started on http://127.0.0.1:4723
2026-08-31 16:31:12.312 [main] INFO  com.swaglabs.device.DeviceManager - Using Android device: b58c6ff4
2026-08-31 16:31:12.530 [main] INFO  c.s.managers.AppiumDriverManager - Starting Appium session: http://127.0.0.1:4723 with caps Capabilities {appium:adbExecTimeout: 20000, appium:app: C:\Users\family\Desktop\pro..., appium:appActivity: .MainActivity, appium:appPackage: com.juanforeroaxpo.saucedemo, appium:autoGrantPermissions: true, appium:automationName: UiAutomator2, appium:clearSystemFiles: true, appium:disableWindowAnimation: false, appium:newCommandTimeout: 250, appium:noSign: true, appium:udid: b58c6ff4, appium:uiautomator2ServerInstallTimeout: 20000, platformName: ANDROID}
2026-08-31 16:31:20.249 [main] INFO  c.swaglabs.stepsDefs.LoginStepsDefs - User lands on the login page
2026-08-31 16:31:27.545 [main] INFO  c.swaglabs.stepsDefs.LoginStepsDefs - Login error message is displayed
2026-08-31 16:31:28.447 [main] INFO  c.s.managers.AppiumDriverManager - Local driver variables cleared
2026-08-31 16:31:28.447 [main] INFO  page_objects.PageObjectHelper - Page object instances cleared
2026-08-31 16:31:28.448 [main] INFO  com.swaglabs.hooks.Hooks - Scenario 'Login with empty credentials is rejected' PASSED.
2026-08-31 16:31:28.515 [main] INFO  c.s.managers.AppiumServerManager - Appium server stopped
2026-08-31 16:31:28.516 [main] INFO  com.swaglabs.hooks.Hooks - Swag Labs automation finished.
2026-08-31 16:48:22.981 [main] ERROR c.s.managers.PropertiesManager - Error loading properties file: src/main/resources/project_properties/project_config_local .properties
java.io.FileNotFoundException: src\main\resources\project_properties\project_config_local .properties (El sistema no puede encontrar el archivo especificado)
	at java.base/java.io.FileInputStream.open0(Native Method)
	at java.base/java.io.FileInputStream.open(FileInputStream.java:185)
	at java.base/java.io.FileInputStream.<init>(FileInputStream.java:139)
	at java.base/java.io.FileInputStream.<init>(FileInputStream.java:109)
	at com.swaglabs.managers.PropertiesManager.<init>(PropertiesManager.java:32)
	at com.swaglabs.managers.PropertiesManager.getInstance(PropertiesManager.java:41)
	at com.swaglabs.capabilities.CapabilityManager.<init>(CapabilityManager.java:27)
	at com.swaglabs.capabilities.CapabilityManager.getInstance(CapabilityManager.java:35)
	at com.swaglabs.hooks.Hooks.beforeAll(Hooks.java:28)
	at java.base/jdk.internal.reflect.DirectMethodHandleAccessor.invoke(DirectMethodHandleAccessor.java:104)
	at java.base/java.lang.reflect.Method.invoke(Method.java:565)
	at io.cucumber.java.Invoker.doInvoke(Invoker.java:66)
	at io.cucumber.java.Invoker.invokeStatic(Invoker.java:80)
	at io.cucumber.java.AbstractGlueDefinition.invokeMethod(AbstractGlueDefinition.java:45)
	at io.cucumber.java.JavaStaticHookDefinition.execute(JavaStaticHookDefinition.java:49)
	at io.cucumber.core.runner.Runner.executeHook(Runner.java:111)
	at io.cucumber.core.runner.Runner.lambda$executeHooks$2(Runner.java:98)
	at io.cucumber.core.runner.ThrowableCollector.execute(ThrowableCollector.java:21)
	at io.cucumber.core.runner.Runner.executeHooks(Runner.java:98)
	at io.cucumber.core.runner.Runner.runBeforeAllHooks(Runner.java:88)
	at io.cucumber.core.runtime.RethrowingThrowableCollector.executeAndThrow(RethrowingThrowableCollector.java:23)
	at io.cucumber.core.runtime.CucumberExecutionContext.runBeforeAllHooks(CucumberExecutionContext.java:93)
	at io.cucumber.junit.platform.engine.CucumberEngineExecutionContext.runBeforeAllHooks(CucumberEngineExecutionContext.java:104)
	at io.cucumber.junit.platform.engine.CucumberEngineDescriptor.ifChildren(CucumberEngineDescriptor.java:66)
	at io.cucumber.junit.platform.engine.CucumberEngineDescriptor.before(CucumberEngineDescriptor.java:41)
	at io.cucumber.junit.platform.engine.CucumberEngineDescriptor.before(CucumberEngineDescriptor.java:13)
	at org.junit.platform.engine.support.hierarchical.NodeTestTask.lambda$executeRecursively$2(NodeTestTask.java:173)
	at org.junit.platform.engine.support.hierarchical.ThrowableCollector.execute(ThrowableCollector.java:74)
	at org.junit.platform.engine.support.hierarchical.NodeTestTask.lambda$executeRecursively$1(NodeTestTask.java:166)
	at org.junit.platform.engine.support.hierarchical.Node.around(Node.java:138)
	at org.junit.platform.engine.support.hierarchical.NodeTestTask.lambda$executeRecursively$0(NodeTestTask.java:164)
	at org.junit.platform.engine.support.hierarchical.ThrowableCollector.execute(ThrowableCollector.java:74)
	at org.junit.platform.engine.support.hierarchical.NodeTestTask.executeRecursively(NodeTestTask.java:163)
	at org.junit.platform.engine.support.hierarchical.NodeTestTask.execute(NodeTestTask.java:116)
	at org.junit.platform.engine.support.hierarchical.SameThreadHierarchicalTestExecutorService.submit(SameThreadHierarchicalTestExecutorService.java:36)
	at org.junit.platform.engine.support.hierarchical.HierarchicalTestExecutor.execute(HierarchicalTestExecutor.java:52)
	at org.junit.platform.engine.support.hierarchical.HierarchicalTestEngine.execute(HierarchicalTestEngine.java:58)
	at org.junit.platform.launcher.core.EngineExecutionOrchestrator.executeEngine(EngineExecutionOrchestrator.java:246)
	at org.junit.platform.launcher.core.EngineExecutionOrchestrator.failOrExecuteEngine(EngineExecutionOrchestrator.java:218)
	at org.junit.platform.launcher.core.EngineExecutionOrchestrator.execute(EngineExecutionOrchestrator.java:179)
	at org.junit.platform.launcher.core.EngineExecutionOrchestrator.execute(EngineExecutionOrchestrator.java:108)
	at org.junit.platform.launcher.core.EngineExecutionOrchestrator.execute(EngineExecutionOrchestrator.java:89)
	at org.junit.platform.suite.engine.SuiteLauncher.execute(SuiteLauncher.java:65)
	at org.junit.platform.suite.engine.SuiteTestDescriptor.executeTests(SuiteTestDescriptor.java:208)
	at org.junit.platform.suite.engine.SuiteTestDescriptor.execute(SuiteTestDescriptor.java:173)
	at org.junit.platform.suite.engine.SuiteTestEngine.lambda$execute$0(SuiteTestEngine.java:78)
	at java.base/java.util.stream.ForEachOps$ForEachOp$OfRef.accept(ForEachOps.java:186)
	at java.base/java.util.stream.ReferencePipeline$3$1.accept(ReferencePipeline.java:214)
	at java.base/java.util.Iterator.forEachRemaining(Iterator.java:133)
	at java.base/java.util.Spliterators$IteratorSpliterator.forEachRemaining(Spliterators.java:1939)
	at java.base/java.util.stream.AbstractPipeline.copyInto(AbstractPipeline.java:570)
	at java.base/java.util.stream.AbstractPipeline.wrapAndCopyInto(AbstractPipeline.java:560)
	at java.base/java.util.stream.ForEachOps$ForEachOp.evaluateSequential(ForEachOps.java:153)
	at java.base/java.util.stream.ForEachOps$ForEachOp$OfRef.evaluateSequential(ForEachOps.java:176)
	at java.base/java.util.stream.AbstractPipeline.evaluate(AbstractPipeline.java:265)
	at java.base/java.util.stream.ReferencePipeline.forEach(ReferencePipeline.java:632)
	at org.junit.platform.suite.engine.SuiteTestEngine.execute(SuiteTestEngine.java:78)
	at org.junit.platform.launcher.core.EngineExecutionOrchestrator.executeEngine(EngineExecutionOrchestrator.java:246)
	at org.junit.platform.launcher.core.EngineExecutionOrchestrator.failOrExecuteEngine(EngineExecutionOrchestrator.java:218)
	at org.junit.platform.launcher.core.EngineExecutionOrchestrator.execute(EngineExecutionOrchestrator.java:179)
	at org.junit.platform.launcher.core.EngineExecutionOrchestrator.execute(EngineExecutionOrchestrator.java:108)
	at org.junit.platform.launcher.core.EngineExecutionOrchestrator.lambda$execute$0(EngineExecutionOrchestrator.java:66)
	at org.junit.platform.launcher.core.EngineExecutionOrchestrator.withInterceptedStreams(EngineExecutionOrchestrator.java:157)
	at org.junit.platform.launcher.core.EngineExecutionOrchestrator.execute(EngineExecutionOrchestrator.java:65)
	at org.junit.platform.launcher.core.DefaultLauncher.execute(DefaultLauncher.java:125)
	at org.junit.platform.launcher.core.DefaultLauncher.execute(DefaultLauncher.java:114)
	at org.junit.platform.launcher.core.DelegatingLauncher.execute(DelegatingLauncher.java:58)
	at org.junit.platform.launcher.core.InterceptingLauncher.lambda$execute$2(InterceptingLauncher.java:57)
	at org.junit.platform.launcher.core.ClasspathAlignmentCheckingLauncherInterceptor.intercept(ClasspathAlignmentCheckingLauncherInterceptor.java:25)
	at org.junit.platform.launcher.core.InterceptingLauncher.execute(InterceptingLauncher.java:56)
	at org.junit.platform.launcher.core.DelegatingLauncher.execute(DelegatingLauncher.java:58)
	at java.base/jdk.internal.reflect.DirectMethodHandleAccessor.invoke(DirectMethodHandleAccessor.java:104)
	at java.base/java.lang.reflect.Method.invoke(Method.java:565)
	at org.apache.maven.surefire.api.util.ReflectionUtils.invokeMethodWithArray(ReflectionUtils.java:125)
	at org.apache.maven.surefire.junitplatform.LauncherAdapter.executeWithCancellationToken(LauncherAdapter.java:68)
	at org.apache.maven.surefire.junitplatform.LauncherAdapter.execute(LauncherAdapter.java:54)
	at org.apache.maven.surefire.junitplatform.JUnitPlatformProvider.execute(JUnitPlatformProvider.java:203)
	at org.apache.maven.surefire.junitplatform.JUnitPlatformProvider.invokeAllTests(JUnitPlatformProvider.java:168)
	at org.apache.maven.surefire.junitplatform.JUnitPlatformProvider.invoke(JUnitPlatformProvider.java:136)
	at org.apache.maven.surefire.booter.ForkedBooter.runSuitesInProcess(ForkedBooter.java:385)
	at org.apache.maven.surefire.booter.ForkedBooter.execute(ForkedBooter.java:162)
	at org.apache.maven.surefire.booter.ForkedBooter.run(ForkedBooter.java:507)
	at org.apache.maven.surefire.booter.ForkedBooter.main(ForkedBooter.java:495)
2026-08-31 16:48:22.999 [main] ERROR com.swaglabs.utils.JsonParser - Error reading JSON file: C:\Users\family\Desktop\projects\swag-labs-mobile-nwdfewnull
java.nio.file.NoSuchFileException: C:\Users\family\Desktop\projects\swag-labs-mobile-nwdfewnull
	at java.base/sun.nio.fs.WindowsException.translateToIOException(WindowsException.java:85)
	at java.base/sun.nio.fs.WindowsException.rethrowAsIOException(WindowsException.java:104)
	at java.base/sun.nio.fs.WindowsException.rethrowAsIOException(WindowsException.java:109)
	at java.base/sun.nio.fs.WindowsFileSystemProvider.newByteChannel(WindowsFileSystemProvider.java:231)
	at java.base/java.nio.file.Files.newByteChannel(Files.java:357)
	at java.base/java.nio.file.Files.newByteChannel(Files.java:399)
	at java.base/java.nio.file.Files.readAllBytes(Files.java:2977)
	at com.swaglabs.utils.JsonParser.getObjectFromJSON(JsonParser.java:25)
	at com.swaglabs.capabilities.CapabilityManager.<init>(CapabilityManager.java:29)
	at com.swaglabs.capabilities.CapabilityManager.getInstance(CapabilityManager.java:35)
	at com.swaglabs.hooks.Hooks.beforeAll(Hooks.java:28)
	at java.base/jdk.internal.reflect.DirectMethodHandleAccessor.invoke(DirectMethodHandleAccessor.java:104)
	at java.base/java.lang.reflect.Method.invoke(Method.java:565)
	at io.cucumber.java.Invoker.doInvoke(Invoker.java:66)
	at io.cucumber.java.Invoker.invokeStatic(Invoker.java:80)
	at io.cucumber.java.AbstractGlueDefinition.invokeMethod(AbstractGlueDefinition.java:45)
	at io.cucumber.java.JavaStaticHookDefinition.execute(JavaStaticHookDefinition.java:49)
	at io.cucumber.core.runner.Runner.executeHook(Runner.java:111)
	at io.cucumber.core.runner.Runner.lambda$executeHooks$2(Runner.java:98)
	at io.cucumber.core.runner.ThrowableCollector.execute(ThrowableCollector.java:21)
	at io.cucumber.core.runner.Runner.executeHooks(Runner.java:98)
	at io.cucumber.core.runner.Runner.runBeforeAllHooks(Runner.java:88)
	at io.cucumber.core.runtime.RethrowingThrowableCollector.executeAndThrow(RethrowingThrowableCollector.java:23)
	at io.cucumber.core.runtime.CucumberExecutionContext.runBeforeAllHooks(CucumberExecutionContext.java:93)
	at io.cucumber.junit.platform.engine.CucumberEngineExecutionContext.runBeforeAllHooks(CucumberEngineExecutionContext.java:104)
	at io.cucumber.junit.platform.engine.CucumberEngineDescriptor.ifChildren(CucumberEngineDescriptor.java:66)
	at io.cucumber.junit.platform.engine.CucumberEngineDescriptor.before(CucumberEngineDescriptor.java:41)
	at io.cucumber.junit.platform.engine.CucumberEngineDescriptor.before(CucumberEngineDescriptor.java:13)
	at org.junit.platform.engine.support.hierarchical.NodeTestTask.lambda$executeRecursively$2(NodeTestTask.java:173)
	at org.junit.platform.engine.support.hierarchical.ThrowableCollector.execute(ThrowableCollector.java:74)
	at org.junit.platform.engine.support.hierarchical.NodeTestTask.lambda$executeRecursively$1(NodeTestTask.java:166)
	at org.junit.platform.engine.support.hierarchical.Node.around(Node.java:138)
	at org.junit.platform.engine.support.hierarchical.NodeTestTask.lambda$executeRecursively$0(NodeTestTask.java:164)
	at org.junit.platform.engine.support.hierarchical.ThrowableCollector.execute(ThrowableCollector.java:74)
	at org.junit.platform.engine.support.hierarchical.NodeTestTask.executeRecursively(NodeTestTask.java:163)
	at org.junit.platform.engine.support.hierarchical.NodeTestTask.execute(NodeTestTask.java:116)
	at org.junit.platform.engine.support.hierarchical.SameThreadHierarchicalTestExecutorService.submit(SameThreadHierarchicalTestExecutorService.java:36)
	at org.junit.platform.engine.support.hierarchical.HierarchicalTestExecutor.execute(HierarchicalTestExecutor.java:52)
	at org.junit.platform.engine.support.hierarchical.HierarchicalTestEngine.execute(HierarchicalTestEngine.java:58)
	at org.junit.platform.launcher.core.EngineExecutionOrchestrator.executeEngine(EngineExecutionOrchestrator.java:246)
	at org.junit.platform.launcher.core.EngineExecutionOrchestrator.failOrExecuteEngine(EngineExecutionOrchestrator.java:218)
	at org.junit.platform.launcher.core.EngineExecutionOrchestrator.execute(EngineExecutionOrchestrator.java:179)
	at org.junit.platform.launcher.core.EngineExecutionOrchestrator.execute(EngineExecutionOrchestrator.java:108)
	at org.junit.platform.launcher.core.EngineExecutionOrchestrator.execute(EngineExecutionOrchestrator.java:89)
	at org.junit.platform.suite.engine.SuiteLauncher.execute(SuiteLauncher.java:65)
	at org.junit.platform.suite.engine.SuiteTestDescriptor.executeTests(SuiteTestDescriptor.java:208)
	at org.junit.platform.suite.engine.SuiteTestDescriptor.execute(SuiteTestDescriptor.java:173)
	at org.junit.platform.suite.engine.SuiteTestEngine.lambda$execute$0(SuiteTestEngine.java:78)
	at java.base/java.util.stream.ForEachOps$ForEachOp$OfRef.accept(ForEachOps.java:186)
	at java.base/java.util.stream.ReferencePipeline$3$1.accept(ReferencePipeline.java:214)
	at java.base/java.util.Iterator.forEachRemaining(Iterator.java:133)
	at java.base/java.util.Spliterators$IteratorSpliterator.forEachRemaining(Spliterators.java:1939)
	at java.base/java.util.stream.AbstractPipeline.copyInto(AbstractPipeline.java:570)
	at java.base/java.util.stream.AbstractPipeline.wrapAndCopyInto(AbstractPipeline.java:560)
	at java.base/java.util.stream.ForEachOps$ForEachOp.evaluateSequential(ForEachOps.java:153)
	at java.base/java.util.stream.ForEachOps$ForEachOp$OfRef.evaluateSequential(ForEachOps.java:176)
	at java.base/java.util.stream.AbstractPipeline.evaluate(AbstractPipeline.java:265)
	at java.base/java.util.stream.ReferencePipeline.forEach(ReferencePipeline.java:632)
	at org.junit.platform.suite.engine.SuiteTestEngine.execute(SuiteTestEngine.java:78)
	at org.junit.platform.launcher.core.EngineExecutionOrchestrator.executeEngine(EngineExecutionOrchestrator.java:246)
	at org.junit.platform.launcher.core.EngineExecutionOrchestrator.failOrExecuteEngine(EngineExecutionOrchestrator.java:218)
	at org.junit.platform.launcher.core.EngineExecutionOrchestrator.execute(EngineExecutionOrchestrator.java:179)
	at org.junit.platform.launcher.core.EngineExecutionOrchestrator.execute(EngineExecutionOrchestrator.java:108)
	at org.junit.platform.launcher.core.EngineExecutionOrchestrator.lambda$execute$0(EngineExecutionOrchestrator.java:66)
	at org.junit.platform.launcher.core.EngineExecutionOrchestrator.withInterceptedStreams(EngineExecutionOrchestrator.java:157)
	at org.junit.platform.launcher.core.EngineExecutionOrchestrator.execute(EngineExecutionOrchestrator.java:65)
	at org.junit.platform.launcher.core.DefaultLauncher.execute(DefaultLauncher.java:125)
	at org.junit.platform.launcher.core.DefaultLauncher.execute(DefaultLauncher.java:114)
	at org.junit.platform.launcher.core.DelegatingLauncher.execute(DelegatingLauncher.java:58)
	at org.junit.platform.launcher.core.InterceptingLauncher.lambda$execute$2(InterceptingLauncher.java:57)
	at org.junit.platform.launcher.core.ClasspathAlignmentCheckingLauncherInterceptor.intercept(ClasspathAlignmentCheckingLauncherInterceptor.java:25)
	at org.junit.platform.launcher.core.InterceptingLauncher.execute(InterceptingLauncher.java:56)
	at org.junit.platform.launcher.core.DelegatingLauncher.execute(DelegatingLauncher.java:58)
	at java.base/jdk.internal.reflect.DirectMethodHandleAccessor.invoke(DirectMethodHandleAccessor.java:104)
	at java.base/java.lang.reflect.Method.invoke(Method.java:565)
	at org.apache.maven.surefire.api.util.ReflectionUtils.invokeMethodWithArray(ReflectionUtils.java:125)
	at org.apache.maven.surefire.junitplatform.LauncherAdapter.executeWithCancellationToken(LauncherAdapter.java:68)
	at org.apache.maven.surefire.junitplatform.LauncherAdapter.execute(LauncherAdapter.java:54)
	at org.apache.maven.surefire.junitplatform.JUnitPlatformProvider.execute(JUnitPlatformProvider.java:203)
	at org.apache.maven.surefire.junitplatform.JUnitPlatformProvider.invokeAllTests(JUnitPlatformProvider.java:168)
	at org.apache.maven.surefire.junitplatform.JUnitPlatformProvider.invoke(JUnitPlatformProvider.java:136)
	at org.apache.maven.surefire.booter.ForkedBooter.runSuitesInProcess(ForkedBooter.java:385)
	at org.apache.maven.surefire.booter.ForkedBooter.execute(ForkedBooter.java:162)
	at org.apache.maven.surefire.booter.ForkedBooter.run(ForkedBooter.java:507)
	at org.apache.maven.surefire.booter.ForkedBooter.main(ForkedBooter.java:495)
2026-08-31 16:48:23.017 [main] INFO  com.swaglabs.hooks.Hooks - Swag Labs automation finished.
2026-08-31 16:49:50.405 [main] INFO  c.s.managers.PropertiesManager - Loaded properties file: src/main/resources/project_properties/project_config_local.properties
2026-08-31 16:49:50.427 [main] INFO  c.s.capabilities.CapabilityManager - Loaded capabilities from C:\Users\family\Desktop\projects\swag-labs-mobile-nwdfew/src/main/resources/caps/local.json
2026-08-31 16:49:50.428 [main] INFO  com.swaglabs.hooks.Hooks - Swag Labs automation started. Platform=android, Environment=local
2026-08-31 16:49:50.740 [main] INFO  com.swaglabs.hooks.Hooks - ******* Scenario: Standard user can log in successfully started *******
2026-08-31 16:50:14.094 [main] INFO  c.s.managers.AppiumDriverManager - Local driver variables cleared
2026-08-31 16:50:14.095 [main] INFO  page_objects.PageObjectHelper - Page object instances cleared
2026-08-31 16:50:14.100 [main] INFO  com.swaglabs.hooks.Hooks - Scenario 'Standard user can log in successfully' PASSED.
2026-08-31 16:50:14.122 [main] INFO  com.swaglabs.hooks.Hooks - ******* Scenario: Locked out user is blocked from logging in started *******
2026-08-31 16:50:34.965 [main] INFO  c.s.managers.AppiumDriverManager - Local driver variables cleared
2026-08-31 16:50:34.965 [main] INFO  page_objects.PageObjectHelper - Page object instances cleared
2026-08-31 16:50:34.965 [main] INFO  com.swaglabs.hooks.Hooks - Scenario 'Locked out user is blocked from logging in' PASSED.
2026-08-31 16:50:34.972 [main] INFO  com.swaglabs.hooks.Hooks - ******* Scenario: Problem user can log in started *******
2026-08-31 16:50:40.489 [main] INFO  c.s.managers.AppiumServerManager - Appium server started on http://127.0.0.1:4723
2026-08-31 16:50:40.618 [main] INFO  com.swaglabs.device.DeviceManager - Using Android device: b58c6ff4
2026-08-31 16:50:40.827 [main] INFO  c.s.managers.AppiumDriverManager - Starting Appium session: http://127.0.0.1:4723 with caps Capabilities {appium:adbExecTimeout: 20000, appium:app: C:\Users\family\Desktop\pro..., appium:appActivity: .MainActivity, appium:appPackage: com.juanforeroaxpo.saucedemo, appium:autoGrantPermissions: true, appium:automationName: UiAutomator2, appium:clearSystemFiles: true, appium:disableWindowAnimation: false, appium:newCommandTimeout: 250, appium:noSign: true, appium:udid: b58c6ff4, appium:uiautomator2ServerInstallTimeout: 20000, platformName: ANDROID}
2026-08-31 16:50:50.899 [main] INFO  c.swaglabs.stepsDefs.LoginStepsDefs - User lands on the login page
2026-08-31 16:50:57.210 [main] INFO  c.swaglabs.stepsDefs.LoginStepsDefs - Logged in as problem_user
2026-08-31 16:50:58.655 [main] INFO  c.s.stepsDefs.ProductsStepsDefs - Products page is displayed
2026-08-31 16:50:59.433 [main] INFO  c.s.managers.AppiumDriverManager - Local driver variables cleared
2026-08-31 16:50:59.433 [main] INFO  page_objects.PageObjectHelper - Page object instances cleared
2026-08-31 16:50:59.434 [main] INFO  com.swaglabs.hooks.Hooks - Scenario 'Problem user can log in' PASSED.
2026-08-31 16:50:59.439 [main] INFO  com.swaglabs.hooks.Hooks - ******* Scenario: Performance glitch user can log in (may take longer) started *******
2026-08-31 16:50:59.440 [main] INFO  c.s.managers.AppiumServerManager - Appium server already running on 127.0.0.1:4723 - stopping to reuse clean state
2026-08-31 16:50:59.465 [main] INFO  c.s.managers.AppiumServerManager - Appium server stopped
2026-08-31 16:51:04.017 [main] INFO  c.s.managers.AppiumServerManager - Appium server started on http://127.0.0.1:4723
2026-08-31 16:51:04.110 [main] INFO  com.swaglabs.device.DeviceManager - Using Android device: b58c6ff4
2026-08-31 16:51:04.388 [main] INFO  c.s.managers.AppiumDriverManager - Starting Appium session: http://127.0.0.1:4723 with caps Capabilities {appium:adbExecTimeout: 20000, appium:app: C:\Users\family\Desktop\pro..., appium:appActivity: .MainActivity, appium:appPackage: com.juanforeroaxpo.saucedemo, appium:autoGrantPermissions: true, appium:automationName: UiAutomator2, appium:clearSystemFiles: true, appium:disableWindowAnimation: false, appium:newCommandTimeout: 250, appium:noSign: true, appium:udid: b58c6ff4, appium:uiautomator2ServerInstallTimeout: 20000, platformName: ANDROID}
2026-08-31 16:51:12.333 [main] INFO  c.swaglabs.stepsDefs.LoginStepsDefs - User lands on the login page
2026-08-31 16:51:18.647 [main] INFO  c.swaglabs.stepsDefs.LoginStepsDefs - Logged in as performance_glitch_user
2026-08-31 16:51:24.908 [main] INFO  c.s.stepsDefs.ProductsStepsDefs - Products page is displayed
2026-08-31 16:51:25.637 [main] INFO  c.s.managers.AppiumDriverManager - Local driver variables cleared
2026-08-31 16:51:25.638 [main] INFO  page_objects.PageObjectHelper - Page object instances cleared
2026-08-31 16:51:25.639 [main] INFO  com.swaglabs.hooks.Hooks - Scenario 'Performance glitch user can log in (may take longer)' PASSED.
2026-08-31 16:51:25.643 [main] INFO  com.swaglabs.hooks.Hooks - ******* Scenario: Login with empty credentials is rejected started *******
2026-08-31 16:51:25.644 [main] INFO  c.s.managers.AppiumServerManager - Appium server already running on 127.0.0.1:4723 - stopping to reuse clean state
2026-08-31 16:51:25.665 [main] INFO  c.s.managers.AppiumServerManager - Appium server stopped
2026-08-31 16:51:29.825 [main] INFO  c.s.managers.AppiumServerManager - Appium server started on http://127.0.0.1:4723
2026-08-31 16:51:29.905 [main] INFO  com.swaglabs.device.DeviceManager - Using Android device: b58c6ff4
2026-08-31 16:51:30.102 [main] INFO  c.s.managers.AppiumDriverManager - Starting Appium session: http://127.0.0.1:4723 with caps Capabilities {appium:adbExecTimeout: 20000, appium:app: C:\Users\family\Desktop\pro..., appium:appActivity: .MainActivity, appium:appPackage: com.juanforeroaxpo.saucedemo, appium:autoGrantPermissions: true, appium:automationName: UiAutomator2, appium:clearSystemFiles: true, appium:disableWindowAnimation: false, appium:newCommandTimeout: 250, appium:noSign: true, appium:udid: b58c6ff4, appium:uiautomator2ServerInstallTimeout: 20000, platformName: ANDROID}
2026-08-31 16:51:37.223 [main] INFO  c.swaglabs.stepsDefs.LoginStepsDefs - User lands on the login page
2026-08-31 16:51:44.248 [main] INFO  c.swaglabs.stepsDefs.LoginStepsDefs - Login error message is displayed
2026-08-31 16:51:45.079 [main] INFO  c.s.managers.AppiumDriverManager - Local driver variables cleared
2026-08-31 16:51:45.079 [main] INFO  page_objects.PageObjectHelper - Page object instances cleared
2026-08-31 16:51:45.080 [main] INFO  com.swaglabs.hooks.Hooks - Scenario 'Login with empty credentials is rejected' PASSED.
2026-08-31 16:51:45.120 [main] INFO  c.s.managers.AppiumServerManager - Appium server stopped
2026-08-31 16:51:45.120 [main] INFO  com.swaglabs.hooks.Hooks - Swag Labs automation finished.
2026-08-31 16:52:43.374 [main] INFO  c.s.managers.PropertiesManager - Loaded properties file: src/main/resources/project_properties/project_config_local.properties
2026-08-31 16:52:43.390 [main] INFO  c.s.capabilities.CapabilityManager - Loaded capabilities from C:\Users\family\Desktop\projects\swag-labs-mobile-nwdfew/src/main/resources/caps/local.json
2026-08-31 16:52:43.390 [main] INFO  com.swaglabs.hooks.Hooks - Swag Labs automation started. Platform=android, Environment=local
2026-08-31 16:52:43.623 [main] INFO  com.swaglabs.hooks.Hooks - ******* Scenario: Standard user can log in successfully started *******
2026-08-31 16:52:47.457 [main] INFO  c.s.managers.AppiumServerManager - Appium server started on http://127.0.0.1:4723
2026-08-31 16:52:47.549 [main] INFO  com.swaglabs.device.DeviceManager - Using Android device: b58c6ff4
2026-08-31 16:52:47.748 [main] INFO  c.s.managers.AppiumDriverManager - Starting Appium session: http://127.0.0.1:4723 with caps Capabilities {appium:adbExecTimeout: 20000, appium:app: C:\Users\family\Desktop\pro..., appium:appActivity: .MainActivity, appium:appPackage: com.juanforeroaxpo.saucedemo, appium:autoGrantPermissions: true, appium:automationName: UiAutomator2, appium:clearSystemFiles: true, appium:disableWindowAnimation: false, appium:newCommandTimeout: 250, appium:noSign: true, appium:udid: b58c6ff4, appium:uiautomator2ServerInstallTimeout: 20000, platformName: ANDROID}
2026-08-31 16:52:56.067 [main] INFO  c.swaglabs.stepsDefs.LoginStepsDefs - User lands on the login page
2026-08-31 16:53:02.844 [main] INFO  c.swaglabs.stepsDefs.LoginStepsDefs - Logged in as standard_user
2026-08-31 16:53:04.339 [main] INFO  c.s.stepsDefs.ProductsStepsDefs - Products page is displayed
2026-08-31 16:53:05.146 [main] INFO  c.s.managers.AppiumDriverManager - Local driver variables cleared
2026-08-31 16:53:05.146 [main] INFO  page_objects.PageObjectHelper - Page object instances cleared
2026-08-31 16:53:05.147 [main] INFO  com.swaglabs.hooks.Hooks - Scenario 'Standard user can log in successfully' PASSED.
2026-08-31 16:53:05.153 [main] INFO  com.swaglabs.hooks.Hooks - ******* Scenario: Locked out user is blocked from logging in started *******
2026-08-31 16:53:05.154 [main] INFO  c.s.managers.AppiumServerManager - Appium server already running on 127.0.0.1:4723 - stopping to reuse clean state
2026-08-31 16:53:05.181 [main] INFO  c.s.managers.AppiumServerManager - Appium server stopped
2026-08-31 16:53:09.098 [main] INFO  c.s.managers.AppiumServerManager - Appium server started on http://127.0.0.1:4723
2026-08-31 16:53:09.151 [main] INFO  com.swaglabs.device.DeviceManager - Using Android device: b58c6ff4
2026-08-31 16:53:09.310 [main] INFO  c.s.managers.AppiumDriverManager - Starting Appium session: http://127.0.0.1:4723 with caps Capabilities {appium:adbExecTimeout: 20000, appium:app: C:\Users\family\Desktop\pro..., appium:appActivity: .MainActivity, appium:appPackage: com.juanforeroaxpo.saucedemo, appium:autoGrantPermissions: true, appium:automationName: UiAutomator2, appium:clearSystemFiles: true, appium:disableWindowAnimation: false, appium:newCommandTimeout: 250, appium:noSign: true, appium:udid: b58c6ff4, appium:uiautomator2ServerInstallTimeout: 20000, platformName: ANDROID}
2026-08-31 16:53:16.338 [main] INFO  c.swaglabs.stepsDefs.LoginStepsDefs - User lands on the login page
2026-08-31 16:53:22.575 [main] INFO  c.swaglabs.stepsDefs.LoginStepsDefs - Logged in as locked_out_user
2026-08-31 16:53:24.288 [main] INFO  c.s.managers.AppiumDriverManager - Local driver variables cleared
2026-08-31 16:53:24.289 [main] INFO  page_objects.PageObjectHelper - Page object instances cleared
2026-08-31 16:53:24.289 [main] INFO  com.swaglabs.hooks.Hooks - Scenario 'Locked out user is blocked from logging in' PASSED.
2026-08-31 16:53:24.300 [main] INFO  com.swaglabs.hooks.Hooks - ******* Scenario: Problem user can log in started *******
2026-08-31 16:53:24.301 [main] INFO  c.s.managers.AppiumServerManager - Appium server already running on 127.0.0.1:4723 - stopping to reuse clean state
2026-08-31 16:53:24.329 [main] INFO  c.s.managers.AppiumServerManager - Appium server stopped
2026-08-31 16:53:28.217 [main] INFO  c.s.managers.AppiumServerManager - Appium server started on http://127.0.0.1:4723
2026-08-31 16:53:28.272 [main] INFO  com.swaglabs.device.DeviceManager - Using Android device: b58c6ff4
2026-08-31 16:53:28.433 [main] INFO  c.s.managers.AppiumDriverManager - Starting Appium session: http://127.0.0.1:4723 with caps Capabilities {appium:adbExecTimeout: 20000, appium:app: C:\Users\family\Desktop\pro..., appium:appActivity: .MainActivity, appium:appPackage: com.juanforeroaxpo.saucedemo, appium:autoGrantPermissions: true, appium:automationName: UiAutomator2, appium:clearSystemFiles: true, appium:disableWindowAnimation: false, appium:newCommandTimeout: 250, appium:noSign: true, appium:udid: b58c6ff4, appium:uiautomator2ServerInstallTimeout: 20000, platformName: ANDROID}
2026-08-31 16:53:35.905 [main] INFO  c.swaglabs.stepsDefs.LoginStepsDefs - User lands on the login page
2026-08-31 16:53:42.188 [main] INFO  c.swaglabs.stepsDefs.LoginStepsDefs - Logged in as problem_user
2026-08-31 16:53:43.664 [main] INFO  c.s.stepsDefs.ProductsStepsDefs - Products page is displayed
2026-08-31 16:53:44.413 [main] INFO  c.s.managers.AppiumDriverManager - Local driver variables cleared
2026-08-31 16:53:44.413 [main] INFO  page_objects.PageObjectHelper - Page object instances cleared
2026-08-31 16:53:44.414 [main] INFO  com.swaglabs.hooks.Hooks - Scenario 'Problem user can log in' PASSED.
2026-08-31 16:53:44.420 [main] INFO  com.swaglabs.hooks.Hooks - ******* Scenario: Performance glitch user can log in (may take longer) started *******
2026-08-31 16:53:44.421 [main] INFO  c.s.managers.AppiumServerManager - Appium server already running on 127.0.0.1:4723 - stopping to reuse clean state
2026-08-31 16:53:44.454 [main] INFO  c.s.managers.AppiumServerManager - Appium server stopped
2026-08-31 16:53:49.142 [main] INFO  c.s.managers.AppiumServerManager - Appium server started on http://127.0.0.1:4723
2026-08-31 16:53:49.192 [main] INFO  com.swaglabs.device.DeviceManager - Using Android device: b58c6ff4
2026-08-31 16:53:49.351 [main] INFO  c.s.managers.AppiumDriverManager - Starting Appium session: http://127.0.0.1:4723 with caps Capabilities {appium:adbExecTimeout: 20000, appium:app: C:\Users\family\Desktop\pro..., appium:appActivity: .MainActivity, appium:appPackage: com.juanforeroaxpo.saucedemo, appium:autoGrantPermissions: true, appium:automationName: UiAutomator2, appium:clearSystemFiles: true, appium:disableWindowAnimation: false, appium:newCommandTimeout: 250, appium:noSign: true, appium:udid: b58c6ff4, appium:uiautomator2ServerInstallTimeout: 20000, platformName: ANDROID}
2026-08-31 16:53:56.427 [main] INFO  c.swaglabs.stepsDefs.LoginStepsDefs - User lands on the login page
2026-08-31 16:54:02.906 [main] INFO  c.swaglabs.stepsDefs.LoginStepsDefs - Logged in as performance_glitch_user
2026-08-31 16:54:09.142 [main] INFO  c.s.stepsDefs.ProductsStepsDefs - Products page is displayed
2026-08-31 16:54:09.937 [main] INFO  c.s.managers.AppiumDriverManager - Local driver variables cleared
2026-08-31 16:54:09.937 [main] INFO  page_objects.PageObjectHelper - Page object instances cleared
2026-08-31 16:54:09.938 [main] INFO  com.swaglabs.hooks.Hooks - Scenario 'Performance glitch user can log in (may take longer)' PASSED.
2026-08-31 16:54:09.944 [main] INFO  com.swaglabs.hooks.Hooks - ******* Scenario: Login with empty credentials is rejected started *******
2026-08-31 16:54:09.945 [main] INFO  c.s.managers.AppiumServerManager - Appium server already running on 127.0.0.1:4723 - stopping to reuse clean state
2026-08-31 16:54:09.972 [main] INFO  c.s.managers.AppiumServerManager - Appium server stopped
2026-08-31 16:54:15.533 [main] INFO  c.s.managers.AppiumServerManager - Appium server started on http://127.0.0.1:4723
2026-08-31 16:54:15.608 [main] INFO  com.swaglabs.device.DeviceManager - Using Android device: b58c6ff4
2026-08-31 16:54:15.807 [main] INFO  c.s.managers.AppiumDriverManager - Starting Appium session: http://127.0.0.1:4723 with caps Capabilities {appium:adbExecTimeout: 20000, appium:app: C:\Users\family\Desktop\pro..., appium:appActivity: .MainActivity, appium:appPackage: com.juanforeroaxpo.saucedemo, appium:autoGrantPermissions: true, appium:automationName: UiAutomator2, appium:clearSystemFiles: true, appium:disableWindowAnimation: false, appium:newCommandTimeout: 250, appium:noSign: true, appium:udid: b58c6ff4, appium:uiautomator2ServerInstallTimeout: 20000, platformName: ANDROID}
2026-08-31 16:54:23.292 [main] INFO  c.swaglabs.stepsDefs.LoginStepsDefs - User lands on the login page
2026-08-31 16:54:30.428 [main] INFO  c.swaglabs.stepsDefs.LoginStepsDefs - Login error message is displayed
2026-08-31 16:54:31.213 [main] INFO  c.s.managers.AppiumDriverManager - Local driver variables cleared
2026-08-31 16:54:31.213 [main] INFO  page_objects.PageObjectHelper - Page object instances cleared
2026-08-31 16:54:31.214 [main] INFO  com.swaglabs.hooks.Hooks - Scenario 'Login with empty credentials is rejected' PASSED.
2026-08-31 16:54:31.254 [main] INFO  c.s.managers.AppiumServerManager - Appium server stopped
2026-08-31 16:54:31.254 [main] INFO  com.swaglabs.hooks.Hooks - Swag Labs automation finished.
2026-08-31 17:16:23.952 [main] INFO  c.s.managers.PropertiesManager - Loaded properties file: src/main/resources/project_properties/project_config_local.properties
2026-08-31 17:16:23.989 [main] INFO  c.s.capabilities.CapabilityManager - Loaded capabilities from C:\Users\family\Desktop\projects\swag-labs-mobile-nwdfew/src/main/resources/caps/local.json
2026-08-31 17:16:23.990 [main] INFO  com.swaglabs.hooks.Hooks - Swag Labs automation started. Platform=android, Environment=local
2026-08-31 17:16:24.399 [main] INFO  com.swaglabs.hooks.Hooks - ******* Scenario: Standard user can log in successfully started *******
2026-08-31 17:16:31.221 [main] INFO  c.s.managers.AppiumServerManager - Appium server started on http://127.0.0.1:4723
2026-08-31 17:16:31.363 [main] INFO  com.swaglabs.device.DeviceManager - Using Android device: b58c6ff4
2026-08-31 17:16:31.560 [main] INFO  c.s.managers.AppiumDriverManager - Starting Appium session: http://127.0.0.1:4723 with caps Capabilities {appium:adbExecTimeout: 20000, appium:app: C:\Users\family\Desktop\pro..., appium:appActivity: .MainActivity, appium:appPackage: com.juanforeroaxpo.saucedemo, appium:autoGrantPermissions: true, appium:automationName: UiAutomator2, appium:clearSystemFiles: true, appium:disableWindowAnimation: false, appium:newCommandTimeout: 250, appium:noSign: true, appium:udid: b58c6ff4, appium:uiautomator2ServerInstallTimeout: 20000, platformName: ANDROID}
2026-08-31 17:16:40.724 [main] INFO  c.s.utils.helper.WebdriverHelper - Screen recording started
2026-08-31 17:16:41.740 [main] INFO  c.swaglabs.stepsDefs.LoginStepsDefs - User lands on the login page
2026-08-31 17:16:47.590 [main] INFO  c.swaglabs.stepsDefs.LoginStepsDefs - Logged in as standard_user
2026-08-31 17:16:49.116 [main] INFO  c.s.stepsDefs.ProductsStepsDefs - Products page is displayed
2026-08-31 17:16:49.118 [main] INFO  com.swaglabs.hooks.Hooks - Scenario 'Standard user can log in successfully' PASSED.
2026-08-31 17:16:51.096 [main] INFO  c.s.managers.AppiumDriverManager - Local driver variables cleared
2026-08-31 17:16:51.096 [main] INFO  page_objects.PageObjectHelper - Page object instances cleared
2026-08-31 17:16:51.104 [main] INFO  com.swaglabs.hooks.Hooks - ******* Scenario: Locked out user is blocked from logging in started *******
2026-08-31 17:16:51.106 [main] INFO  c.s.managers.AppiumServerManager - Appium server already running on 127.0.0.1:4723 - stopping to reuse clean state
2026-08-31 17:16:51.127 [main] INFO  c.s.managers.AppiumServerManager - Appium server stopped
2026-08-31 17:16:54.229 [main] INFO  c.s.managers.AppiumServerManager - Appium server started on http://127.0.0.1:4723
2026-08-31 17:16:54.303 [main] INFO  com.swaglabs.device.DeviceManager - Using Android device: b58c6ff4
2026-08-31 17:16:54.485 [main] INFO  c.s.managers.AppiumDriverManager - Starting Appium session: http://127.0.0.1:4723 with caps Capabilities {appium:adbExecTimeout: 20000, appium:app: C:\Users\family\Desktop\pro..., appium:appActivity: .MainActivity, appium:appPackage: com.juanforeroaxpo.saucedemo, appium:autoGrantPermissions: true, appium:automationName: UiAutomator2, appium:clearSystemFiles: true, appium:disableWindowAnimation: false, appium:newCommandTimeout: 250, appium:noSign: true, appium:udid: b58c6ff4, appium:uiautomator2ServerInstallTimeout: 20000, platformName: ANDROID}
2026-08-31 17:17:02.596 [main] INFO  c.s.utils.helper.WebdriverHelper - Screen recording started
2026-08-31 17:17:02.873 [main] INFO  c.swaglabs.stepsDefs.LoginStepsDefs - User lands on the login page
2026-08-31 17:17:09.225 [main] INFO  c.swaglabs.stepsDefs.LoginStepsDefs - Logged in as locked_out_user
2026-08-31 17:17:10.217 [main] INFO  com.swaglabs.hooks.Hooks - Scenario 'Locked out user is blocked from logging in' FAILED. Capturing screenshot...
2026-08-31 17:17:12.048 [main] INFO  c.s.utils.helper.WebdriverHelper - Recording saved and attached to failed scenario 'Locked out user is blocked from logging in'
2026-08-31 17:17:12.821 [main] INFO  c.s.managers.AppiumDriverManager - Local driver variables cleared
2026-08-31 17:17:12.821 [main] INFO  page_objects.PageObjectHelper - Page object instances cleared
2026-08-31 17:17:12.836 [main] INFO  com.swaglabs.hooks.Hooks - ******* Scenario: Problem user can log in started *******
2026-08-31 17:17:12.837 [main] INFO  c.s.managers.AppiumServerManager - Appium server already running on 127.0.0.1:4723 - stopping to reuse clean state
2026-08-31 17:17:12.867 [main] INFO  c.s.managers.AppiumServerManager - Appium server stopped
2026-08-31 17:17:16.976 [main] INFO  c.s.managers.AppiumServerManager - Appium server started on http://127.0.0.1:4723
2026-08-31 17:17:17.031 [main] INFO  com.swaglabs.device.DeviceManager - Using Android device: b58c6ff4
2026-08-31 17:17:17.192 [main] INFO  c.s.managers.AppiumDriverManager - Starting Appium session: http://127.0.0.1:4723 with caps Capabilities {appium:adbExecTimeout: 20000, appium:app: C:\Users\family\Desktop\pro..., appium:appActivity: .MainActivity, appium:appPackage: com.juanforeroaxpo.saucedemo, appium:autoGrantPermissions: true, appium:automationName: UiAutomator2, appium:clearSystemFiles: true, appium:disableWindowAnimation: false, appium:newCommandTimeout: 250, appium:noSign: true, appium:udid: b58c6ff4, appium:uiautomator2ServerInstallTimeout: 20000, platformName: ANDROID}
2026-08-31 17:17:25.215 [main] INFO  c.s.utils.helper.WebdriverHelper - Screen recording started
2026-08-31 17:17:25.511 [main] INFO  c.swaglabs.stepsDefs.LoginStepsDefs - User lands on the login page
2026-08-31 17:17:32.180 [main] INFO  c.swaglabs.stepsDefs.LoginStepsDefs - Logged in as problem_user
2026-08-31 17:17:33.712 [main] INFO  c.s.stepsDefs.ProductsStepsDefs - Products page is displayed
2026-08-31 17:17:33.713 [main] INFO  com.swaglabs.hooks.Hooks - Scenario 'Problem user can log in' PASSED.
2026-08-31 17:17:35.541 [main] INFO  c.s.managers.AppiumDriverManager - Local driver variables cleared
2026-08-31 17:17:35.541 [main] INFO  page_objects.PageObjectHelper - Page object instances cleared
2026-08-31 17:17:35.544 [main] INFO  com.swaglabs.hooks.Hooks - ******* Scenario: Performance glitch user can log in (may take longer) started *******
2026-08-31 17:17:35.545 [main] INFO  c.s.managers.AppiumServerManager - Appium server already running on 127.0.0.1:4723 - stopping to reuse clean state
2026-08-31 17:17:35.569 [main] INFO  c.s.managers.AppiumServerManager - Appium server stopped
2026-08-31 17:17:38.704 [main] INFO  c.s.managers.AppiumServerManager - Appium server started on http://127.0.0.1:4723
2026-08-31 17:17:38.751 [main] INFO  com.swaglabs.device.DeviceManager - Using Android device: b58c6ff4
2026-08-31 17:17:38.896 [main] INFO  c.s.managers.AppiumDriverManager - Starting Appium session: http://127.0.0.1:4723 with caps Capabilities {appium:adbExecTimeout: 20000, appium:app: C:\Users\family\Desktop\pro..., appium:appActivity: .MainActivity, appium:appPackage: com.juanforeroaxpo.saucedemo, appium:autoGrantPermissions: true, appium:automationName: UiAutomator2, appium:clearSystemFiles: true, appium:disableWindowAnimation: false, appium:newCommandTimeout: 250, appium:noSign: true, appium:udid: b58c6ff4, appium:uiautomator2ServerInstallTimeout: 20000, platformName: ANDROID}
2026-08-31 17:17:46.052 [main] INFO  c.s.utils.helper.WebdriverHelper - Screen recording started
2026-08-31 17:17:46.340 [main] INFO  c.swaglabs.stepsDefs.LoginStepsDefs - User lands on the login page
2026-08-31 17:17:52.729 [main] INFO  c.swaglabs.stepsDefs.LoginStepsDefs - Logged in as performance_glitch_user
2026-08-31 17:17:58.958 [main] INFO  c.s.stepsDefs.ProductsStepsDefs - Products page is displayed
2026-08-31 17:17:58.960 [main] INFO  com.swaglabs.hooks.Hooks - Scenario 'Performance glitch user can log in (may take longer)' PASSED.
2026-08-31 17:18:01.002 [main] INFO  c.s.managers.AppiumDriverManager - Local driver variables cleared
2026-08-31 17:18:01.002 [main] INFO  page_objects.PageObjectHelper - Page object instances cleared
2026-08-31 17:18:01.160 [main] INFO  com.swaglabs.hooks.Hooks - ******* Scenario: Error user can log in started *******
2026-08-31 17:18:01.161 [main] INFO  c.s.managers.AppiumServerManager - Appium server already running on 127.0.0.1:4723 - stopping to reuse clean state
2026-08-31 17:18:01.195 [main] INFO  c.s.managers.AppiumServerManager - Appium server stopped
2026-08-31 17:18:09.394 [main] INFO  c.s.managers.AppiumServerManager - Appium server started on http://127.0.0.1:4723
2026-08-31 17:18:09.526 [main] INFO  com.swaglabs.device.DeviceManager - Using Android device: b58c6ff4
2026-08-31 17:18:09.778 [main] INFO  c.s.managers.AppiumDriverManager - Starting Appium session: http://127.0.0.1:4723 with caps Capabilities {appium:adbExecTimeout: 20000, appium:app: C:\Users\family\Desktop\pro..., appium:appActivity: .MainActivity, appium:appPackage: com.juanforeroaxpo.saucedemo, appium:autoGrantPermissions: true, appium:automationName: UiAutomator2, appium:clearSystemFiles: true, appium:disableWindowAnimation: false, appium:newCommandTimeout: 250, appium:noSign: true, appium:udid: b58c6ff4, appium:uiautomator2ServerInstallTimeout: 20000, platformName: ANDROID}
2026-08-31 17:18:18.713 [main] INFO  c.s.utils.helper.WebdriverHelper - Screen recording started
2026-08-31 17:18:18.979 [main] INFO  c.swaglabs.stepsDefs.LoginStepsDefs - User lands on the login page
2026-08-31 17:18:18.984 [main] INFO  com.swaglabs.hooks.Hooks - Scenario 'Error user can log in' PASSED.
2026-08-31 17:18:21.938 [main] INFO  c.s.managers.AppiumDriverManager - Local driver variables cleared
2026-08-31 17:18:21.938 [main] INFO  page_objects.PageObjectHelper - Page object instances cleared
2026-08-31 17:18:21.953 [main] INFO  com.swaglabs.hooks.Hooks - ******* Scenario: Visual user can log in started *******
2026-08-31 17:18:21.954 [main] INFO  c.s.managers.AppiumServerManager - Appium server already running on 127.0.0.1:4723 - stopping to reuse clean state
2026-08-31 17:18:22.224 [main] INFO  c.s.managers.AppiumServerManager - Appium server stopped
2026-08-31 17:18:32.939 [main] INFO  c.s.managers.AppiumServerManager - Appium server started on http://127.0.0.1:4723
2026-08-31 17:18:33.128 [main] INFO  com.swaglabs.device.DeviceManager - Using Android device: b58c6ff4
2026-08-31 17:18:33.395 [main] INFO  c.s.managers.AppiumDriverManager - Starting Appium session: http://127.0.0.1:4723 with caps Capabilities {appium:adbExecTimeout: 20000, appium:app: C:\Users\family\Desktop\pro..., appium:appActivity: .MainActivity, appium:appPackage: com.juanforeroaxpo.saucedemo, appium:autoGrantPermissions: true, appium:automationName: UiAutomator2, appium:clearSystemFiles: true, appium:disableWindowAnimation: false, appium:newCommandTimeout: 250, appium:noSign: true, appium:udid: b58c6ff4, appium:uiautomator2ServerInstallTimeout: 20000, platformName: ANDROID}
2026-08-31 17:18:42.603 [main] INFO  c.s.utils.helper.WebdriverHelper - Screen recording started
2026-08-31 17:18:42.867 [main] INFO  c.swaglabs.stepsDefs.LoginStepsDefs - User lands on the login page
2026-08-31 17:18:42.871 [main] INFO  com.swaglabs.hooks.Hooks - Scenario 'Visual user can log in' PASSED.
2026-08-31 17:18:44.949 [main] INFO  c.s.managers.AppiumDriverManager - Local driver variables cleared
2026-08-31 17:18:44.950 [main] INFO  page_objects.PageObjectHelper - Page object instances cleared
2026-08-31 17:18:44.957 [main] INFO  com.swaglabs.hooks.Hooks - ******* Scenario: Login with empty credentials is rejected started *******
2026-08-31 17:18:44.959 [main] INFO  c.s.managers.AppiumServerManager - Appium server already running on 127.0.0.1:4723 - stopping to reuse clean state
2026-08-31 17:18:45.027 [main] INFO  c.s.managers.AppiumServerManager - Appium server stopped
2026-08-31 17:18:51.836 [main] INFO  c.s.managers.AppiumServerManager - Appium server started on http://127.0.0.1:4723
2026-08-31 17:18:51.924 [main] INFO  com.swaglabs.device.DeviceManager - Using Android device: b58c6ff4
2026-08-31 17:18:52.172 [main] INFO  c.s.managers.AppiumDriverManager - Starting Appium session: http://127.0.0.1:4723 with caps Capabilities {appium:adbExecTimeout: 20000, appium:app: C:\Users\family\Desktop\pro..., appium:appActivity: .MainActivity, appium:appPackage: com.juanforeroaxpo.saucedemo, appium:autoGrantPermissions: true, appium:automationName: UiAutomator2, appium:clearSystemFiles: true, appium:disableWindowAnimation: false, appium:newCommandTimeout: 250, appium:noSign: true, appium:udid: b58c6ff4, appium:uiautomator2ServerInstallTimeout: 20000, platformName: ANDROID}
2026-08-31 17:19:01.907 [main] INFO  c.s.utils.helper.WebdriverHelper - Screen recording started
2026-08-31 17:19:02.116 [main] INFO  c.swaglabs.stepsDefs.LoginStepsDefs - User lands on the login page
2026-08-31 17:19:09.143 [main] INFO  c.swaglabs.stepsDefs.LoginStepsDefs - Login error message is displayed
2026-08-31 17:19:09.144 [main] INFO  com.swaglabs.hooks.Hooks - Scenario 'Login with empty credentials is rejected' PASSED.
2026-08-31 17:19:11.394 [main] INFO  c.s.managers.AppiumDriverManager - Local driver variables cleared
2026-08-31 17:19:11.394 [main] INFO  page_objects.PageObjectHelper - Page object instances cleared
2026-08-31 17:19:11.451 [main] INFO  c.s.managers.AppiumServerManager - Appium server stopped
2026-08-31 17:19:11.452 [main] INFO  com.swaglabs.hooks.Hooks - Swag Labs automation finished.
2026-08-31 17:25:19.645 [main] INFO  c.s.managers.PropertiesManager - Loaded properties file: src/main/resources/project_properties/project_config_local.properties
2026-08-31 17:25:19.663 [main] INFO  c.s.capabilities.CapabilityManager - Loaded capabilities from C:\Users\family\Desktop\projects\swag-labs-mobile-nwdfew/src/main/resources/caps/local.json
2026-08-31 17:25:19.664 [main] INFO  com.swaglabs.hooks.Hooks - Swag Labs automation started. Platform=android, Environment=local
2026-08-31 17:25:19.869 [main] INFO  com.swaglabs.hooks.Hooks - ******* Scenario: User can add an item to the cart and verify it started *******
2026-08-31 17:25:25.488 [main] INFO  c.s.managers.AppiumServerManager - Appium server started on http://127.0.0.1:4723
2026-08-31 17:25:25.620 [main] INFO  com.swaglabs.device.DeviceManager - Using Android device: b58c6ff4
2026-08-31 17:25:25.787 [main] INFO  c.s.managers.AppiumDriverManager - Starting Appium session: http://127.0.0.1:4723 with caps Capabilities {appium:adbExecTimeout: 20000, appium:app: C:\Users\family\Desktop\pro..., appium:appActivity: .MainActivity, appium:appPackage: com.juanforeroaxpo.saucedemo, appium:autoGrantPermissions: true, appium:automationName: UiAutomator2, appium:clearSystemFiles: true, appium:disableWindowAnimation: false, appium:newCommandTimeout: 250, appium:noSign: true, appium:udid: b58c6ff4, appium:uiautomator2ServerInstallTimeout: 20000, platformName: ANDROID}
2026-08-31 17:25:34.057 [main] INFO  c.s.utils.helper.WebdriverHelper - Screen recording started
2026-08-31 17:25:34.859 [main] INFO  c.swaglabs.stepsDefs.LoginStepsDefs - User lands on the login page
2026-08-31 17:25:41.247 [main] INFO  c.swaglabs.stepsDefs.LoginStepsDefs - Logged in as standard_user
2026-08-31 17:25:43.309 [main] INFO  c.s.stepsDefs.ProductsStepsDefs - Added product at position 0 to the cart
2026-08-31 17:25:44.673 [main] INFO  c.swaglabs.stepsDefs.CartStepsDefs - Opened the cart
2026-08-31 17:25:45.372 [main] INFO  c.swaglabs.stepsDefs.CartStepsDefs - Cart page is displayed
2026-08-31 17:25:45.465 [main] INFO  c.swaglabs.stepsDefs.CartStepsDefs - Cart has 1 item(s)
2026-08-31 17:25:45.466 [main] INFO  com.swaglabs.hooks.Hooks - Scenario 'User can add an item to the cart and verify it' PASSED.
2026-08-31 17:25:47.397 [main] INFO  c.s.managers.AppiumDriverManager - Local driver variables cleared
2026-08-31 17:25:47.398 [main] INFO  page_objects.PageObjectHelper - Page object instances cleared
2026-08-31 17:25:47.406 [main] INFO  com.swaglabs.hooks.Hooks - ******* Scenario: User can remove an item from the cart started *******
2026-08-31 17:25:47.407 [main] INFO  c.s.managers.AppiumServerManager - Appium server already running on 127.0.0.1:4723 - stopping to reuse clean state
2026-08-31 17:25:47.437 [main] INFO  c.s.managers.AppiumServerManager - Appium server stopped
2026-08-31 17:25:50.563 [main] INFO  c.s.managers.AppiumServerManager - Appium server started on http://127.0.0.1:4723
2026-08-31 17:25:50.613 [main] INFO  com.swaglabs.device.DeviceManager - Using Android device: b58c6ff4
2026-08-31 17:25:50.757 [main] INFO  c.s.managers.AppiumDriverManager - Starting Appium session: http://127.0.0.1:4723 with caps Capabilities {appium:adbExecTimeout: 20000, appium:app: C:\Users\family\Desktop\pro..., appium:appActivity: .MainActivity, appium:appPackage: com.juanforeroaxpo.saucedemo, appium:autoGrantPermissions: true, appium:automationName: UiAutomator2, appium:clearSystemFiles: true, appium:disableWindowAnimation: false, appium:newCommandTimeout: 250, appium:noSign: true, appium:udid: b58c6ff4, appium:uiautomator2ServerInstallTimeout: 20000, platformName: ANDROID}
2026-08-31 17:25:57.960 [main] INFO  c.s.utils.helper.WebdriverHelper - Screen recording started
2026-08-31 17:25:58.264 [main] INFO  c.swaglabs.stepsDefs.LoginStepsDefs - User lands on the login page
2026-08-31 17:26:05.041 [main] INFO  c.swaglabs.stepsDefs.LoginStepsDefs - Logged in as standard_user
2026-08-31 17:26:06.692 [main] INFO  c.s.stepsDefs.ProductsStepsDefs - Added product at position 0 to the cart
2026-08-31 17:26:07.616 [main] INFO  c.swaglabs.stepsDefs.CartStepsDefs - Opened the cart
2026-08-31 17:26:08.346 [main] INFO  c.swaglabs.stepsDefs.CartStepsDefs - Removed cart item at position 0
2026-08-31 17:26:08.437 [main] INFO  com.swaglabs.hooks.Hooks - Scenario 'User can remove an item from the cart' FAILED. Capturing screenshot...
2026-08-31 17:26:10.293 [main] INFO  c.s.utils.helper.WebdriverHelper - Recording saved and attached to failed scenario 'User can remove an item from the cart'
2026-08-31 17:26:11.000 [main] INFO  c.s.managers.AppiumDriverManager - Local driver variables cleared
2026-08-31 17:26:11.000 [main] INFO  page_objects.PageObjectHelper - Page object instances cleared
2026-08-31 17:26:11.024 [main] INFO  com.swaglabs.hooks.Hooks - ******* Scenario: User completes a full purchase started *******
2026-08-31 17:26:11.025 [main] INFO  c.s.managers.AppiumServerManager - Appium server already running on 127.0.0.1:4723 - stopping to reuse clean state
2026-08-31 17:26:11.068 [main] INFO  c.s.managers.AppiumServerManager - Appium server stopped
2026-08-31 17:26:16.205 [main] INFO  c.s.managers.AppiumServerManager - Appium server started on http://127.0.0.1:4723
2026-08-31 17:26:16.263 [main] INFO  com.swaglabs.device.DeviceManager - Using Android device: b58c6ff4
2026-08-31 17:26:16.456 [main] INFO  c.s.managers.AppiumDriverManager - Starting Appium session: http://127.0.0.1:4723 with caps Capabilities {appium:adbExecTimeout: 20000, appium:app: C:\Users\family\Desktop\pro..., appium:appActivity: .MainActivity, appium:appPackage: com.juanforeroaxpo.saucedemo, appium:autoGrantPermissions: true, appium:automationName: UiAutomator2, appium:clearSystemFiles: true, appium:disableWindowAnimation: false, appium:newCommandTimeout: 250, appium:noSign: true, appium:udid: b58c6ff4, appium:uiautomator2ServerInstallTimeout: 20000, platformName: ANDROID}
2026-08-31 17:26:24.194 [main] INFO  c.s.utils.helper.WebdriverHelper - Screen recording started
2026-08-31 17:26:24.494 [main] INFO  c.swaglabs.stepsDefs.LoginStepsDefs - User lands on the login page
2026-08-31 17:26:30.766 [main] INFO  c.swaglabs.stepsDefs.LoginStepsDefs - Logged in as standard_user
2026-08-31 17:26:30.880 [main] INFO  com.swaglabs.hooks.Hooks - Scenario 'User completes a full purchase' FAILED. Capturing screenshot...
2026-08-31 17:26:32.716 [main] INFO  c.s.utils.helper.WebdriverHelper - Recording saved and attached to failed scenario 'User completes a full purchase'
2026-08-31 17:26:33.322 [main] INFO  c.s.managers.AppiumDriverManager - Local driver variables cleared
2026-08-31 17:26:33.322 [main] INFO  page_objects.PageObjectHelper - Page object instances cleared
2026-08-31 17:26:33.333 [main] INFO  com.swaglabs.hooks.Hooks - ******* Scenario: Problem user completes a full purchase started *******
2026-08-31 17:26:33.334 [main] INFO  c.s.managers.AppiumServerManager - Appium server already running on 127.0.0.1:4723 - stopping to reuse clean state
2026-08-31 17:26:33.364 [main] INFO  c.s.managers.AppiumServerManager - Appium server stopped
2026-08-31 17:26:36.843 [main] INFO  c.s.managers.AppiumServerManager - Appium server started on http://127.0.0.1:4723
2026-08-31 17:26:36.889 [main] INFO  com.swaglabs.device.DeviceManager - Using Android device: b58c6ff4
2026-08-31 17:26:37.037 [main] INFO  c.s.managers.AppiumDriverManager - Starting Appium session: http://127.0.0.1:4723 with caps Capabilities {appium:adbExecTimeout: 20000, appium:app: C:\Users\family\Desktop\pro..., appium:appActivity: .MainActivity, appium:appPackage: com.juanforeroaxpo.saucedemo, appium:autoGrantPermissions: true, appium:automationName: UiAutomator2, appium:clearSystemFiles: true, appium:disableWindowAnimation: false, appium:newCommandTimeout: 250, appium:noSign: true, appium:udid: b58c6ff4, appium:uiautomator2ServerInstallTimeout: 20000, platformName: ANDROID}
2026-08-31 17:26:44.409 [main] INFO  c.s.utils.helper.WebdriverHelper - Screen recording started
2026-08-31 17:26:44.782 [main] INFO  c.swaglabs.stepsDefs.LoginStepsDefs - User lands on the login page
2026-08-31 17:26:51.449 [main] INFO  c.swaglabs.stepsDefs.LoginStepsDefs - Logged in as problem_user
2026-08-31 17:26:51.557 [main] INFO  com.swaglabs.hooks.Hooks - Scenario 'Problem user completes a full purchase' FAILED. Capturing screenshot...
2026-08-31 17:26:53.395 [main] INFO  c.s.utils.helper.WebdriverHelper - Recording saved and attached to failed scenario 'Problem user completes a full purchase'
2026-08-31 17:26:54.183 [main] INFO  c.s.managers.AppiumDriverManager - Local driver variables cleared
2026-08-31 17:26:54.183 [main] INFO  page_objects.PageObjectHelper - Page object instances cleared
2026-08-31 17:26:54.189 [main] INFO  com.swaglabs.hooks.Hooks - ******* Scenario: Performance glitch user completes a full purchase started *******
2026-08-31 17:26:54.189 [main] INFO  c.s.managers.AppiumServerManager - Appium server already running on 127.0.0.1:4723 - stopping to reuse clean state
2026-08-31 17:26:54.210 [main] INFO  c.s.managers.AppiumServerManager - Appium server stopped
2026-08-31 17:26:57.630 [main] INFO  c.s.managers.AppiumServerManager - Appium server started on http://127.0.0.1:4723
2026-08-31 17:26:57.696 [main] INFO  com.swaglabs.device.DeviceManager - Using Android device: b58c6ff4
2026-08-31 17:26:57.875 [main] INFO  c.s.managers.AppiumDriverManager - Starting Appium session: http://127.0.0.1:4723 with caps Capabilities {appium:adbExecTimeout: 20000, appium:app: C:\Users\family\Desktop\pro..., appium:appActivity: .MainActivity, appium:appPackage: com.juanforeroaxpo.saucedemo, appium:autoGrantPermissions: true, appium:automationName: UiAutomator2, appium:clearSystemFiles: true, appium:disableWindowAnimation: false, appium:newCommandTimeout: 250, appium:noSign: true, appium:udid: b58c6ff4, appium:uiautomator2ServerInstallTimeout: 20000, platformName: ANDROID}
2026-08-31 17:27:05.543 [main] INFO  c.s.utils.helper.WebdriverHelper - Screen recording started
2026-08-31 17:27:05.846 [main] INFO  c.swaglabs.stepsDefs.LoginStepsDefs - User lands on the login page
2026-08-31 17:27:12.132 [main] INFO  c.swaglabs.stepsDefs.LoginStepsDefs - Logged in as performance_glitch_user
2026-08-31 17:27:12.829 [main] INFO  com.swaglabs.hooks.Hooks - Scenario 'Performance glitch user completes a full purchase' FAILED. Capturing screenshot...
2026-08-31 17:27:14.551 [main] INFO  c.s.utils.helper.WebdriverHelper - Recording saved and attached to failed scenario 'Performance glitch user completes a full purchase'
2026-08-31 17:27:15.371 [main] INFO  c.s.managers.AppiumDriverManager - Local driver variables cleared
2026-08-31 17:27:15.371 [main] INFO  page_objects.PageObjectHelper - Page object instances cleared
2026-08-31 17:27:15.385 [main] INFO  com.swaglabs.hooks.Hooks - ******* Scenario: Standard user can log in successfully started *******
2026-08-31 17:27:15.386 [main] INFO  c.s.managers.AppiumServerManager - Appium server already running on 127.0.0.1:4723 - stopping to reuse clean state
2026-08-31 17:27:15.414 [main] INFO  c.s.managers.AppiumServerManager - Appium server stopped
2026-08-31 17:27:18.560 [main] INFO  c.s.managers.AppiumServerManager - Appium server started on http://127.0.0.1:4723
2026-08-31 17:27:18.606 [main] INFO  com.swaglabs.device.DeviceManager - Using Android device: b58c6ff4
2026-08-31 17:27:18.754 [main] INFO  c.s.managers.AppiumDriverManager - Starting Appium session: http://127.0.0.1:4723 with caps Capabilities {appium:adbExecTimeout: 20000, appium:app: C:\Users\family\Desktop\pro..., appium:appActivity: .MainActivity, appium:appPackage: com.juanforeroaxpo.saucedemo, appium:autoGrantPermissions: true, appium:automationName: UiAutomator2, appium:clearSystemFiles: true, appium:disableWindowAnimation: false, appium:newCommandTimeout: 250, appium:noSign: true, appium:udid: b58c6ff4, appium:uiautomator2ServerInstallTimeout: 20000, platformName: ANDROID}
2026-08-31 17:27:25.947 [main] INFO  c.s.utils.helper.WebdriverHelper - Screen recording started
2026-08-31 17:27:26.242 [main] INFO  c.swaglabs.stepsDefs.LoginStepsDefs - User lands on the login page
2026-08-31 17:27:32.647 [main] INFO  c.swaglabs.stepsDefs.LoginStepsDefs - Logged in as standard_user
2026-08-31 17:27:34.140 [main] INFO  c.s.stepsDefs.ProductsStepsDefs - Products page is displayed
2026-08-31 17:27:34.141 [main] INFO  com.swaglabs.hooks.Hooks - Scenario 'Standard user can log in successfully' PASSED.
2026-08-31 17:27:35.961 [main] INFO  c.s.managers.AppiumDriverManager - Local driver variables cleared
2026-08-31 17:27:35.961 [main] INFO  page_objects.PageObjectHelper - Page object instances cleared
2026-08-31 17:27:35.964 [main] INFO  com.swaglabs.hooks.Hooks - ******* Scenario: Locked out user is blocked from logging in started *******
2026-08-31 17:27:35.965 [main] INFO  c.s.managers.AppiumServerManager - Appium server already running on 127.0.0.1:4723 - stopping to reuse clean state
2026-08-31 17:27:35.988 [main] INFO  c.s.managers.AppiumServerManager - Appium server stopped
2026-08-31 17:27:39.098 [main] INFO  c.s.managers.AppiumServerManager - Appium server started on http://127.0.0.1:4723
2026-08-31 17:27:39.154 [main] INFO  com.swaglabs.device.DeviceManager - Using Android device: b58c6ff4
2026-08-31 17:27:39.297 [main] INFO  c.s.managers.AppiumDriverManager - Starting Appium session: http://127.0.0.1:4723 with caps Capabilities {appium:adbExecTimeout: 20000, appium:app: C:\Users\family\Desktop\pro..., appium:appActivity: .MainActivity, appium:appPackage: com.juanforeroaxpo.saucedemo, appium:autoGrantPermissions: true, appium:automationName: UiAutomator2, appium:clearSystemFiles: true, appium:disableWindowAnimation: false, appium:newCommandTimeout: 250, appium:noSign: true, appium:udid: b58c6ff4, appium:uiautomator2ServerInstallTimeout: 20000, platformName: ANDROID}
2026-08-31 17:27:46.518 [main] INFO  c.s.utils.helper.WebdriverHelper - Screen recording started
2026-08-31 17:27:46.899 [main] INFO  c.swaglabs.stepsDefs.LoginStepsDefs - User lands on the login page
2026-08-31 17:27:53.146 [main] INFO  c.swaglabs.stepsDefs.LoginStepsDefs - Logged in as locked_out_user
2026-08-31 17:28:04.256 [main] INFO  com.swaglabs.hooks.Hooks - Scenario 'Locked out user is blocked from logging in' FAILED. Capturing screenshot...
2026-08-31 17:28:05.921 [main] INFO  c.s.utils.helper.WebdriverHelper - Recording saved and attached to failed scenario 'Locked out user is blocked from logging in'
2026-08-31 17:28:06.666 [main] INFO  c.s.managers.AppiumDriverManager - Local driver variables cleared
2026-08-31 17:28:06.666 [main] INFO  page_objects.PageObjectHelper - Page object instances cleared
2026-08-31 17:28:06.682 [main] INFO  com.swaglabs.hooks.Hooks - ******* Scenario: User can see the product catalog after login started *******
2026-08-31 17:28:06.683 [main] INFO  c.s.managers.AppiumServerManager - Appium server already running on 127.0.0.1:4723 - stopping to reuse clean state
2026-08-31 17:28:06.709 [main] INFO  c.s.managers.AppiumServerManager - Appium server stopped
2026-08-31 17:28:10.164 [main] INFO  c.s.managers.AppiumServerManager - Appium server started on http://127.0.0.1:4723
2026-08-31 17:28:10.217 [main] INFO  com.swaglabs.device.DeviceManager - Using Android device: b58c6ff4
2026-08-31 17:28:10.383 [main] INFO  c.s.managers.AppiumDriverManager - Starting Appium session: http://127.0.0.1:4723 with caps Capabilities {appium:adbExecTimeout: 20000, appium:app: C:\Users\family\Desktop\pro..., appium:appActivity: .MainActivity, appium:appPackage: com.juanforeroaxpo.saucedemo, appium:autoGrantPermissions: true, appium:automationName: UiAutomator2, appium:clearSystemFiles: true, appium:disableWindowAnimation: false, appium:newCommandTimeout: 250, appium:noSign: true, appium:udid: b58c6ff4, appium:uiautomator2ServerInstallTimeout: 20000, platformName: ANDROID}
2026-08-31 17:28:17.809 [main] INFO  c.s.utils.helper.WebdriverHelper - Screen recording started
2026-08-31 17:28:18.119 [main] INFO  c.swaglabs.stepsDefs.LoginStepsDefs - User lands on the login page
2026-08-31 17:28:24.654 [main] INFO  c.swaglabs.stepsDefs.LoginStepsDefs - Logged in as standard_user
2026-08-31 17:28:26.309 [main] INFO  c.s.stepsDefs.ProductsStepsDefs - Products page is displayed
2026-08-31 17:28:26.435 [main] INFO  c.s.stepsDefs.ProductsStepsDefs - Product catalog has 6 products
2026-08-31 17:28:26.436 [main] INFO  com.swaglabs.hooks.Hooks - Scenario 'User can see the product catalog after login' PASSED.
2026-08-31 17:28:28.285 [main] INFO  c.s.managers.AppiumDriverManager - Local driver variables cleared
2026-08-31 17:28:28.285 [main] INFO  page_objects.PageObjectHelper - Page object instances cleared
2026-08-31 17:28:28.289 [main] INFO  com.swaglabs.hooks.Hooks - ******* Scenario: User can add a product to the cart started *******
2026-08-31 17:28:28.290 [main] INFO  c.s.managers.AppiumServerManager - Appium server already running on 127.0.0.1:4723 - stopping to reuse clean state
2026-08-31 17:28:28.329 [main] INFO  c.s.managers.AppiumServerManager - Appium server stopped
2026-08-31 17:28:31.445 [main] INFO  c.s.managers.AppiumServerManager - Appium server started on http://127.0.0.1:4723
2026-08-31 17:28:31.494 [main] INFO  com.swaglabs.device.DeviceManager - Using Android device: b58c6ff4
2026-08-31 17:28:31.640 [main] INFO  c.s.managers.AppiumDriverManager - Starting Appium session: http://127.0.0.1:4723 with caps Capabilities {appium:adbExecTimeout: 20000, appium:app: C:\Users\family\Desktop\pro..., appium:appActivity: .MainActivity, appium:appPackage: com.juanforeroaxpo.saucedemo, appium:autoGrantPermissions: true, appium:automationName: UiAutomator2, appium:clearSystemFiles: true, appium:disableWindowAnimation: false, appium:newCommandTimeout: 250, appium:noSign: true, appium:udid: b58c6ff4, appium:uiautomator2ServerInstallTimeout: 20000, platformName: ANDROID}
2026-08-31 17:28:38.903 [main] INFO  c.s.utils.helper.WebdriverHelper - Screen recording started
2026-08-31 17:28:39.183 [main] INFO  c.swaglabs.stepsDefs.LoginStepsDefs - User lands on the login page
2026-08-31 17:28:46.074 [main] INFO  c.swaglabs.stepsDefs.LoginStepsDefs - Logged in as standard_user
2026-08-31 17:28:47.744 [main] INFO  c.s.stepsDefs.ProductsStepsDefs - Added product at position 0 to the cart
2026-08-31 17:28:48.657 [main] INFO  com.swaglabs.hooks.Hooks - Scenario 'User can add a product to the cart' PASSED.
2026-08-31 17:28:50.535 [main] INFO  c.s.managers.AppiumDriverManager - Local driver variables cleared
2026-08-31 17:28:50.535 [main] INFO  page_objects.PageObjectHelper - Page object instances cleared
2026-08-31 17:28:50.539 [main] INFO  com.swaglabs.hooks.Hooks - ******* Scenario: User can open a product and view its details started *******
2026-08-31 17:28:50.540 [main] INFO  c.s.managers.AppiumServerManager - Appium server already running on 127.0.0.1:4723 - stopping to reuse clean state
2026-08-31 17:28:50.561 [main] INFO  c.s.managers.AppiumServerManager - Appium server stopped
2026-08-31 17:28:53.699 [main] INFO  c.s.managers.AppiumServerManager - Appium server started on http://127.0.0.1:4723
2026-08-31 17:28:53.751 [main] INFO  com.swaglabs.device.DeviceManager - Using Android device: b58c6ff4
2026-08-31 17:28:53.905 [main] INFO  c.s.managers.AppiumDriverManager - Starting Appium session: http://127.0.0.1:4723 with caps Capabilities {appium:adbExecTimeout: 20000, appium:app: C:\Users\family\Desktop\pro..., appium:appActivity: .MainActivity, appium:appPackage: com.juanforeroaxpo.saucedemo, appium:autoGrantPermissions: true, appium:automationName: UiAutomator2, appium:clearSystemFiles: true, appium:disableWindowAnimation: false, appium:newCommandTimeout: 250, appium:noSign: true, appium:udid: b58c6ff4, appium:uiautomator2ServerInstallTimeout: 20000, platformName: ANDROID}
2026-08-31 17:29:01.581 [main] INFO  c.s.utils.helper.WebdriverHelper - Screen recording started
2026-08-31 17:29:01.878 [main] INFO  c.swaglabs.stepsDefs.LoginStepsDefs - User lands on the login page
2026-08-31 17:29:08.694 [main] INFO  c.swaglabs.stepsDefs.LoginStepsDefs - Logged in as standard_user
2026-08-31 17:29:08.803 [main] INFO  com.swaglabs.hooks.Hooks - Scenario 'User can open a product and view its details' FAILED. Capturing screenshot...
2026-08-31 17:29:10.748 [main] INFO  c.s.utils.helper.WebdriverHelper - Recording saved and attached to failed scenario 'User can open a product and view its details'
2026-08-31 17:29:11.495 [main] INFO  c.s.managers.AppiumDriverManager - Local driver variables cleared
2026-08-31 17:29:11.496 [main] INFO  page_objects.PageObjectHelper - Page object instances cleared
2026-08-31 17:29:11.533 [main] INFO  c.s.managers.AppiumServerManager - Appium server stopped
2026-08-31 17:29:11.533 [main] INFO  com.swaglabs.hooks.Hooks - Swag Labs automation finished.
2026-08-31 17:39:06.217 [main] INFO  c.s.managers.PropertiesManager - Loaded properties file: src/main/resources/project_properties/project_config_local.properties
2026-08-31 17:39:06.229 [main] INFO  c.s.capabilities.CapabilityManager - Loaded capabilities from C:\Users\family\Desktop\projects\swag-labs-mobile-nwdfew/src/main/resources/caps/local.json
2026-08-31 17:39:06.229 [main] INFO  com.swaglabs.hooks.Hooks - Swag Labs automation started. Platform=android, Environment=local
2026-08-31 17:39:06.401 [main] INFO  com.swaglabs.hooks.Hooks - ******* Scenario: User can add an item to the cart and verify it started *******
2026-08-31 17:39:29.725 [main] INFO  com.swaglabs.hooks.Hooks - Scenario 'User can add an item to the cart and verify it' FAILED. Capturing screenshot...
2026-08-31 17:39:29.726 [main] WARN  com.swaglabs.hooks.Hooks - Driver is null — skipping screenshot
2026-08-31 17:39:29.727 [main] INFO  c.s.managers.AppiumDriverManager - Local driver variables cleared
2026-08-31 17:39:29.727 [main] INFO  page_objects.PageObjectHelper - Page object instances cleared
2026-08-31 17:39:29.744 [main] INFO  com.swaglabs.hooks.Hooks - ******* Scenario: User can remove an item from the cart started *******
2026-08-31 17:39:38.153 [main] INFO  c.s.managers.AppiumServerManager - Appium server started on http://127.0.0.1:4723
2026-08-31 17:39:38.213 [main] INFO  com.swaglabs.device.DeviceManager - Using Android device: b58c6ff4
2026-08-31 17:39:38.362 [main] INFO  c.s.managers.AppiumDriverManager - Starting Appium session: http://127.0.0.1:4723 with caps Capabilities {appium:adbExecTimeout: 20000, appium:app: C:\Users\family\Desktop\pro..., appium:appActivity: .MainActivity, appium:appPackage: com.juanforeroaxpo.saucedemo, appium:autoGrantPermissions: true, appium:automationName: UiAutomator2, appium:clearSystemFiles: true, appium:disableWindowAnimation: false, appium:newCommandTimeout: 250, appium:noSign: true, appium:udid: b58c6ff4, appium:uiautomator2ServerInstallTimeout: 20000, platformName: ANDROID}
2026-08-31 17:39:46.737 [main] INFO  c.s.utils.helper.WebdriverHelper - Screen recording started
2026-08-31 17:39:47.389 [main] INFO  c.swaglabs.stepsDefs.LoginStepsDefs - User lands on the login page
2026-08-31 17:39:54.121 [main] INFO  c.swaglabs.stepsDefs.LoginStepsDefs - Logged in as standard_user
2026-08-31 17:39:55.757 [main] INFO  c.s.stepsDefs.ProductsStepsDefs - Added product at position 0 to the cart
2026-08-31 17:39:56.675 [main] INFO  c.swaglabs.stepsDefs.CartStepsDefs - Opened the cart
2026-08-31 17:39:57.914 [main] INFO  c.swaglabs.stepsDefs.CartStepsDefs - Removed cart item at position 0
2026-08-31 17:39:58.845 [main] INFO  c.swaglabs.stepsDefs.CartStepsDefs - Cart is empty
2026-08-31 17:39:58.846 [main] INFO  com.swaglabs.hooks.Hooks - Scenario 'User can remove an item from the cart' PASSED.
2026-08-31 17:40:00.815 [main] INFO  c.s.managers.AppiumDriverManager - Local driver variables cleared
2026-08-31 17:40:00.815 [main] INFO  page_objects.PageObjectHelper - Page object instances cleared
2026-08-31 17:40:00.824 [main] INFO  com.swaglabs.hooks.Hooks - ******* Scenario: User completes a full purchase started *******
2026-08-31 17:40:00.825 [main] INFO  c.s.managers.AppiumServerManager - Appium server already running on 127.0.0.1:4723 - stopping to reuse clean state
2026-08-31 17:40:00.847 [main] INFO  c.s.managers.AppiumServerManager - Appium server stopped
2026-08-31 17:40:03.623 [main] INFO  c.s.managers.AppiumServerManager - Appium server started on http://127.0.0.1:4723
2026-08-31 17:40:03.669 [main] INFO  com.swaglabs.device.DeviceManager - Using Android device: b58c6ff4
2026-08-31 17:40:03.814 [main] INFO  c.s.managers.AppiumDriverManager - Starting Appium session: http://127.0.0.1:4723 with caps Capabilities {appium:adbExecTimeout: 20000, appium:app: C:\Users\family\Desktop\pro..., appium:appActivity: .MainActivity, appium:appPackage: com.juanforeroaxpo.saucedemo, appium:autoGrantPermissions: true, appium:automationName: UiAutomator2, appium:clearSystemFiles: true, appium:disableWindowAnimation: false, appium:newCommandTimeout: 250, appium:noSign: true, appium:udid: b58c6ff4, appium:uiautomator2ServerInstallTimeout: 20000, platformName: ANDROID}
2026-08-31 17:40:10.970 [main] INFO  c.s.utils.helper.WebdriverHelper - Screen recording started
2026-08-31 17:40:11.237 [main] INFO  c.swaglabs.stepsDefs.LoginStepsDefs - User lands on the login page
2026-08-31 17:40:18.193 [main] INFO  c.swaglabs.stepsDefs.LoginStepsDefs - Logged in as standard_user
2026-08-31 17:40:19.864 [main] INFO  c.s.stepsDefs.ProductsStepsDefs - Added product at position 0 to the cart
2026-08-31 17:40:20.765 [main] INFO  c.swaglabs.stepsDefs.CartStepsDefs - Opened the cart
2026-08-31 17:40:21.723 [main] INFO  c.s.stepsDefs.CheckoutStepsDefs - Proceeded to checkout
2026-08-31 17:40:22.555 [main] INFO  c.s.stepsDefs.CheckoutStepsDefs - Checkout info page is displayed
2026-08-31 17:40:31.093 [main] INFO  c.s.stepsDefs.CheckoutStepsDefs - Entered shipping info: John Doe 12345
2026-08-31 17:40:31.979 [main] INFO  c.s.stepsDefs.CheckoutStepsDefs - Continued to overview page
2026-08-31 17:40:33.689 [main] INFO  c.s.stepsDefs.CheckoutStepsDefs - Checkout overview page is displayed
2026-08-31 17:40:34.131 [main] INFO  c.s.stepsDefs.CheckoutStepsDefs - Finished the order
2026-08-31 17:40:34.265 [main] INFO  com.swaglabs.hooks.Hooks - Scenario 'User completes a full purchase' FAILED. Capturing screenshot...
2026-08-31 17:40:36.202 [main] INFO  c.s.utils.helper.WebdriverHelper - Recording saved and attached to failed scenario 'User completes a full purchase'
2026-08-31 17:40:36.899 [main] INFO  c.s.managers.AppiumDriverManager - Local driver variables cleared
2026-08-31 17:40:36.899 [main] INFO  page_objects.PageObjectHelper - Page object instances cleared
2026-08-31 17:40:36.906 [main] INFO  com.swaglabs.hooks.Hooks - ******* Scenario: Problem user completes a full purchase started *******
2026-08-31 17:40:36.907 [main] INFO  c.s.managers.AppiumServerManager - Appium server already running on 127.0.0.1:4723 - stopping to reuse clean state
2026-08-31 17:40:36.934 [main] INFO  c.s.managers.AppiumServerManager - Appium server stopped
2026-08-31 17:40:40.032 [main] INFO  c.s.managers.AppiumServerManager - Appium server started on http://127.0.0.1:4723
2026-08-31 17:40:40.080 [main] INFO  com.swaglabs.device.DeviceManager - Using Android device: b58c6ff4
2026-08-31 17:40:40.229 [main] INFO  c.s.managers.AppiumDriverManager - Starting Appium session: http://127.0.0.1:4723 with caps Capabilities {appium:adbExecTimeout: 20000, appium:app: C:\Users\family\Desktop\pro..., appium:appActivity: .MainActivity, appium:appPackage: com.juanforeroaxpo.saucedemo, appium:autoGrantPermissions: true, appium:automationName: UiAutomator2, appium:clearSystemFiles: true, appium:disableWindowAnimation: false, appium:newCommandTimeout: 250, appium:noSign: true, appium:udid: b58c6ff4, appium:uiautomator2ServerInstallTimeout: 20000, platformName: ANDROID}
2026-08-31 17:40:47.448 [main] INFO  c.s.utils.helper.WebdriverHelper - Screen recording started
2026-08-31 17:40:47.757 [main] INFO  c.swaglabs.stepsDefs.LoginStepsDefs - User lands on the login page
2026-08-31 17:40:53.998 [main] INFO  c.swaglabs.stepsDefs.LoginStepsDefs - Logged in as problem_user
2026-08-31 17:40:55.616 [main] INFO  c.s.stepsDefs.ProductsStepsDefs - Added product at position 0 to the cart
2026-08-31 17:40:56.555 [main] INFO  c.swaglabs.stepsDefs.CartStepsDefs - Opened the cart
2026-08-31 17:40:57.403 [main] INFO  c.s.stepsDefs.CheckoutStepsDefs - Proceeded to checkout
2026-08-31 17:40:58.243 [main] INFO  c.s.stepsDefs.CheckoutStepsDefs - Checkout info page is displayed
2026-08-31 17:41:06.985 [main] INFO  c.s.stepsDefs.CheckoutStepsDefs - Entered shipping info: John Doe 12345
2026-08-31 17:41:07.878 [main] INFO  c.s.stepsDefs.CheckoutStepsDefs - Continued to overview page
2026-08-31 17:41:28.471 [main] INFO  com.swaglabs.hooks.Hooks - Scenario 'Problem user completes a full purchase' FAILED. Capturing screenshot...
2026-08-31 17:41:30.292 [main] INFO  c.s.utils.helper.WebdriverHelper - Recording saved and attached to failed scenario 'Problem user completes a full purchase'
2026-08-31 17:41:31.043 [main] INFO  c.s.managers.AppiumDriverManager - Local driver variables cleared
2026-08-31 17:41:31.044 [main] INFO  page_objects.PageObjectHelper - Page object instances cleared
2026-08-31 17:41:31.049 [main] INFO  com.swaglabs.hooks.Hooks - ******* Scenario: Performance glitch user completes a full purchase started *******
2026-08-31 17:41:31.050 [main] INFO  c.s.managers.AppiumServerManager - Appium server already running on 127.0.0.1:4723 - stopping to reuse clean state
2026-08-31 17:41:31.072 [main] INFO  c.s.managers.AppiumServerManager - Appium server stopped
2026-08-31 17:41:34.572 [main] INFO  c.s.managers.AppiumServerManager - Appium server started on http://127.0.0.1:4723
2026-08-31 17:41:34.625 [main] INFO  com.swaglabs.device.DeviceManager - Using Android device: b58c6ff4
2026-08-31 17:41:34.782 [main] INFO  c.s.managers.AppiumDriverManager - Starting Appium session: http://127.0.0.1:4723 with caps Capabilities {appium:adbExecTimeout: 20000, appium:app: C:\Users\family\Desktop\pro..., appium:appActivity: .MainActivity, appium:appPackage: com.juanforeroaxpo.saucedemo, appium:autoGrantPermissions: true, appium:automationName: UiAutomator2, appium:clearSystemFiles: true, appium:disableWindowAnimation: false, appium:newCommandTimeout: 250, appium:noSign: true, appium:udid: b58c6ff4, appium:uiautomator2ServerInstallTimeout: 20000, platformName: ANDROID}
2026-08-31 17:41:41.978 [main] INFO  c.s.utils.helper.WebdriverHelper - Screen recording started
2026-08-31 17:41:42.270 [main] INFO  c.swaglabs.stepsDefs.LoginStepsDefs - User lands on the login page
2026-08-31 17:41:48.960 [main] INFO  c.swaglabs.stepsDefs.LoginStepsDefs - Logged in as performance_glitch_user
2026-08-31 17:41:54.323 [main] INFO  c.s.stepsDefs.ProductsStepsDefs - Added product at position 0 to the cart
2026-08-31 17:41:55.050 [main] INFO  c.swaglabs.stepsDefs.CartStepsDefs - Opened the cart
2026-08-31 17:41:59.787 [main] INFO  c.s.stepsDefs.CheckoutStepsDefs - Proceeded to checkout
2026-08-31 17:42:00.769 [main] INFO  c.s.stepsDefs.CheckoutStepsDefs - Checkout info page is displayed
2026-08-31 17:42:09.166 [main] INFO  c.s.stepsDefs.CheckoutStepsDefs - Entered shipping info: John Doe 12345
2026-08-31 17:42:10.010 [main] INFO  c.s.stepsDefs.CheckoutStepsDefs - Continued to overview page
2026-08-31 17:42:11.722 [main] INFO  c.s.stepsDefs.CheckoutStepsDefs - Checkout overview page is displayed
2026-08-31 17:42:12.166 [main] INFO  c.s.stepsDefs.CheckoutStepsDefs - Finished the order
2026-08-31 17:42:12.887 [main] INFO  com.swaglabs.hooks.Hooks - Scenario 'Performance glitch user completes a full purchase' FAILED. Capturing screenshot...
2026-08-31 17:42:14.814 [main] INFO  c.s.utils.helper.WebdriverHelper - Recording saved and attached to failed scenario 'Performance glitch user completes a full purchase'
2026-08-31 17:42:15.550 [main] INFO  c.s.managers.AppiumDriverManager - Local driver variables cleared
2026-08-31 17:42:15.550 [main] INFO  page_objects.PageObjectHelper - Page object instances cleared
2026-08-31 17:42:15.559 [main] INFO  com.swaglabs.hooks.Hooks - ******* Scenario: Standard user can log in successfully started *******
2026-08-31 17:42:15.560 [main] INFO  c.s.managers.AppiumServerManager - Appium server already running on 127.0.0.1:4723 - stopping to reuse clean state
2026-08-31 17:42:15.590 [main] INFO  c.s.managers.AppiumServerManager - Appium server stopped
2026-08-31 17:42:18.421 [main] INFO  c.s.managers.AppiumServerManager - Appium server started on http://127.0.0.1:4723
2026-08-31 17:42:18.469 [main] INFO  com.swaglabs.device.DeviceManager - Using Android device: b58c6ff4
2026-08-31 17:42:18.614 [main] INFO  c.s.managers.AppiumDriverManager - Starting Appium session: http://127.0.0.1:4723 with caps Capabilities {appium:adbExecTimeout: 20000, appium:app: C:\Users\family\Desktop\pro..., appium:appActivity: .MainActivity, appium:appPackage: com.juanforeroaxpo.saucedemo, appium:autoGrantPermissions: true, appium:automationName: UiAutomator2, appium:clearSystemFiles: true, appium:disableWindowAnimation: false, appium:newCommandTimeout: 250, appium:noSign: true, appium:udid: b58c6ff4, appium:uiautomator2ServerInstallTimeout: 20000, platformName: ANDROID}
2026-08-31 17:42:25.776 [main] INFO  c.s.utils.helper.WebdriverHelper - Screen recording started
2026-08-31 17:42:26.059 [main] INFO  c.swaglabs.stepsDefs.LoginStepsDefs - User lands on the login page
2026-08-31 17:42:32.414 [main] INFO  c.swaglabs.stepsDefs.LoginStepsDefs - Logged in as standard_user
2026-08-31 17:42:33.849 [main] INFO  c.s.stepsDefs.ProductsStepsDefs - Products page is displayed
2026-08-31 17:42:33.850 [main] INFO  com.swaglabs.hooks.Hooks - Scenario 'Standard user can log in successfully' PASSED.
2026-08-31 17:42:35.774 [main] INFO  c.s.managers.AppiumDriverManager - Local driver variables cleared
2026-08-31 17:42:35.774 [main] INFO  page_objects.PageObjectHelper - Page object instances cleared
2026-08-31 17:42:35.777 [main] INFO  com.swaglabs.hooks.Hooks - ******* Scenario: Locked out user is blocked from logging in started *******
2026-08-31 17:42:35.778 [main] INFO  c.s.managers.AppiumServerManager - Appium server already running on 127.0.0.1:4723 - stopping to reuse clean state
2026-08-31 17:42:35.800 [main] INFO  c.s.managers.AppiumServerManager - Appium server stopped
2026-08-31 17:42:38.586 [main] INFO  c.s.managers.AppiumServerManager - Appium server started on http://127.0.0.1:4723
2026-08-31 17:42:38.633 [main] INFO  com.swaglabs.device.DeviceManager - Using Android device: b58c6ff4
2026-08-31 17:42:38.779 [main] INFO  c.s.managers.AppiumDriverManager - Starting Appium session: http://127.0.0.1:4723 with caps Capabilities {appium:adbExecTimeout: 20000, appium:app: C:\Users\family\Desktop\pro..., appium:appActivity: .MainActivity, appium:appPackage: com.juanforeroaxpo.saucedemo, appium:autoGrantPermissions: true, appium:automationName: UiAutomator2, appium:clearSystemFiles: true, appium:disableWindowAnimation: false, appium:newCommandTimeout: 250, appium:noSign: true, appium:udid: b58c6ff4, appium:uiautomator2ServerInstallTimeout: 20000, platformName: ANDROID}
2026-08-31 17:42:46.022 [main] INFO  c.s.utils.helper.WebdriverHelper - Screen recording started
2026-08-31 17:42:46.327 [main] INFO  c.swaglabs.stepsDefs.LoginStepsDefs - User lands on the login page
2026-08-31 17:42:52.597 [main] INFO  c.swaglabs.stepsDefs.LoginStepsDefs - Logged in as locked_out_user
2026-08-31 17:42:53.570 [main] INFO  com.swaglabs.hooks.Hooks - Scenario 'Locked out user is blocked from logging in' FAILED. Capturing screenshot...
2026-08-31 17:42:55.277 [main] INFO  c.s.utils.helper.WebdriverHelper - Recording saved and attached to failed scenario 'Locked out user is blocked from logging in'
2026-08-31 17:42:56.030 [main] INFO  c.s.managers.AppiumDriverManager - Local driver variables cleared
2026-08-31 17:42:56.030 [main] INFO  page_objects.PageObjectHelper - Page object instances cleared
2026-08-31 17:42:56.043 [main] INFO  com.swaglabs.hooks.Hooks - ******* Scenario: User can see the product catalog after login started *******
2026-08-31 17:42:56.044 [main] INFO  c.s.managers.AppiumServerManager - Appium server already running on 127.0.0.1:4723 - stopping to reuse clean state
2026-08-31 17:42:56.065 [main] INFO  c.s.managers.AppiumServerManager - Appium server stopped
2026-08-31 17:42:59.208 [main] INFO  c.s.managers.AppiumServerManager - Appium server started on http://127.0.0.1:4723
2026-08-31 17:42:59.262 [main] INFO  com.swaglabs.device.DeviceManager - Using Android device: b58c6ff4
2026-08-31 17:42:59.413 [main] INFO  c.s.managers.AppiumDriverManager - Starting Appium session: http://127.0.0.1:4723 with caps Capabilities {appium:adbExecTimeout: 20000, appium:app: C:\Users\family\Desktop\pro..., appium:appActivity: .MainActivity, appium:appPackage: com.juanforeroaxpo.saucedemo, appium:autoGrantPermissions: true, appium:automationName: UiAutomator2, appium:clearSystemFiles: true, appium:disableWindowAnimation: false, appium:newCommandTimeout: 250, appium:noSign: true, appium:udid: b58c6ff4, appium:uiautomator2ServerInstallTimeout: 20000, platformName: ANDROID}
2026-08-31 17:43:06.515 [main] INFO  c.s.utils.helper.WebdriverHelper - Screen recording started
2026-08-31 17:43:06.850 [main] INFO  c.swaglabs.stepsDefs.LoginStepsDefs - User lands on the login page
2026-08-31 17:43:13.161 [main] INFO  c.swaglabs.stepsDefs.LoginStepsDefs - Logged in as standard_user
2026-08-31 17:43:14.671 [main] INFO  c.s.stepsDefs.ProductsStepsDefs - Products page is displayed
2026-08-31 17:43:14.799 [main] INFO  c.s.stepsDefs.ProductsStepsDefs - Product catalog has 6 products
2026-08-31 17:43:14.800 [main] INFO  com.swaglabs.hooks.Hooks - Scenario 'User can see the product catalog after login' PASSED.
2026-08-31 17:43:16.653 [main] INFO  c.s.managers.AppiumDriverManager - Local driver variables cleared
2026-08-31 17:43:16.653 [main] INFO  page_objects.PageObjectHelper - Page object instances cleared
2026-08-31 17:43:16.657 [main] INFO  com.swaglabs.hooks.Hooks - ******* Scenario: User can add a product to the cart started *******
2026-08-31 17:43:16.658 [main] INFO  c.s.managers.AppiumServerManager - Appium server already running on 127.0.0.1:4723 - stopping to reuse clean state
2026-08-31 17:43:16.678 [main] INFO  c.s.managers.AppiumServerManager - Appium server stopped
2026-08-31 17:43:19.466 [main] INFO  c.s.managers.AppiumServerManager - Appium server started on http://127.0.0.1:4723
2026-08-31 17:43:19.514 [main] INFO  com.swaglabs.device.DeviceManager - Using Android device: b58c6ff4
2026-08-31 17:43:19.660 [main] INFO  c.s.managers.AppiumDriverManager - Starting Appium session: http://127.0.0.1:4723 with caps Capabilities {appium:adbExecTimeout: 20000, appium:app: C:\Users\family\Desktop\pro..., appium:appActivity: .MainActivity, appium:appPackage: com.juanforeroaxpo.saucedemo, appium:autoGrantPermissions: true, appium:automationName: UiAutomator2, appium:clearSystemFiles: true, appium:disableWindowAnimation: false, appium:newCommandTimeout: 250, appium:noSign: true, appium:udid: b58c6ff4, appium:uiautomator2ServerInstallTimeout: 20000, platformName: ANDROID}
2026-08-31 17:43:26.814 [main] INFO  c.s.utils.helper.WebdriverHelper - Screen recording started
2026-08-31 17:43:27.123 [main] INFO  c.swaglabs.stepsDefs.LoginStepsDefs - User lands on the login page
2026-08-31 17:43:33.727 [main] INFO  c.swaglabs.stepsDefs.LoginStepsDefs - Logged in as standard_user
2026-08-31 17:43:35.348 [main] INFO  c.s.stepsDefs.ProductsStepsDefs - Added product at position 0 to the cart
2026-08-31 17:43:36.261 [main] INFO  com.swaglabs.hooks.Hooks - Scenario 'User can add a product to the cart' PASSED.
2026-08-31 17:43:38.068 [main] INFO  c.s.managers.AppiumDriverManager - Local driver variables cleared
2026-08-31 17:43:38.068 [main] INFO  page_objects.PageObjectHelper - Page object instances cleared
2026-08-31 17:43:38.070 [main] INFO  com.swaglabs.hooks.Hooks - ******* Scenario: User can open a product and view its details started *******
2026-08-31 17:43:38.071 [main] INFO  c.s.managers.AppiumServerManager - Appium server already running on 127.0.0.1:4723 - stopping to reuse clean state
2026-08-31 17:43:38.094 [main] INFO  c.s.managers.AppiumServerManager - Appium server stopped
2026-08-31 17:43:40.890 [main] INFO  c.s.managers.AppiumServerManager - Appium server started on http://127.0.0.1:4723
2026-08-31 17:43:40.936 [main] INFO  com.swaglabs.device.DeviceManager - Using Android device: b58c6ff4
2026-08-31 17:43:41.079 [main] INFO  c.s.managers.AppiumDriverManager - Starting Appium session: http://127.0.0.1:4723 with caps Capabilities {appium:adbExecTimeout: 20000, appium:app: C:\Users\family\Desktop\pro..., appium:appActivity: .MainActivity, appium:appPackage: com.juanforeroaxpo.saucedemo, appium:autoGrantPermissions: true, appium:automationName: UiAutomator2, appium:clearSystemFiles: true, appium:disableWindowAnimation: false, appium:newCommandTimeout: 250, appium:noSign: true, appium:udid: b58c6ff4, appium:uiautomator2ServerInstallTimeout: 20000, platformName: ANDROID}
2026-08-31 17:43:48.307 [main] INFO  c.s.utils.helper.WebdriverHelper - Screen recording started
2026-08-31 17:43:48.645 [main] INFO  c.swaglabs.stepsDefs.LoginStepsDefs - User lands on the login page
2026-08-31 17:43:54.961 [main] INFO  c.swaglabs.stepsDefs.LoginStepsDefs - Logged in as standard_user
2026-08-31 17:43:56.682 [main] INFO  c.s.stepsDefs.ProductsStepsDefs - Tapped product at position 0
2026-08-31 17:43:56.744 [main] INFO  com.swaglabs.hooks.Hooks - Scenario 'User can open a product and view its details' FAILED. Capturing screenshot...
2026-08-31 17:43:58.734 [main] INFO  c.s.utils.helper.WebdriverHelper - Recording saved and attached to failed scenario 'User can open a product and view its details'
2026-08-31 17:43:59.454 [main] INFO  c.s.managers.AppiumDriverManager - Local driver variables cleared
2026-08-31 17:43:59.455 [main] INFO  page_objects.PageObjectHelper - Page object instances cleared
2026-08-31 17:43:59.484 [main] INFO  c.s.managers.AppiumServerManager - Appium server stopped
2026-08-31 17:43:59.484 [main] INFO  com.swaglabs.hooks.Hooks - Swag Labs automation finished.
2026-08-31 19:51:23.307 [main] INFO  c.s.managers.PropertiesManager - Loaded properties file: src/main/resources/project_properties/project_config_local.properties
2026-08-31 19:51:23.322 [main] INFO  c.s.capabilities.CapabilityManager - Loaded capabilities from C:\Users\family\Desktop\projects\swag-labs-mobile-nwdfew/src/main/resources/caps/local.json
2026-08-31 19:51:23.322 [main] INFO  com.swaglabs.hooks.Hooks - Swag Labs automation started. Platform=android, Environment=local
2026-08-31 19:51:23.506 [main] INFO  com.swaglabs.hooks.Hooks - ******* Scenario: User can add an item to the cart and verify it started *******
2026-08-31 19:51:28.377 [main] INFO  c.s.managers.AppiumServerManager - Appium server started on http://127.0.0.1:4723
2026-08-31 19:51:28.457 [main] INFO  com.swaglabs.device.DeviceManager - Using Android device: b58c6ff4
2026-08-31 19:51:28.679 [main] INFO  c.s.managers.AppiumDriverManager - Starting Appium session: http://127.0.0.1:4723 with caps Capabilities {appium:adbExecTimeout: 20000, appium:app: C:\Users\family\Desktop\pro..., appium:appActivity: .MainActivity, appium:appPackage: com.juanforeroaxpo.saucedemo, appium:autoGrantPermissions: true, appium:automationName: UiAutomator2, appium:clearSystemFiles: true, appium:disableWindowAnimation: false, appium:newCommandTimeout: 250, appium:noSign: true, appium:udid: b58c6ff4, appium:uiautomator2ServerInstallTimeout: 20000, platformName: ANDROID}
2026-08-31 19:51:40.142 [main] INFO  c.s.utils.helper.WebdriverHelper - Screen recording started
2026-08-31 19:51:41.015 [main] INFO  c.swaglabs.stepsDefs.LoginStepsDefs - User lands on the login page
2026-08-31 19:51:47.759 [main] INFO  c.swaglabs.stepsDefs.LoginStepsDefs - Logged in as standard_user
2026-08-31 19:51:49.463 [main] INFO  c.s.stepsDefs.ProductsStepsDefs - Added product at position 0 to the cart
2026-08-31 19:51:50.420 [main] INFO  c.swaglabs.stepsDefs.CartStepsDefs - Opened the cart
2026-08-31 19:51:51.126 [main] INFO  c.swaglabs.stepsDefs.CartStepsDefs - Cart page is displayed
2026-08-31 19:51:51.230 [main] INFO  c.swaglabs.stepsDefs.CartStepsDefs - Cart has 1 item(s)
2026-08-31 19:51:51.232 [main] INFO  com.swaglabs.hooks.Hooks - Scenario 'User can add an item to the cart and verify it' PASSED.
2026-08-31 19:51:53.315 [main] INFO  c.s.managers.AppiumDriverManager - Local driver variables cleared
2026-08-31 19:51:53.316 [main] INFO  page_objects.PageObjectHelper - Page object instances cleared
2026-08-31 19:51:53.329 [main] INFO  com.swaglabs.hooks.Hooks - ******* Scenario: User can remove an item from the cart started *******
2026-08-31 19:51:53.330 [main] INFO  c.s.managers.AppiumServerManager - Appium server already running on 127.0.0.1:4723 - stopping to reuse clean state
2026-08-31 19:51:53.362 [main] INFO  c.s.managers.AppiumServerManager - Appium server stopped
2026-08-31 19:51:56.184 [main] INFO  c.s.managers.AppiumServerManager - Appium server started on http://127.0.0.1:4723
2026-08-31 19:51:56.229 [main] INFO  com.swaglabs.device.DeviceManager - Using Android device: b58c6ff4
2026-08-31 19:51:56.377 [main] INFO  c.s.managers.AppiumDriverManager - Starting Appium session: http://127.0.0.1:4723 with caps Capabilities {appium:adbExecTimeout: 20000, appium:app: C:\Users\family\Desktop\pro..., appium:appActivity: .MainActivity, appium:appPackage: com.juanforeroaxpo.saucedemo, appium:autoGrantPermissions: true, appium:automationName: UiAutomator2, appium:clearSystemFiles: true, appium:disableWindowAnimation: false, appium:newCommandTimeout: 250, appium:noSign: true, appium:udid: b58c6ff4, appium:uiautomator2ServerInstallTimeout: 20000, platformName: ANDROID}
2026-08-31 19:52:03.891 [main] INFO  c.s.utils.helper.WebdriverHelper - Screen recording started
2026-08-31 19:52:04.188 [main] INFO  c.swaglabs.stepsDefs.LoginStepsDefs - User lands on the login page
2026-08-31 19:52:10.530 [main] INFO  c.swaglabs.stepsDefs.LoginStepsDefs - Logged in as standard_user
2026-08-31 19:52:12.184 [main] INFO  c.s.stepsDefs.ProductsStepsDefs - Added product at position 0 to the cart
2026-08-31 19:52:13.103 [main] INFO  c.swaglabs.stepsDefs.CartStepsDefs - Opened the cart
2026-08-31 19:52:14.406 [main] INFO  c.swaglabs.stepsDefs.CartStepsDefs - Removed cart item at position 0
2026-08-31 19:52:15.335 [main] INFO  c.swaglabs.stepsDefs.CartStepsDefs - Cart is empty
2026-08-31 19:52:15.337 [main] INFO  com.swaglabs.hooks.Hooks - Scenario 'User can remove an item from the cart' PASSED.
2026-08-31 19:52:17.281 [main] INFO  c.s.managers.AppiumDriverManager - Local driver variables cleared
2026-08-31 19:52:17.281 [main] INFO  page_objects.PageObjectHelper - Page object instances cleared
2026-08-31 19:52:17.288 [main] INFO  com.swaglabs.hooks.Hooks - ******* Scenario: User completes a full purchase started *******
2026-08-31 19:52:17.289 [main] INFO  c.s.managers.AppiumServerManager - Appium server already running on 127.0.0.1:4723 - stopping to reuse clean state
2026-08-31 19:52:17.317 [main] INFO  c.s.managers.AppiumServerManager - Appium server stopped
2026-08-31 19:52:20.108 [main] INFO  c.s.managers.AppiumServerManager - Appium server started on http://127.0.0.1:4723
2026-08-31 19:52:20.156 [main] INFO  com.swaglabs.device.DeviceManager - Using Android device: b58c6ff4
2026-08-31 19:52:20.307 [main] INFO  c.s.managers.AppiumDriverManager - Starting Appium session: http://127.0.0.1:4723 with caps Capabilities {appium:adbExecTimeout: 20000, appium:app: C:\Users\family\Desktop\pro..., appium:appActivity: .MainActivity, appium:appPackage: com.juanforeroaxpo.saucedemo, appium:autoGrantPermissions: true, appium:automationName: UiAutomator2, appium:clearSystemFiles: true, appium:disableWindowAnimation: false, appium:newCommandTimeout: 250, appium:noSign: true, appium:udid: b58c6ff4, appium:uiautomator2ServerInstallTimeout: 20000, platformName: ANDROID}
2026-08-31 19:52:27.673 [main] INFO  c.s.utils.helper.WebdriverHelper - Screen recording started
2026-08-31 19:52:27.966 [main] INFO  c.swaglabs.stepsDefs.LoginStepsDefs - User lands on the login page
2026-08-31 19:52:34.990 [main] INFO  c.swaglabs.stepsDefs.LoginStepsDefs - Logged in as standard_user
2026-08-31 19:52:36.660 [main] INFO  c.s.stepsDefs.ProductsStepsDefs - Added product at position 0 to the cart
2026-08-31 19:52:37.880 [main] INFO  c.swaglabs.stepsDefs.CartStepsDefs - Opened the cart
2026-08-31 19:52:38.932 [main] INFO  c.s.stepsDefs.CheckoutStepsDefs - Proceeded to checkout
2026-08-31 19:52:39.768 [main] INFO  c.s.stepsDefs.CheckoutStepsDefs - Checkout info page is displayed
2026-08-31 19:52:48.330 [main] INFO  c.s.stepsDefs.CheckoutStepsDefs - Entered shipping info: John Doe 12345
2026-08-31 19:52:49.205 [main] INFO  c.s.stepsDefs.CheckoutStepsDefs - Continued to overview page
2026-08-31 19:52:50.901 [main] INFO  c.s.stepsDefs.CheckoutStepsDefs - Checkout overview page is displayed
2026-08-31 19:52:51.362 [main] INFO  c.s.stepsDefs.CheckoutStepsDefs - Finished the order
2026-08-31 19:52:52.898 [main] INFO  c.s.stepsDefs.CheckoutStepsDefs - Checkout completion page is displayed
2026-08-31 19:52:53.081 [main] INFO  c.s.stepsDefs.CheckoutStepsDefs - Went back home
2026-08-31 19:52:53.082 [main] INFO  com.swaglabs.hooks.Hooks - Scenario 'User completes a full purchase' PASSED.
2026-08-31 19:52:55.093 [main] INFO  c.s.managers.AppiumDriverManager - Local driver variables cleared
2026-08-31 19:52:55.094 [main] INFO  page_objects.PageObjectHelper - Page object instances cleared
2026-08-31 19:52:55.101 [main] INFO  com.swaglabs.hooks.Hooks - ******* Scenario: Problem user completes a full purchase started *******
2026-08-31 19:52:55.102 [main] INFO  c.s.managers.AppiumServerManager - Appium server already running on 127.0.0.1:4723 - stopping to reuse clean state
2026-08-31 19:52:55.122 [main] INFO  c.s.managers.AppiumServerManager - Appium server stopped
2026-08-31 19:52:57.908 [main] INFO  c.s.managers.AppiumServerManager - Appium server started on http://127.0.0.1:4723
2026-08-31 19:52:57.959 [main] INFO  com.swaglabs.device.DeviceManager - Using Android device: b58c6ff4
2026-08-31 19:52:58.104 [main] INFO  c.s.managers.AppiumDriverManager - Starting Appium session: http://127.0.0.1:4723 with caps Capabilities {appium:adbExecTimeout: 20000, appium:app: C:\Users\family\Desktop\pro..., appium:appActivity: .MainActivity, appium:appPackage: com.juanforeroaxpo.saucedemo, appium:autoGrantPermissions: true, appium:automationName: UiAutomator2, appium:clearSystemFiles: true, appium:disableWindowAnimation: false, appium:newCommandTimeout: 250, appium:noSign: true, appium:udid: b58c6ff4, appium:uiautomator2ServerInstallTimeout: 20000, platformName: ANDROID}
2026-08-31 19:53:05.380 [main] INFO  c.s.utils.helper.WebdriverHelper - Screen recording started
2026-08-31 19:53:05.684 [main] INFO  c.swaglabs.stepsDefs.LoginStepsDefs - User lands on the login page
2026-08-31 19:53:12.027 [main] INFO  c.swaglabs.stepsDefs.LoginStepsDefs - Logged in as problem_user
2026-08-31 19:53:14.204 [main] INFO  c.s.stepsDefs.ProductsStepsDefs - Added product at position 0 to the cart
2026-08-31 19:53:15.118 [main] INFO  c.swaglabs.stepsDefs.CartStepsDefs - Opened the cart
2026-08-31 19:53:15.952 [main] INFO  c.s.stepsDefs.CheckoutStepsDefs - Proceeded to checkout
2026-08-31 19:53:16.838 [main] INFO  c.s.stepsDefs.CheckoutStepsDefs - Checkout info page is displayed
2026-08-31 19:53:25.191 [main] INFO  c.s.stepsDefs.CheckoutStepsDefs - Entered shipping info: John Doe 12345
2026-08-31 19:53:26.294 [main] INFO  c.s.stepsDefs.CheckoutStepsDefs - Continued to overview page
2026-08-31 19:53:47.404 [main] INFO  com.swaglabs.hooks.Hooks - Scenario 'Problem user completes a full purchase' FAILED. Capturing screenshot...
2026-08-31 19:53:49.218 [main] INFO  c.s.utils.helper.WebdriverHelper - Recording saved and attached to failed scenario 'Problem user completes a full purchase'
2026-08-31 19:53:49.933 [main] INFO  c.s.managers.AppiumDriverManager - Local driver variables cleared
2026-08-31 19:53:49.933 [main] INFO  page_objects.PageObjectHelper - Page object instances cleared
2026-08-31 19:53:49.944 [main] INFO  com.swaglabs.hooks.Hooks - ******* Scenario: Performance glitch user completes a full purchase started *******
2026-08-31 19:53:49.945 [main] INFO  c.s.managers.AppiumServerManager - Appium server already running on 127.0.0.1:4723 - stopping to reuse clean state
2026-08-31 19:53:49.975 [main] INFO  c.s.managers.AppiumServerManager - Appium server stopped
2026-08-31 19:53:52.769 [main] INFO  c.s.managers.AppiumServerManager - Appium server started on http://127.0.0.1:4723
2026-08-31 19:53:52.823 [main] INFO  com.swaglabs.device.DeviceManager - Using Android device: b58c6ff4
2026-08-31 19:53:52.981 [main] INFO  c.s.managers.AppiumDriverManager - Starting Appium session: http://127.0.0.1:4723 with caps Capabilities {appium:adbExecTimeout: 20000, appium:app: C:\Users\family\Desktop\pro..., appium:appActivity: .MainActivity, appium:appPackage: com.juanforeroaxpo.saucedemo, appium:autoGrantPermissions: true, appium:automationName: UiAutomator2, appium:clearSystemFiles: true, appium:disableWindowAnimation: false, appium:newCommandTimeout: 250, appium:noSign: true, appium:udid: b58c6ff4, appium:uiautomator2ServerInstallTimeout: 20000, platformName: ANDROID}
2026-08-31 19:54:00.582 [main] INFO  c.s.utils.helper.WebdriverHelper - Screen recording started
2026-08-31 19:54:00.783 [main] INFO  c.swaglabs.stepsDefs.LoginStepsDefs - User lands on the login page
2026-08-31 19:54:07.626 [main] INFO  c.swaglabs.stepsDefs.LoginStepsDefs - Logged in as performance_glitch_user
2026-08-31 19:54:13.524 [main] INFO  c.s.stepsDefs.ProductsStepsDefs - Added product at position 0 to the cart
2026-08-31 19:54:14.507 [main] INFO  c.swaglabs.stepsDefs.CartStepsDefs - Opened the cart
2026-08-31 19:54:17.767 [main] INFO  c.s.stepsDefs.CheckoutStepsDefs - Proceeded to checkout
2026-08-31 19:54:18.606 [main] INFO  c.s.stepsDefs.CheckoutStepsDefs - Checkout info page is displayed
2026-08-31 19:54:27.249 [main] INFO  c.s.stepsDefs.CheckoutStepsDefs - Entered shipping info: John Doe 12345
2026-08-31 19:54:28.109 [main] INFO  c.s.stepsDefs.CheckoutStepsDefs - Continued to overview page
2026-08-31 19:54:29.805 [main] INFO  c.s.stepsDefs.CheckoutStepsDefs - Checkout overview page is displayed
2026-08-31 19:54:30.230 [main] INFO  c.s.stepsDefs.CheckoutStepsDefs - Finished the order
2026-08-31 19:54:34.386 [main] INFO  c.s.stepsDefs.CheckoutStepsDefs - Checkout completion page is displayed
2026-08-31 19:54:34.557 [main] INFO  c.s.stepsDefs.CheckoutStepsDefs - Went back home
2026-08-31 19:54:34.558 [main] INFO  com.swaglabs.hooks.Hooks - Scenario 'Performance glitch user completes a full purchase' PASSED.
2026-08-31 19:54:36.703 [main] INFO  c.s.managers.AppiumDriverManager - Local driver variables cleared
2026-08-31 19:54:36.703 [main] INFO  page_objects.PageObjectHelper - Page object instances cleared
2026-08-31 19:54:36.708 [main] INFO  com.swaglabs.hooks.Hooks - ******* Scenario: Standard user can log in successfully started *******
2026-08-31 19:54:36.709 [main] INFO  c.s.managers.AppiumServerManager - Appium server already running on 127.0.0.1:4723 - stopping to reuse clean state
2026-08-31 19:54:36.732 [main] INFO  c.s.managers.AppiumServerManager - Appium server stopped
2026-08-31 19:54:39.548 [main] INFO  c.s.managers.AppiumServerManager - Appium server started on http://127.0.0.1:4723
2026-08-31 19:54:39.598 [main] INFO  com.swaglabs.device.DeviceManager - Using Android device: b58c6ff4
2026-08-31 19:54:39.741 [main] INFO  c.s.managers.AppiumDriverManager - Starting Appium session: http://127.0.0.1:4723 with caps Capabilities {appium:adbExecTimeout: 20000, appium:app: C:\Users\family\Desktop\pro..., appium:appActivity: .MainActivity, appium:appPackage: com.juanforeroaxpo.saucedemo, appium:autoGrantPermissions: true, appium:automationName: UiAutomator2, appium:clearSystemFiles: true, appium:disableWindowAnimation: false, appium:newCommandTimeout: 250, appium:noSign: true, appium:udid: b58c6ff4, appium:uiautomator2ServerInstallTimeout: 20000, platformName: ANDROID}
2026-08-31 19:54:47.067 [main] INFO  c.s.utils.helper.WebdriverHelper - Screen recording started
2026-08-31 19:54:47.348 [main] INFO  c.swaglabs.stepsDefs.LoginStepsDefs - User lands on the login page
2026-08-31 19:54:53.671 [main] INFO  c.swaglabs.stepsDefs.LoginStepsDefs - Logged in as standard_user
2026-08-31 19:54:55.211 [main] INFO  c.s.stepsDefs.ProductsStepsDefs - Products page is displayed
2026-08-31 19:54:55.212 [main] INFO  com.swaglabs.hooks.Hooks - Scenario 'Standard user can log in successfully' PASSED.
2026-08-31 19:54:57.157 [main] INFO  c.s.managers.AppiumDriverManager - Local driver variables cleared
2026-08-31 19:54:57.157 [main] INFO  page_objects.PageObjectHelper - Page object instances cleared
2026-08-31 19:54:57.159 [main] INFO  com.swaglabs.hooks.Hooks - ******* Scenario: Locked out user is blocked from logging in started *******
2026-08-31 19:54:57.160 [main] INFO  c.s.managers.AppiumServerManager - Appium server already running on 127.0.0.1:4723 - stopping to reuse clean state
2026-08-31 19:54:57.180 [main] INFO  c.s.managers.AppiumServerManager - Appium server stopped
2026-08-31 19:55:00.999 [main] INFO  c.s.managers.AppiumServerManager - Appium server started on http://127.0.0.1:4723
2026-08-31 19:55:01.055 [main] INFO  com.swaglabs.device.DeviceManager - Using Android device: b58c6ff4
2026-08-31 19:55:01.201 [main] INFO  c.s.managers.AppiumDriverManager - Starting Appium session: http://127.0.0.1:4723 with caps Capabilities {appium:adbExecTimeout: 20000, appium:app: C:\Users\family\Desktop\pro..., appium:appActivity: .MainActivity, appium:appPackage: com.juanforeroaxpo.saucedemo, appium:autoGrantPermissions: true, appium:automationName: UiAutomator2, appium:clearSystemFiles: true, appium:disableWindowAnimation: false, appium:newCommandTimeout: 250, appium:noSign: true, appium:udid: b58c6ff4, appium:uiautomator2ServerInstallTimeout: 20000, platformName: ANDROID}
2026-08-31 19:55:08.572 [main] INFO  c.s.utils.helper.WebdriverHelper - Screen recording started
2026-08-31 19:55:08.893 [main] INFO  c.swaglabs.stepsDefs.LoginStepsDefs - User lands on the login page
2026-08-31 19:55:15.188 [main] INFO  c.swaglabs.stepsDefs.LoginStepsDefs - Logged in as locked_out_user
2026-08-31 19:55:27.044 [main] INFO  com.swaglabs.hooks.Hooks - Scenario 'Locked out user is blocked from logging in' FAILED. Capturing screenshot...
2026-08-31 19:55:28.696 [main] INFO  c.s.utils.helper.WebdriverHelper - Recording saved and attached to failed scenario 'Locked out user is blocked from logging in'
2026-08-31 19:55:29.511 [main] INFO  c.s.managers.AppiumDriverManager - Local driver variables cleared
2026-08-31 19:55:29.511 [main] INFO  page_objects.PageObjectHelper - Page object instances cleared
2026-08-31 19:55:29.522 [main] INFO  com.swaglabs.hooks.Hooks - ******* Scenario: User can see the product catalog after login started *******
2026-08-31 19:55:29.523 [main] INFO  c.s.managers.AppiumServerManager - Appium server already running on 127.0.0.1:4723 - stopping to reuse clean state
2026-08-31 19:55:29.546 [main] INFO  c.s.managers.AppiumServerManager - Appium server stopped
2026-08-31 19:55:32.320 [main] INFO  c.s.managers.AppiumServerManager - Appium server started on http://127.0.0.1:4723
2026-08-31 19:55:32.366 [main] INFO  com.swaglabs.device.DeviceManager - Using Android device: b58c6ff4
2026-08-31 19:55:32.512 [main] INFO  c.s.managers.AppiumDriverManager - Starting Appium session: http://127.0.0.1:4723 with caps Capabilities {appium:adbExecTimeout: 20000, appium:app: C:\Users\family\Desktop\pro..., appium:appActivity: .MainActivity, appium:appPackage: com.juanforeroaxpo.saucedemo, appium:autoGrantPermissions: true, appium:automationName: UiAutomator2, appium:clearSystemFiles: true, appium:disableWindowAnimation: false, appium:newCommandTimeout: 250, appium:noSign: true, appium:udid: b58c6ff4, appium:uiautomator2ServerInstallTimeout: 20000, platformName: ANDROID}
2026-08-31 19:55:39.923 [main] INFO  c.s.utils.helper.WebdriverHelper - Screen recording started
2026-08-31 19:55:40.233 [main] INFO  c.swaglabs.stepsDefs.LoginStepsDefs - User lands on the login page
2026-08-31 19:55:47.264 [main] INFO  c.swaglabs.stepsDefs.LoginStepsDefs - Logged in as standard_user
2026-08-31 19:55:48.836 [main] INFO  c.s.stepsDefs.ProductsStepsDefs - Products page is displayed
2026-08-31 19:55:48.962 [main] INFO  c.s.stepsDefs.ProductsStepsDefs - Product catalog has 6 products
2026-08-31 19:55:48.963 [main] INFO  com.swaglabs.hooks.Hooks - Scenario 'User can see the product catalog after login' PASSED.
2026-08-31 19:55:50.847 [main] INFO  c.s.managers.AppiumDriverManager - Local driver variables cleared
2026-08-31 19:55:50.847 [main] INFO  page_objects.PageObjectHelper - Page object instances cleared
2026-08-31 19:55:50.859 [main] INFO  com.swaglabs.hooks.Hooks - ******* Scenario: User can add a product to the cart started *******
2026-08-31 19:55:50.860 [main] INFO  c.s.managers.AppiumServerManager - Appium server already running on 127.0.0.1:4723 - stopping to reuse clean state
2026-08-31 19:55:50.882 [main] INFO  c.s.managers.AppiumServerManager - Appium server stopped
2026-08-31 19:55:53.625 [main] INFO  c.s.managers.AppiumServerManager - Appium server started on http://127.0.0.1:4723
2026-08-31 19:55:53.669 [main] INFO  com.swaglabs.device.DeviceManager - Using Android device: b58c6ff4
2026-08-31 19:55:53.816 [main] INFO  c.s.managers.AppiumDriverManager - Starting Appium session: http://127.0.0.1:4723 with caps Capabilities {appium:adbExecTimeout: 20000, appium:app: C:\Users\family\Desktop\pro..., appium:appActivity: .MainActivity, appium:appPackage: com.juanforeroaxpo.saucedemo, appium:autoGrantPermissions: true, appium:automationName: UiAutomator2, appium:clearSystemFiles: true, appium:disableWindowAnimation: false, appium:newCommandTimeout: 250, appium:noSign: true, appium:udid: b58c6ff4, appium:uiautomator2ServerInstallTimeout: 20000, platformName: ANDROID}
2026-08-31 19:56:01.192 [main] INFO  c.s.utils.helper.WebdriverHelper - Screen recording started
2026-08-31 19:56:01.535 [main] INFO  c.swaglabs.stepsDefs.LoginStepsDefs - User lands on the login page
2026-08-31 19:56:08.433 [main] INFO  c.swaglabs.stepsDefs.LoginStepsDefs - Logged in as standard_user
2026-08-31 19:56:10.085 [main] INFO  c.s.stepsDefs.ProductsStepsDefs - Added product at position 0 to the cart
2026-08-31 19:56:10.997 [main] INFO  com.swaglabs.hooks.Hooks - Scenario 'User can add a product to the cart' PASSED.
2026-08-31 19:56:12.863 [main] INFO  c.s.managers.AppiumDriverManager - Local driver variables cleared
2026-08-31 19:56:12.863 [main] INFO  page_objects.PageObjectHelper - Page object instances cleared
2026-08-31 19:56:12.866 [main] INFO  com.swaglabs.hooks.Hooks - ******* Scenario: User can open a product and view its details started *******
2026-08-31 19:56:12.867 [main] INFO  c.s.managers.AppiumServerManager - Appium server already running on 127.0.0.1:4723 - stopping to reuse clean state
2026-08-31 19:56:12.888 [main] INFO  c.s.managers.AppiumServerManager - Appium server stopped
2026-08-31 19:56:15.637 [main] INFO  c.s.managers.AppiumServerManager - Appium server started on http://127.0.0.1:4723
2026-08-31 19:56:15.684 [main] INFO  com.swaglabs.device.DeviceManager - Using Android device: b58c6ff4
2026-08-31 19:56:15.826 [main] INFO  c.s.managers.AppiumDriverManager - Starting Appium session: http://127.0.0.1:4723 with caps Capabilities {appium:adbExecTimeout: 20000, appium:app: C:\Users\family\Desktop\pro..., appium:appActivity: .MainActivity, appium:appPackage: com.juanforeroaxpo.saucedemo, appium:autoGrantPermissions: true, appium:automationName: UiAutomator2, appium:clearSystemFiles: true, appium:disableWindowAnimation: false, appium:newCommandTimeout: 250, appium:noSign: true, appium:udid: b58c6ff4, appium:uiautomator2ServerInstallTimeout: 20000, platformName: ANDROID}
2026-08-31 19:56:23.151 [main] INFO  c.s.utils.helper.WebdriverHelper - Screen recording started
2026-08-31 19:56:23.426 [main] INFO  c.swaglabs.stepsDefs.LoginStepsDefs - User lands on the login page
2026-08-31 19:56:29.666 [main] INFO  c.swaglabs.stepsDefs.LoginStepsDefs - Logged in as standard_user
2026-08-31 19:56:31.306 [main] INFO  c.s.stepsDefs.ProductsStepsDefs - Tapped product at position 0
2026-08-31 19:56:31.993 [main] INFO  com.swaglabs.hooks.Hooks - Scenario 'User can open a product and view its details' FAILED. Capturing screenshot...
2026-08-31 19:56:33.822 [main] INFO  c.s.utils.helper.WebdriverHelper - Recording saved and attached to failed scenario 'User can open a product and view its details'
2026-08-31 19:56:34.598 [main] INFO  c.s.managers.AppiumDriverManager - Local driver variables cleared
2026-08-31 19:56:34.598 [main] INFO  page_objects.PageObjectHelper - Page object instances cleared
2026-08-31 19:56:34.623 [main] INFO  c.s.managers.AppiumServerManager - Appium server stopped
2026-08-31 19:56:34.623 [main] INFO  com.swaglabs.hooks.Hooks - Swag Labs automation finished.
2026-08-31 21:49:31.785 [main] INFO  c.s.managers.PropertiesManager - Loaded properties file: src/main/resources/project_properties/project_config_local.properties
2026-08-31 21:49:31.799 [main] INFO  c.s.capabilities.CapabilityManager - Loaded capabilities from C:\Users\family\Desktop\projects\swag-labs-mobile-nwdfew/src/main/resources/caps/local.json
2026-08-31 21:49:31.799 [main] INFO  com.swaglabs.hooks.Hooks - Swag Labs automation started. Platform=android, Environment=local
2026-08-31 21:49:31.988 [main] INFO  com.swaglabs.hooks.Hooks - ******* Scenario: User can add an item to the cart and verify it started *******
2026-08-31 21:49:38.368 [main] INFO  c.s.managers.AppiumServerManager - Appium server started on http://127.0.0.1:4723
2026-08-31 21:49:38.447 [main] INFO  com.swaglabs.device.DeviceManager - Using Android device: b58c6ff4
2026-08-31 21:49:38.604 [main] INFO  c.s.managers.AppiumDriverManager - Starting Appium session: http://127.0.0.1:4723 with caps Capabilities {appium:adbExecTimeout: 20000, appium:app: C:\Users\family\Desktop\pro..., appium:appActivity: .MainActivity, appium:appPackage: com.juanforeroaxpo.saucedemo, appium:autoGrantPermissions: true, appium:automationName: UiAutomator2, appium:clearSystemFiles: true, appium:disableWindowAnimation: false, appium:newCommandTimeout: 250, appium:noSign: true, appium:udid: b58c6ff4, appium:uiautomator2ServerInstallTimeout: 20000, platformName: ANDROID}
2026-08-31 21:49:47.021 [main] INFO  c.s.utils.helper.WebdriverHelper - Screen recording started
2026-08-31 21:49:47.770 [main] INFO  c.swaglabs.stepsDefs.LoginStepsDefs - User lands on the login page
2026-08-31 21:49:54.127 [main] INFO  c.swaglabs.stepsDefs.LoginStepsDefs - Logged in as standard_user
2026-08-31 21:49:55.798 [main] INFO  c.s.stepsDefs.ProductsStepsDefs - Added product at position 0 to the cart
2026-08-31 21:49:56.749 [main] INFO  c.swaglabs.stepsDefs.CartStepsDefs - Opened the cart
2026-08-31 21:49:57.419 [main] INFO  c.swaglabs.stepsDefs.CartStepsDefs - Cart page is displayed
2026-08-31 21:49:57.513 [main] INFO  c.swaglabs.stepsDefs.CartStepsDefs - Cart has 1 item(s)
2026-08-31 21:49:57.514 [main] INFO  com.swaglabs.hooks.Hooks - Scenario 'User can add an item to the cart and verify it' PASSED.
2026-08-31 21:49:59.465 [main] INFO  c.s.managers.AppiumDriverManager - Local driver variables cleared
2026-08-31 21:49:59.466 [main] INFO  page_objects.PageObjectHelper - Page object instances cleared
2026-08-31 21:49:59.474 [main] INFO  com.swaglabs.hooks.Hooks - ******* Scenario: User can remove an item from the cart started *******
2026-08-31 21:49:59.475 [main] INFO  c.s.managers.AppiumServerManager - Appium server already running on 127.0.0.1:4723 - stopping to reuse clean state
2026-08-31 21:49:59.498 [main] INFO  c.s.managers.AppiumServerManager - Appium server stopped
2026-08-31 21:50:03.343 [main] INFO  c.s.managers.AppiumServerManager - Appium server started on http://127.0.0.1:4723
2026-08-31 21:50:03.393 [main] INFO  com.swaglabs.device.DeviceManager - Using Android device: b58c6ff4
2026-08-31 21:50:03.537 [main] INFO  c.s.managers.AppiumDriverManager - Starting Appium session: http://127.0.0.1:4723 with caps Capabilities {appium:adbExecTimeout: 20000, appium:app: C:\Users\family\Desktop\pro..., appium:appActivity: .MainActivity, appium:appPackage: com.juanforeroaxpo.saucedemo, appium:autoGrantPermissions: true, appium:automationName: UiAutomator2, appium:clearSystemFiles: true, appium:disableWindowAnimation: false, appium:newCommandTimeout: 250, appium:noSign: true, appium:udid: b58c6ff4, appium:uiautomator2ServerInstallTimeout: 20000, platformName: ANDROID}
2026-08-31 21:50:10.718 [main] INFO  c.s.utils.helper.WebdriverHelper - Screen recording started
2026-08-31 21:50:11.010 [main] INFO  c.swaglabs.stepsDefs.LoginStepsDefs - User lands on the login page
2026-08-31 21:50:17.299 [main] INFO  c.swaglabs.stepsDefs.LoginStepsDefs - Logged in as standard_user
2026-08-31 21:50:18.970 [main] INFO  c.s.stepsDefs.ProductsStepsDefs - Added product at position 0 to the cart
2026-08-31 21:50:19.870 [main] INFO  c.swaglabs.stepsDefs.CartStepsDefs - Opened the cart
2026-08-31 21:50:21.359 [main] INFO  c.swaglabs.stepsDefs.CartStepsDefs - Removed cart item at position 0
2026-08-31 21:50:22.413 [main] INFO  c.swaglabs.stepsDefs.CartStepsDefs - Cart is empty
2026-08-31 21:50:22.414 [main] INFO  com.swaglabs.hooks.Hooks - Scenario 'User can remove an item from the cart' PASSED.
2026-08-31 21:50:24.280 [main] INFO  c.s.managers.AppiumDriverManager - Local driver variables cleared
2026-08-31 21:50:24.280 [main] INFO  page_objects.PageObjectHelper - Page object instances cleared
2026-08-31 21:50:24.288 [main] INFO  com.swaglabs.hooks.Hooks - ******* Scenario: User completes a full purchase started *******
2026-08-31 21:50:24.288 [main] INFO  c.s.managers.AppiumServerManager - Appium server already running on 127.0.0.1:4723 - stopping to reuse clean state
2026-08-31 21:50:24.311 [main] INFO  c.s.managers.AppiumServerManager - Appium server stopped
2026-08-31 21:50:27.077 [main] INFO  c.s.managers.AppiumServerManager - Appium server started on http://127.0.0.1:4723
2026-08-31 21:50:27.122 [main] INFO  com.swaglabs.device.DeviceManager - Using Android device: b58c6ff4
2026-08-31 21:50:27.270 [main] INFO  c.s.managers.AppiumDriverManager - Starting Appium session: http://127.0.0.1:4723 with caps Capabilities {appium:adbExecTimeout: 20000, appium:app: C:\Users\family\Desktop\pro..., appium:appActivity: .MainActivity, appium:appPackage: com.juanforeroaxpo.saucedemo, appium:autoGrantPermissions: true, appium:automationName: UiAutomator2, appium:clearSystemFiles: true, appium:disableWindowAnimation: false, appium:newCommandTimeout: 250, appium:noSign: true, appium:udid: b58c6ff4, appium:uiautomator2ServerInstallTimeout: 20000, platformName: ANDROID}
2026-08-31 21:50:34.395 [main] INFO  c.s.utils.helper.WebdriverHelper - Screen recording started
2026-08-31 21:50:34.727 [main] INFO  c.swaglabs.stepsDefs.LoginStepsDefs - User lands on the login page
2026-08-31 21:50:41.056 [main] INFO  c.swaglabs.stepsDefs.LoginStepsDefs - Logged in as standard_user
2026-08-31 21:50:42.692 [main] INFO  c.s.stepsDefs.ProductsStepsDefs - Added product at position 0 to the cart
2026-08-31 21:50:43.595 [main] INFO  c.swaglabs.stepsDefs.CartStepsDefs - Opened the cart
2026-08-31 21:50:44.631 [main] INFO  c.s.stepsDefs.CheckoutStepsDefs - Proceeded to checkout
2026-08-31 21:50:45.469 [main] INFO  c.s.stepsDefs.CheckoutStepsDefs - Checkout info page is displayed
2026-08-31 21:50:54.010 [main] INFO  c.s.stepsDefs.CheckoutStepsDefs - Entered shipping info: John Doe 12345
2026-08-31 21:50:54.888 [main] INFO  c.s.stepsDefs.CheckoutStepsDefs - Continued to overview page
2026-08-31 21:50:56.718 [main] INFO  c.s.stepsDefs.CheckoutStepsDefs - Checkout overview page is displayed
2026-08-31 21:50:57.510 [main] INFO  c.s.stepsDefs.CheckoutStepsDefs - Finished the order
2026-08-31 21:50:58.582 [main] INFO  c.s.stepsDefs.CheckoutStepsDefs - Checkout completion page is displayed
2026-08-31 21:50:58.765 [main] INFO  c.s.stepsDefs.CheckoutStepsDefs - Went back home
2026-08-31 21:50:58.765 [main] INFO  com.swaglabs.hooks.Hooks - Scenario 'User completes a full purchase' PASSED.
2026-08-31 21:51:00.758 [main] INFO  c.s.managers.AppiumDriverManager - Local driver variables cleared
2026-08-31 21:51:00.759 [main] INFO  page_objects.PageObjectHelper - Page object instances cleared
2026-08-31 21:51:00.764 [main] INFO  com.swaglabs.hooks.Hooks - ******* Scenario: Problem user cannot complete the purchase (last name is not retained) started *******
2026-08-31 21:51:00.764 [main] INFO  c.s.managers.AppiumServerManager - Appium server already running on 127.0.0.1:4723 - stopping to reuse clean state
2026-08-31 21:51:00.795 [main] INFO  c.s.managers.AppiumServerManager - Appium server stopped
2026-08-31 21:51:03.554 [main] INFO  c.s.managers.AppiumServerManager - Appium server started on http://127.0.0.1:4723
2026-08-31 21:51:03.601 [main] INFO  com.swaglabs.device.DeviceManager - Using Android device: b58c6ff4
2026-08-31 21:51:03.745 [main] INFO  c.s.managers.AppiumDriverManager - Starting Appium session: http://127.0.0.1:4723 with caps Capabilities {appium:adbExecTimeout: 20000, appium:app: C:\Users\family\Desktop\pro..., appium:appActivity: .MainActivity, appium:appPackage: com.juanforeroaxpo.saucedemo, appium:autoGrantPermissions: true, appium:automationName: UiAutomator2, appium:clearSystemFiles: true, appium:disableWindowAnimation: false, appium:newCommandTimeout: 250, appium:noSign: true, appium:udid: b58c6ff4, appium:uiautomator2ServerInstallTimeout: 20000, platformName: ANDROID}
2026-08-31 21:51:11.086 [main] INFO  c.s.utils.helper.WebdriverHelper - Screen recording started
2026-08-31 21:51:11.394 [main] INFO  c.swaglabs.stepsDefs.LoginStepsDefs - User lands on the login page
2026-08-31 21:51:17.745 [main] INFO  c.swaglabs.stepsDefs.LoginStepsDefs - Logged in as problem_user
2026-08-31 21:51:19.397 [main] INFO  c.s.stepsDefs.ProductsStepsDefs - Added product at position 0 to the cart
2026-08-31 21:51:20.321 [main] INFO  c.swaglabs.stepsDefs.CartStepsDefs - Opened the cart
2026-08-31 21:51:21.634 [main] INFO  c.s.stepsDefs.CheckoutStepsDefs - Proceeded to checkout
2026-08-31 21:51:22.539 [main] INFO  c.s.stepsDefs.CheckoutStepsDefs - Checkout info page is displayed
2026-08-31 21:51:31.324 [main] INFO  c.s.stepsDefs.CheckoutStepsDefs - Entered shipping info: John Doe 12345
2026-08-31 21:51:32.929 [main] INFO  c.s.stepsDefs.CheckoutStepsDefs - Continued to overview page
2026-08-31 21:51:43.847 [main] INFO  com.swaglabs.hooks.Hooks - Scenario 'Problem user cannot complete the purchase (last name is not retained)' FAILED. Capturing screenshot...
2026-08-31 21:51:45.709 [main] INFO  c.s.utils.helper.WebdriverHelper - Recording saved and attached to failed scenario 'Problem user cannot complete the purchase (last name is not retained)'
2026-08-31 21:51:46.483 [main] INFO  c.s.managers.AppiumDriverManager - Local driver variables cleared
2026-08-31 21:51:46.483 [main] INFO  page_objects.PageObjectHelper - Page object instances cleared
2026-08-31 21:51:46.493 [main] INFO  com.swaglabs.hooks.Hooks - ******* Scenario: Performance glitch user completes a full purchase started *******
2026-08-31 21:51:46.493 [main] INFO  c.s.managers.AppiumServerManager - Appium server already running on 127.0.0.1:4723 - stopping to reuse clean state
2026-08-31 21:51:46.522 [main] INFO  c.s.managers.AppiumServerManager - Appium server stopped
2026-08-31 21:51:49.297 [main] INFO  c.s.managers.AppiumServerManager - Appium server started on http://127.0.0.1:4723
2026-08-31 21:51:49.344 [main] INFO  com.swaglabs.device.DeviceManager - Using Android device: b58c6ff4
2026-08-31 21:51:49.495 [main] INFO  c.s.managers.AppiumDriverManager - Starting Appium session: http://127.0.0.1:4723 with caps Capabilities {appium:adbExecTimeout: 20000, appium:app: C:\Users\family\Desktop\pro..., appium:appActivity: .MainActivity, appium:appPackage: com.juanforeroaxpo.saucedemo, appium:autoGrantPermissions: true, appium:automationName: UiAutomator2, appium:clearSystemFiles: true, appium:disableWindowAnimation: false, appium:newCommandTimeout: 250, appium:noSign: true, appium:udid: b58c6ff4, appium:uiautomator2ServerInstallTimeout: 20000, platformName: ANDROID}
2026-08-31 21:51:56.814 [main] INFO  c.s.utils.helper.WebdriverHelper - Screen recording started
2026-08-31 21:51:57.173 [main] INFO  c.swaglabs.stepsDefs.LoginStepsDefs - User lands on the login page
2026-08-31 21:52:04.003 [main] INFO  c.swaglabs.stepsDefs.LoginStepsDefs - Logged in as performance_glitch_user
2026-08-31 21:52:10.085 [main] INFO  c.s.stepsDefs.ProductsStepsDefs - Added product at position 0 to the cart
2026-08-31 21:52:10.792 [main] INFO  c.swaglabs.stepsDefs.CartStepsDefs - Opened the cart
2026-08-31 21:52:15.019 [main] INFO  c.s.stepsDefs.CheckoutStepsDefs - Proceeded to checkout
2026-08-31 21:52:16.081 [main] INFO  c.s.stepsDefs.CheckoutStepsDefs - Checkout info page is displayed
2026-08-31 21:52:24.477 [main] INFO  c.s.stepsDefs.CheckoutStepsDefs - Entered shipping info: John Doe 12345
2026-08-31 21:52:25.338 [main] INFO  c.s.stepsDefs.CheckoutStepsDefs - Continued to overview page
2026-08-31 21:52:27.051 [main] INFO  c.s.stepsDefs.CheckoutStepsDefs - Checkout overview page is displayed
2026-08-31 21:52:27.458 [main] INFO  c.s.stepsDefs.CheckoutStepsDefs - Finished the order
2026-08-31 21:52:32.735 [main] INFO  c.s.stepsDefs.CheckoutStepsDefs - Checkout completion page is displayed
2026-08-31 21:52:32.905 [main] INFO  c.s.stepsDefs.CheckoutStepsDefs - Went back home
2026-08-31 21:52:32.906 [main] INFO  com.swaglabs.hooks.Hooks - Scenario 'Performance glitch user completes a full purchase' PASSED.
2026-08-31 21:52:34.952 [main] INFO  c.s.managers.AppiumDriverManager - Local driver variables cleared
2026-08-31 21:52:34.952 [main] INFO  page_objects.PageObjectHelper - Page object instances cleared
2026-08-31 21:52:34.958 [main] INFO  com.swaglabs.hooks.Hooks - ******* Scenario: Standard user can log in successfully started *******
2026-08-31 21:52:34.958 [main] INFO  c.s.managers.AppiumServerManager - Appium server already running on 127.0.0.1:4723 - stopping to reuse clean state
2026-08-31 21:52:34.982 [main] INFO  c.s.managers.AppiumServerManager - Appium server stopped
2026-08-31 21:52:37.730 [main] INFO  c.s.managers.AppiumServerManager - Appium server started on http://127.0.0.1:4723
2026-08-31 21:52:37.776 [main] INFO  com.swaglabs.device.DeviceManager - Using Android device: b58c6ff4
2026-08-31 21:52:37.930 [main] INFO  c.s.managers.AppiumDriverManager - Starting Appium session: http://127.0.0.1:4723 with caps Capabilities {appium:adbExecTimeout: 20000, appium:app: C:\Users\family\Desktop\pro..., appium:appActivity: .MainActivity, appium:appPackage: com.juanforeroaxpo.saucedemo, appium:autoGrantPermissions: true, appium:automationName: UiAutomator2, appium:clearSystemFiles: true, appium:disableWindowAnimation: false, appium:newCommandTimeout: 250, appium:noSign: true, appium:udid: b58c6ff4, appium:uiautomator2ServerInstallTimeout: 20000, platformName: ANDROID}
2026-08-31 21:52:45.192 [main] INFO  c.s.utils.helper.WebdriverHelper - Screen recording started
2026-08-31 21:52:45.517 [main] INFO  c.swaglabs.stepsDefs.LoginStepsDefs - User lands on the login page
2026-08-31 21:52:52.304 [main] INFO  c.swaglabs.stepsDefs.LoginStepsDefs - Logged in as standard_user
2026-08-31 21:52:54.331 [main] INFO  c.s.stepsDefs.ProductsStepsDefs - Products page is displayed
2026-08-31 21:52:54.331 [main] INFO  com.swaglabs.hooks.Hooks - Scenario 'Standard user can log in successfully' PASSED.
2026-08-31 21:52:56.156 [main] INFO  c.s.managers.AppiumDriverManager - Local driver variables cleared
2026-08-31 21:52:56.156 [main] INFO  page_objects.PageObjectHelper - Page object instances cleared
2026-08-31 21:52:56.158 [main] INFO  com.swaglabs.hooks.Hooks - ******* Scenario: Locked out user is blocked from logging in started *******
2026-08-31 21:52:56.159 [main] INFO  c.s.managers.AppiumServerManager - Appium server already running on 127.0.0.1:4723 - stopping to reuse clean state
2026-08-31 21:52:56.183 [main] INFO  c.s.managers.AppiumServerManager - Appium server stopped
2026-08-31 21:52:58.939 [main] INFO  c.s.managers.AppiumServerManager - Appium server started on http://127.0.0.1:4723
2026-08-31 21:52:58.987 [main] INFO  com.swaglabs.device.DeviceManager - Using Android device: b58c6ff4
2026-08-31 21:52:59.132 [main] INFO  c.s.managers.AppiumDriverManager - Starting Appium session: http://127.0.0.1:4723 with caps Capabilities {appium:adbExecTimeout: 20000, appium:app: C:\Users\family\Desktop\pro..., appium:appActivity: .MainActivity, appium:appPackage: com.juanforeroaxpo.saucedemo, appium:autoGrantPermissions: true, appium:automationName: UiAutomator2, appium:clearSystemFiles: true, appium:disableWindowAnimation: false, appium:newCommandTimeout: 250, appium:noSign: true, appium:udid: b58c6ff4, appium:uiautomator2ServerInstallTimeout: 20000, platformName: ANDROID}
2026-08-31 21:53:06.295 [main] INFO  c.s.utils.helper.WebdriverHelper - Screen recording started
2026-08-31 21:53:06.625 [main] INFO  c.swaglabs.stepsDefs.LoginStepsDefs - User lands on the login page
2026-08-31 21:53:13.386 [main] INFO  c.swaglabs.stepsDefs.LoginStepsDefs - Logged in as locked_out_user
2026-08-31 21:53:24.741 [main] INFO  com.swaglabs.hooks.Hooks - Scenario 'Locked out user is blocked from logging in' FAILED. Capturing screenshot...
2026-08-31 21:53:26.433 [main] INFO  c.s.utils.helper.WebdriverHelper - Recording saved and attached to failed scenario 'Locked out user is blocked from logging in'
2026-08-31 21:53:27.206 [main] INFO  c.s.managers.AppiumDriverManager - Local driver variables cleared
2026-08-31 21:53:27.206 [main] INFO  page_objects.PageObjectHelper - Page object instances cleared
2026-08-31 21:53:27.219 [main] INFO  com.swaglabs.hooks.Hooks - ******* Scenario: User can see the product catalog after login started *******
2026-08-31 21:53:27.219 [main] INFO  c.s.managers.AppiumServerManager - Appium server already running on 127.0.0.1:4723 - stopping to reuse clean state
2026-08-31 21:53:27.243 [main] INFO  c.s.managers.AppiumServerManager - Appium server stopped
2026-08-31 21:53:29.982 [main] INFO  c.s.managers.AppiumServerManager - Appium server started on http://127.0.0.1:4723
2026-08-31 21:53:30.031 [main] INFO  com.swaglabs.device.DeviceManager - Using Android device: b58c6ff4
2026-08-31 21:53:30.175 [main] INFO  c.s.managers.AppiumDriverManager - Starting Appium session: http://127.0.0.1:4723 with caps Capabilities {appium:adbExecTimeout: 20000, appium:app: C:\Users\family\Desktop\pro..., appium:appActivity: .MainActivity, appium:appPackage: com.juanforeroaxpo.saucedemo, appium:autoGrantPermissions: true, appium:automationName: UiAutomator2, appium:clearSystemFiles: true, appium:disableWindowAnimation: false, appium:newCommandTimeout: 250, appium:noSign: true, appium:udid: b58c6ff4, appium:uiautomator2ServerInstallTimeout: 20000, platformName: ANDROID}
2026-08-31 21:53:37.435 [main] INFO  c.s.utils.helper.WebdriverHelper - Screen recording started
2026-08-31 21:53:37.763 [main] INFO  c.swaglabs.stepsDefs.LoginStepsDefs - User lands on the login page
2026-08-31 21:53:44.226 [main] INFO  c.swaglabs.stepsDefs.LoginStepsDefs - Logged in as standard_user
2026-08-31 21:53:45.733 [main] INFO  c.s.stepsDefs.ProductsStepsDefs - Products page is displayed
2026-08-31 21:53:45.874 [main] INFO  c.s.stepsDefs.ProductsStepsDefs - Product catalog has 6 products
2026-08-31 21:53:45.875 [main] INFO  com.swaglabs.hooks.Hooks - Scenario 'User can see the product catalog after login' PASSED.
2026-08-31 21:53:47.664 [main] INFO  c.s.managers.AppiumDriverManager - Local driver variables cleared
2026-08-31 21:53:47.664 [main] INFO  page_objects.PageObjectHelper - Page object instances cleared
2026-08-31 21:53:47.667 [main] INFO  com.swaglabs.hooks.Hooks - ******* Scenario: User can add a product to the cart started *******
2026-08-31 21:53:47.667 [main] INFO  c.s.managers.AppiumServerManager - Appium server already running on 127.0.0.1:4723 - stopping to reuse clean state
2026-08-31 21:53:47.694 [main] INFO  c.s.managers.AppiumServerManager - Appium server stopped
2026-08-31 21:53:50.467 [main] INFO  c.s.managers.AppiumServerManager - Appium server started on http://127.0.0.1:4723
2026-08-31 21:53:50.512 [main] INFO  com.swaglabs.device.DeviceManager - Using Android device: b58c6ff4
2026-08-31 21:53:50.659 [main] INFO  c.s.managers.AppiumDriverManager - Starting Appium session: http://127.0.0.1:4723 with caps Capabilities {appium:adbExecTimeout: 20000, appium:app: C:\Users\family\Desktop\pro..., appium:appActivity: .MainActivity, appium:appPackage: com.juanforeroaxpo.saucedemo, appium:autoGrantPermissions: true, appium:automationName: UiAutomator2, appium:clearSystemFiles: true, appium:disableWindowAnimation: false, appium:newCommandTimeout: 250, appium:noSign: true, appium:udid: b58c6ff4, appium:uiautomator2ServerInstallTimeout: 20000, platformName: ANDROID}
2026-08-31 21:53:57.979 [main] INFO  c.s.utils.helper.WebdriverHelper - Screen recording started
2026-08-31 21:53:58.313 [main] INFO  c.swaglabs.stepsDefs.LoginStepsDefs - User lands on the login page
2026-08-31 21:54:04.793 [main] INFO  c.swaglabs.stepsDefs.LoginStepsDefs - Logged in as standard_user
2026-08-31 21:54:06.464 [main] INFO  c.s.stepsDefs.ProductsStepsDefs - Added product at position 0 to the cart
2026-08-31 21:54:07.701 [main] INFO  com.swaglabs.hooks.Hooks - Scenario 'User can add a product to the cart' PASSED.
2026-08-31 21:54:09.474 [main] INFO  c.s.managers.AppiumDriverManager - Local driver variables cleared
2026-08-31 21:54:09.474 [main] INFO  page_objects.PageObjectHelper - Page object instances cleared
2026-08-31 21:54:09.476 [main] INFO  com.swaglabs.hooks.Hooks - ******* Scenario: User can open a product and view its details started *******
2026-08-31 21:54:09.477 [main] INFO  c.s.managers.AppiumServerManager - Appium server already running on 127.0.0.1:4723 - stopping to reuse clean state
2026-08-31 21:54:09.501 [main] INFO  c.s.managers.AppiumServerManager - Appium server stopped
2026-08-31 21:54:12.276 [main] INFO  c.s.managers.AppiumServerManager - Appium server started on http://127.0.0.1:4723
2026-08-31 21:54:12.323 [main] INFO  com.swaglabs.device.DeviceManager - Using Android device: b58c6ff4
2026-08-31 21:54:12.468 [main] INFO  c.s.managers.AppiumDriverManager - Starting Appium session: http://127.0.0.1:4723 with caps Capabilities {appium:adbExecTimeout: 20000, appium:app: C:\Users\family\Desktop\pro..., appium:appActivity: .MainActivity, appium:appPackage: com.juanforeroaxpo.saucedemo, appium:autoGrantPermissions: true, appium:automationName: UiAutomator2, appium:clearSystemFiles: true, appium:disableWindowAnimation: false, appium:newCommandTimeout: 250, appium:noSign: true, appium:udid: b58c6ff4, appium:uiautomator2ServerInstallTimeout: 20000, platformName: ANDROID}
2026-08-31 21:54:19.704 [main] INFO  c.s.utils.helper.WebdriverHelper - Screen recording started
2026-08-31 21:54:20.032 [main] INFO  c.swaglabs.stepsDefs.LoginStepsDefs - User lands on the login page
2026-08-31 21:54:26.661 [main] INFO  c.swaglabs.stepsDefs.LoginStepsDefs - Logged in as standard_user
2026-08-31 21:54:28.315 [main] INFO  c.s.stepsDefs.ProductsStepsDefs - Tapped product at position 0
2026-08-31 21:54:29.165 [main] INFO  c.s.stepsDefs.ProductsStepsDefs - Product detail page is displayed
2026-08-31 21:54:29.275 [main] INFO  c.s.stepsDefs.ProductsStepsDefs - Product title: Sauce Labs Backpack
2026-08-31 21:54:29.276 [main] INFO  com.swaglabs.hooks.Hooks - Scenario 'User can open a product and view its details' PASSED.
2026-08-31 21:54:31.118 [main] INFO  c.s.managers.AppiumDriverManager - Local driver variables cleared
2026-08-31 21:54:31.119 [main] INFO  page_objects.PageObjectHelper - Page object instances cleared
2026-08-31 21:54:31.144 [main] INFO  c.s.managers.AppiumServerManager - Appium server stopped
2026-08-31 21:54:31.144 [main] INFO  com.swaglabs.hooks.Hooks - Swag Labs automation finished.
2026-08-31 21:56:26.706 [main] INFO  c.s.managers.PropertiesManager - Loaded properties file: src/main/resources/project_properties/project_config_local.properties
2026-08-31 21:56:26.718 [main] INFO  c.s.capabilities.CapabilityManager - Loaded capabilities from C:\Users\family\Desktop\projects\swag-labs-mobile-nwdfew/src/main/resources/caps/local.json
2026-08-31 21:56:26.719 [main] INFO  com.swaglabs.hooks.Hooks - Swag Labs automation started. Platform=android, Environment=local
2026-08-31 21:56:26.892 [main] INFO  com.swaglabs.hooks.Hooks - ******* Scenario: User completes a full purchase started *******
2026-08-31 21:56:29.902 [main] INFO  c.s.managers.AppiumServerManager - Appium server started on http://127.0.0.1:4723
2026-08-31 21:56:29.970 [main] INFO  com.swaglabs.device.DeviceManager - Using Android device: b58c6ff4
2026-08-31 21:56:30.122 [main] INFO  c.s.managers.AppiumDriverManager - Starting Appium session: http://127.0.0.1:4723 with caps Capabilities {appium:adbExecTimeout: 20000, appium:app: C:\Users\family\Desktop\pro..., appium:appActivity: .MainActivity, appium:appPackage: com.juanforeroaxpo.saucedemo, appium:autoGrantPermissions: true, appium:automationName: UiAutomator2, appium:clearSystemFiles: true, appium:disableWindowAnimation: false, appium:newCommandTimeout: 250, appium:noSign: true, appium:udid: b58c6ff4, appium:uiautomator2ServerInstallTimeout: 20000, platformName: ANDROID}
2026-08-31 21:56:37.739 [main] INFO  c.s.utils.helper.WebdriverHelper - Screen recording started
2026-08-31 21:56:38.375 [main] INFO  c.swaglabs.stepsDefs.LoginStepsDefs - User lands on the login page
2026-08-31 21:56:44.708 [main] INFO  c.swaglabs.stepsDefs.LoginStepsDefs - Logged in as standard_user
2026-08-31 21:56:46.346 [main] INFO  c.s.stepsDefs.ProductsStepsDefs - Added product at position 0 to the cart
2026-08-31 21:56:47.263 [main] INFO  c.swaglabs.stepsDefs.CartStepsDefs - Opened the cart
2026-08-31 21:56:48.216 [main] INFO  c.s.stepsDefs.CheckoutStepsDefs - Proceeded to checkout
2026-08-31 21:56:49.077 [main] INFO  c.s.stepsDefs.CheckoutStepsDefs - Checkout info page is displayed
2026-08-31 21:56:58.230 [main] INFO  c.s.stepsDefs.CheckoutStepsDefs - Entered shipping info: John Doe 12345
2026-08-31 21:56:59.109 [main] INFO  c.s.stepsDefs.CheckoutStepsDefs - Continued to overview page
2026-08-31 21:57:01.005 [main] INFO  c.s.stepsDefs.CheckoutStepsDefs - Checkout overview page is displayed
2026-08-31 21:57:01.281 [main] INFO  c.s.stepsDefs.CheckoutStepsDefs - Finished the order
2026-08-31 21:57:02.835 [main] INFO  c.s.stepsDefs.CheckoutStepsDefs - Checkout completion page is displayed
2026-08-31 21:57:03.068 [main] INFO  c.s.stepsDefs.CheckoutStepsDefs - Went back home
2026-08-31 21:57:03.069 [main] INFO  com.swaglabs.hooks.Hooks - Scenario 'User completes a full purchase' PASSED.
2026-08-31 21:57:05.262 [main] INFO  c.s.managers.AppiumDriverManager - Local driver variables cleared
2026-08-31 21:57:05.263 [main] INFO  page_objects.PageObjectHelper - Page object instances cleared
2026-08-31 21:57:05.272 [main] INFO  com.swaglabs.hooks.Hooks - ******* Scenario: Problem user cannot complete the purchase (last name is not retained) started *******
2026-08-31 21:57:05.273 [main] INFO  c.s.managers.AppiumServerManager - Appium server already running on 127.0.0.1:4723 - stopping to reuse clean state
2026-08-31 21:57:05.296 [main] INFO  c.s.managers.AppiumServerManager - Appium server stopped
2026-08-31 21:57:09.164 [main] INFO  c.s.managers.AppiumServerManager - Appium server started on http://127.0.0.1:4723
2026-08-31 21:57:09.210 [main] INFO  com.swaglabs.device.DeviceManager - Using Android device: b58c6ff4
2026-08-31 21:57:09.357 [main] INFO  c.s.managers.AppiumDriverManager - Starting Appium session: http://127.0.0.1:4723 with caps Capabilities {appium:adbExecTimeout: 20000, appium:app: C:\Users\family\Desktop\pro..., appium:appActivity: .MainActivity, appium:appPackage: com.juanforeroaxpo.saucedemo, appium:autoGrantPermissions: true, appium:automationName: UiAutomator2, appium:clearSystemFiles: true, appium:disableWindowAnimation: false, appium:newCommandTimeout: 250, appium:noSign: true, appium:udid: b58c6ff4, appium:uiautomator2ServerInstallTimeout: 20000, platformName: ANDROID}
2026-08-31 21:57:16.149 [main] INFO  c.s.utils.helper.WebdriverHelper - Screen recording started
2026-08-31 21:57:16.299 [main] INFO  c.swaglabs.stepsDefs.LoginStepsDefs - User lands on the login page
2026-08-31 21:57:23.150 [main] INFO  c.swaglabs.stepsDefs.LoginStepsDefs - Logged in as problem_user
2026-08-31 21:57:24.805 [main] INFO  c.s.stepsDefs.ProductsStepsDefs - Added product at position 0 to the cart
2026-08-31 21:57:25.740 [main] INFO  c.swaglabs.stepsDefs.CartStepsDefs - Opened the cart
2026-08-31 21:57:27.008 [main] INFO  c.s.stepsDefs.CheckoutStepsDefs - Proceeded to checkout
2026-08-31 21:57:27.842 [main] INFO  c.s.stepsDefs.CheckoutStepsDefs - Checkout info page is displayed
2026-08-31 21:57:36.522 [main] INFO  c.s.stepsDefs.CheckoutStepsDefs - Entered shipping info: John Doe 12345
2026-08-31 21:57:37.401 [main] INFO  c.s.stepsDefs.CheckoutStepsDefs - Continued to overview page
2026-08-31 21:57:48.268 [main] INFO  com.swaglabs.hooks.Hooks - Scenario 'Problem user cannot complete the purchase (last name is not retained)' FAILED. Capturing screenshot...
2026-08-31 21:57:50.135 [main] INFO  c.s.utils.helper.WebdriverHelper - Recording saved and attached to failed scenario 'Problem user cannot complete the purchase (last name is not retained)'
2026-08-31 21:57:50.914 [main] INFO  c.s.managers.AppiumDriverManager - Local driver variables cleared
2026-08-31 21:57:50.914 [main] INFO  page_objects.PageObjectHelper - Page object instances cleared
2026-08-31 21:57:50.926 [main] INFO  com.swaglabs.hooks.Hooks - ******* Scenario: Performance glitch user completes a full purchase started *******
2026-08-31 21:57:50.927 [main] INFO  c.s.managers.AppiumServerManager - Appium server already running on 127.0.0.1:4723 - stopping to reuse clean state
2026-08-31 21:57:50.949 [main] INFO  c.s.managers.AppiumServerManager - Appium server stopped
2026-08-31 21:57:53.720 [main] INFO  c.s.managers.AppiumServerManager - Appium server started on http://127.0.0.1:4723
2026-08-31 21:57:53.767 [main] INFO  com.swaglabs.device.DeviceManager - Using Android device: b58c6ff4
2026-08-31 21:57:53.910 [main] INFO  c.s.managers.AppiumDriverManager - Starting Appium session: http://127.0.0.1:4723 with caps Capabilities {appium:adbExecTimeout: 20000, appium:app: C:\Users\family\Desktop\pro..., appium:appActivity: .MainActivity, appium:appPackage: com.juanforeroaxpo.saucedemo, appium:autoGrantPermissions: true, appium:automationName: UiAutomator2, appium:clearSystemFiles: true, appium:disableWindowAnimation: false, appium:newCommandTimeout: 250, appium:noSign: true, appium:udid: b58c6ff4, appium:uiautomator2ServerInstallTimeout: 20000, platformName: ANDROID}
2026-08-31 21:58:01.148 [main] INFO  c.s.utils.helper.WebdriverHelper - Screen recording started
2026-08-31 21:58:01.452 [main] INFO  c.swaglabs.stepsDefs.LoginStepsDefs - User lands on the login page
2026-08-31 21:58:07.756 [main] INFO  c.swaglabs.stepsDefs.LoginStepsDefs - Logged in as performance_glitch_user
2026-08-31 21:58:12.450 [main] INFO  c.s.stepsDefs.ProductsStepsDefs - Added product at position 0 to the cart
2026-08-31 21:58:13.214 [main] INFO  c.swaglabs.stepsDefs.CartStepsDefs - Opened the cart
2026-08-31 21:58:17.502 [main] INFO  c.s.stepsDefs.CheckoutStepsDefs - Proceeded to checkout
2026-08-31 21:58:18.451 [main] INFO  c.s.stepsDefs.CheckoutStepsDefs - Checkout info page is displayed
2026-08-31 21:58:27.362 [main] INFO  c.s.stepsDefs.CheckoutStepsDefs - Entered shipping info: John Doe 12345
2026-08-31 21:58:28.275 [main] INFO  c.s.stepsDefs.CheckoutStepsDefs - Continued to overview page
2026-08-31 21:58:30.434 [main] INFO  c.s.stepsDefs.CheckoutStepsDefs - Checkout overview page is displayed
2026-08-31 21:58:30.679 [main] INFO  c.s.stepsDefs.CheckoutStepsDefs - Finished the order
2026-08-31 21:58:35.481 [main] INFO  c.s.stepsDefs.CheckoutStepsDefs - Checkout completion page is displayed
2026-08-31 21:58:35.672 [main] INFO  c.s.stepsDefs.CheckoutStepsDefs - Went back home
2026-08-31 21:58:35.673 [main] INFO  com.swaglabs.hooks.Hooks - Scenario 'Performance glitch user completes a full purchase' PASSED.
2026-08-31 21:58:37.640 [main] INFO  c.s.managers.AppiumDriverManager - Local driver variables cleared
2026-08-31 21:58:37.640 [main] INFO  page_objects.PageObjectHelper - Page object instances cleared
2026-08-31 21:58:37.646 [main] INFO  com.swaglabs.hooks.Hooks - ******* Scenario: Standard user can log in successfully started *******
2026-08-31 21:58:37.646 [main] INFO  c.s.managers.AppiumServerManager - Appium server already running on 127.0.0.1:4723 - stopping to reuse clean state
2026-08-31 21:58:37.667 [main] INFO  c.s.managers.AppiumServerManager - Appium server stopped
2026-08-31 21:58:40.487 [main] INFO  c.s.managers.AppiumServerManager - Appium server started on http://127.0.0.1:4723
2026-08-31 21:58:40.534 [main] INFO  com.swaglabs.device.DeviceManager - Using Android device: b58c6ff4
2026-08-31 21:58:40.679 [main] INFO  c.s.managers.AppiumDriverManager - Starting Appium session: http://127.0.0.1:4723 with caps Capabilities {appium:adbExecTimeout: 20000, appium:app: C:\Users\family\Desktop\pro..., appium:appActivity: .MainActivity, appium:appPackage: com.juanforeroaxpo.saucedemo, appium:autoGrantPermissions: true, appium:automationName: UiAutomator2, appium:clearSystemFiles: true, appium:disableWindowAnimation: false, appium:newCommandTimeout: 250, appium:noSign: true, appium:udid: b58c6ff4, appium:uiautomator2ServerInstallTimeout: 20000, platformName: ANDROID}
2026-08-31 21:58:47.965 [main] INFO  c.s.utils.helper.WebdriverHelper - Screen recording started
2026-08-31 21:58:48.334 [main] INFO  c.swaglabs.stepsDefs.LoginStepsDefs - User lands on the login page
2026-08-31 21:58:54.668 [main] INFO  c.swaglabs.stepsDefs.LoginStepsDefs - Logged in as standard_user
2026-08-31 21:58:56.076 [main] INFO  c.s.stepsDefs.ProductsStepsDefs - Products page is displayed
2026-08-31 21:58:56.076 [main] INFO  com.swaglabs.hooks.Hooks - Scenario 'Standard user can log in successfully' PASSED.
2026-08-31 21:58:57.859 [main] INFO  c.s.managers.AppiumDriverManager - Local driver variables cleared
2026-08-31 21:58:57.859 [main] INFO  page_objects.PageObjectHelper - Page object instances cleared
2026-08-31 21:58:57.862 [main] INFO  com.swaglabs.hooks.Hooks - ******* Scenario: Locked out user is blocked from logging in started *******
2026-08-31 21:58:57.863 [main] INFO  c.s.managers.AppiumServerManager - Appium server already running on 127.0.0.1:4723 - stopping to reuse clean state
2026-08-31 21:58:57.885 [main] INFO  c.s.managers.AppiumServerManager - Appium server stopped
2026-08-31 21:59:00.655 [main] INFO  c.s.managers.AppiumServerManager - Appium server started on http://127.0.0.1:4723
2026-08-31 21:59:00.702 [main] INFO  com.swaglabs.device.DeviceManager - Using Android device: b58c6ff4
2026-08-31 21:59:00.849 [main] INFO  c.s.managers.AppiumDriverManager - Starting Appium session: http://127.0.0.1:4723 with caps Capabilities {appium:adbExecTimeout: 20000, appium:app: C:\Users\family\Desktop\pro..., appium:appActivity: .MainActivity, appium:appPackage: com.juanforeroaxpo.saucedemo, appium:autoGrantPermissions: true, appium:automationName: UiAutomator2, appium:clearSystemFiles: true, appium:disableWindowAnimation: false, appium:newCommandTimeout: 250, appium:noSign: true, appium:udid: b58c6ff4, appium:uiautomator2ServerInstallTimeout: 20000, platformName: ANDROID}
2026-08-31 21:59:08.096 [main] INFO  c.s.utils.helper.WebdriverHelper - Screen recording started
2026-08-31 21:59:08.395 [main] INFO  c.swaglabs.stepsDefs.LoginStepsDefs - User lands on the login page
2026-08-31 21:59:14.700 [main] INFO  c.swaglabs.stepsDefs.LoginStepsDefs - Logged in as locked_out_user
2026-08-31 21:59:25.952 [main] INFO  com.swaglabs.hooks.Hooks - Scenario 'Locked out user is blocked from logging in' FAILED. Capturing screenshot...
2026-08-31 21:59:27.599 [main] INFO  c.s.utils.helper.WebdriverHelper - Recording saved and attached to failed scenario 'Locked out user is blocked from logging in'
2026-08-31 21:59:28.295 [main] INFO  c.s.managers.AppiumDriverManager - Local driver variables cleared
2026-08-31 21:59:28.295 [main] INFO  page_objects.PageObjectHelper - Page object instances cleared
2026-08-31 21:59:28.328 [main] INFO  c.s.managers.AppiumServerManager - Appium server stopped
2026-08-31 21:59:28.329 [main] INFO  com.swaglabs.hooks.Hooks - Swag Labs automation finished.
2026-08-31 22:51:08.869 [main] INFO  c.s.managers.PropertiesManager - Loaded properties file: src/main/resources/project_properties/project_config_local.properties
2026-08-31 22:51:08.882 [main] INFO  c.s.capabilities.CapabilityManager - Loaded capabilities from C:\Users\family\Desktop\projects\swag-labs-mobile-nwdfew/src/main/resources/caps/local.json
2026-08-31 22:51:08.882 [main] INFO  com.swaglabs.hooks.Hooks - Swag Labs automation started. Platform=android, Environment=local
2026-08-31 22:51:09.098 [main] INFO  com.swaglabs.hooks.Hooks - ******* Scenario: User can add an item to the cart and verify it started *******
2026-08-31 22:51:31.643 [main] INFO  com.swaglabs.hooks.Hooks - Scenario 'User can add an item to the cart and verify it' FAILED. Capturing screenshot...
2026-08-31 22:51:31.643 [main] WARN  com.swaglabs.hooks.Hooks - Driver is null — skipping screenshot
2026-08-31 22:51:31.644 [main] INFO  c.s.managers.AppiumDriverManager - Local driver variables cleared
2026-08-31 22:51:31.645 [main] INFO  page_objects.PageObjectHelper - Page object instances cleared
2026-08-31 22:51:31.662 [main] INFO  com.swaglabs.hooks.Hooks - ******* Scenario: User can remove an item from the cart started *******
2026-08-31 22:51:52.273 [main] INFO  com.swaglabs.hooks.Hooks - Scenario 'User can remove an item from the cart' FAILED. Capturing screenshot...
2026-08-31 22:51:52.273 [main] WARN  com.swaglabs.hooks.Hooks - Driver is null — skipping screenshot
2026-08-31 22:51:52.273 [main] INFO  c.s.managers.AppiumDriverManager - Local driver variables cleared
2026-08-31 22:51:52.273 [main] INFO  page_objects.PageObjectHelper - Page object instances cleared
2026-08-31 22:51:52.285 [main] INFO  com.swaglabs.hooks.Hooks - ******* Scenario: User completes a full purchase started *******
2026-08-31 22:52:00.533 [main] INFO  c.s.managers.AppiumServerManager - Appium server started on http://127.0.0.1:4723
2026-08-31 22:52:00.624 [main] INFO  com.swaglabs.device.DeviceManager - Using Android device: b58c6ff4
2026-08-31 22:52:00.827 [main] INFO  c.s.managers.AppiumDriverManager - Starting Appium session: http://127.0.0.1:4723 with caps Capabilities {appium:adbExecTimeout: 20000, appium:app: C:\Users\family\Desktop\pro..., appium:appActivity: .MainActivity, appium:appPackage: com.juanforeroaxpo.saucedemo, appium:autoGrantPermissions: true, appium:automationName: UiAutomator2, appium:clearSystemFiles: true, appium:disableWindowAnimation: false, appium:newCommandTimeout: 250, appium:noSign: true, appium:udid: b58c6ff4, appium:uiautomator2ServerInstallTimeout: 20000, platformName: ANDROID}
2026-08-31 22:52:09.659 [main] INFO  c.s.utils.helper.WebdriverHelper - Screen recording started
2026-08-31 22:52:10.955 [main] INFO  c.swaglabs.stepsDefs.LoginStepsDefs - User lands on the login page
2026-08-31 22:52:17.396 [main] INFO  c.swaglabs.stepsDefs.LoginStepsDefs - Logged in as standard_user
2026-08-31 22:52:19.068 [main] INFO  c.s.stepsDefs.ProductsStepsDefs - Added product at position 0 to the cart
2026-08-31 22:52:19.987 [main] INFO  c.swaglabs.stepsDefs.CartStepsDefs - Opened the cart
2026-08-31 22:52:21.172 [main] INFO  c.s.stepsDefs.CheckoutStepsDefs - Proceeded to checkout
2026-08-31 22:52:22.028 [main] INFO  c.s.stepsDefs.CheckoutStepsDefs - Checkout info page is displayed
2026-08-31 22:52:30.750 [main] INFO  c.s.stepsDefs.CheckoutStepsDefs - Entered shipping info: John Doe 12345
2026-08-31 22:52:31.613 [main] INFO  c.s.stepsDefs.CheckoutStepsDefs - Continued to overview page
2026-08-31 22:52:33.327 [main] INFO  c.s.stepsDefs.CheckoutStepsDefs - Checkout overview page is displayed
2026-08-31 22:52:33.753 [main] INFO  c.s.stepsDefs.CheckoutStepsDefs - Finished the order
2026-08-31 22:52:34.801 [main] INFO  c.s.stepsDefs.CheckoutStepsDefs - Checkout completion page is displayed
2026-08-31 22:52:36.315 [main] INFO  c.s.stepsDefs.CheckoutStepsDefs - Went back home
2026-08-31 22:52:36.316 [main] INFO  com.swaglabs.hooks.Hooks - Scenario 'User completes a full purchase' PASSED.
2026-08-31 22:52:38.812 [main] INFO  c.s.managers.AppiumDriverManager - Local driver variables cleared
2026-08-31 22:52:38.812 [main] INFO  page_objects.PageObjectHelper - Page object instances cleared
2026-08-31 22:52:38.817 [main] INFO  com.swaglabs.hooks.Hooks - ******* Scenario: Problem user cannot complete the purchase (last name is not retained) started *******
2026-08-31 22:52:38.819 [main] INFO  c.s.managers.AppiumServerManager - Appium server already running on 127.0.0.1:4723 - stopping to reuse clean state
2026-08-31 22:52:38.848 [main] INFO  c.s.managers.AppiumServerManager - Appium server stopped
2026-08-31 22:52:42.019 [main] INFO  c.s.managers.AppiumServerManager - Appium server started on http://127.0.0.1:4723
2026-08-31 22:52:42.067 [main] INFO  com.swaglabs.device.DeviceManager - Using Android device: b58c6ff4
2026-08-31 22:52:42.221 [main] INFO  c.s.managers.AppiumDriverManager - Starting Appium session: http://127.0.0.1:4723 with caps Capabilities {appium:adbExecTimeout: 20000, appium:app: C:\Users\family\Desktop\pro..., appium:appActivity: .MainActivity, appium:appPackage: com.juanforeroaxpo.saucedemo, appium:autoGrantPermissions: true, appium:automationName: UiAutomator2, appium:clearSystemFiles: true, appium:disableWindowAnimation: false, appium:newCommandTimeout: 250, appium:noSign: true, appium:udid: b58c6ff4, appium:uiautomator2ServerInstallTimeout: 20000, platformName: ANDROID}
2026-08-31 22:52:50.412 [main] INFO  c.s.utils.helper.WebdriverHelper - Screen recording started
2026-08-31 22:52:50.689 [main] INFO  c.swaglabs.stepsDefs.LoginStepsDefs - User lands on the login page
2026-08-31 22:52:57.026 [main] INFO  c.swaglabs.stepsDefs.LoginStepsDefs - Logged in as problem_user
2026-08-31 22:52:58.644 [main] INFO  c.s.stepsDefs.ProductsStepsDefs - Added product at position 0 to the cart
2026-08-31 22:53:00.281 [main] INFO  c.swaglabs.stepsDefs.CartStepsDefs - Opened the cart
2026-08-31 22:53:01.168 [main] INFO  c.s.stepsDefs.CheckoutStepsDefs - Proceeded to checkout
2026-08-31 22:53:01.993 [main] INFO  c.s.stepsDefs.CheckoutStepsDefs - Checkout info page is displayed
2026-08-31 22:53:10.748 [main] INFO  c.s.stepsDefs.CheckoutStepsDefs - Entered shipping info: John Doe 12345
2026-08-31 22:53:11.625 [main] INFO  c.s.stepsDefs.CheckoutStepsDefs - Continued to overview page
2026-08-31 22:53:22.775 [main] INFO  com.swaglabs.hooks.Hooks - Scenario 'Problem user cannot complete the purchase (last name is not retained)' FAILED. Capturing screenshot...
2026-08-31 22:53:24.699 [main] INFO  c.s.utils.helper.WebdriverHelper - Recording saved and attached to failed scenario 'Problem user cannot complete the purchase (last name is not retained)'
2026-08-31 22:53:25.504 [main] INFO  c.s.managers.AppiumDriverManager - Local driver variables cleared
2026-08-31 22:53:25.505 [main] INFO  page_objects.PageObjectHelper - Page object instances cleared
2026-08-31 22:53:25.511 [main] INFO  com.swaglabs.hooks.Hooks - ******* Scenario: Performance glitch user completes a full purchase started *******
2026-08-31 22:53:25.512 [main] INFO  c.s.managers.AppiumServerManager - Appium server already running on 127.0.0.1:4723 - stopping to reuse clean state
2026-08-31 22:53:25.545 [main] INFO  c.s.managers.AppiumServerManager - Appium server stopped
2026-08-31 22:53:28.723 [main] INFO  c.s.managers.AppiumServerManager - Appium server started on http://127.0.0.1:4723
2026-08-31 22:53:28.775 [main] INFO  com.swaglabs.device.DeviceManager - Using Android device: b58c6ff4
2026-08-31 22:53:28.923 [main] INFO  c.s.managers.AppiumDriverManager - Starting Appium session: http://127.0.0.1:4723 with caps Capabilities {appium:adbExecTimeout: 20000, appium:app: C:\Users\family\Desktop\pro..., appium:appActivity: .MainActivity, appium:appPackage: com.juanforeroaxpo.saucedemo, appium:autoGrantPermissions: true, appium:automationName: UiAutomator2, appium:clearSystemFiles: true, appium:disableWindowAnimation: false, appium:newCommandTimeout: 250, appium:noSign: true, appium:udid: b58c6ff4, appium:uiautomator2ServerInstallTimeout: 20000, platformName: ANDROID}
2026-08-31 22:53:36.798 [main] INFO  c.s.utils.helper.WebdriverHelper - Screen recording started
2026-08-31 22:53:37.137 [main] INFO  c.swaglabs.stepsDefs.LoginStepsDefs - User lands on the login page
2026-08-31 22:53:43.501 [main] INFO  c.swaglabs.stepsDefs.LoginStepsDefs - Logged in as performance_glitch_user
2026-08-31 22:53:48.865 [main] INFO  c.s.stepsDefs.ProductsStepsDefs - Added product at position 0 to the cart
2026-08-31 22:53:49.588 [main] INFO  c.swaglabs.stepsDefs.CartStepsDefs - Opened the cart
2026-08-31 22:53:53.475 [main] INFO  c.s.stepsDefs.CheckoutStepsDefs - Proceeded to checkout
2026-08-31 22:53:54.724 [main] INFO  c.s.stepsDefs.CheckoutStepsDefs - Checkout info page is displayed
2026-08-31 22:54:03.616 [main] INFO  c.s.stepsDefs.CheckoutStepsDefs - Entered shipping info: John Doe 12345
2026-08-31 22:54:04.521 [main] INFO  c.s.stepsDefs.CheckoutStepsDefs - Continued to overview page
2026-08-31 22:54:06.702 [main] INFO  c.s.stepsDefs.CheckoutStepsDefs - Checkout overview page is displayed
2026-08-31 22:54:06.941 [main] INFO  c.s.stepsDefs.CheckoutStepsDefs - Finished the order
2026-08-31 22:54:12.808 [main] INFO  c.s.stepsDefs.CheckoutStepsDefs - Checkout completion page is displayed
2026-08-31 22:54:12.989 [main] INFO  c.s.stepsDefs.CheckoutStepsDefs - Went back home
2026-08-31 22:54:12.989 [main] INFO  com.swaglabs.hooks.Hooks - Scenario 'Performance glitch user completes a full purchase' PASSED.
2026-08-31 22:54:15.174 [main] INFO  c.s.managers.AppiumDriverManager - Local driver variables cleared
2026-08-31 22:54:15.174 [main] INFO  page_objects.PageObjectHelper - Page object instances cleared
2026-08-31 22:54:15.182 [main] INFO  com.swaglabs.hooks.Hooks - ******* Scenario: Standard user can log in successfully started *******
2026-08-31 22:54:15.183 [main] INFO  c.s.managers.AppiumServerManager - Appium server already running on 127.0.0.1:4723 - stopping to reuse clean state
2026-08-31 22:54:15.221 [main] INFO  c.s.managers.AppiumServerManager - Appium server stopped
2026-08-31 22:54:18.400 [main] INFO  c.s.managers.AppiumServerManager - Appium server started on http://127.0.0.1:4723
2026-08-31 22:54:18.458 [main] INFO  com.swaglabs.device.DeviceManager - Using Android device: b58c6ff4
2026-08-31 22:54:18.642 [main] INFO  c.s.managers.AppiumDriverManager - Starting Appium session: http://127.0.0.1:4723 with caps Capabilities {appium:adbExecTimeout: 20000, appium:app: C:\Users\family\Desktop\pro..., appium:appActivity: .MainActivity, appium:appPackage: com.juanforeroaxpo.saucedemo, appium:autoGrantPermissions: true, appium:automationName: UiAutomator2, appium:clearSystemFiles: true, appium:disableWindowAnimation: false, appium:newCommandTimeout: 250, appium:noSign: true, appium:udid: b58c6ff4, appium:uiautomator2ServerInstallTimeout: 20000, platformName: ANDROID}
2026-08-31 22:54:26.092 [main] INFO  c.s.utils.helper.WebdriverHelper - Screen recording started
2026-08-31 22:54:26.431 [main] INFO  c.swaglabs.stepsDefs.LoginStepsDefs - User lands on the login page
2026-08-31 22:54:32.786 [main] INFO  c.swaglabs.stepsDefs.LoginStepsDefs - Logged in as standard_user
2026-08-31 22:54:34.333 [main] INFO  c.s.stepsDefs.ProductsStepsDefs - Products page is displayed
2026-08-31 22:54:34.333 [main] INFO  com.swaglabs.hooks.Hooks - Scenario 'Standard user can log in successfully' PASSED.
2026-08-31 22:54:36.127 [main] INFO  c.s.managers.AppiumDriverManager - Local driver variables cleared
2026-08-31 22:54:36.127 [main] INFO  page_objects.PageObjectHelper - Page object instances cleared
2026-08-31 22:54:36.130 [main] INFO  com.swaglabs.hooks.Hooks - ******* Scenario: Locked out user is blocked from logging in started *******
2026-08-31 22:54:36.130 [main] INFO  c.s.managers.AppiumServerManager - Appium server already running on 127.0.0.1:4723 - stopping to reuse clean state
2026-08-31 22:54:36.158 [main] INFO  c.s.managers.AppiumServerManager - Appium server stopped
2026-08-31 22:54:39.277 [main] INFO  c.s.managers.AppiumServerManager - Appium server started on http://127.0.0.1:4723
2026-08-31 22:54:39.332 [main] INFO  com.swaglabs.device.DeviceManager - Using Android device: b58c6ff4
2026-08-31 22:54:39.513 [main] INFO  c.s.managers.AppiumDriverManager - Starting Appium session: http://127.0.0.1:4723 with caps Capabilities {appium:adbExecTimeout: 20000, appium:app: C:\Users\family\Desktop\pro..., appium:appActivity: .MainActivity, appium:appPackage: com.juanforeroaxpo.saucedemo, appium:autoGrantPermissions: true, appium:automationName: UiAutomator2, appium:clearSystemFiles: true, appium:disableWindowAnimation: false, appium:newCommandTimeout: 250, appium:noSign: true, appium:udid: b58c6ff4, appium:uiautomator2ServerInstallTimeout: 20000, platformName: ANDROID}
2026-08-31 22:54:46.916 [main] INFO  c.s.utils.helper.WebdriverHelper - Screen recording started
2026-08-31 22:54:47.181 [main] INFO  c.swaglabs.stepsDefs.LoginStepsDefs - User lands on the login page
2026-08-31 22:54:54.189 [main] INFO  c.swaglabs.stepsDefs.LoginStepsDefs - Logged in as locked_out_user
2026-08-31 22:55:05.172 [main] INFO  com.swaglabs.hooks.Hooks - Scenario 'Locked out user is blocked from logging in' FAILED. Capturing screenshot...
2026-08-31 22:55:06.891 [main] INFO  c.s.utils.helper.WebdriverHelper - Recording saved and attached to failed scenario 'Locked out user is blocked from logging in'
2026-08-31 22:55:07.711 [main] INFO  c.s.managers.AppiumDriverManager - Local driver variables cleared
2026-08-31 22:55:07.712 [main] INFO  page_objects.PageObjectHelper - Page object instances cleared
2026-08-31 22:55:07.724 [main] INFO  com.swaglabs.hooks.Hooks - ******* Scenario: User can see the product catalog after login started *******
2026-08-31 22:55:07.724 [main] INFO  c.s.managers.AppiumServerManager - Appium server already running on 127.0.0.1:4723 - stopping to reuse clean state
2026-08-31 22:55:07.747 [main] INFO  c.s.managers.AppiumServerManager - Appium server stopped
2026-08-31 22:55:10.886 [main] INFO  c.s.managers.AppiumServerManager - Appium server started on http://127.0.0.1:4723
2026-08-31 22:55:10.941 [main] INFO  com.swaglabs.device.DeviceManager - Using Android device: b58c6ff4
2026-08-31 22:55:11.141 [main] INFO  c.s.managers.AppiumDriverManager - Starting Appium session: http://127.0.0.1:4723 with caps Capabilities {appium:adbExecTimeout: 20000, appium:app: C:\Users\family\Desktop\pro..., appium:appActivity: .MainActivity, appium:appPackage: com.juanforeroaxpo.saucedemo, appium:autoGrantPermissions: true, appium:automationName: UiAutomator2, appium:clearSystemFiles: true, appium:disableWindowAnimation: false, appium:newCommandTimeout: 250, appium:noSign: true, appium:udid: b58c6ff4, appium:uiautomator2ServerInstallTimeout: 20000, platformName: ANDROID}
2026-08-31 22:55:18.441 [main] INFO  c.s.utils.helper.WebdriverHelper - Screen recording started
2026-08-31 22:55:18.782 [main] INFO  c.swaglabs.stepsDefs.LoginStepsDefs - User lands on the login page
2026-08-31 22:55:25.379 [main] INFO  c.swaglabs.stepsDefs.LoginStepsDefs - Logged in as standard_user
2026-08-31 22:55:26.883 [main] INFO  c.s.stepsDefs.ProductsStepsDefs - Products page is displayed
2026-08-31 22:55:27.009 [main] INFO  c.s.stepsDefs.ProductsStepsDefs - Product catalog has 6 products
2026-08-31 22:55:27.009 [main] INFO  com.swaglabs.hooks.Hooks - Scenario 'User can see the product catalog after login' PASSED.
2026-08-31 22:55:28.816 [main] INFO  c.s.managers.AppiumDriverManager - Local driver variables cleared
2026-08-31 22:55:28.816 [main] INFO  page_objects.PageObjectHelper - Page object instances cleared
2026-08-31 22:55:28.819 [main] INFO  com.swaglabs.hooks.Hooks - ******* Scenario: User can add a product to the cart started *******
2026-08-31 22:55:28.819 [main] INFO  c.s.managers.AppiumServerManager - Appium server already running on 127.0.0.1:4723 - stopping to reuse clean state
2026-08-31 22:55:28.842 [main] INFO  c.s.managers.AppiumServerManager - Appium server stopped
2026-08-31 22:55:31.981 [main] INFO  c.s.managers.AppiumServerManager - Appium server started on http://127.0.0.1:4723
2026-08-31 22:55:32.030 [main] INFO  com.swaglabs.device.DeviceManager - Using Android device: b58c6ff4
2026-08-31 22:55:32.182 [main] INFO  c.s.managers.AppiumDriverManager - Starting Appium session: http://127.0.0.1:4723 with caps Capabilities {appium:adbExecTimeout: 20000, appium:app: C:\Users\family\Desktop\pro..., appium:appActivity: .MainActivity, appium:appPackage: com.juanforeroaxpo.saucedemo, appium:autoGrantPermissions: true, appium:automationName: UiAutomator2, appium:clearSystemFiles: true, appium:disableWindowAnimation: false, appium:newCommandTimeout: 250, appium:noSign: true, appium:udid: b58c6ff4, appium:uiautomator2ServerInstallTimeout: 20000, platformName: ANDROID}
2026-08-31 22:55:39.550 [main] INFO  c.s.utils.helper.WebdriverHelper - Screen recording started
2026-08-31 22:55:39.823 [main] INFO  c.swaglabs.stepsDefs.LoginStepsDefs - User lands on the login page
2026-08-31 22:55:46.497 [main] INFO  c.swaglabs.stepsDefs.LoginStepsDefs - Logged in as standard_user
2026-08-31 22:55:48.116 [main] INFO  c.s.stepsDefs.ProductsStepsDefs - Added product at position 0 to the cart
2026-08-31 22:55:49.385 [main] INFO  com.swaglabs.hooks.Hooks - Scenario 'User can add a product to the cart' PASSED.
2026-08-31 22:55:51.326 [main] INFO  c.s.managers.AppiumDriverManager - Local driver variables cleared
2026-08-31 22:55:51.326 [main] INFO  page_objects.PageObjectHelper - Page object instances cleared
2026-08-31 22:55:51.330 [main] INFO  com.swaglabs.hooks.Hooks - ******* Scenario: User can open a product and view its details started *******
2026-08-31 22:55:51.331 [main] INFO  c.s.managers.AppiumServerManager - Appium server already running on 127.0.0.1:4723 - stopping to reuse clean state
2026-08-31 22:55:51.359 [main] INFO  c.s.managers.AppiumServerManager - Appium server stopped
2026-08-31 22:55:54.479 [main] INFO  c.s.managers.AppiumServerManager - Appium server started on http://127.0.0.1:4723
2026-08-31 22:55:54.527 [main] INFO  com.swaglabs.device.DeviceManager - Using Android device: b58c6ff4
2026-08-31 22:55:54.678 [main] INFO  c.s.managers.AppiumDriverManager - Starting Appium session: http://127.0.0.1:4723 with caps Capabilities {appium:adbExecTimeout: 20000, appium:app: C:\Users\family\Desktop\pro..., appium:appActivity: .MainActivity, appium:appPackage: com.juanforeroaxpo.saucedemo, appium:autoGrantPermissions: true, appium:automationName: UiAutomator2, appium:clearSystemFiles: true, appium:disableWindowAnimation: false, appium:newCommandTimeout: 250, appium:noSign: true, appium:udid: b58c6ff4, appium:uiautomator2ServerInstallTimeout: 20000, platformName: ANDROID}
2026-08-31 23:00:14.164 [main] INFO  c.s.managers.PropertiesManager - Loaded properties file: src/main/resources/project_properties/project_config_local.properties
2026-08-31 23:00:14.174 [main] INFO  c.s.capabilities.CapabilityManager - Loaded capabilities from C:\Users\family\Desktop\projects\swag-labs-mobile-nwdfew/src/main/resources/caps/local.json
2026-08-31 23:00:14.174 [main] INFO  com.swaglabs.hooks.Hooks - Swag Labs automation started. Platform=android, Environment=local
2026-08-31 23:00:14.353 [main] INFO  com.swaglabs.hooks.Hooks - ******* Scenario: User can add an item to the cart and verify it started *******
2026-08-31 23:00:17.532 [main] INFO  c.s.managers.AppiumServerManager - Appium server started on http://127.0.0.1:4723
2026-08-31 23:00:17.602 [main] INFO  com.swaglabs.device.DeviceManager - Using Android device: b58c6ff4
2026-08-31 23:00:17.766 [main] INFO  c.s.managers.AppiumDriverManager - Starting Appium session: http://127.0.0.1:4723 with caps Capabilities {appium:adbExecTimeout: 20000, appium:app: C:\Users\family\Desktop\pro..., appium:appActivity: .MainActivity, appium:appPackage: com.juanforeroaxpo.saucedemo, appium:autoGrantPermissions: true, appium:automationName: UiAutomator2, appium:clearSystemFiles: true, appium:disableWindowAnimation: false, appium:newCommandTimeout: 250, appium:noSign: true, appium:udid: b58c6ff4, appium:uiautomator2ServerInstallTimeout: 20000, platformName: ANDROID}
2026-08-31 23:00:25.686 [main] INFO  c.s.utils.helper.WebdriverHelper - Screen recording started
2026-08-31 23:00:26.420 [main] INFO  c.swaglabs.stepsDefs.LoginStepsDefs - User lands on the login page
2026-08-31 23:00:33.332 [main] INFO  c.swaglabs.stepsDefs.LoginStepsDefs - Logged in as standard_user
2026-08-31 23:00:35.654 [main] INFO  c.s.stepsDefs.ProductsStepsDefs - Added product at position 0 to the cart
2026-08-31 23:00:36.579 [main] INFO  c.swaglabs.stepsDefs.CartStepsDefs - Opened the cart
2026-08-31 23:00:37.294 [main] INFO  c.swaglabs.stepsDefs.CartStepsDefs - Cart page is displayed
2026-08-31 23:00:37.401 [main] INFO  c.swaglabs.stepsDefs.CartStepsDefs - Cart has 1 item(s)
2026-08-31 23:00:37.404 [main] INFO  com.swaglabs.hooks.Hooks - Scenario 'User can add an item to the cart and verify it' PASSED.
2026-08-31 23:00:39.426 [main] INFO  c.s.managers.AppiumDriverManager - Local driver variables cleared
2026-08-31 23:00:39.426 [main] INFO  page_objects.PageObjectHelper - Page object instances cleared
2026-08-31 23:00:39.436 [main] INFO  com.swaglabs.hooks.Hooks - ******* Scenario: User can remove an item from the cart started *******
2026-08-31 23:00:39.437 [main] INFO  c.s.managers.AppiumServerManager - Appium server already running on 127.0.0.1:4723 - stopping to reuse clean state
2026-08-31 23:00:39.463 [main] INFO  c.s.managers.AppiumServerManager - Appium server stopped
2026-08-31 23:00:42.630 [main] INFO  c.s.managers.AppiumServerManager - Appium server started on http://127.0.0.1:4723
2026-08-31 23:00:42.704 [main] INFO  com.swaglabs.device.DeviceManager - Using Android device: b58c6ff4
2026-08-31 23:00:42.883 [main] INFO  c.s.managers.AppiumDriverManager - Starting Appium session: http://127.0.0.1:4723 with caps Capabilities {appium:adbExecTimeout: 20000, appium:app: C:\Users\family\Desktop\pro..., appium:appActivity: .MainActivity, appium:appPackage: com.juanforeroaxpo.saucedemo, appium:autoGrantPermissions: true, appium:automationName: UiAutomator2, appium:clearSystemFiles: true, appium:disableWindowAnimation: false, appium:newCommandTimeout: 250, appium:noSign: true, appium:udid: b58c6ff4, appium:uiautomator2ServerInstallTimeout: 20000, platformName: ANDROID}
2026-08-31 23:00:50.212 [main] INFO  c.s.utils.helper.WebdriverHelper - Screen recording started
2026-08-31 23:00:50.551 [main] INFO  c.swaglabs.stepsDefs.LoginStepsDefs - User lands on the login page
2026-08-31 23:00:56.787 [main] INFO  c.swaglabs.stepsDefs.LoginStepsDefs - Logged in as standard_user
2026-08-31 23:00:58.443 [main] INFO  c.s.stepsDefs.ProductsStepsDefs - Added product at position 0 to the cart
2026-08-31 23:00:59.828 [main] INFO  c.swaglabs.stepsDefs.CartStepsDefs - Opened the cart
2026-08-31 23:01:01.049 [main] INFO  c.swaglabs.stepsDefs.CartStepsDefs - Removed cart item at position 0
2026-08-31 23:01:01.986 [main] INFO  c.swaglabs.stepsDefs.CartStepsDefs - Cart is empty
2026-08-31 23:01:01.987 [main] INFO  com.swaglabs.hooks.Hooks - Scenario 'User can remove an item from the cart' PASSED.
2026-08-31 23:01:03.830 [main] INFO  c.s.managers.AppiumDriverManager - Local driver variables cleared
2026-08-31 23:01:03.831 [main] INFO  page_objects.PageObjectHelper - Page object instances cleared
2026-08-31 23:01:03.837 [main] INFO  com.swaglabs.hooks.Hooks - ******* Scenario: User completes a full purchase started *******
2026-08-31 23:01:03.837 [main] INFO  c.s.managers.AppiumServerManager - Appium server already running on 127.0.0.1:4723 - stopping to reuse clean state
2026-08-31 23:01:03.863 [main] INFO  c.s.managers.AppiumServerManager - Appium server stopped
2026-08-31 23:01:07.019 [main] INFO  c.s.managers.AppiumServerManager - Appium server started on http://127.0.0.1:4723
2026-08-31 23:01:07.069 [main] INFO  com.swaglabs.device.DeviceManager - Using Android device: b58c6ff4
2026-08-31 23:01:07.216 [main] INFO  c.s.managers.AppiumDriverManager - Starting Appium session: http://127.0.0.1:4723 with caps Capabilities {appium:adbExecTimeout: 20000, appium:app: C:\Users\family\Desktop\pro..., appium:appActivity: .MainActivity, appium:appPackage: com.juanforeroaxpo.saucedemo, appium:autoGrantPermissions: true, appium:automationName: UiAutomator2, appium:clearSystemFiles: true, appium:disableWindowAnimation: false, appium:newCommandTimeout: 250, appium:noSign: true, appium:udid: b58c6ff4, appium:uiautomator2ServerInstallTimeout: 20000, platformName: ANDROID}
2026-08-31 23:01:14.452 [main] INFO  c.s.utils.helper.WebdriverHelper - Screen recording started
2026-08-31 23:01:14.794 [main] INFO  c.swaglabs.stepsDefs.LoginStepsDefs - User lands on the login page
2026-08-31 23:01:21.632 [main] INFO  c.swaglabs.stepsDefs.LoginStepsDefs - Logged in as standard_user
2026-08-31 23:01:23.284 [main] INFO  c.s.stepsDefs.ProductsStepsDefs - Added product at position 0 to the cart
2026-08-31 23:01:24.571 [main] INFO  c.swaglabs.stepsDefs.CartStepsDefs - Opened the cart
2026-08-31 23:01:25.691 [main] INFO  c.s.stepsDefs.CheckoutStepsDefs - Proceeded to checkout
2026-08-31 23:01:26.528 [main] INFO  c.s.stepsDefs.CheckoutStepsDefs - Checkout info page is displayed
2026-08-31 23:01:35.506 [main] INFO  c.s.stepsDefs.CheckoutStepsDefs - Entered shipping info: John Doe 12345
2026-08-31 23:01:36.783 [main] INFO  c.s.stepsDefs.CheckoutStepsDefs - Continued to overview page
2026-08-31 23:01:38.462 [main] INFO  c.s.stepsDefs.CheckoutStepsDefs - Checkout overview page is displayed
2026-08-31 23:01:38.939 [main] INFO  c.s.stepsDefs.CheckoutStepsDefs - Finished the order
2026-08-31 23:01:39.979 [main] INFO  c.s.stepsDefs.CheckoutStepsDefs - Checkout completion page is displayed
2026-08-31 23:01:40.191 [main] INFO  c.s.stepsDefs.CheckoutStepsDefs - Went back home
2026-08-31 23:01:40.191 [main] INFO  com.swaglabs.hooks.Hooks - Scenario 'User completes a full purchase' PASSED.
2026-08-31 23:01:42.228 [main] INFO  c.s.managers.AppiumDriverManager - Local driver variables cleared
2026-08-31 23:01:42.228 [main] INFO  page_objects.PageObjectHelper - Page object instances cleared
2026-08-31 23:01:42.234 [main] INFO  com.swaglabs.hooks.Hooks - ******* Scenario: Problem user cannot complete the purchase (last name is not retained) started *******
2026-08-31 23:01:42.234 [main] INFO  c.s.managers.AppiumServerManager - Appium server already running on 127.0.0.1:4723 - stopping to reuse clean state
2026-08-31 23:01:42.257 [main] INFO  c.s.managers.AppiumServerManager - Appium server stopped
2026-08-31 23:01:45.383 [main] INFO  c.s.managers.AppiumServerManager - Appium server started on http://127.0.0.1:4723
2026-08-31 23:01:45.432 [main] INFO  com.swaglabs.device.DeviceManager - Using Android device: b58c6ff4
2026-08-31 23:01:45.580 [main] INFO  c.s.managers.AppiumDriverManager - Starting Appium session: http://127.0.0.1:4723 with caps Capabilities {appium:adbExecTimeout: 20000, appium:app: C:\Users\family\Desktop\pro..., appium:appActivity: .MainActivity, appium:appPackage: com.juanforeroaxpo.saucedemo, appium:autoGrantPermissions: true, appium:automationName: UiAutomator2, appium:clearSystemFiles: true, appium:disableWindowAnimation: false, appium:newCommandTimeout: 250, appium:noSign: true, appium:udid: b58c6ff4, appium:uiautomator2ServerInstallTimeout: 20000, platformName: ANDROID}
2026-08-31 23:01:52.921 [main] INFO  c.s.utils.helper.WebdriverHelper - Screen recording started
2026-08-31 23:01:53.251 [main] INFO  c.swaglabs.stepsDefs.LoginStepsDefs - User lands on the login page
2026-08-31 23:01:59.955 [main] INFO  c.swaglabs.stepsDefs.LoginStepsDefs - Logged in as problem_user
2026-08-31 23:02:01.577 [main] INFO  c.s.stepsDefs.ProductsStepsDefs - Added product at position 0 to the cart
2026-08-31 23:02:02.495 [main] INFO  c.swaglabs.stepsDefs.CartStepsDefs - Opened the cart
2026-08-31 23:02:03.832 [main] INFO  c.s.stepsDefs.CheckoutStepsDefs - Proceeded to checkout
2026-08-31 23:02:04.670 [main] INFO  c.s.stepsDefs.CheckoutStepsDefs - Checkout info page is displayed
2026-08-31 23:02:13.379 [main] INFO  c.s.stepsDefs.CheckoutStepsDefs - Entered shipping info: John Doe 12345
2026-08-31 23:02:14.239 [main] INFO  c.s.stepsDefs.CheckoutStepsDefs - Continued to overview page
2026-08-31 23:02:35.562 [main] INFO  com.swaglabs.hooks.Hooks - Scenario 'Problem user cannot complete the purchase (last name is not retained)' FAILED. Capturing screenshot...
2026-08-31 23:02:37.416 [main] INFO  c.s.utils.helper.WebdriverHelper - Recording saved and attached to failed scenario 'Problem user cannot complete the purchase (last name is not retained)'
2026-08-31 23:02:38.334 [main] INFO  c.s.managers.AppiumDriverManager - Local driver variables cleared
2026-08-31 23:02:38.335 [main] INFO  page_objects.PageObjectHelper - Page object instances cleared
2026-08-31 23:02:38.347 [main] INFO  com.swaglabs.hooks.Hooks - ******* Scenario: Performance glitch user completes a full purchase started *******
2026-08-31 23:02:38.348 [main] INFO  c.s.managers.AppiumServerManager - Appium server already running on 127.0.0.1:4723 - stopping to reuse clean state
2026-08-31 23:02:38.372 [main] INFO  c.s.managers.AppiumServerManager - Appium server stopped
2026-08-31 23:02:41.180 [main] INFO  c.s.managers.AppiumServerManager - Appium server started on http://127.0.0.1:4723
2026-08-31 23:02:41.230 [main] INFO  com.swaglabs.device.DeviceManager - Using Android device: b58c6ff4
2026-08-31 23:02:41.398 [main] INFO  c.s.managers.AppiumDriverManager - Starting Appium session: http://127.0.0.1:4723 with caps Capabilities {appium:adbExecTimeout: 20000, appium:app: C:\Users\family\Desktop\pro..., appium:appActivity: .MainActivity, appium:appPackage: com.juanforeroaxpo.saucedemo, appium:autoGrantPermissions: true, appium:automationName: UiAutomator2, appium:clearSystemFiles: true, appium:disableWindowAnimation: false, appium:newCommandTimeout: 250, appium:noSign: true, appium:udid: b58c6ff4, appium:uiautomator2ServerInstallTimeout: 20000, platformName: ANDROID}
2026-08-31 23:02:48.657 [main] INFO  c.s.utils.helper.WebdriverHelper - Screen recording started
2026-08-31 23:02:49.006 [main] INFO  c.swaglabs.stepsDefs.LoginStepsDefs - User lands on the login page
2026-08-31 23:02:55.271 [main] INFO  c.swaglabs.stepsDefs.LoginStepsDefs - Logged in as performance_glitch_user
2026-08-31 23:03:01.068 [main] INFO  c.s.stepsDefs.ProductsStepsDefs - Added product at position 0 to the cart
2026-08-31 23:03:01.779 [main] INFO  c.swaglabs.stepsDefs.CartStepsDefs - Opened the cart
2026-08-31 23:03:06.553 [main] INFO  c.s.stepsDefs.CheckoutStepsDefs - Proceeded to checkout
2026-08-31 23:03:07.429 [main] INFO  c.s.stepsDefs.CheckoutStepsDefs - Checkout info page is displayed
2026-08-31 23:03:16.287 [main] INFO  c.s.stepsDefs.CheckoutStepsDefs - Entered shipping info: John Doe 12345
2026-08-31 23:03:17.139 [main] INFO  c.s.stepsDefs.CheckoutStepsDefs - Continued to overview page
2026-08-31 23:03:18.851 [main] INFO  c.s.stepsDefs.CheckoutStepsDefs - Checkout overview page is displayed
2026-08-31 23:03:19.312 [main] INFO  c.s.stepsDefs.CheckoutStepsDefs - Finished the order
2026-08-31 23:03:23.640 [main] INFO  c.s.stepsDefs.CheckoutStepsDefs - Checkout completion page is displayed
2026-08-31 23:03:23.856 [main] INFO  c.s.stepsDefs.CheckoutStepsDefs - Went back home
2026-08-31 23:03:23.857 [main] INFO  com.swaglabs.hooks.Hooks - Scenario 'Performance glitch user completes a full purchase' PASSED.
2026-08-31 23:03:25.870 [main] INFO  c.s.managers.AppiumDriverManager - Local driver variables cleared
2026-08-31 23:03:25.871 [main] INFO  page_objects.PageObjectHelper - Page object instances cleared
2026-08-31 23:03:25.875 [main] INFO  com.swaglabs.hooks.Hooks - ******* Scenario: Standard user can log in successfully started *******
2026-08-31 23:03:25.876 [main] INFO  c.s.managers.AppiumServerManager - Appium server already running on 127.0.0.1:4723 - stopping to reuse clean state
2026-08-31 23:03:25.904 [main] INFO  c.s.managers.AppiumServerManager - Appium server stopped
2026-08-31 23:03:28.995 [main] INFO  c.s.managers.AppiumServerManager - Appium server started on http://127.0.0.1:4723
2026-08-31 23:03:29.045 [main] INFO  com.swaglabs.device.DeviceManager - Using Android device: b58c6ff4
2026-08-31 23:03:29.197 [main] INFO  c.s.managers.AppiumDriverManager - Starting Appium session: http://127.0.0.1:4723 with caps Capabilities {appium:adbExecTimeout: 20000, appium:app: C:\Users\family\Desktop\pro..., appium:appActivity: .MainActivity, appium:appPackage: com.juanforeroaxpo.saucedemo, appium:autoGrantPermissions: true, appium:automationName: UiAutomator2, appium:clearSystemFiles: true, appium:disableWindowAnimation: false, appium:newCommandTimeout: 250, appium:noSign: true, appium:udid: b58c6ff4, appium:uiautomator2ServerInstallTimeout: 20000, platformName: ANDROID}
2026-08-31 23:03:36.550 [main] INFO  c.s.utils.helper.WebdriverHelper - Screen recording started
2026-08-31 23:03:36.858 [main] INFO  c.swaglabs.stepsDefs.LoginStepsDefs - User lands on the login page
2026-08-31 23:03:43.553 [main] INFO  c.swaglabs.stepsDefs.LoginStepsDefs - Logged in as standard_user
2026-08-31 23:03:45.216 [main] INFO  c.s.stepsDefs.ProductsStepsDefs - Products page is displayed
2026-08-31 23:03:45.217 [main] INFO  com.swaglabs.hooks.Hooks - Scenario 'Standard user can log in successfully' PASSED.
2026-08-31 23:03:47.048 [main] INFO  c.s.managers.AppiumDriverManager - Local driver variables cleared
2026-08-31 23:03:47.048 [main] INFO  page_objects.PageObjectHelper - Page object instances cleared
2026-08-31 23:03:47.051 [main] INFO  com.swaglabs.hooks.Hooks - ******* Scenario: Locked out user is blocked from logging in started *******
2026-08-31 23:03:47.052 [main] INFO  c.s.managers.AppiumServerManager - Appium server already running on 127.0.0.1:4723 - stopping to reuse clean state
2026-08-31 23:03:47.076 [main] INFO  c.s.managers.AppiumServerManager - Appium server stopped
2026-08-31 23:03:50.240 [main] INFO  c.s.managers.AppiumServerManager - Appium server started on http://127.0.0.1:4723
2026-08-31 23:03:50.291 [main] INFO  com.swaglabs.device.DeviceManager - Using Android device: b58c6ff4
2026-08-31 23:03:50.437 [main] INFO  c.s.managers.AppiumDriverManager - Starting Appium session: http://127.0.0.1:4723 with caps Capabilities {appium:adbExecTimeout: 20000, appium:app: C:\Users\family\Desktop\pro..., appium:appActivity: .MainActivity, appium:appPackage: com.juanforeroaxpo.saucedemo, appium:autoGrantPermissions: true, appium:automationName: UiAutomator2, appium:clearSystemFiles: true, appium:disableWindowAnimation: false, appium:newCommandTimeout: 250, appium:noSign: true, appium:udid: b58c6ff4, appium:uiautomator2ServerInstallTimeout: 20000, platformName: ANDROID}
2026-08-31 23:03:57.815 [main] INFO  c.s.utils.helper.WebdriverHelper - Screen recording started
2026-08-31 23:03:58.137 [main] INFO  c.swaglabs.stepsDefs.LoginStepsDefs - User lands on the login page
2026-08-31 23:04:04.719 [main] INFO  c.swaglabs.stepsDefs.LoginStepsDefs - Logged in as locked_out_user
2026-08-31 23:04:25.759 [main] INFO  com.swaglabs.hooks.Hooks - Scenario 'Locked out user is blocked from logging in' FAILED. Capturing screenshot...
2026-08-31 23:04:27.354 [main] INFO  c.s.utils.helper.WebdriverHelper - Recording saved and attached to failed scenario 'Locked out user is blocked from logging in'
2026-08-31 23:04:28.035 [main] INFO  c.s.managers.AppiumDriverManager - Local driver variables cleared
2026-08-31 23:04:28.035 [main] INFO  page_objects.PageObjectHelper - Page object instances cleared
2026-08-31 23:04:28.049 [main] INFO  com.swaglabs.hooks.Hooks - ******* Scenario: User can see the product catalog after login started *******
2026-08-31 23:04:28.049 [main] INFO  c.s.managers.AppiumServerManager - Appium server already running on 127.0.0.1:4723 - stopping to reuse clean state
2026-08-31 23:04:28.070 [main] INFO  c.s.managers.AppiumServerManager - Appium server stopped
2026-08-31 23:04:31.201 [main] INFO  c.s.managers.AppiumServerManager - Appium server started on http://127.0.0.1:4723
2026-08-31 23:04:31.252 [main] INFO  com.swaglabs.device.DeviceManager - Using Android device: b58c6ff4
2026-08-31 23:04:31.421 [main] INFO  c.s.managers.AppiumDriverManager - Starting Appium session: http://127.0.0.1:4723 with caps Capabilities {appium:adbExecTimeout: 20000, appium:app: C:\Users\family\Desktop\pro..., appium:appActivity: .MainActivity, appium:appPackage: com.juanforeroaxpo.saucedemo, appium:autoGrantPermissions: true, appium:automationName: UiAutomator2, appium:clearSystemFiles: true, appium:disableWindowAnimation: false, appium:newCommandTimeout: 250, appium:noSign: true, appium:udid: b58c6ff4, appium:uiautomator2ServerInstallTimeout: 20000, platformName: ANDROID}
2026-08-31 23:04:38.654 [main] INFO  c.s.utils.helper.WebdriverHelper - Screen recording started
2026-08-31 23:04:38.979 [main] INFO  c.swaglabs.stepsDefs.LoginStepsDefs - User lands on the login page
2026-08-31 23:04:45.288 [main] INFO  c.swaglabs.stepsDefs.LoginStepsDefs - Logged in as standard_user
2026-08-31 23:04:46.836 [main] INFO  c.s.stepsDefs.ProductsStepsDefs - Products page is displayed
2026-08-31 23:04:46.961 [main] INFO  c.s.stepsDefs.ProductsStepsDefs - Product catalog has 6 products
2026-08-31 23:04:46.962 [main] INFO  com.swaglabs.hooks.Hooks - Scenario 'User can see the product catalog after login' PASSED.
2026-08-31 23:04:49.007 [main] INFO  c.s.managers.AppiumDriverManager - Local driver variables cleared
2026-08-31 23:04:49.007 [main] INFO  page_objects.PageObjectHelper - Page object instances cleared
2026-08-31 23:04:49.009 [main] INFO  com.swaglabs.hooks.Hooks - ******* Scenario: User can add a product to the cart started *******
2026-08-31 23:04:49.010 [main] INFO  c.s.managers.AppiumServerManager - Appium server already running on 127.0.0.1:4723 - stopping to reuse clean state
2026-08-31 23:04:49.035 [main] INFO  c.s.managers.AppiumServerManager - Appium server stopped
2026-08-31 23:04:52.172 [main] INFO  c.s.managers.AppiumServerManager - Appium server started on http://127.0.0.1:4723
2026-08-31 23:04:52.233 [main] INFO  com.swaglabs.device.DeviceManager - Using Android device: b58c6ff4
2026-08-31 23:04:52.379 [main] INFO  c.s.managers.AppiumDriverManager - Starting Appium session: http://127.0.0.1:4723 with caps Capabilities {appium:adbExecTimeout: 20000, appium:app: C:\Users\family\Desktop\pro..., appium:appActivity: .MainActivity, appium:appPackage: com.juanforeroaxpo.saucedemo, appium:autoGrantPermissions: true, appium:automationName: UiAutomator2, appium:clearSystemFiles: true, appium:disableWindowAnimation: false, appium:newCommandTimeout: 250, appium:noSign: true, appium:udid: b58c6ff4, appium:uiautomator2ServerInstallTimeout: 20000, platformName: ANDROID}
2026-08-31 23:04:59.824 [main] INFO  c.s.utils.helper.WebdriverHelper - Screen recording started
2026-08-31 23:05:00.087 [main] INFO  c.swaglabs.stepsDefs.LoginStepsDefs - User lands on the login page
2026-08-31 23:05:06.386 [main] INFO  c.swaglabs.stepsDefs.LoginStepsDefs - Logged in as standard_user
2026-08-31 23:05:08.238 [main] INFO  c.s.stepsDefs.ProductsStepsDefs - Added product at position 0 to the cart
2026-08-31 23:05:09.185 [main] INFO  com.swaglabs.hooks.Hooks - Scenario 'User can add a product to the cart' PASSED.
2026-08-31 23:05:10.999 [main] INFO  c.s.managers.AppiumDriverManager - Local driver variables cleared
2026-08-31 23:05:10.999 [main] INFO  page_objects.PageObjectHelper - Page object instances cleared
2026-08-31 23:05:11.002 [main] INFO  com.swaglabs.hooks.Hooks - ******* Scenario: User can open a product and view its details started *******
2026-08-31 23:05:11.002 [main] INFO  c.s.managers.AppiumServerManager - Appium server already running on 127.0.0.1:4723 - stopping to reuse clean state
2026-08-31 23:05:11.026 [main] INFO  c.s.managers.AppiumServerManager - Appium server stopped
2026-08-31 23:05:14.183 [main] INFO  c.s.managers.AppiumServerManager - Appium server started on http://127.0.0.1:4723
2026-08-31 23:05:14.234 [main] INFO  com.swaglabs.device.DeviceManager - Using Android device: b58c6ff4
2026-08-31 23:05:14.481 [main] INFO  c.s.managers.AppiumDriverManager - Starting Appium session: http://127.0.0.1:4723 with caps Capabilities {appium:adbExecTimeout: 20000, appium:app: C:\Users\family\Desktop\pro..., appium:appActivity: .MainActivity, appium:appPackage: com.juanforeroaxpo.saucedemo, appium:autoGrantPermissions: true, appium:automationName: UiAutomator2, appium:clearSystemFiles: true, appium:disableWindowAnimation: false, appium:newCommandTimeout: 250, appium:noSign: true, appium:udid: b58c6ff4, appium:uiautomator2ServerInstallTimeout: 20000, platformName: ANDROID}
2026-08-31 23:05:21.951 [main] INFO  c.s.utils.helper.WebdriverHelper - Screen recording started
2026-08-31 23:05:22.284 [main] INFO  c.swaglabs.stepsDefs.LoginStepsDefs - User lands on the login page
2026-08-31 23:05:28.537 [main] INFO  c.swaglabs.stepsDefs.LoginStepsDefs - Logged in as standard_user
2026-08-31 23:05:30.173 [main] INFO  c.s.stepsDefs.ProductsStepsDefs - Tapped product at position 0
2026-08-31 23:05:30.997 [main] INFO  c.s.stepsDefs.ProductsStepsDefs - Product detail page is displayed
2026-08-31 23:05:31.100 [main] INFO  c.s.stepsDefs.ProductsStepsDefs - Product title: Sauce Labs Backpack
2026-08-31 23:05:31.101 [main] INFO  com.swaglabs.hooks.Hooks - Scenario 'User can open a product and view its details' PASSED.
2026-08-31 23:05:32.921 [main] INFO  c.s.managers.AppiumDriverManager - Local driver variables cleared
2026-08-31 23:05:32.921 [main] INFO  page_objects.PageObjectHelper - Page object instances cleared
2026-08-31 23:05:32.946 [main] INFO  c.s.managers.AppiumServerManager - Appium server stopped
2026-08-31 23:05:32.946 [main] INFO  com.swaglabs.hooks.Hooks - Swag Labs automation finished.
2026-08-31 23:07:53.680 [main] INFO  c.s.managers.PropertiesManager - Loaded properties file: src/main/resources/project_properties/project_config_local.properties
2026-08-31 23:07:53.692 [main] INFO  c.s.capabilities.CapabilityManager - Loaded capabilities from C:\Users\family\Desktop\projects\swag-labs-mobile-nwdfew/src/main/resources/caps/local.json
2026-08-31 23:07:53.692 [main] INFO  com.swaglabs.hooks.Hooks - Swag Labs automation started. Platform=android, Environment=local
2026-08-31 23:07:53.879 [main] INFO  com.swaglabs.hooks.Hooks - ******* Scenario: User can add an item to the cart and verify it started *******
2026-08-31 23:07:57.524 [main] INFO  c.s.managers.AppiumServerManager - Appium server started on http://127.0.0.1:4723
2026-08-31 23:07:57.608 [main] INFO  com.swaglabs.device.DeviceManager - Using Android device: b58c6ff4
2026-08-31 23:07:57.766 [main] INFO  c.s.managers.AppiumDriverManager - Starting Appium session: http://127.0.0.1:4723 with caps Capabilities {appium:adbExecTimeout: 20000, appium:app: C:\Users\family\Desktop\pro..., appium:appActivity: .MainActivity, appium:appPackage: com.juanforeroaxpo.saucedemo, appium:autoGrantPermissions: true, appium:automationName: UiAutomator2, appium:clearSystemFiles: true, appium:disableWindowAnimation: false, appium:newCommandTimeout: 250, appium:noSign: true, appium:udid: b58c6ff4, appium:uiautomator2ServerInstallTimeout: 20000, platformName: ANDROID}
2026-08-31 23:08:05.467 [main] INFO  c.s.utils.helper.WebdriverHelper - Screen recording started
2026-08-31 23:08:06.192 [main] INFO  c.swaglabs.stepsDefs.LoginStepsDefs - User lands on the login page
2026-08-31 23:08:12.531 [main] INFO  c.swaglabs.stepsDefs.LoginStepsDefs - Logged in as standard_user
2026-08-31 23:08:14.151 [main] INFO  c.s.stepsDefs.ProductsStepsDefs - Added product at position 0 to the cart
2026-08-31 23:08:15.086 [main] INFO  c.swaglabs.stepsDefs.CartStepsDefs - Opened the cart
2026-08-31 23:08:16.006 [main] INFO  c.swaglabs.stepsDefs.CartStepsDefs - Cart page is displayed
2026-08-31 23:08:16.095 [main] INFO  c.swaglabs.stepsDefs.CartStepsDefs - Cart has 1 item(s)
2026-08-31 23:08:16.097 [main] INFO  com.swaglabs.hooks.Hooks - Scenario 'User can add an item to the cart and verify it' PASSED.
2026-08-31 23:08:18.048 [main] INFO  c.s.managers.AppiumDriverManager - Local driver variables cleared
2026-08-31 23:08:18.048 [main] INFO  page_objects.PageObjectHelper - Page object instances cleared
2026-08-31 23:08:18.055 [main] INFO  com.swaglabs.hooks.Hooks - ******* Scenario: User can remove an item from the cart started *******
2026-08-31 23:08:18.056 [main] INFO  c.s.managers.AppiumServerManager - Appium server already running on 127.0.0.1:4723 - stopping to reuse clean state
2026-08-31 23:08:18.083 [main] INFO  c.s.managers.AppiumServerManager - Appium server stopped
2026-08-31 23:08:21.211 [main] INFO  c.s.managers.AppiumServerManager - Appium server started on http://127.0.0.1:4723
2026-08-31 23:08:21.260 [main] INFO  com.swaglabs.device.DeviceManager - Using Android device: b58c6ff4
2026-08-31 23:08:21.407 [main] INFO  c.s.managers.AppiumDriverManager - Starting Appium session: http://127.0.0.1:4723 with caps Capabilities {appium:adbExecTimeout: 20000, appium:app: C:\Users\family\Desktop\pro..., appium:appActivity: .MainActivity, appium:appPackage: com.juanforeroaxpo.saucedemo, appium:autoGrantPermissions: true, appium:automationName: UiAutomator2, appium:clearSystemFiles: true, appium:disableWindowAnimation: false, appium:newCommandTimeout: 250, appium:noSign: true, appium:udid: b58c6ff4, appium:uiautomator2ServerInstallTimeout: 20000, platformName: ANDROID}
2026-08-31 23:08:28.641 [main] INFO  c.s.utils.helper.WebdriverHelper - Screen recording started
2026-08-31 23:08:28.944 [main] INFO  c.swaglabs.stepsDefs.LoginStepsDefs - User lands on the login page
2026-08-31 23:08:35.703 [main] INFO  c.swaglabs.stepsDefs.LoginStepsDefs - Logged in as standard_user
2026-08-31 23:08:37.322 [main] INFO  c.s.stepsDefs.ProductsStepsDefs - Added product at position 0 to the cart
2026-08-31 23:08:38.239 [main] INFO  c.swaglabs.stepsDefs.CartStepsDefs - Opened the cart
2026-08-31 23:08:39.629 [main] INFO  c.swaglabs.stepsDefs.CartStepsDefs - Removed cart item at position 0
2026-08-31 23:08:40.548 [main] INFO  c.swaglabs.stepsDefs.CartStepsDefs - Cart is empty
2026-08-31 23:08:40.549 [main] INFO  com.swaglabs.hooks.Hooks - Scenario 'User can remove an item from the cart' PASSED.
2026-08-31 23:08:42.432 [main] INFO  c.s.managers.AppiumDriverManager - Local driver variables cleared
2026-08-31 23:08:42.433 [main] INFO  page_objects.PageObjectHelper - Page object instances cleared
2026-08-31 23:08:42.440 [main] INFO  com.swaglabs.hooks.Hooks - ******* Scenario: User completes a full purchase started *******
2026-08-31 23:08:42.441 [main] INFO  c.s.managers.AppiumServerManager - Appium server already running on 127.0.0.1:4723 - stopping to reuse clean state
2026-08-31 23:08:42.465 [main] INFO  c.s.managers.AppiumServerManager - Appium server stopped
2026-08-31 23:08:45.648 [main] INFO  c.s.managers.AppiumServerManager - Appium server started on http://127.0.0.1:4723
2026-08-31 23:08:45.720 [main] INFO  com.swaglabs.device.DeviceManager - Using Android device: b58c6ff4
2026-08-31 23:08:45.884 [main] INFO  c.s.managers.AppiumDriverManager - Starting Appium session: http://127.0.0.1:4723 with caps Capabilities {appium:adbExecTimeout: 20000, appium:app: C:\Users\family\Desktop\pro..., appium:appActivity: .MainActivity, appium:appPackage: com.juanforeroaxpo.saucedemo, appium:autoGrantPermissions: true, appium:automationName: UiAutomator2, appium:clearSystemFiles: true, appium:disableWindowAnimation: false, appium:newCommandTimeout: 250, appium:noSign: true, appium:udid: b58c6ff4, appium:uiautomator2ServerInstallTimeout: 20000, platformName: ANDROID}
2026-08-31 23:08:53.219 [main] INFO  c.s.utils.helper.WebdriverHelper - Screen recording started
2026-08-31 23:08:53.503 [main] INFO  c.swaglabs.stepsDefs.LoginStepsDefs - User lands on the login page
2026-08-31 23:08:59.960 [main] INFO  c.swaglabs.stepsDefs.LoginStepsDefs - Logged in as standard_user
2026-08-31 23:09:01.596 [main] INFO  c.s.stepsDefs.ProductsStepsDefs - Added product at position 0 to the cart
2026-08-31 23:09:02.498 [main] INFO  c.swaglabs.stepsDefs.CartStepsDefs - Opened the cart
2026-08-31 23:09:03.350 [main] INFO  c.s.stepsDefs.CheckoutStepsDefs - Proceeded to checkout
2026-08-31 23:09:04.222 [main] INFO  c.s.stepsDefs.CheckoutStepsDefs - Checkout info page is displayed
2026-08-31 23:09:13.400 [main] INFO  c.s.stepsDefs.CheckoutStepsDefs - Entered shipping info: John Doe 12345
2026-08-31 23:09:14.276 [main] INFO  c.s.stepsDefs.CheckoutStepsDefs - Continued to overview page
2026-08-31 23:09:15.937 [main] INFO  c.s.stepsDefs.CheckoutStepsDefs - Checkout overview page is displayed
2026-08-31 23:09:16.399 [main] INFO  c.s.stepsDefs.CheckoutStepsDefs - Finished the order
2026-08-31 23:09:17.469 [main] INFO  c.s.stepsDefs.CheckoutStepsDefs - Checkout completion page is displayed
2026-08-31 23:09:17.686 [main] INFO  c.s.stepsDefs.CheckoutStepsDefs - Went back home
2026-08-31 23:09:17.686 [main] INFO  com.swaglabs.hooks.Hooks - Scenario 'User completes a full purchase' PASSED.
2026-08-31 23:09:19.822 [main] INFO  c.s.managers.AppiumDriverManager - Local driver variables cleared
2026-08-31 23:09:19.822 [main] INFO  page_objects.PageObjectHelper - Page object instances cleared
2026-08-31 23:09:19.829 [main] INFO  com.swaglabs.hooks.Hooks - ******* Scenario: Problem user cannot complete the purchase (last name is not retained) started *******
2026-08-31 23:09:19.830 [main] INFO  c.s.managers.AppiumServerManager - Appium server already running on 127.0.0.1:4723 - stopping to reuse clean state
2026-08-31 23:09:19.858 [main] INFO  c.s.managers.AppiumServerManager - Appium server stopped
2026-08-31 23:09:22.990 [main] INFO  c.s.managers.AppiumServerManager - Appium server started on http://127.0.0.1:4723
2026-08-31 23:09:23.043 [main] INFO  com.swaglabs.device.DeviceManager - Using Android device: b58c6ff4
2026-08-31 23:09:23.212 [main] INFO  c.s.managers.AppiumDriverManager - Starting Appium session: http://127.0.0.1:4723 with caps Capabilities {appium:adbExecTimeout: 20000, appium:app: C:\Users\family\Desktop\pro..., appium:appActivity: .MainActivity, appium:appPackage: com.juanforeroaxpo.saucedemo, appium:autoGrantPermissions: true, appium:automationName: UiAutomator2, appium:clearSystemFiles: true, appium:disableWindowAnimation: false, appium:newCommandTimeout: 250, appium:noSign: true, appium:udid: b58c6ff4, appium:uiautomator2ServerInstallTimeout: 20000, platformName: ANDROID}
2026-08-31 23:09:30.662 [main] INFO  c.s.utils.helper.WebdriverHelper - Screen recording started
2026-08-31 23:09:30.984 [main] INFO  c.swaglabs.stepsDefs.LoginStepsDefs - User lands on the login page
2026-08-31 23:09:37.716 [main] INFO  c.swaglabs.stepsDefs.LoginStepsDefs - Logged in as problem_user
2026-08-31 23:09:40.227 [main] INFO  c.s.stepsDefs.ProductsStepsDefs - Added product at position 0 to the cart
2026-08-31 23:09:40.322 [main] INFO  c.swaglabs.stepsDefs.CartStepsDefs - Opened the cart
2026-08-31 23:09:41.191 [main] INFO  c.s.stepsDefs.CheckoutStepsDefs - Proceeded to checkout
2026-08-31 23:09:42.114 [main] INFO  c.s.stepsDefs.CheckoutStepsDefs - Checkout info page is displayed
2026-08-31 23:09:51.024 [main] INFO  c.s.stepsDefs.CheckoutStepsDefs - Entered shipping info: John Doe 12345
2026-08-31 23:09:52.301 [main] INFO  c.s.stepsDefs.CheckoutStepsDefs - Continued to overview page
2026-08-31 23:10:03.230 [main] INFO  com.swaglabs.hooks.Hooks - Scenario 'Problem user cannot complete the purchase (last name is not retained)' FAILED. Capturing screenshot...
2026-08-31 23:10:05.199 [main] INFO  c.s.utils.helper.WebdriverHelper - Recording saved and attached to failed scenario 'Problem user cannot complete the purchase (last name is not retained)'
2026-08-31 23:10:06.059 [main] INFO  c.s.managers.AppiumDriverManager - Local driver variables cleared
2026-08-31 23:10:06.060 [main] INFO  page_objects.PageObjectHelper - Page object instances cleared
2026-08-31 23:10:06.074 [main] INFO  com.swaglabs.hooks.Hooks - ******* Scenario: Performance glitch user completes a full purchase started *******
2026-08-31 23:10:06.074 [main] INFO  c.s.managers.AppiumServerManager - Appium server already running on 127.0.0.1:4723 - stopping to reuse clean state
2026-08-31 23:10:06.100 [main] INFO  c.s.managers.AppiumServerManager - Appium server stopped
2026-08-31 23:10:09.212 [main] INFO  c.s.managers.AppiumServerManager - Appium server started on http://127.0.0.1:4723
2026-08-31 23:10:09.264 [main] INFO  com.swaglabs.device.DeviceManager - Using Android device: b58c6ff4
2026-08-31 23:10:09.417 [main] INFO  c.s.managers.AppiumDriverManager - Starting Appium session: http://127.0.0.1:4723 with caps Capabilities {appium:adbExecTimeout: 20000, appium:app: C:\Users\family\Desktop\pro..., appium:appActivity: .MainActivity, appium:appPackage: com.juanforeroaxpo.saucedemo, appium:autoGrantPermissions: true, appium:automationName: UiAutomator2, appium:clearSystemFiles: true, appium:disableWindowAnimation: false, appium:newCommandTimeout: 250, appium:noSign: true, appium:udid: b58c6ff4, appium:uiautomator2ServerInstallTimeout: 20000, platformName: ANDROID}
2026-08-31 23:10:16.748 [main] INFO  c.s.utils.helper.WebdriverHelper - Screen recording started
2026-08-31 23:10:17.095 [main] INFO  c.swaglabs.stepsDefs.LoginStepsDefs - User lands on the login page
2026-08-31 23:10:23.626 [main] INFO  c.swaglabs.stepsDefs.LoginStepsDefs - Logged in as performance_glitch_user
2026-08-31 23:10:28.672 [main] INFO  c.s.stepsDefs.ProductsStepsDefs - Added product at position 0 to the cart
2026-08-31 23:10:29.402 [main] INFO  c.swaglabs.stepsDefs.CartStepsDefs - Opened the cart
2026-08-31 23:10:33.031 [main] INFO  c.s.stepsDefs.CheckoutStepsDefs - Proceeded to checkout
2026-08-31 23:10:34.353 [main] INFO  c.s.stepsDefs.CheckoutStepsDefs - Checkout info page is displayed
2026-08-31 23:10:43.255 [main] INFO  c.s.stepsDefs.CheckoutStepsDefs - Entered shipping info: John Doe 12345
2026-08-31 23:10:44.140 [main] INFO  c.s.stepsDefs.CheckoutStepsDefs - Continued to overview page
2026-08-31 23:10:46.102 [main] INFO  c.s.stepsDefs.CheckoutStepsDefs - Checkout overview page is displayed
2026-08-31 23:10:46.369 [main] INFO  c.s.stepsDefs.CheckoutStepsDefs - Finished the order
2026-08-31 23:10:51.182 [main] INFO  c.s.stepsDefs.CheckoutStepsDefs - Checkout completion page is displayed
2026-08-31 23:10:51.357 [main] INFO  c.s.stepsDefs.CheckoutStepsDefs - Went back home
2026-08-31 23:10:51.358 [main] INFO  com.swaglabs.hooks.Hooks - Scenario 'Performance glitch user completes a full purchase' PASSED.
2026-08-31 23:10:53.393 [main] INFO  c.s.managers.AppiumDriverManager - Local driver variables cleared
2026-08-31 23:10:53.393 [main] INFO  page_objects.PageObjectHelper - Page object instances cleared
2026-08-31 23:10:53.400 [main] INFO  com.swaglabs.hooks.Hooks - ******* Scenario: Standard user can log in successfully started *******
2026-08-31 23:10:53.401 [main] INFO  c.s.managers.AppiumServerManager - Appium server already running on 127.0.0.1:4723 - stopping to reuse clean state
2026-08-31 23:10:53.435 [main] INFO  c.s.managers.AppiumServerManager - Appium server stopped
2026-08-31 23:10:56.913 [main] INFO  c.s.managers.AppiumServerManager - Appium server started on http://127.0.0.1:4723
2026-08-31 23:10:56.973 [main] INFO  com.swaglabs.device.DeviceManager - Using Android device: b58c6ff4
2026-08-31 23:10:57.133 [main] INFO  c.s.managers.AppiumDriverManager - Starting Appium session: http://127.0.0.1:4723 with caps Capabilities {appium:adbExecTimeout: 20000, appium:app: C:\Users\family\Desktop\pro..., appium:appActivity: .MainActivity, appium:appPackage: com.juanforeroaxpo.saucedemo, appium:autoGrantPermissions: true, appium:automationName: UiAutomator2, appium:clearSystemFiles: true, appium:disableWindowAnimation: false, appium:newCommandTimeout: 250, appium:noSign: true, appium:udid: b58c6ff4, appium:uiautomator2ServerInstallTimeout: 20000, platformName: ANDROID}
2026-08-31 23:11:04.835 [main] INFO  c.s.utils.helper.WebdriverHelper - Screen recording started
2026-08-31 23:11:05.161 [main] INFO  c.swaglabs.stepsDefs.LoginStepsDefs - User lands on the login page
2026-08-31 23:11:11.457 [main] INFO  c.swaglabs.stepsDefs.LoginStepsDefs - Logged in as standard_user
2026-08-31 23:11:13.562 [main] INFO  c.s.stepsDefs.ProductsStepsDefs - Products page is displayed
2026-08-31 23:11:13.562 [main] INFO  com.swaglabs.hooks.Hooks - Scenario 'Standard user can log in successfully' PASSED.
2026-08-31 23:11:15.413 [main] INFO  c.s.managers.AppiumDriverManager - Local driver variables cleared
2026-08-31 23:11:15.413 [main] INFO  page_objects.PageObjectHelper - Page object instances cleared
2026-08-31 23:11:15.416 [main] INFO  com.swaglabs.hooks.Hooks - ******* Scenario: Locked out user is blocked from logging in started *******
2026-08-31 23:11:15.417 [main] INFO  c.s.managers.AppiumServerManager - Appium server already running on 127.0.0.1:4723 - stopping to reuse clean state
2026-08-31 23:11:15.443 [main] INFO  c.s.managers.AppiumServerManager - Appium server stopped
2026-08-31 23:11:19.920 [main] INFO  c.s.managers.AppiumServerManager - Appium server started on http://127.0.0.1:4723
2026-08-31 23:11:19.986 [main] INFO  com.swaglabs.device.DeviceManager - Using Android device: b58c6ff4
2026-08-31 23:11:20.173 [main] INFO  c.s.managers.AppiumDriverManager - Starting Appium session: http://127.0.0.1:4723 with caps Capabilities {appium:adbExecTimeout: 20000, appium:app: C:\Users\family\Desktop\pro..., appium:appActivity: .MainActivity, appium:appPackage: com.juanforeroaxpo.saucedemo, appium:autoGrantPermissions: true, appium:automationName: UiAutomator2, appium:clearSystemFiles: true, appium:disableWindowAnimation: false, appium:newCommandTimeout: 250, appium:noSign: true, appium:udid: b58c6ff4, appium:uiautomator2ServerInstallTimeout: 20000, platformName: ANDROID}
2026-08-31 23:11:28.009 [main] INFO  c.s.utils.helper.WebdriverHelper - Screen recording started
2026-08-31 23:11:28.332 [main] INFO  c.swaglabs.stepsDefs.LoginStepsDefs - User lands on the login page
2026-08-31 23:11:34.679 [main] INFO  c.swaglabs.stepsDefs.LoginStepsDefs - Logged in as locked_out_user
2026-08-31 23:11:46.164 [main] INFO  com.swaglabs.hooks.Hooks - Scenario 'Locked out user is blocked from logging in' FAILED. Capturing screenshot...
2026-08-31 23:11:47.846 [main] INFO  c.s.utils.helper.WebdriverHelper - Recording saved and attached to failed scenario 'Locked out user is blocked from logging in'
2026-08-31 23:11:48.710 [main] INFO  c.s.managers.AppiumDriverManager - Local driver variables cleared
2026-08-31 23:11:48.710 [main] INFO  page_objects.PageObjectHelper - Page object instances cleared
2026-08-31 23:11:48.725 [main] INFO  com.swaglabs.hooks.Hooks - ******* Scenario: User can see the product catalog after login started *******
2026-08-31 23:11:48.725 [main] INFO  c.s.managers.AppiumServerManager - Appium server already running on 127.0.0.1:4723 - stopping to reuse clean state
2026-08-31 23:11:48.755 [main] INFO  c.s.managers.AppiumServerManager - Appium server stopped
2026-08-31 23:11:52.613 [main] INFO  c.s.managers.AppiumServerManager - Appium server started on http://127.0.0.1:4723
2026-08-31 23:11:52.673 [main] INFO  com.swaglabs.device.DeviceManager - Using Android device: b58c6ff4
2026-08-31 23:11:52.863 [main] INFO  c.s.managers.AppiumDriverManager - Starting Appium session: http://127.0.0.1:4723 with caps Capabilities {appium:adbExecTimeout: 20000, appium:app: C:\Users\family\Desktop\pro..., appium:appActivity: .MainActivity, appium:appPackage: com.juanforeroaxpo.saucedemo, appium:autoGrantPermissions: true, appium:automationName: UiAutomator2, appium:clearSystemFiles: true, appium:disableWindowAnimation: false, appium:newCommandTimeout: 250, appium:noSign: true, appium:udid: b58c6ff4, appium:uiautomator2ServerInstallTimeout: 20000, platformName: ANDROID}
2026-08-31 23:12:00.688 [main] INFO  c.s.utils.helper.WebdriverHelper - Screen recording started
2026-08-31 23:12:00.847 [main] INFO  c.swaglabs.stepsDefs.LoginStepsDefs - User lands on the login page
2026-08-31 23:12:07.158 [main] INFO  c.swaglabs.stepsDefs.LoginStepsDefs - Logged in as standard_user
2026-08-31 23:12:08.660 [main] INFO  c.s.stepsDefs.ProductsStepsDefs - Products page is displayed
2026-08-31 23:12:08.801 [main] INFO  c.s.stepsDefs.ProductsStepsDefs - Product catalog has 6 products
2026-08-31 23:12:08.803 [main] INFO  com.swaglabs.hooks.Hooks - Scenario 'User can see the product catalog after login' PASSED.
2026-08-31 23:12:10.742 [main] INFO  c.s.managers.AppiumDriverManager - Local driver variables cleared
2026-08-31 23:12:10.742 [main] INFO  page_objects.PageObjectHelper - Page object instances cleared
2026-08-31 23:12:10.745 [main] INFO  com.swaglabs.hooks.Hooks - ******* Scenario: User can add a product to the cart started *******
2026-08-31 23:12:10.746 [main] INFO  c.s.managers.AppiumServerManager - Appium server already running on 127.0.0.1:4723 - stopping to reuse clean state
2026-08-31 23:12:10.773 [main] INFO  c.s.managers.AppiumServerManager - Appium server stopped
2026-08-31 23:12:14.576 [main] INFO  c.s.managers.AppiumServerManager - Appium server started on http://127.0.0.1:4723
2026-08-31 23:12:14.650 [main] INFO  com.swaglabs.device.DeviceManager - Using Android device: b58c6ff4
2026-08-31 23:12:14.798 [main] INFO  c.s.managers.AppiumDriverManager - Starting Appium session: http://127.0.0.1:4723 with caps Capabilities {appium:adbExecTimeout: 20000, appium:app: C:\Users\family\Desktop\pro..., appium:appActivity: .MainActivity, appium:appPackage: com.juanforeroaxpo.saucedemo, appium:autoGrantPermissions: true, appium:automationName: UiAutomator2, appium:clearSystemFiles: true, appium:disableWindowAnimation: false, appium:newCommandTimeout: 250, appium:noSign: true, appium:udid: b58c6ff4, appium:uiautomator2ServerInstallTimeout: 20000, platformName: ANDROID}
2026-08-31 23:12:22.289 [main] INFO  c.s.utils.helper.WebdriverHelper - Screen recording started
2026-08-31 23:12:22.644 [main] INFO  c.swaglabs.stepsDefs.LoginStepsDefs - User lands on the login page
2026-08-31 23:12:29.092 [main] INFO  c.swaglabs.stepsDefs.LoginStepsDefs - Logged in as standard_user
2026-08-31 23:12:30.596 [main] INFO  c.s.stepsDefs.ProductsStepsDefs - Added product at position 0 to the cart
2026-08-31 23:12:31.990 [main] INFO  com.swaglabs.hooks.Hooks - Scenario 'User can add a product to the cart' PASSED.
2026-08-31 23:12:33.864 [main] INFO  c.s.managers.AppiumDriverManager - Local driver variables cleared
2026-08-31 23:12:33.864 [main] INFO  page_objects.PageObjectHelper - Page object instances cleared
2026-08-31 23:12:33.868 [main] INFO  com.swaglabs.hooks.Hooks - ******* Scenario: User can open a product and view its details started *******
2026-08-31 23:12:33.868 [main] INFO  c.s.managers.AppiumServerManager - Appium server already running on 127.0.0.1:4723 - stopping to reuse clean state
2026-08-31 23:12:33.894 [main] INFO  c.s.managers.AppiumServerManager - Appium server stopped
2026-08-31 23:12:37.953 [main] INFO  c.s.managers.AppiumServerManager - Appium server started on http://127.0.0.1:4723
2026-08-31 23:12:38.016 [main] INFO  com.swaglabs.device.DeviceManager - Using Android device: b58c6ff4
2026-08-31 23:12:38.208 [main] INFO  c.s.managers.AppiumDriverManager - Starting Appium session: http://127.0.0.1:4723 with caps Capabilities {appium:adbExecTimeout: 20000, appium:app: C:\Users\family\Desktop\pro..., appium:appActivity: .MainActivity, appium:appPackage: com.juanforeroaxpo.saucedemo, appium:autoGrantPermissions: true, appium:automationName: UiAutomator2, appium:clearSystemFiles: true, appium:disableWindowAnimation: false, appium:newCommandTimeout: 250, appium:noSign: true, appium:udid: b58c6ff4, appium:uiautomator2ServerInstallTimeout: 20000, platformName: ANDROID}
2026-08-31 23:12:45.918 [main] INFO  c.s.utils.helper.WebdriverHelper - Screen recording started
2026-08-31 23:12:46.203 [main] INFO  c.swaglabs.stepsDefs.LoginStepsDefs - User lands on the login page
2026-08-31 23:12:52.498 [main] INFO  c.swaglabs.stepsDefs.LoginStepsDefs - Logged in as standard_user
2026-08-31 23:12:54.203 [main] INFO  c.s.stepsDefs.ProductsStepsDefs - Tapped product at position 0
2026-08-31 23:12:54.992 [main] INFO  c.s.stepsDefs.ProductsStepsDefs - Product detail page is displayed
2026-08-31 23:12:55.102 [main] INFO  c.s.stepsDefs.ProductsStepsDefs - Product title: Sauce Labs Backpack
2026-08-31 23:12:55.103 [main] INFO  com.swaglabs.hooks.Hooks - Scenario 'User can open a product and view its details' PASSED.
2026-08-31 23:12:56.928 [main] INFO  c.s.managers.AppiumDriverManager - Local driver variables cleared
2026-08-31 23:12:56.928 [main] INFO  page_objects.PageObjectHelper - Page object instances cleared
2026-08-31 23:12:56.954 [main] INFO  c.s.managers.AppiumServerManager - Appium server stopped
2026-08-31 23:12:56.954 [main] INFO  com.swaglabs.hooks.Hooks - Swag Labs automation finished.
2026-08-31 23:14:36.510 [main] INFO  c.s.managers.PropertiesManager - Loaded properties file: src/main/resources/project_properties/project_config_local.properties
2026-08-31 23:14:36.528 [main] INFO  c.s.capabilities.CapabilityManager - Loaded capabilities from C:\Users\family\Desktop\projects\swag-labs-mobile-nwdfew/src/main/resources/caps/local.json
2026-08-31 23:14:36.529 [main] INFO  com.swaglabs.hooks.Hooks - Swag Labs automation started. Platform=android, Environment=local
2026-08-31 23:14:36.759 [main] INFO  com.swaglabs.hooks.Hooks - ******* Scenario: User can add an item to the cart and verify it started *******
2026-08-31 23:14:40.441 [main] INFO  c.s.managers.AppiumServerManager - Appium server started on http://127.0.0.1:4723
2026-08-31 23:14:40.514 [main] INFO  com.swaglabs.device.DeviceManager - Using Android device: b58c6ff4
2026-08-31 23:14:40.679 [main] INFO  c.s.managers.AppiumDriverManager - Starting Appium session: http://127.0.0.1:4723 with caps Capabilities {appium:adbExecTimeout: 20000, appium:app: C:\Users\family\Desktop\pro..., appium:appActivity: .MainActivity, appium:appPackage: com.juanforeroaxpo.saucedemo, appium:autoGrantPermissions: true, appium:automationName: UiAutomator2, appium:clearSystemFiles: true, appium:disableWindowAnimation: false, appium:newCommandTimeout: 250, appium:noSign: true, appium:udid: b58c6ff4, appium:uiautomator2ServerInstallTimeout: 20000, platformName: ANDROID}
2026-08-31 23:14:48.638 [main] INFO  c.s.utils.helper.WebdriverHelper - Screen recording started
2026-08-31 23:14:49.364 [main] INFO  c.swaglabs.stepsDefs.LoginStepsDefs - User lands on the login page
2026-08-31 23:14:55.777 [main] INFO  c.swaglabs.stepsDefs.LoginStepsDefs - Logged in as standard_user
2026-08-31 23:14:57.430 [main] INFO  c.s.stepsDefs.ProductsStepsDefs - Added product at position 0 to the cart
2026-08-31 23:14:58.348 [main] INFO  c.swaglabs.stepsDefs.CartStepsDefs - Opened the cart
2026-08-31 23:14:59.024 [main] INFO  c.swaglabs.stepsDefs.CartStepsDefs - Cart page is displayed
2026-08-31 23:14:59.111 [main] INFO  c.swaglabs.stepsDefs.CartStepsDefs - Cart has 1 item(s)
2026-08-31 23:14:59.112 [main] INFO  com.swaglabs.hooks.Hooks - Scenario 'User can add an item to the cart and verify it' PASSED.
2026-08-31 23:15:01.209 [main] INFO  c.s.managers.AppiumDriverManager - Local driver variables cleared
2026-08-31 23:15:01.210 [main] INFO  page_objects.PageObjectHelper - Page object instances cleared
2026-08-31 23:15:01.222 [main] INFO  com.swaglabs.hooks.Hooks - ******* Scenario: User can remove an item from the cart started *******
2026-08-31 23:15:01.223 [main] INFO  c.s.managers.AppiumServerManager - Appium server already running on 127.0.0.1:4723 - stopping to reuse clean state
2026-08-31 23:15:01.245 [main] INFO  c.s.managers.AppiumServerManager - Appium server stopped
2026-08-31 23:15:04.677 [main] INFO  c.s.managers.AppiumServerManager - Appium server started on http://127.0.0.1:4723
2026-08-31 23:15:04.726 [main] INFO  com.swaglabs.device.DeviceManager - Using Android device: b58c6ff4
2026-08-31 23:15:04.884 [main] INFO  c.s.managers.AppiumDriverManager - Starting Appium session: http://127.0.0.1:4723 with caps Capabilities {appium:adbExecTimeout: 20000, appium:app: C:\Users\family\Desktop\pro..., appium:appActivity: .MainActivity, appium:appPackage: com.juanforeroaxpo.saucedemo, appium:autoGrantPermissions: true, appium:automationName: UiAutomator2, appium:clearSystemFiles: true, appium:disableWindowAnimation: false, appium:newCommandTimeout: 250, appium:noSign: true, appium:udid: b58c6ff4, appium:uiautomator2ServerInstallTimeout: 20000, platformName: ANDROID}
2026-08-31 23:15:12.151 [main] INFO  c.s.utils.helper.WebdriverHelper - Screen recording started
2026-08-31 23:15:12.504 [main] INFO  c.swaglabs.stepsDefs.LoginStepsDefs - User lands on the login page
2026-08-31 23:15:18.866 [main] INFO  c.swaglabs.stepsDefs.LoginStepsDefs - Logged in as standard_user
2026-08-31 23:15:20.503 [main] INFO  c.s.stepsDefs.ProductsStepsDefs - Added product at position 0 to the cart
2026-08-31 23:15:21.437 [main] INFO  c.swaglabs.stepsDefs.CartStepsDefs - Opened the cart
2026-08-31 23:15:22.725 [main] INFO  c.swaglabs.stepsDefs.CartStepsDefs - Removed cart item at position 0
2026-08-31 23:15:24.090 [main] INFO  c.swaglabs.stepsDefs.CartStepsDefs - Cart is empty
2026-08-31 23:15:24.090 [main] INFO  com.swaglabs.hooks.Hooks - Scenario 'User can remove an item from the cart' PASSED.
2026-08-31 23:15:26.129 [main] INFO  c.s.managers.AppiumDriverManager - Local driver variables cleared
2026-08-31 23:15:26.129 [main] INFO  page_objects.PageObjectHelper - Page object instances cleared
2026-08-31 23:15:26.142 [main] INFO  com.swaglabs.hooks.Hooks - ******* Scenario: User completes a full purchase started *******
2026-08-31 23:15:26.143 [main] INFO  c.s.managers.AppiumServerManager - Appium server already running on 127.0.0.1:4723 - stopping to reuse clean state
2026-08-31 23:15:26.172 [main] INFO  c.s.managers.AppiumServerManager - Appium server stopped
2026-08-31 23:15:30.281 [main] INFO  c.s.managers.AppiumServerManager - Appium server started on http://127.0.0.1:4723
2026-08-31 23:15:30.336 [main] INFO  com.swaglabs.device.DeviceManager - Using Android device: b58c6ff4
2026-08-31 23:15:30.505 [main] INFO  c.s.managers.AppiumDriverManager - Starting Appium session: http://127.0.0.1:4723 with caps Capabilities {appium:adbExecTimeout: 20000, appium:app: C:\Users\family\Desktop\pro..., appium:appActivity: .MainActivity, appium:appPackage: com.juanforeroaxpo.saucedemo, appium:autoGrantPermissions: true, appium:automationName: UiAutomator2, appium:clearSystemFiles: true, appium:disableWindowAnimation: false, appium:newCommandTimeout: 250, appium:noSign: true, appium:udid: b58c6ff4, appium:uiautomator2ServerInstallTimeout: 20000, platformName: ANDROID}
2026-08-31 23:15:38.210 [main] INFO  c.s.utils.helper.WebdriverHelper - Screen recording started
2026-08-31 23:15:38.511 [main] INFO  c.swaglabs.stepsDefs.LoginStepsDefs - User lands on the login page
2026-08-31 23:15:44.827 [main] INFO  c.swaglabs.stepsDefs.LoginStepsDefs - Logged in as standard_user
2026-08-31 23:15:46.481 [main] INFO  c.s.stepsDefs.ProductsStepsDefs - Added product at position 0 to the cart
2026-08-31 23:15:47.400 [main] INFO  c.swaglabs.stepsDefs.CartStepsDefs - Opened the cart
2026-08-31 23:15:48.521 [main] INFO  c.s.stepsDefs.CheckoutStepsDefs - Proceeded to checkout
2026-08-31 23:15:49.358 [main] INFO  c.s.stepsDefs.CheckoutStepsDefs - Checkout info page is displayed
2026-08-31 23:15:57.905 [main] INFO  c.s.stepsDefs.CheckoutStepsDefs - Entered shipping info: John Doe 12345
2026-08-31 23:15:58.793 [main] INFO  c.s.stepsDefs.CheckoutStepsDefs - Continued to overview page
2026-08-31 23:16:00.456 [main] INFO  c.s.stepsDefs.CheckoutStepsDefs - Checkout overview page is displayed
2026-08-31 23:16:00.998 [main] INFO  c.s.stepsDefs.CheckoutStepsDefs - Finished the order
2026-08-31 23:16:02.073 [main] INFO  c.s.stepsDefs.CheckoutStepsDefs - Checkout completion page is displayed
2026-08-31 23:16:02.286 [main] INFO  c.s.stepsDefs.CheckoutStepsDefs - Went back home
2026-08-31 23:16:02.289 [main] INFO  com.swaglabs.hooks.Hooks - Scenario 'User completes a full purchase' PASSED.
2026-08-31 23:16:04.448 [main] INFO  c.s.managers.AppiumDriverManager - Local driver variables cleared
2026-08-31 23:16:04.448 [main] INFO  page_objects.PageObjectHelper - Page object instances cleared
2026-08-31 23:16:04.456 [main] INFO  com.swaglabs.hooks.Hooks - ******* Scenario: Problem user cannot complete the purchase (last name is not retained) started *******
2026-08-31 23:16:04.457 [main] INFO  c.s.managers.AppiumServerManager - Appium server already running on 127.0.0.1:4723 - stopping to reuse clean state
2026-08-31 23:16:04.486 [main] INFO  c.s.managers.AppiumServerManager - Appium server stopped
2026-08-31 23:16:08.256 [main] INFO  c.s.managers.AppiumServerManager - Appium server started on http://127.0.0.1:4723
2026-08-31 23:16:08.324 [main] INFO  com.swaglabs.device.DeviceManager - Using Android device: b58c6ff4
2026-08-31 23:16:08.520 [main] INFO  c.s.managers.AppiumDriverManager - Starting Appium session: http://127.0.0.1:4723 with caps Capabilities {appium:adbExecTimeout: 20000, appium:app: C:\Users\family\Desktop\pro..., appium:appActivity: .MainActivity, appium:appPackage: com.juanforeroaxpo.saucedemo, appium:autoGrantPermissions: true, appium:automationName: UiAutomator2, appium:clearSystemFiles: true, appium:disableWindowAnimation: false, appium:newCommandTimeout: 250, appium:noSign: true, appium:udid: b58c6ff4, appium:uiautomator2ServerInstallTimeout: 20000, platformName: ANDROID}
2026-08-31 23:16:15.924 [main] INFO  c.s.utils.helper.WebdriverHelper - Screen recording started
2026-08-31 23:16:16.255 [main] INFO  c.swaglabs.stepsDefs.LoginStepsDefs - User lands on the login page
2026-08-31 23:16:22.650 [main] INFO  c.swaglabs.stepsDefs.LoginStepsDefs - Logged in as problem_user
2026-08-31 23:16:24.797 [main] INFO  c.s.stepsDefs.ProductsStepsDefs - Added product at position 0 to the cart
2026-08-31 23:16:25.691 [main] INFO  c.swaglabs.stepsDefs.CartStepsDefs - Opened the cart
2026-08-31 23:16:26.776 [main] INFO  c.s.stepsDefs.CheckoutStepsDefs - Proceeded to checkout
2026-08-31 23:16:27.640 [main] INFO  c.s.stepsDefs.CheckoutStepsDefs - Checkout info page is displayed
2026-08-31 23:16:36.243 [main] INFO  c.s.stepsDefs.CheckoutStepsDefs - Entered shipping info: John Doe 12345
2026-08-31 23:16:37.151 [main] INFO  c.s.stepsDefs.CheckoutStepsDefs - Continued to overview page
2026-08-31 23:16:58.335 [main] INFO  com.swaglabs.hooks.Hooks - Scenario 'Problem user cannot complete the purchase (last name is not retained)' FAILED. Capturing screenshot...
2026-08-31 23:17:00.212 [main] INFO  c.s.utils.helper.WebdriverHelper - Recording saved and attached to failed scenario 'Problem user cannot complete the purchase (last name is not retained)'
2026-08-31 23:17:00.922 [main] INFO  c.s.managers.AppiumDriverManager - Local driver variables cleared
2026-08-31 23:17:00.922 [main] INFO  page_objects.PageObjectHelper - Page object instances cleared
2026-08-31 23:17:00.935 [main] INFO  com.swaglabs.hooks.Hooks - ******* Scenario: Performance glitch user completes a full purchase started *******
2026-08-31 23:17:00.936 [main] INFO  c.s.managers.AppiumServerManager - Appium server already running on 127.0.0.1:4723 - stopping to reuse clean state
2026-08-31 23:17:00.960 [main] INFO  c.s.managers.AppiumServerManager - Appium server stopped
2026-08-31 23:17:06.445 [main] INFO  c.s.managers.AppiumServerManager - Appium server started on http://127.0.0.1:4723
2026-08-31 23:17:06.514 [main] INFO  com.swaglabs.device.DeviceManager - Using Android device: b58c6ff4
2026-08-31 23:17:06.733 [main] INFO  c.s.managers.AppiumDriverManager - Starting Appium session: http://127.0.0.1:4723 with caps Capabilities {appium:adbExecTimeout: 20000, appium:app: C:\Users\family\Desktop\pro..., appium:appActivity: .MainActivity, appium:appPackage: com.juanforeroaxpo.saucedemo, appium:autoGrantPermissions: true, appium:automationName: UiAutomator2, appium:clearSystemFiles: true, appium:disableWindowAnimation: false, appium:newCommandTimeout: 250, appium:noSign: true, appium:udid: b58c6ff4, appium:uiautomator2ServerInstallTimeout: 20000, platformName: ANDROID}
2026-08-31 23:17:14.693 [main] INFO  c.s.utils.helper.WebdriverHelper - Screen recording started
2026-08-31 23:17:15.036 [main] INFO  c.swaglabs.stepsDefs.LoginStepsDefs - User lands on the login page
2026-08-31 23:17:21.943 [main] INFO  c.swaglabs.stepsDefs.LoginStepsDefs - Logged in as performance_glitch_user
2026-08-31 23:17:27.623 [main] INFO  c.s.stepsDefs.ProductsStepsDefs - Added product at position 0 to the cart
2026-08-31 23:17:28.329 [main] INFO  c.swaglabs.stepsDefs.CartStepsDefs - Opened the cart
2026-08-31 23:17:32.499 [main] INFO  c.s.stepsDefs.CheckoutStepsDefs - Proceeded to checkout
2026-08-31 23:17:33.379 [main] INFO  c.s.stepsDefs.CheckoutStepsDefs - Checkout info page is displayed
2026-08-31 23:17:41.947 [main] INFO  c.s.stepsDefs.CheckoutStepsDefs - Entered shipping info: John Doe 12345
2026-08-31 23:17:42.791 [main] INFO  c.s.stepsDefs.CheckoutStepsDefs - Continued to overview page
2026-08-31 23:17:44.486 [main] INFO  c.s.stepsDefs.CheckoutStepsDefs - Checkout overview page is displayed
2026-08-31 23:17:44.931 [main] INFO  c.s.stepsDefs.CheckoutStepsDefs - Finished the order
2026-08-31 23:17:49.739 [main] INFO  c.s.stepsDefs.CheckoutStepsDefs - Checkout completion page is displayed
2026-08-31 23:17:49.926 [main] INFO  c.s.stepsDefs.CheckoutStepsDefs - Went back home
2026-08-31 23:17:49.927 [main] INFO  com.swaglabs.hooks.Hooks - Scenario 'Performance glitch user completes a full purchase' PASSED.
2026-08-31 23:17:51.984 [main] INFO  c.s.managers.AppiumDriverManager - Local driver variables cleared
2026-08-31 23:17:51.984 [main] INFO  page_objects.PageObjectHelper - Page object instances cleared
2026-08-31 23:17:51.996 [main] INFO  com.swaglabs.hooks.Hooks - ******* Scenario: Standard user can log in successfully started *******
2026-08-31 23:17:51.996 [main] INFO  c.s.managers.AppiumServerManager - Appium server already running on 127.0.0.1:4723 - stopping to reuse clean state
2026-08-31 23:17:52.028 [main] INFO  c.s.managers.AppiumServerManager - Appium server stopped
2026-08-31 23:17:57.566 [main] INFO  c.s.managers.AppiumServerManager - Appium server started on http://127.0.0.1:4723
2026-08-31 23:17:57.643 [main] INFO  com.swaglabs.device.DeviceManager - Using Android device: b58c6ff4
2026-08-31 23:17:57.835 [main] INFO  c.s.managers.AppiumDriverManager - Starting Appium session: http://127.0.0.1:4723 with caps Capabilities {appium:adbExecTimeout: 20000, appium:app: C:\Users\family\Desktop\pro..., appium:appActivity: .MainActivity, appium:appPackage: com.juanforeroaxpo.saucedemo, appium:autoGrantPermissions: true, appium:automationName: UiAutomator2, appium:clearSystemFiles: true, appium:disableWindowAnimation: false, appium:newCommandTimeout: 250, appium:noSign: true, appium:udid: b58c6ff4, appium:uiautomator2ServerInstallTimeout: 20000, platformName: ANDROID}
2026-08-31 23:18:06.220 [main] INFO  c.s.utils.helper.WebdriverHelper - Screen recording started
2026-08-31 23:18:06.410 [main] INFO  c.swaglabs.stepsDefs.LoginStepsDefs - User lands on the login page
2026-08-31 23:18:12.665 [main] INFO  c.swaglabs.stepsDefs.LoginStepsDefs - Logged in as standard_user
2026-08-31 23:18:14.172 [main] INFO  c.s.stepsDefs.ProductsStepsDefs - Products page is displayed
2026-08-31 23:18:14.173 [main] INFO  com.swaglabs.hooks.Hooks - Scenario 'Standard user can log in successfully' PASSED.
2026-08-31 23:18:16.420 [main] INFO  c.s.managers.AppiumDriverManager - Local driver variables cleared
2026-08-31 23:18:16.420 [main] INFO  page_objects.PageObjectHelper - Page object instances cleared
2026-08-31 23:18:16.428 [main] INFO  com.swaglabs.hooks.Hooks - ******* Scenario: Locked out user is blocked from logging in started *******
2026-08-31 23:18:16.429 [main] INFO  c.s.managers.AppiumServerManager - Appium server already running on 127.0.0.1:4723 - stopping to reuse clean state
2026-08-31 23:18:16.465 [main] INFO  c.s.managers.AppiumServerManager - Appium server stopped
2026-08-31 23:18:21.586 [main] INFO  c.s.managers.AppiumServerManager - Appium server started on http://127.0.0.1:4723
2026-08-31 23:18:21.661 [main] INFO  com.swaglabs.device.DeviceManager - Using Android device: b58c6ff4
2026-08-31 23:18:21.875 [main] INFO  c.s.managers.AppiumDriverManager - Starting Appium session: http://127.0.0.1:4723 with caps Capabilities {appium:adbExecTimeout: 20000, appium:app: C:\Users\family\Desktop\pro..., appium:appActivity: .MainActivity, appium:appPackage: com.juanforeroaxpo.saucedemo, appium:autoGrantPermissions: true, appium:automationName: UiAutomator2, appium:clearSystemFiles: true, appium:disableWindowAnimation: false, appium:newCommandTimeout: 250, appium:noSign: true, appium:udid: b58c6ff4, appium:uiautomator2ServerInstallTimeout: 20000, platformName: ANDROID}
2026-08-31 23:18:29.726 [main] INFO  c.s.utils.helper.WebdriverHelper - Screen recording started
2026-08-31 23:18:30.014 [main] INFO  c.swaglabs.stepsDefs.LoginStepsDefs - User lands on the login page
2026-08-31 23:18:36.323 [main] INFO  c.swaglabs.stepsDefs.LoginStepsDefs - Logged in as locked_out_user
2026-08-31 23:18:57.835 [main] INFO  com.swaglabs.hooks.Hooks - Scenario 'Locked out user is blocked from logging in' FAILED. Capturing screenshot...
2026-08-31 23:18:59.485 [main] INFO  c.s.utils.helper.WebdriverHelper - Recording saved and attached to failed scenario 'Locked out user is blocked from logging in'
2026-08-31 23:19:00.214 [main] INFO  c.s.managers.AppiumDriverManager - Local driver variables cleared
2026-08-31 23:19:00.214 [main] INFO  page_objects.PageObjectHelper - Page object instances cleared
2026-08-31 23:19:00.241 [main] INFO  com.swaglabs.hooks.Hooks - ******* Scenario: User can see the product catalog after login started *******
2026-08-31 23:19:00.242 [main] INFO  c.s.managers.AppiumServerManager - Appium server already running on 127.0.0.1:4723 - stopping to reuse clean state
2026-08-31 23:19:00.273 [main] INFO  c.s.managers.AppiumServerManager - Appium server stopped
2026-08-31 23:19:05.096 [main] INFO  c.s.managers.AppiumServerManager - Appium server started on http://127.0.0.1:4723
2026-08-31 23:19:05.156 [main] INFO  com.swaglabs.device.DeviceManager - Using Android device: b58c6ff4
2026-08-31 23:19:05.326 [main] INFO  c.s.managers.AppiumDriverManager - Starting Appium session: http://127.0.0.1:4723 with caps Capabilities {appium:adbExecTimeout: 20000, appium:app: C:\Users\family\Desktop\pro..., appium:appActivity: .MainActivity, appium:appPackage: com.juanforeroaxpo.saucedemo, appium:autoGrantPermissions: true, appium:automationName: UiAutomator2, appium:clearSystemFiles: true, appium:disableWindowAnimation: false, appium:newCommandTimeout: 250, appium:noSign: true, appium:udid: b58c6ff4, appium:uiautomator2ServerInstallTimeout: 20000, platformName: ANDROID}
2026-08-31 23:19:14.061 [main] INFO  c.s.utils.helper.WebdriverHelper - Screen recording started
2026-08-31 23:19:14.395 [main] INFO  c.swaglabs.stepsDefs.LoginStepsDefs - User lands on the login page
2026-08-31 23:19:20.610 [main] INFO  c.swaglabs.stepsDefs.LoginStepsDefs - Logged in as standard_user
2026-08-31 23:19:22.086 [main] INFO  c.s.stepsDefs.ProductsStepsDefs - Products page is displayed
2026-08-31 23:19:22.239 [main] INFO  c.s.stepsDefs.ProductsStepsDefs - Product catalog has 6 products
2026-08-31 23:19:22.240 [main] INFO  com.swaglabs.hooks.Hooks - Scenario 'User can see the product catalog after login' PASSED.
2026-08-31 23:19:24.156 [main] INFO  c.s.managers.AppiumDriverManager - Local driver variables cleared
2026-08-31 23:19:24.156 [main] INFO  page_objects.PageObjectHelper - Page object instances cleared
2026-08-31 23:19:24.162 [main] INFO  com.swaglabs.hooks.Hooks - ******* Scenario: User can add a product to the cart started *******
2026-08-31 23:19:24.163 [main] INFO  c.s.managers.AppiumServerManager - Appium server already running on 127.0.0.1:4723 - stopping to reuse clean state
2026-08-31 23:19:24.190 [main] INFO  c.s.managers.AppiumServerManager - Appium server stopped
2026-08-31 23:19:28.297 [main] INFO  c.s.managers.AppiumServerManager - Appium server started on http://127.0.0.1:4723
2026-08-31 23:19:28.369 [main] INFO  com.swaglabs.device.DeviceManager - Using Android device: b58c6ff4
2026-08-31 23:19:28.589 [main] INFO  c.s.managers.AppiumDriverManager - Starting Appium session: http://127.0.0.1:4723 with caps Capabilities {appium:adbExecTimeout: 20000, appium:app: C:\Users\family\Desktop\pro..., appium:appActivity: .MainActivity, appium:appPackage: com.juanforeroaxpo.saucedemo, appium:autoGrantPermissions: true, appium:automationName: UiAutomator2, appium:clearSystemFiles: true, appium:disableWindowAnimation: false, appium:newCommandTimeout: 250, appium:noSign: true, appium:udid: b58c6ff4, appium:uiautomator2ServerInstallTimeout: 20000, platformName: ANDROID}
2026-08-31 23:19:36.865 [main] INFO  c.s.utils.helper.WebdriverHelper - Screen recording started
2026-08-31 23:19:37.160 [main] INFO  c.swaglabs.stepsDefs.LoginStepsDefs - User lands on the login page
2026-08-31 23:19:43.429 [main] INFO  c.swaglabs.stepsDefs.LoginStepsDefs - Logged in as standard_user
2026-08-31 23:19:45.068 [main] INFO  c.s.stepsDefs.ProductsStepsDefs - Added product at position 0 to the cart
2026-08-31 23:19:45.997 [main] INFO  com.swaglabs.hooks.Hooks - Scenario 'User can add a product to the cart' PASSED.
2026-08-31 23:19:48.014 [main] INFO  c.s.managers.AppiumDriverManager - Local driver variables cleared
2026-08-31 23:19:48.014 [main] INFO  page_objects.PageObjectHelper - Page object instances cleared
2026-08-31 23:19:48.019 [main] INFO  com.swaglabs.hooks.Hooks - ******* Scenario: User can open a product and view its details started *******
2026-08-31 23:19:48.019 [main] INFO  c.s.managers.AppiumServerManager - Appium server already running on 127.0.0.1:4723 - stopping to reuse clean state
2026-08-31 23:19:48.047 [main] INFO  c.s.managers.AppiumServerManager - Appium server stopped
2026-08-31 23:19:52.207 [main] INFO  c.s.managers.AppiumServerManager - Appium server started on http://127.0.0.1:4723
2026-08-31 23:19:52.265 [main] INFO  com.swaglabs.device.DeviceManager - Using Android device: b58c6ff4
2026-08-31 23:19:52.464 [main] INFO  c.s.managers.AppiumDriverManager - Starting Appium session: http://127.0.0.1:4723 with caps Capabilities {appium:adbExecTimeout: 20000, appium:app: C:\Users\family\Desktop\pro..., appium:appActivity: .MainActivity, appium:appPackage: com.juanforeroaxpo.saucedemo, appium:autoGrantPermissions: true, appium:automationName: UiAutomator2, appium:clearSystemFiles: true, appium:disableWindowAnimation: false, appium:newCommandTimeout: 250, appium:noSign: true, appium:udid: b58c6ff4, appium:uiautomator2ServerInstallTimeout: 20000, platformName: ANDROID}
2026-08-31 23:20:00.662 [main] INFO  c.s.utils.helper.WebdriverHelper - Screen recording started
2026-08-31 23:20:00.872 [main] INFO  c.swaglabs.stepsDefs.LoginStepsDefs - User lands on the login page
2026-08-31 23:20:07.270 [main] INFO  c.swaglabs.stepsDefs.LoginStepsDefs - Logged in as standard_user
2026-08-31 23:20:08.874 [main] INFO  c.s.stepsDefs.ProductsStepsDefs - Tapped product at position 0
2026-08-31 23:20:09.705 [main] INFO  c.s.stepsDefs.ProductsStepsDefs - Product detail page is displayed
2026-08-31 23:20:09.825 [main] INFO  c.s.stepsDefs.ProductsStepsDefs - Product title: Sauce Labs Backpack
2026-08-31 23:20:09.826 [main] INFO  com.swaglabs.hooks.Hooks - Scenario 'User can open a product and view its details' PASSED.
2026-08-31 23:20:11.666 [main] INFO  c.s.managers.AppiumDriverManager - Local driver variables cleared
2026-08-31 23:20:11.666 [main] INFO  page_objects.PageObjectHelper - Page object instances cleared
2026-08-31 23:20:11.703 [main] INFO  c.s.managers.AppiumServerManager - Appium server stopped
2026-08-31 23:20:11.704 [main] INFO  com.swaglabs.hooks.Hooks - Swag Labs automation finished.
2026-08-31 23:40:11.670 [main] INFO  c.s.managers.PropertiesManager - Loaded properties file: src/main/resources/project_properties/project_config_local.properties
2026-08-31 23:40:11.712 [main] INFO  c.s.capabilities.CapabilityManager - Loaded capabilities from C:\Users\family\Desktop\projects\swag-labs-mobile-nwdfew/src/main/resources/caps/local.json
2026-08-31 23:40:11.712 [main] INFO  com.swaglabs.hooks.Hooks - Swag Labs automation started. Platform=android, Environment=local
2026-08-31 23:40:12.360 [main] INFO  com.swaglabs.hooks.Hooks - ******* Scenario: User can add an item to the cart and verify it started *******
2026-08-31 23:40:32.717 [main] INFO  c.s.managers.AppiumServerManager - Appium server started on http://127.0.0.1:4723
2026-08-31 23:40:33.026 [main] INFO  com.swaglabs.device.DeviceManager - Using Android device: emulator-5554
2026-08-31 23:40:34.073 [main] INFO  c.s.managers.AppiumDriverManager - Starting Appium session: http://127.0.0.1:4723 with caps Capabilities {appium:adbExecTimeout: 20000, appium:app: C:\Users\family\Desktop\pro..., appium:appActivity: .MainActivity, appium:appPackage: com.juanforeroaxpo.saucedemo, appium:autoGrantPermissions: true, appium:automationName: UiAutomator2, appium:clearSystemFiles: true, appium:disableWindowAnimation: false, appium:newCommandTimeout: 250, appium:noSign: true, appium:udid: emulator-5554, appium:uiautomator2ServerInstallTimeout: 20000, platformName: ANDROID}
2026-08-31 23:40:56.238 [main] INFO  com.swaglabs.hooks.Hooks - Scenario 'User can add an item to the cart and verify it' FAILED. Capturing screenshot...
2026-08-31 23:40:56.242 [main] WARN  com.swaglabs.hooks.Hooks - Driver is null — skipping screenshot
2026-08-31 23:40:56.248 [main] INFO  c.s.managers.AppiumDriverManager - Local driver variables cleared
2026-08-31 23:40:56.248 [main] INFO  page_objects.PageObjectHelper - Page object instances cleared
2026-08-31 23:40:56.369 [main] INFO  com.swaglabs.hooks.Hooks - ******* Scenario: User can remove an item from the cart started *******
2026-08-31 23:40:56.381 [main] INFO  c.s.managers.AppiumServerManager - Appium server already running on 127.0.0.1:4723 - stopping to reuse clean state
2026-08-31 23:40:56.561 [main] INFO  c.s.managers.AppiumServerManager - Appium server stopped
2026-08-31 23:41:12.248 [main] INFO  c.s.managers.AppiumServerManager - Appium server started on http://127.0.0.1:4723
2026-08-31 23:41:12.461 [main] INFO  com.swaglabs.device.DeviceManager - Using Android device: emulator-5554
2026-08-31 23:41:12.903 [main] INFO  c.s.managers.AppiumDriverManager - Starting Appium session: http://127.0.0.1:4723 with caps Capabilities {appium:adbExecTimeout: 20000, appium:app: C:\Users\family\Desktop\pro..., appium:appActivity: .MainActivity, appium:appPackage: com.juanforeroaxpo.saucedemo, appium:autoGrantPermissions: true, appium:automationName: UiAutomator2, appium:clearSystemFiles: true, appium:disableWindowAnimation: false, appium:newCommandTimeout: 250, appium:noSign: true, appium:udid: emulator-5554, appium:uiautomator2ServerInstallTimeout: 20000, platformName: ANDROID}
2026-08-31 23:41:36.353 [main] INFO  com.swaglabs.hooks.Hooks - Scenario 'User can remove an item from the cart' FAILED. Capturing screenshot...
2026-08-31 23:41:36.353 [main] WARN  com.swaglabs.hooks.Hooks - Driver is null — skipping screenshot
2026-08-31 23:41:36.355 [main] INFO  c.s.managers.AppiumDriverManager - Local driver variables cleared
2026-08-31 23:41:36.355 [main] INFO  page_objects.PageObjectHelper - Page object instances cleared
2026-08-31 23:41:36.402 [main] INFO  com.swaglabs.hooks.Hooks - ******* Scenario: User completes a full purchase started *******
2026-08-31 23:41:36.404 [main] INFO  c.s.managers.AppiumServerManager - Appium server already running on 127.0.0.1:4723 - stopping to reuse clean state
2026-08-31 23:41:36.464 [main] INFO  c.s.managers.AppiumServerManager - Appium server stopped
2026-08-31 23:41:50.021 [main] INFO  c.s.managers.AppiumServerManager - Appium server started on http://127.0.0.1:4723
2026-08-31 23:41:50.304 [main] INFO  com.swaglabs.hooks.Hooks - Scenario 'User completes a full purchase' FAILED. Capturing screenshot...
2026-08-31 23:41:50.304 [main] WARN  com.swaglabs.hooks.Hooks - Driver is null — skipping screenshot
2026-08-31 23:41:50.345 [main] INFO  c.s.managers.AppiumDriverManager - Local driver variables cleared
2026-08-31 23:41:50.345 [main] INFO  page_objects.PageObjectHelper - Page object instances cleared
2026-08-31 23:41:50.378 [main] INFO  com.swaglabs.hooks.Hooks - ******* Scenario: Problem user cannot complete the purchase (last name is not retained) started *******
2026-08-31 23:41:50.380 [main] INFO  c.s.managers.AppiumServerManager - Appium server already running on 127.0.0.1:4723 - stopping to reuse clean state
2026-08-31 23:41:50.458 [main] INFO  c.s.managers.AppiumServerManager - Appium server stopped
2026-08-31 23:42:00.079 [main] INFO  c.s.managers.AppiumServerManager - Appium server started on http://127.0.0.1:4723
2026-08-31 23:42:00.200 [main] INFO  com.swaglabs.hooks.Hooks - Scenario 'Problem user cannot complete the purchase (last name is not retained)' FAILED. Capturing screenshot...
2026-08-31 23:42:00.200 [main] WARN  com.swaglabs.hooks.Hooks - Driver is null — skipping screenshot
2026-08-31 23:42:00.201 [main] INFO  c.s.managers.AppiumDriverManager - Local driver variables cleared
2026-08-31 23:42:00.201 [main] INFO  page_objects.PageObjectHelper - Page object instances cleared
2026-08-31 23:42:00.212 [main] INFO  com.swaglabs.hooks.Hooks - ******* Scenario: Performance glitch user completes a full purchase started *******
2026-08-31 23:42:00.213 [main] INFO  c.s.managers.AppiumServerManager - Appium server already running on 127.0.0.1:4723 - stopping to reuse clean state
2026-08-31 23:42:00.292 [main] INFO  c.s.managers.AppiumServerManager - Appium server stopped
2026-08-31 23:42:07.643 [main] INFO  c.s.managers.AppiumServerManager - Appium server started on http://127.0.0.1:4723
2026-08-31 23:42:07.789 [main] INFO  com.swaglabs.hooks.Hooks - Scenario 'Performance glitch user completes a full purchase' FAILED. Capturing screenshot...
2026-08-31 23:42:07.790 [main] WARN  com.swaglabs.hooks.Hooks - Driver is null — skipping screenshot
2026-08-31 23:42:07.792 [main] INFO  c.s.managers.AppiumDriverManager - Local driver variables cleared
2026-08-31 23:42:07.792 [main] INFO  page_objects.PageObjectHelper - Page object instances cleared
2026-08-31 23:42:07.817 [main] INFO  com.swaglabs.hooks.Hooks - ******* Scenario: Standard user can log in successfully started *******
2026-08-31 23:42:07.818 [main] INFO  c.s.managers.AppiumServerManager - Appium server already running on 127.0.0.1:4723 - stopping to reuse clean state
2026-08-31 23:42:07.883 [main] INFO  c.s.managers.AppiumServerManager - Appium server stopped
2026-08-31 23:42:16.147 [main] INFO  c.s.managers.AppiumServerManager - Appium server started on http://127.0.0.1:4723
2026-08-31 23:42:16.267 [main] INFO  com.swaglabs.hooks.Hooks - Scenario 'Standard user can log in successfully' FAILED. Capturing screenshot...
2026-08-31 23:42:16.267 [main] WARN  com.swaglabs.hooks.Hooks - Driver is null — skipping screenshot
2026-08-31 23:42:16.268 [main] INFO  c.s.managers.AppiumDriverManager - Local driver variables cleared
2026-08-31 23:42:16.269 [main] INFO  page_objects.PageObjectHelper - Page object instances cleared
2026-08-31 23:42:16.286 [main] INFO  com.swaglabs.hooks.Hooks - ******* Scenario: Locked out user is blocked from logging in started *******
2026-08-31 23:42:16.289 [main] INFO  c.s.managers.AppiumServerManager - Appium server already running on 127.0.0.1:4723 - stopping to reuse clean state
2026-08-31 23:42:16.362 [main] INFO  c.s.managers.AppiumServerManager - Appium server stopped
2026-08-31 23:42:45.992 [main] INFO  com.swaglabs.hooks.Hooks - Scenario 'Locked out user is blocked from logging in' FAILED. Capturing screenshot...
2026-08-31 23:42:45.992 [main] WARN  com.swaglabs.hooks.Hooks - Driver is null — skipping screenshot
2026-08-31 23:42:45.992 [main] INFO  c.s.managers.AppiumDriverManager - Local driver variables cleared
2026-08-31 23:42:45.992 [main] INFO  page_objects.PageObjectHelper - Page object instances cleared
2026-08-31 23:42:46.008 [main] INFO  com.swaglabs.hooks.Hooks - ******* Scenario: Problem user can log in started *******
2026-08-31 23:42:58.698 [main] INFO  c.s.managers.AppiumServerManager - Appium server started on http://127.0.0.1:4723
2026-08-31 23:42:58.811 [main] INFO  com.swaglabs.hooks.Hooks - Scenario 'Problem user can log in' FAILED. Capturing screenshot...
2026-08-31 23:42:58.811 [main] WARN  com.swaglabs.hooks.Hooks - Driver is null — skipping screenshot
2026-08-31 23:42:58.811 [main] INFO  c.s.managers.AppiumDriverManager - Local driver variables cleared
2026-08-31 23:42:58.811 [main] INFO  page_objects.PageObjectHelper - Page object instances cleared
2026-08-31 23:42:58.820 [main] INFO  com.swaglabs.hooks.Hooks - ******* Scenario: Performance glitch user can log in (may take longer) started *******
2026-08-31 23:42:58.820 [main] INFO  c.s.managers.AppiumServerManager - Appium server already running on 127.0.0.1:4723 - stopping to reuse clean state
2026-08-31 23:42:58.861 [main] INFO  c.s.managers.AppiumServerManager - Appium server stopped
2026-08-31 23:43:04.286 [main] INFO  c.s.managers.AppiumServerManager - Appium server started on http://127.0.0.1:4723
2026-08-31 23:43:04.375 [main] INFO  com.swaglabs.hooks.Hooks - Scenario 'Performance glitch user can log in (may take longer)' FAILED. Capturing screenshot...
2026-08-31 23:43:04.375 [main] WARN  com.swaglabs.hooks.Hooks - Driver is null — skipping screenshot
2026-08-31 23:43:04.375 [main] INFO  c.s.managers.AppiumDriverManager - Local driver variables cleared
2026-08-31 23:43:04.375 [main] INFO  page_objects.PageObjectHelper - Page object instances cleared
2026-08-31 23:43:04.389 [main] INFO  com.swaglabs.hooks.Hooks - ******* Scenario: Error user can log in started *******
2026-08-31 23:43:04.390 [main] INFO  c.s.managers.AppiumServerManager - Appium server already running on 127.0.0.1:4723 - stopping to reuse clean state
2026-08-31 23:43:04.436 [main] INFO  c.s.managers.AppiumServerManager - Appium server stopped
2026-08-31 23:43:09.255 [main] INFO  c.s.managers.AppiumServerManager - Appium server started on http://127.0.0.1:4723
2026-08-31 23:43:09.395 [main] INFO  com.swaglabs.hooks.Hooks - Scenario 'Error user can log in' FAILED. Capturing screenshot...
2026-08-31 23:43:09.395 [main] WARN  com.swaglabs.hooks.Hooks - Driver is null — skipping screenshot
2026-08-31 23:43:09.395 [main] INFO  c.s.managers.AppiumDriverManager - Local driver variables cleared
2026-08-31 23:43:09.396 [main] INFO  page_objects.PageObjectHelper - Page object instances cleared
2026-08-31 23:43:09.429 [main] INFO  com.swaglabs.hooks.Hooks - ******* Scenario: Visual user can log in started *******
2026-08-31 23:43:09.430 [main] INFO  c.s.managers.AppiumServerManager - Appium server already running on 127.0.0.1:4723 - stopping to reuse clean state
2026-08-31 23:43:09.465 [main] INFO  c.s.managers.AppiumServerManager - Appium server stopped
2026-08-31 23:43:15.039 [main] INFO  c.s.managers.AppiumServerManager - Appium server started on http://127.0.0.1:4723
2026-08-31 23:43:15.128 [main] INFO  com.swaglabs.hooks.Hooks - Scenario 'Visual user can log in' FAILED. Capturing screenshot...
2026-08-31 23:43:15.128 [main] WARN  com.swaglabs.hooks.Hooks - Driver is null — skipping screenshot
2026-08-31 23:43:15.129 [main] INFO  c.s.managers.AppiumDriverManager - Local driver variables cleared
2026-08-31 23:43:15.129 [main] INFO  page_objects.PageObjectHelper - Page object instances cleared
2026-08-31 23:43:15.142 [main] INFO  com.swaglabs.hooks.Hooks - ******* Scenario: Login with empty credentials is rejected started *******
2026-08-31 23:43:15.143 [main] INFO  c.s.managers.AppiumServerManager - Appium server already running on 127.0.0.1:4723 - stopping to reuse clean state
2026-08-31 23:43:15.188 [main] INFO  c.s.managers.AppiumServerManager - Appium server stopped
2026-08-31 23:43:20.251 [main] INFO  c.s.managers.AppiumServerManager - Appium server started on http://127.0.0.1:4723
2026-08-31 23:43:20.318 [main] INFO  com.swaglabs.hooks.Hooks - Scenario 'Login with empty credentials is rejected' FAILED. Capturing screenshot...
2026-08-31 23:43:20.318 [main] WARN  com.swaglabs.hooks.Hooks - Driver is null — skipping screenshot
2026-08-31 23:43:20.319 [main] INFO  c.s.managers.AppiumDriverManager - Local driver variables cleared
2026-08-31 23:43:20.319 [main] INFO  page_objects.PageObjectHelper - Page object instances cleared
2026-08-31 23:43:20.349 [main] INFO  com.swaglabs.hooks.Hooks - ******* Scenario: User can see the product catalog after login started *******
2026-08-31 23:43:20.350 [main] INFO  c.s.managers.AppiumServerManager - Appium server already running on 127.0.0.1:4723 - stopping to reuse clean state
2026-08-31 23:43:20.385 [main] INFO  c.s.managers.AppiumServerManager - Appium server stopped
2026-08-31 23:43:25.604 [main] INFO  c.s.managers.AppiumServerManager - Appium server started on http://127.0.0.1:4723
2026-08-31 23:43:25.714 [main] INFO  com.swaglabs.hooks.Hooks - Scenario 'User can see the product catalog after login' FAILED. Capturing screenshot...
2026-08-31 23:43:25.714 [main] WARN  com.swaglabs.hooks.Hooks - Driver is null — skipping screenshot
2026-08-31 23:43:25.715 [main] INFO  c.s.managers.AppiumDriverManager - Local driver variables cleared
2026-08-31 23:43:25.715 [main] INFO  page_objects.PageObjectHelper - Page object instances cleared
2026-08-31 23:43:25.731 [main] INFO  com.swaglabs.hooks.Hooks - ******* Scenario: User can add a product to the cart started *******
2026-08-31 23:43:25.732 [main] INFO  c.s.managers.AppiumServerManager - Appium server already running on 127.0.0.1:4723 - stopping to reuse clean state
2026-08-31 23:43:25.800 [main] INFO  c.s.managers.AppiumServerManager - Appium server stopped
2026-08-31 23:43:30.661 [main] INFO  c.s.managers.AppiumServerManager - Appium server started on http://127.0.0.1:4723
2026-08-31 23:43:30.741 [main] INFO  com.swaglabs.hooks.Hooks - Scenario 'User can add a product to the cart' FAILED. Capturing screenshot...
2026-08-31 23:43:30.741 [main] WARN  com.swaglabs.hooks.Hooks - Driver is null — skipping screenshot
2026-08-31 23:43:30.744 [main] INFO  c.s.managers.AppiumDriverManager - Local driver variables cleared
2026-08-31 23:43:30.744 [main] INFO  page_objects.PageObjectHelper - Page object instances cleared
2026-08-31 23:43:30.749 [main] INFO  com.swaglabs.hooks.Hooks - ******* Scenario: User can open a product and view its details started *******
2026-08-31 23:43:30.750 [main] INFO  c.s.managers.AppiumServerManager - Appium server already running on 127.0.0.1:4723 - stopping to reuse clean state
2026-08-31 23:43:30.785 [main] INFO  c.s.managers.AppiumServerManager - Appium server stopped
2026-08-31 23:43:35.842 [main] INFO  c.s.managers.AppiumServerManager - Appium server started on http://127.0.0.1:4723
2026-08-31 23:43:35.931 [main] INFO  com.swaglabs.hooks.Hooks - Scenario 'User can open a product and view its details' FAILED. Capturing screenshot...
2026-08-31 23:43:35.932 [main] WARN  com.swaglabs.hooks.Hooks - Driver is null — skipping screenshot
2026-08-31 23:43:35.933 [main] INFO  c.s.managers.AppiumDriverManager - Local driver variables cleared
2026-08-31 23:43:35.933 [main] INFO  page_objects.PageObjectHelper - Page object instances cleared
2026-08-31 23:43:35.940 [main] INFO  com.swaglabs.hooks.Hooks - ******* Scenario: User can add a product from its detail page started *******
2026-08-31 23:43:35.941 [main] INFO  c.s.managers.AppiumServerManager - Appium server already running on 127.0.0.1:4723 - stopping to reuse clean state
2026-08-31 23:43:35.999 [main] INFO  c.s.managers.AppiumServerManager - Appium server stopped
2026-08-31 23:43:41.599 [main] INFO  c.s.managers.AppiumServerManager - Appium server started on http://127.0.0.1:4723
2026-08-31 23:43:41.670 [main] INFO  com.swaglabs.hooks.Hooks - Scenario 'User can add a product from its detail page' FAILED. Capturing screenshot...
2026-08-31 23:43:41.670 [main] WARN  com.swaglabs.hooks.Hooks - Driver is null — skipping screenshot
2026-08-31 23:43:41.671 [main] INFO  c.s.managers.AppiumDriverManager - Local driver variables cleared
2026-08-31 23:43:41.671 [main] INFO  page_objects.PageObjectHelper - Page object instances cleared
2026-08-31 23:43:41.720 [main] INFO  c.s.managers.AppiumServerManager - Appium server stopped
2026-08-31 23:43:41.721 [main] INFO  com.swaglabs.hooks.Hooks - Swag Labs automation finished.
2026-09-01 00:05:22.225 [main] INFO  c.s.managers.PropertiesManager - Loaded properties file: src/main/resources/project_properties/project_config_local.properties
2026-09-01 00:05:22.252 [main] INFO  c.s.capabilities.CapabilityManager - Loaded capabilities from C:\Users\family\Desktop\projects\swag-labs-mobile-nwdfew/src/main/resources/caps/local.json
2026-09-01 00:05:22.252 [main] INFO  com.swaglabs.hooks.Hooks - Swag Labs automation started. Platform=android, Environment=local
2026-09-01 00:05:22.779 [main] INFO  com.swaglabs.hooks.Hooks - ******* Scenario: ExceptionController handles assertion failure started *******
2026-09-01 00:05:31.530 [main] INFO  c.s.managers.AppiumServerManager - Appium server started on http://127.0.0.1:4723
2026-09-01 00:05:37.001 [main] INFO  com.swaglabs.device.DeviceManager - Using Android device: b58c6ff4
2026-09-01 00:05:37.169 [main] INFO  c.s.managers.AppiumDriverManager - Starting Appium session: http://127.0.0.1:4723 with caps Capabilities {appium:adbExecTimeout: 20000, appium:app: C:\Users\family\Desktop\pro..., appium:appActivity: .MainActivity, appium:appPackage: com.juanforeroaxpo.saucedemo, appium:autoGrantPermissions: true, appium:automationName: UiAutomator2, appium:clearSystemFiles: true, appium:disableWindowAnimation: false, appium:newCommandTimeout: 250, appium:noSign: true, appium:udid: b58c6ff4, appium:uiautomator2ServerInstallTimeout: 20000, platformName: ANDROID}
2026-09-01 00:05:45.436 [main] INFO  c.s.utils.helper.WebdriverHelper - Screen recording started
2026-09-01 00:05:46.663 [main] INFO  c.s.s.ExceptionControllerStepsDefs - User lands on the login page
2026-09-01 00:05:46.670 [main] ERROR c.s.exceptions.ExceptionController - Assertion failed: This assertion should fail
2026-09-01 00:05:46.684 [main] INFO  com.swaglabs.hooks.Hooks - Scenario 'ExceptionController handles assertion failure' FAILED. Capturing screenshot...
2026-09-01 00:05:48.560 [main] INFO  c.s.utils.helper.WebdriverHelper - Recording saved and attached to failed scenario 'ExceptionController handles assertion failure'
2026-09-01 00:05:49.409 [main] INFO  c.s.managers.AppiumDriverManager - Local driver variables cleared
2026-09-01 00:05:49.410 [main] INFO  page_objects.PageObjectHelper - Page object instances cleared
2026-09-01 00:05:49.567 [main] INFO  c.s.managers.AppiumServerManager - Appium server stopped
2026-09-01 00:05:49.567 [main] INFO  com.swaglabs.hooks.Hooks - Swag Labs automation finished.
2026-09-01 00:06:18.034 [main] INFO  c.s.managers.PropertiesManager - Loaded properties file: src/main/resources/project_properties/project_config_local.properties
2026-09-01 00:06:18.048 [main] INFO  c.s.capabilities.CapabilityManager - Loaded capabilities from C:\Users\family\Desktop\projects\swag-labs-mobile-nwdfew/src/main/resources/caps/local.json
2026-09-01 00:06:18.048 [main] INFO  com.swaglabs.hooks.Hooks - Swag Labs automation started. Platform=android, Environment=local
2026-09-01 00:06:18.398 [main] INFO  com.swaglabs.hooks.Hooks - ******* Scenario: User completes a full purchase started *******
2026-09-01 00:06:22.964 [main] INFO  c.s.managers.AppiumServerManager - Appium server started on http://127.0.0.1:4723
2026-09-01 00:06:23.105 [main] INFO  com.swaglabs.device.DeviceManager - Using Android device: b58c6ff4
2026-09-01 00:06:23.315 [main] INFO  c.s.managers.AppiumDriverManager - Starting Appium session: http://127.0.0.1:4723 with caps Capabilities {appium:adbExecTimeout: 20000, appium:app: C:\Users\family\Desktop\pro..., appium:appActivity: .MainActivity, appium:appPackage: com.juanforeroaxpo.saucedemo, appium:autoGrantPermissions: true, appium:automationName: UiAutomator2, appium:clearSystemFiles: true, appium:disableWindowAnimation: false, appium:newCommandTimeout: 250, appium:noSign: true, appium:udid: b58c6ff4, appium:uiautomator2ServerInstallTimeout: 20000, platformName: ANDROID}
2026-09-01 00:06:31.877 [main] INFO  c.s.utils.helper.WebdriverHelper - Screen recording started
2026-09-01 00:06:32.877 [main] INFO  c.s.s.ExceptionControllerStepsDefs - User lands on the login page
2026-09-01 00:06:32.894 [main] INFO  com.swaglabs.hooks.Hooks - Scenario 'User completes a full purchase' PASSED.
2026-09-01 00:06:34.794 [main] INFO  c.s.managers.AppiumDriverManager - Local driver variables cleared
2026-09-01 00:06:34.794 [main] INFO  page_objects.PageObjectHelper - Page object instances cleared
2026-09-01 00:06:34.807 [main] INFO  com.swaglabs.hooks.Hooks - ******* Scenario: ExceptionController handles element not found started *******
2026-09-01 00:06:34.808 [main] INFO  c.s.managers.AppiumServerManager - Appium server already running on 127.0.0.1:4723 - stopping to reuse clean state
2026-09-01 00:06:34.845 [main] INFO  c.s.managers.AppiumServerManager - Appium server stopped
2026-09-01 00:06:38.657 [main] INFO  c.s.managers.AppiumServerManager - Appium server started on http://127.0.0.1:4723
2026-09-01 00:06:38.720 [main] INFO  com.swaglabs.device.DeviceManager - Using Android device: b58c6ff4
2026-09-01 00:06:38.935 [main] INFO  c.s.managers.AppiumDriverManager - Starting Appium session: http://127.0.0.1:4723 with caps Capabilities {appium:adbExecTimeout: 20000, appium:app: C:\Users\family\Desktop\pro..., appium:appActivity: .MainActivity, appium:appPackage: com.juanforeroaxpo.saucedemo, appium:autoGrantPermissions: true, appium:automationName: UiAutomator2, appium:clearSystemFiles: true, appium:disableWindowAnimation: false, appium:newCommandTimeout: 250, appium:noSign: true, appium:udid: b58c6ff4, appium:uiautomator2ServerInstallTimeout: 20000, platformName: ANDROID}
2026-09-01 00:06:46.795 [main] INFO  c.s.utils.helper.WebdriverHelper - Screen recording started
2026-09-01 00:06:47.112 [main] INFO  c.s.s.ExceptionControllerStepsDefs - User lands on the login page
2026-09-01 00:06:47.113 [main] ERROR c.s.exceptions.ExceptionController - Element not found: non-existent-element-test (timeout)
org.openqa.selenium.TimeoutException: Element not found: non-existent-element-test
Build info: version: '4.40.0', revision: 'b3333f1'
System info: os.name: 'Windows 11', os.arch: 'amd64', os.version: '10.0', java.version: '26.0.2.1'
Driver info: driver.version: unknown
	at com.swaglabs.stepsDefs.ExceptionControllerStepsDefs.iTryToFindANonExistentElement(ExceptionControllerStepsDefs.java:26)
	at java.base/jdk.internal.reflect.DirectMethodHandleAccessor.invoke(DirectMethodHandleAccessor.java:104)
	at java.base/java.lang.reflect.Method.invoke(Method.java:565)
	at io.cucumber.java.Invoker.doInvoke(Invoker.java:66)
	at io.cucumber.java.Invoker.invoke(Invoker.java:24)
	at io.cucumber.java.AbstractGlueDefinition.invokeMethod(AbstractGlueDefinition.java:47)
	at io.cucumber.java.JavaStepDefinition.execute(JavaStepDefinition.java:29)
	at io.cucumber.core.runner.CoreStepDefinition.execute(CoreStepDefinition.java:66)
	at io.cucumber.core.runner.PickleStepDefinitionMatch.runStep(PickleStepDefinitionMatch.java:62)
	at io.cucumber.core.runner.ExecutionMode$1.execute(ExecutionMode.java:10)
	at io.cucumber.core.runner.TestStep.executeStep(TestStep.java:81)
	at io.cucumber.core.runner.TestStep.run(TestStep.java:53)
	at io.cucumber.core.runner.PickleStepTestStep.run(PickleStepTestStep.java:51)
	at io.cucumber.core.runner.TestCase.run(TestCase.java:87)
	at io.cucumber.core.runner.Runner.runPickle(Runner.java:75)
	at io.cucumber.junit.platform.engine.CucumberEngineExecutionContext.lambda$runTestCase$4(CucumberEngineExecutionContext.java:115)
	at io.cucumber.core.runtime.CucumberExecutionContext.lambda$runTestCase$5(CucumberExecutionContext.java:136)
	at io.cucumber.core.runtime.RethrowingThrowableCollector.executeAndThrow(RethrowingThrowableCollector.java:23)
	at io.cucumber.core.runtime.CucumberExecutionContext.runTestCase(CucumberExecutionContext.java:136)
	at io.cucumber.junit.platform.engine.CucumberEngineExecutionContext.runTestCase(CucumberEngineExecutionContext.java:112)
	at io.cucumber.junit.platform.engine.CucumberTestDescriptor$PickleDescriptor.execute(CucumberTestDescriptor.java:308)
	at io.cucumber.junit.platform.engine.CucumberTestDescriptor$PickleDescriptor.execute(CucumberTestDescriptor.java:249)
	at org.junit.platform.engine.support.hierarchical.NodeTestTask.lambda$executeRecursively$2(NodeTestTask.java:176)
	at org.junit.platform.engine.support.hierarchical.ThrowableCollector.execute(ThrowableCollector.java:74)
	at org.junit.platform.engine.support.hierarchical.NodeTestTask.lambda$executeRecursively$1(NodeTestTask.java:166)
	at org.junit.platform.engine.support.hierarchical.Node.around(Node.java:138)
	at org.junit.platform.engine.support.hierarchical.NodeTestTask.lambda$executeRecursively$0(NodeTestTask.java:164)
	at org.junit.platform.engine.support.hierarchical.ThrowableCollector.execute(ThrowableCollector.java:74)
	at org.junit.platform.engine.support.hierarchical.NodeTestTask.executeRecursively(NodeTestTask.java:163)
	at org.junit.platform.engine.support.hierarchical.NodeTestTask.execute(NodeTestTask.java:116)
	at java.base/java.util.ArrayList.forEach(ArrayList.java:1612)
	at org.junit.platform.engine.support.hierarchical.SameThreadHierarchicalTestExecutorService.invokeAll(SameThreadHierarchicalTestExecutorService.java:42)
	at org.junit.platform.engine.support.hierarchical.NodeTestTask.lambda$executeRecursively$2(NodeTestTask.java:180)
	at org.junit.platform.engine.support.hierarchical.ThrowableCollector.execute(ThrowableCollector.java:74)
	at org.junit.platform.engine.support.hierarchical.NodeTestTask.lambda$executeRecursively$1(NodeTestTask.java:166)
	at org.junit.platform.engine.support.hierarchical.Node.around(Node.java:138)
	at org.junit.platform.engine.support.hierarchical.NodeTestTask.lambda$executeRecursively$0(NodeTestTask.java:164)
	at org.junit.platform.engine.support.hierarchical.ThrowableCollector.execute(ThrowableCollector.java:74)
	at org.junit.platform.engine.support.hierarchical.NodeTestTask.executeRecursively(NodeTestTask.java:163)
	at org.junit.platform.engine.support.hierarchical.NodeTestTask.execute(NodeTestTask.java:116)
	at java.base/java.util.ArrayList.forEach(ArrayList.java:1612)
	at org.junit.platform.engine.support.hierarchical.SameThreadHierarchicalTestExecutorService.invokeAll(SameThreadHierarchicalTestExecutorService.java:42)
	at org.junit.platform.engine.support.hierarchical.NodeTestTask.lambda$executeRecursively$2(NodeTestTask.java:180)
	at org.junit.platform.engine.support.hierarchical.ThrowableCollector.execute(ThrowableCollector.java:74)
	at org.junit.platform.engine.support.hierarchical.NodeTestTask.lambda$executeRecursively$1(NodeTestTask.java:166)
	at org.junit.platform.engine.support.hierarchical.Node.around(Node.java:138)
	at org.junit.platform.engine.support.hierarchical.NodeTestTask.lambda$executeRecursively$0(NodeTestTask.java:164)
	at org.junit.platform.engine.support.hierarchical.ThrowableCollector.execute(ThrowableCollector.java:74)
	at org.junit.platform.engine.support.hierarchical.NodeTestTask.executeRecursively(NodeTestTask.java:163)
	at org.junit.platform.engine.support.hierarchical.NodeTestTask.execute(NodeTestTask.java:116)
	at org.junit.platform.engine.support.hierarchical.SameThreadHierarchicalTestExecutorService.submit(SameThreadHierarchicalTestExecutorService.java:36)
	at org.junit.platform.engine.support.hierarchical.HierarchicalTestExecutor.execute(HierarchicalTestExecutor.java:52)
	at org.junit.platform.engine.support.hierarchical.HierarchicalTestEngine.execute(HierarchicalTestEngine.java:58)
	at org.junit.platform.launcher.core.EngineExecutionOrchestrator.executeEngine(EngineExecutionOrchestrator.java:246)
	at org.junit.platform.launcher.core.EngineExecutionOrchestrator.failOrExecuteEngine(EngineExecutionOrchestrator.java:218)
	at org.junit.platform.launcher.core.EngineExecutionOrchestrator.execute(EngineExecutionOrchestrator.java:179)
	at org.junit.platform.launcher.core.EngineExecutionOrchestrator.execute(EngineExecutionOrchestrator.java:108)
	at org.junit.platform.launcher.core.EngineExecutionOrchestrator.execute(EngineExecutionOrchestrator.java:89)
	at org.junit.platform.suite.engine.SuiteLauncher.execute(SuiteLauncher.java:65)
	at org.junit.platform.suite.engine.SuiteTestDescriptor.executeTests(SuiteTestDescriptor.java:208)
	at org.junit.platform.suite.engine.SuiteTestDescriptor.execute(SuiteTestDescriptor.java:173)
	at org.junit.platform.suite.engine.SuiteTestEngine.lambda$execute$0(SuiteTestEngine.java:78)
	at java.base/java.util.stream.ForEachOps$ForEachOp$OfRef.accept(ForEachOps.java:186)
	at java.base/java.util.stream.ReferencePipeline$3$1.accept(ReferencePipeline.java:214)
	at java.base/java.util.Iterator.forEachRemaining(Iterator.java:133)
	at java.base/java.util.Spliterators$IteratorSpliterator.forEachRemaining(Spliterators.java:1939)
	at java.base/java.util.stream.AbstractPipeline.copyInto(AbstractPipeline.java:570)
	at java.base/java.util.stream.AbstractPipeline.wrapAndCopyInto(AbstractPipeline.java:560)
	at java.base/java.util.stream.ForEachOps$ForEachOp.evaluateSequential(ForEachOps.java:153)
	at java.base/java.util.stream.ForEachOps$ForEachOp$OfRef.evaluateSequential(ForEachOps.java:176)
	at java.base/java.util.stream.AbstractPipeline.evaluate(AbstractPipeline.java:265)
	at java.base/java.util.stream.ReferencePipeline.forEach(ReferencePipeline.java:632)
	at org.junit.platform.suite.engine.SuiteTestEngine.execute(SuiteTestEngine.java:78)
	at org.junit.platform.launcher.core.EngineExecutionOrchestrator.executeEngine(EngineExecutionOrchestrator.java:246)
	at org.junit.platform.launcher.core.EngineExecutionOrchestrator.failOrExecuteEngine(EngineExecutionOrchestrator.java:218)
	at org.junit.platform.launcher.core.EngineExecutionOrchestrator.execute(EngineExecutionOrchestrator.java:179)
	at org.junit.platform.launcher.core.EngineExecutionOrchestrator.execute(EngineExecutionOrchestrator.java:108)
	at org.junit.platform.launcher.core.EngineExecutionOrchestrator.lambda$execute$0(EngineExecutionOrchestrator.java:66)
	at org.junit.platform.launcher.core.EngineExecutionOrchestrator.withInterceptedStreams(EngineExecutionOrchestrator.java:157)
	at org.junit.platform.launcher.core.EngineExecutionOrchestrator.execute(EngineExecutionOrchestrator.java:65)
	at org.junit.platform.launcher.core.DefaultLauncher.execute(DefaultLauncher.java:125)
	at org.junit.platform.launcher.core.DefaultLauncher.execute(DefaultLauncher.java:114)
	at org.junit.platform.launcher.core.DelegatingLauncher.execute(DelegatingLauncher.java:58)
	at org.junit.platform.launcher.core.InterceptingLauncher.lambda$execute$2(InterceptingLauncher.java:57)
	at org.junit.platform.launcher.core.ClasspathAlignmentCheckingLauncherInterceptor.intercept(ClasspathAlignmentCheckingLauncherInterceptor.java:25)
	at org.junit.platform.launcher.core.InterceptingLauncher.execute(InterceptingLauncher.java:56)
	at org.junit.platform.launcher.core.DelegatingLauncher.execute(DelegatingLauncher.java:58)
	at java.base/jdk.internal.reflect.DirectMethodHandleAccessor.invoke(DirectMethodHandleAccessor.java:104)
	at java.base/java.lang.reflect.Method.invoke(Method.java:565)
	at org.apache.maven.surefire.api.util.ReflectionUtils.invokeMethodWithArray(ReflectionUtils.java:125)
	at org.apache.maven.surefire.junitplatform.LauncherAdapter.executeWithCancellationToken(LauncherAdapter.java:68)
	at org.apache.maven.surefire.junitplatform.LauncherAdapter.execute(LauncherAdapter.java:54)
	at org.apache.maven.surefire.junitplatform.JUnitPlatformProvider.execute(JUnitPlatformProvider.java:203)
	at org.apache.maven.surefire.junitplatform.JUnitPlatformProvider.invokeAllTests(JUnitPlatformProvider.java:168)
	at org.apache.maven.surefire.junitplatform.JUnitPlatformProvider.invoke(JUnitPlatformProvider.java:136)
	at org.apache.maven.surefire.booter.ForkedBooter.runSuitesInProcess(ForkedBooter.java:385)
	at org.apache.maven.surefire.booter.ForkedBooter.execute(ForkedBooter.java:162)
	at org.apache.maven.surefire.booter.ForkedBooter.run(ForkedBooter.java:507)
	at org.apache.maven.surefire.booter.ForkedBooter.main(ForkedBooter.java:495)
2026-09-01 00:06:47.126 [main] INFO  com.swaglabs.hooks.Hooks - Scenario 'ExceptionController handles element not found' FAILED. Capturing screenshot...
2026-09-01 00:06:48.794 [main] INFO  c.s.utils.helper.WebdriverHelper - Recording saved and attached to failed scenario 'ExceptionController handles element not found'
2026-09-01 00:06:49.674 [main] INFO  c.s.managers.AppiumDriverManager - Local driver variables cleared
2026-09-01 00:06:49.675 [main] INFO  page_objects.PageObjectHelper - Page object instances cleared
2026-09-01 00:06:49.691 [main] INFO  com.swaglabs.hooks.Hooks - ******* Scenario: Standard user can log in successfully started *******
2026-09-01 00:06:49.694 [main] INFO  c.s.managers.AppiumServerManager - Appium server already running on 127.0.0.1:4723 - stopping to reuse clean state
2026-09-01 00:06:49.747 [main] INFO  c.s.managers.AppiumServerManager - Appium server stopped
2026-09-01 00:06:53.722 [main] INFO  c.s.managers.AppiumServerManager - Appium server started on http://127.0.0.1:4723
2026-09-01 00:06:53.791 [main] INFO  com.swaglabs.device.DeviceManager - Using Android device: b58c6ff4
2026-09-01 00:06:53.982 [main] INFO  c.s.managers.AppiumDriverManager - Starting Appium session: http://127.0.0.1:4723 with caps Capabilities {appium:adbExecTimeout: 20000, appium:app: C:\Users\family\Desktop\pro..., appium:appActivity: .MainActivity, appium:appPackage: com.juanforeroaxpo.saucedemo, appium:autoGrantPermissions: true, appium:automationName: UiAutomator2, appium:clearSystemFiles: true, appium:disableWindowAnimation: false, appium:newCommandTimeout: 250, appium:noSign: true, appium:udid: b58c6ff4, appium:uiautomator2ServerInstallTimeout: 20000, platformName: ANDROID}
2026-09-01 00:07:01.850 [main] INFO  c.s.utils.helper.WebdriverHelper - Screen recording started
2026-09-01 00:07:02.164 [main] INFO  c.s.s.ExceptionControllerStepsDefs - User lands on the login page
2026-09-01 00:07:02.165 [main] INFO  com.swaglabs.hooks.Hooks - Scenario 'Standard user can log in successfully' PASSED.
2026-09-01 00:07:03.934 [main] INFO  c.s.managers.AppiumDriverManager - Local driver variables cleared
2026-09-01 00:07:03.934 [main] INFO  page_objects.PageObjectHelper - Page object instances cleared
2026-09-01 00:07:03.958 [main] INFO  com.swaglabs.hooks.Hooks - ******* Scenario: User can see the product catalog after login started *******
2026-09-01 00:07:03.959 [main] INFO  c.s.managers.AppiumServerManager - Appium server already running on 127.0.0.1:4723 - stopping to reuse clean state
2026-09-01 00:07:03.982 [main] INFO  c.s.managers.AppiumServerManager - Appium server stopped
2026-09-01 00:07:07.794 [main] INFO  c.s.managers.AppiumServerManager - Appium server started on http://127.0.0.1:4723
2026-09-01 00:07:07.851 [main] INFO  com.swaglabs.device.DeviceManager - Using Android device: b58c6ff4
2026-09-01 00:07:08.062 [main] INFO  c.s.managers.AppiumDriverManager - Starting Appium session: http://127.0.0.1:4723 with caps Capabilities {appium:adbExecTimeout: 20000, appium:app: C:\Users\family\Desktop\pro..., appium:appActivity: .MainActivity, appium:appPackage: com.juanforeroaxpo.saucedemo, appium:autoGrantPermissions: true, appium:automationName: UiAutomator2, appium:clearSystemFiles: true, appium:disableWindowAnimation: false, appium:newCommandTimeout: 250, appium:noSign: true, appium:udid: b58c6ff4, appium:uiautomator2ServerInstallTimeout: 20000, platformName: ANDROID}
2026-09-01 00:07:16.139 [main] INFO  c.s.utils.helper.WebdriverHelper - Screen recording started
2026-09-01 00:07:16.316 [main] INFO  c.s.s.ExceptionControllerStepsDefs - User lands on the login page
2026-09-01 00:07:16.317 [main] INFO  com.swaglabs.hooks.Hooks - Scenario 'User can see the product catalog after login' PASSED.
2026-09-01 00:07:18.159 [main] INFO  c.s.managers.AppiumDriverManager - Local driver variables cleared
2026-09-01 00:07:18.159 [main] INFO  page_objects.PageObjectHelper - Page object instances cleared
2026-09-01 00:07:18.167 [main] INFO  com.swaglabs.hooks.Hooks - ******* Scenario: User can add a product to the cart started *******
2026-09-01 00:07:18.168 [main] INFO  c.s.managers.AppiumServerManager - Appium server already running on 127.0.0.1:4723 - stopping to reuse clean state
2026-09-01 00:07:18.209 [main] INFO  c.s.managers.AppiumServerManager - Appium server stopped
2026-09-01 00:07:21.696 [main] INFO  c.s.managers.AppiumServerManager - Appium server started on http://127.0.0.1:4723
2026-09-01 00:07:21.757 [main] INFO  com.swaglabs.device.DeviceManager - Using Android device: b58c6ff4
2026-09-01 00:07:21.935 [main] INFO  c.s.managers.AppiumDriverManager - Starting Appium session: http://127.0.0.1:4723 with caps Capabilities {appium:adbExecTimeout: 20000, appium:app: C:\Users\family\Desktop\pro..., appium:appActivity: .MainActivity, appium:appPackage: com.juanforeroaxpo.saucedemo, appium:autoGrantPermissions: true, appium:automationName: UiAutomator2, appium:clearSystemFiles: true, appium:disableWindowAnimation: false, appium:newCommandTimeout: 250, appium:noSign: true, appium:udid: b58c6ff4, appium:uiautomator2ServerInstallTimeout: 20000, platformName: ANDROID}
2026-09-01 00:07:29.601 [main] INFO  c.s.utils.helper.WebdriverHelper - Screen recording started
2026-09-01 00:07:29.780 [main] INFO  c.s.s.ExceptionControllerStepsDefs - User lands on the login page
2026-09-01 00:07:29.782 [main] INFO  com.swaglabs.hooks.Hooks - Scenario 'User can add a product to the cart' PASSED.
2026-09-01 00:07:31.706 [main] INFO  c.s.managers.AppiumDriverManager - Local driver variables cleared
2026-09-01 00:07:31.706 [main] INFO  page_objects.PageObjectHelper - Page object instances cleared
2026-09-01 00:07:31.746 [main] INFO  c.s.managers.AppiumServerManager - Appium server stopped
2026-09-01 00:07:31.747 [main] INFO  com.swaglabs.hooks.Hooks - Swag Labs automation finished.
2026-09-01 00:10:37.904 [main] INFO  c.s.managers.PropertiesManager - Loaded properties file: src/main/resources/project_properties/project_config_local.properties
2026-09-01 00:10:37.923 [main] INFO  c.s.capabilities.CapabilityManager - Loaded capabilities from C:\Users\family\Desktop\projects\swag-labs-mobile-nwdfew/src/main/resources/caps/local.json
2026-09-01 00:10:37.923 [main] INFO  com.swaglabs.hooks.Hooks - Swag Labs automation started. Platform=android, Environment=local
2026-09-01 00:10:38.339 [main] INFO  com.swaglabs.hooks.Hooks - ******* Scenario: User can add an item to the cart and verify it started *******
2026-09-01 00:10:43.840 [main] INFO  c.s.managers.AppiumServerManager - Appium server started on http://127.0.0.1:4723
2026-09-01 00:10:43.962 [main] INFO  com.swaglabs.device.DeviceManager - Using Android device: b58c6ff4
2026-09-01 00:10:44.191 [main] INFO  c.s.managers.AppiumDriverManager - Starting Appium session: http://127.0.0.1:4723 with caps Capabilities {appium:adbExecTimeout: 20000, appium:app: C:\Users\family\Desktop\pro..., appium:appActivity: .MainActivity, appium:appPackage: com.juanforeroaxpo.saucedemo, appium:autoGrantPermissions: true, appium:automationName: UiAutomator2, appium:clearSystemFiles: true, appium:disableWindowAnimation: false, appium:newCommandTimeout: 250, appium:noSign: true, appium:udid: b58c6ff4, appium:uiautomator2ServerInstallTimeout: 20000, platformName: ANDROID}
2026-09-01 00:10:52.548 [main] INFO  c.s.utils.helper.WebdriverHelper - Screen recording started
2026-09-01 00:10:53.657 [main] INFO  c.swaglabs.stepsDefs.LoginStepsDefs - User lands on the login page
2026-09-01 00:11:00.553 [main] INFO  c.swaglabs.stepsDefs.LoginStepsDefs - Logged in as standard_user
2026-09-01 00:11:02.225 [main] INFO  c.s.stepsDefs.ProductsStepsDefs - Added product at position 0 to the cart
2026-09-01 00:11:03.179 [main] INFO  c.swaglabs.stepsDefs.CartStepsDefs - Opened the cart
2026-09-01 00:11:03.851 [main] INFO  c.swaglabs.stepsDefs.CartStepsDefs - Cart page is displayed
2026-09-01 00:11:03.940 [main] INFO  c.swaglabs.stepsDefs.CartStepsDefs - Cart has 1 item(s)
2026-09-01 00:11:03.942 [main] INFO  com.swaglabs.hooks.Hooks - Scenario 'User can add an item to the cart and verify it' PASSED.
2026-09-01 00:11:06.270 [main] INFO  c.s.managers.AppiumDriverManager - Local driver variables cleared
2026-09-01 00:11:06.270 [main] INFO  page_objects.PageObjectHelper - Page object instances cleared
2026-09-01 00:11:06.313 [main] INFO  com.swaglabs.hooks.Hooks - ******* Scenario: User completes a full purchase started *******
2026-09-01 00:11:06.315 [main] INFO  c.s.managers.AppiumServerManager - Appium server already running on 127.0.0.1:4723 - stopping to reuse clean state
2026-09-01 00:11:06.472 [main] INFO  c.s.managers.AppiumServerManager - Appium server stopped
2026-09-01 00:11:11.623 [main] INFO  c.s.managers.AppiumServerManager - Appium server started on http://127.0.0.1:4723
2026-09-01 00:11:11.697 [main] INFO  com.swaglabs.device.DeviceManager - Using Android device: b58c6ff4
2026-09-01 00:11:11.886 [main] INFO  c.s.managers.AppiumDriverManager - Starting Appium session: http://127.0.0.1:4723 with caps Capabilities {appium:adbExecTimeout: 20000, appium:app: C:\Users\family\Desktop\pro..., appium:appActivity: .MainActivity, appium:appPackage: com.juanforeroaxpo.saucedemo, appium:autoGrantPermissions: true, appium:automationName: UiAutomator2, appium:clearSystemFiles: true, appium:disableWindowAnimation: false, appium:newCommandTimeout: 250, appium:noSign: true, appium:udid: b58c6ff4, appium:uiautomator2ServerInstallTimeout: 20000, platformName: ANDROID}
2026-09-01 00:11:19.853 [main] INFO  c.s.utils.helper.WebdriverHelper - Screen recording started
2026-09-01 00:11:20.142 [main] INFO  c.swaglabs.stepsDefs.LoginStepsDefs - User lands on the login page
2026-09-01 00:11:26.534 [main] INFO  c.swaglabs.stepsDefs.LoginStepsDefs - Logged in as standard_user
2026-09-01 00:11:28.222 [main] INFO  c.s.stepsDefs.ProductsStepsDefs - Added product at position 0 to the cart
2026-09-01 00:11:29.157 [main] INFO  c.swaglabs.stepsDefs.CartStepsDefs - Opened the cart
2026-09-01 00:11:30.292 [main] INFO  c.s.stepsDefs.CheckoutStepsDefs - Proceeded to checkout
2026-09-01 00:11:31.157 [main] INFO  c.s.stepsDefs.CheckoutStepsDefs - Checkout info page is displayed
2026-09-01 00:11:39.873 [main] INFO  c.s.stepsDefs.CheckoutStepsDefs - Entered shipping info: John Doe 12345
2026-09-01 00:11:40.749 [main] INFO  c.s.stepsDefs.CheckoutStepsDefs - Continued to overview page
2026-09-01 00:11:42.450 [main] INFO  c.s.stepsDefs.CheckoutStepsDefs - Checkout overview page is displayed
2026-09-01 00:11:42.906 [main] INFO  c.s.stepsDefs.CheckoutStepsDefs - Finished the order
2026-09-01 00:11:44.466 [main] INFO  c.s.stepsDefs.CheckoutStepsDefs - Checkout completion page is displayed
2026-09-01 00:11:44.694 [main] INFO  c.s.stepsDefs.CheckoutStepsDefs - Went back home
2026-09-01 00:11:44.695 [main] INFO  com.swaglabs.hooks.Hooks - Scenario 'User completes a full purchase' PASSED.
2026-09-01 00:11:46.965 [main] INFO  c.s.managers.AppiumDriverManager - Local driver variables cleared
2026-09-01 00:11:46.965 [main] INFO  page_objects.PageObjectHelper - Page object instances cleared
2026-09-01 00:11:46.981 [main] INFO  com.swaglabs.hooks.Hooks - ******* Scenario: ExceptionController handles element not found started *******
2026-09-01 00:11:46.982 [main] INFO  c.s.managers.AppiumServerManager - Appium server already running on 127.0.0.1:4723 - stopping to reuse clean state
2026-09-01 00:11:47.013 [main] INFO  c.s.managers.AppiumServerManager - Appium server stopped
2026-09-01 00:11:52.305 [main] INFO  c.s.managers.AppiumServerManager - Appium server started on http://127.0.0.1:4723
2026-09-01 00:11:52.379 [main] INFO  com.swaglabs.device.DeviceManager - Using Android device: b58c6ff4
2026-09-01 00:11:52.568 [main] INFO  c.s.managers.AppiumDriverManager - Starting Appium session: http://127.0.0.1:4723 with caps Capabilities {appium:adbExecTimeout: 20000, appium:app: C:\Users\family\Desktop\pro..., appium:appActivity: .MainActivity, appium:appPackage: com.juanforeroaxpo.saucedemo, appium:autoGrantPermissions: true, appium:automationName: UiAutomator2, appium:clearSystemFiles: true, appium:disableWindowAnimation: false, appium:newCommandTimeout: 250, appium:noSign: true, appium:udid: b58c6ff4, appium:uiautomator2ServerInstallTimeout: 20000, platformName: ANDROID}
2026-09-01 00:12:00.823 [main] INFO  c.s.utils.helper.WebdriverHelper - Screen recording started
2026-09-01 00:12:01.180 [main] INFO  c.s.s.ExceptionControllerStepsDefs - User lands on the login page for exception test
2026-09-01 00:12:01.182 [main] ERROR c.s.exceptions.ExceptionController - Element not found: non-existent-element-test (timeout)
org.openqa.selenium.TimeoutException: Element not found: non-existent-element-test
Build info: version: '4.40.0', revision: 'b3333f1'
System info: os.name: 'Windows 11', os.arch: 'amd64', os.version: '10.0', java.version: '26.0.2.1'
Driver info: driver.version: unknown
	at com.swaglabs.stepsDefs.ExceptionControllerStepsDefs.iTryToFindANonExistentElement(ExceptionControllerStepsDefs.java:26)
	at java.base/jdk.internal.reflect.DirectMethodHandleAccessor.invoke(DirectMethodHandleAccessor.java:104)
	at java.base/java.lang.reflect.Method.invoke(Method.java:565)
	at io.cucumber.java.Invoker.doInvoke(Invoker.java:66)
	at io.cucumber.java.Invoker.invoke(Invoker.java:24)
	at io.cucumber.java.AbstractGlueDefinition.invokeMethod(AbstractGlueDefinition.java:47)
	at io.cucumber.java.JavaStepDefinition.execute(JavaStepDefinition.java:29)
	at io.cucumber.core.runner.CoreStepDefinition.execute(CoreStepDefinition.java:66)
	at io.cucumber.core.runner.PickleStepDefinitionMatch.runStep(PickleStepDefinitionMatch.java:62)
	at io.cucumber.core.runner.ExecutionMode$1.execute(ExecutionMode.java:10)
	at io.cucumber.core.runner.TestStep.executeStep(TestStep.java:81)
	at io.cucumber.core.runner.TestStep.run(TestStep.java:53)
	at io.cucumber.core.runner.PickleStepTestStep.run(PickleStepTestStep.java:51)
	at io.cucumber.core.runner.TestCase.run(TestCase.java:87)
	at io.cucumber.core.runner.Runner.runPickle(Runner.java:75)
	at io.cucumber.junit.platform.engine.CucumberEngineExecutionContext.lambda$runTestCase$4(CucumberEngineExecutionContext.java:115)
	at io.cucumber.core.runtime.CucumberExecutionContext.lambda$runTestCase$5(CucumberExecutionContext.java:136)
	at io.cucumber.core.runtime.RethrowingThrowableCollector.executeAndThrow(RethrowingThrowableCollector.java:23)
	at io.cucumber.core.runtime.CucumberExecutionContext.runTestCase(CucumberExecutionContext.java:136)
	at io.cucumber.junit.platform.engine.CucumberEngineExecutionContext.runTestCase(CucumberEngineExecutionContext.java:112)
	at io.cucumber.junit.platform.engine.CucumberTestDescriptor$PickleDescriptor.execute(CucumberTestDescriptor.java:308)
	at io.cucumber.junit.platform.engine.CucumberTestDescriptor$PickleDescriptor.execute(CucumberTestDescriptor.java:249)
	at org.junit.platform.engine.support.hierarchical.NodeTestTask.lambda$executeRecursively$2(NodeTestTask.java:176)
	at org.junit.platform.engine.support.hierarchical.ThrowableCollector.execute(ThrowableCollector.java:74)
	at org.junit.platform.engine.support.hierarchical.NodeTestTask.lambda$executeRecursively$1(NodeTestTask.java:166)
	at org.junit.platform.engine.support.hierarchical.Node.around(Node.java:138)
	at org.junit.platform.engine.support.hierarchical.NodeTestTask.lambda$executeRecursively$0(NodeTestTask.java:164)
	at org.junit.platform.engine.support.hierarchical.ThrowableCollector.execute(ThrowableCollector.java:74)
	at org.junit.platform.engine.support.hierarchical.NodeTestTask.executeRecursively(NodeTestTask.java:163)
	at org.junit.platform.engine.support.hierarchical.NodeTestTask.execute(NodeTestTask.java:116)
	at java.base/java.util.ArrayList.forEach(ArrayList.java:1612)
	at org.junit.platform.engine.support.hierarchical.SameThreadHierarchicalTestExecutorService.invokeAll(SameThreadHierarchicalTestExecutorService.java:42)
	at org.junit.platform.engine.support.hierarchical.NodeTestTask.lambda$executeRecursively$2(NodeTestTask.java:180)
	at org.junit.platform.engine.support.hierarchical.ThrowableCollector.execute(ThrowableCollector.java:74)
	at org.junit.platform.engine.support.hierarchical.NodeTestTask.lambda$executeRecursively$1(NodeTestTask.java:166)
	at org.junit.platform.engine.support.hierarchical.Node.around(Node.java:138)
	at org.junit.platform.engine.support.hierarchical.NodeTestTask.lambda$executeRecursively$0(NodeTestTask.java:164)
	at org.junit.platform.engine.support.hierarchical.ThrowableCollector.execute(ThrowableCollector.java:74)
	at org.junit.platform.engine.support.hierarchical.NodeTestTask.executeRecursively(NodeTestTask.java:163)
	at org.junit.platform.engine.support.hierarchical.NodeTestTask.execute(NodeTestTask.java:116)
	at java.base/java.util.ArrayList.forEach(ArrayList.java:1612)
	at org.junit.platform.engine.support.hierarchical.SameThreadHierarchicalTestExecutorService.invokeAll(SameThreadHierarchicalTestExecutorService.java:42)
	at org.junit.platform.engine.support.hierarchical.NodeTestTask.lambda$executeRecursively$2(NodeTestTask.java:180)
	at org.junit.platform.engine.support.hierarchical.ThrowableCollector.execute(ThrowableCollector.java:74)
	at org.junit.platform.engine.support.hierarchical.NodeTestTask.lambda$executeRecursively$1(NodeTestTask.java:166)
	at org.junit.platform.engine.support.hierarchical.Node.around(Node.java:138)
	at org.junit.platform.engine.support.hierarchical.NodeTestTask.lambda$executeRecursively$0(NodeTestTask.java:164)
	at org.junit.platform.engine.support.hierarchical.ThrowableCollector.execute(ThrowableCollector.java:74)
	at org.junit.platform.engine.support.hierarchical.NodeTestTask.executeRecursively(NodeTestTask.java:163)
	at org.junit.platform.engine.support.hierarchical.NodeTestTask.execute(NodeTestTask.java:116)
	at org.junit.platform.engine.support.hierarchical.SameThreadHierarchicalTestExecutorService.submit(SameThreadHierarchicalTestExecutorService.java:36)
	at org.junit.platform.engine.support.hierarchical.HierarchicalTestExecutor.execute(HierarchicalTestExecutor.java:52)
	at org.junit.platform.engine.support.hierarchical.HierarchicalTestEngine.execute(HierarchicalTestEngine.java:58)
	at org.junit.platform.launcher.core.EngineExecutionOrchestrator.executeEngine(EngineExecutionOrchestrator.java:246)
	at org.junit.platform.launcher.core.EngineExecutionOrchestrator.failOrExecuteEngine(EngineExecutionOrchestrator.java:218)
	at org.junit.platform.launcher.core.EngineExecutionOrchestrator.execute(EngineExecutionOrchestrator.java:179)
	at org.junit.platform.launcher.core.EngineExecutionOrchestrator.execute(EngineExecutionOrchestrator.java:108)
	at org.junit.platform.launcher.core.EngineExecutionOrchestrator.execute(EngineExecutionOrchestrator.java:89)
	at org.junit.platform.suite.engine.SuiteLauncher.execute(SuiteLauncher.java:65)
	at org.junit.platform.suite.engine.SuiteTestDescriptor.executeTests(SuiteTestDescriptor.java:208)
	at org.junit.platform.suite.engine.SuiteTestDescriptor.execute(SuiteTestDescriptor.java:173)
	at org.junit.platform.suite.engine.SuiteTestEngine.lambda$execute$0(SuiteTestEngine.java:78)
	at java.base/java.util.stream.ForEachOps$ForEachOp$OfRef.accept(ForEachOps.java:186)
	at java.base/java.util.stream.ReferencePipeline$3$1.accept(ReferencePipeline.java:214)
	at java.base/java.util.Iterator.forEachRemaining(Iterator.java:133)
	at java.base/java.util.Spliterators$IteratorSpliterator.forEachRemaining(Spliterators.java:1939)
	at java.base/java.util.stream.AbstractPipeline.copyInto(AbstractPipeline.java:570)
	at java.base/java.util.stream.AbstractPipeline.wrapAndCopyInto(AbstractPipeline.java:560)
	at java.base/java.util.stream.ForEachOps$ForEachOp.evaluateSequential(ForEachOps.java:153)
	at java.base/java.util.stream.ForEachOps$ForEachOp$OfRef.evaluateSequential(ForEachOps.java:176)
	at java.base/java.util.stream.AbstractPipeline.evaluate(AbstractPipeline.java:265)
	at java.base/java.util.stream.ReferencePipeline.forEach(ReferencePipeline.java:632)
	at org.junit.platform.suite.engine.SuiteTestEngine.execute(SuiteTestEngine.java:78)
	at org.junit.platform.launcher.core.EngineExecutionOrchestrator.executeEngine(EngineExecutionOrchestrator.java:246)
	at org.junit.platform.launcher.core.EngineExecutionOrchestrator.failOrExecuteEngine(EngineExecutionOrchestrator.java:218)
	at org.junit.platform.launcher.core.EngineExecutionOrchestrator.execute(EngineExecutionOrchestrator.java:179)
	at org.junit.platform.launcher.core.EngineExecutionOrchestrator.execute(EngineExecutionOrchestrator.java:108)
	at org.junit.platform.launcher.core.EngineExecutionOrchestrator.lambda$execute$0(EngineExecutionOrchestrator.java:66)
	at org.junit.platform.launcher.core.EngineExecutionOrchestrator.withInterceptedStreams(EngineExecutionOrchestrator.java:157)
	at org.junit.platform.launcher.core.EngineExecutionOrchestrator.execute(EngineExecutionOrchestrator.java:65)
	at org.junit.platform.launcher.core.DefaultLauncher.execute(DefaultLauncher.java:125)
	at org.junit.platform.launcher.core.DefaultLauncher.execute(DefaultLauncher.java:114)
	at org.junit.platform.launcher.core.DelegatingLauncher.execute(DelegatingLauncher.java:58)
	at org.junit.platform.launcher.core.InterceptingLauncher.lambda$execute$2(InterceptingLauncher.java:57)
	at org.junit.platform.launcher.core.ClasspathAlignmentCheckingLauncherInterceptor.intercept(ClasspathAlignmentCheckingLauncherInterceptor.java:25)
	at org.junit.platform.launcher.core.InterceptingLauncher.execute(InterceptingLauncher.java:56)
	at org.junit.platform.launcher.core.DelegatingLauncher.execute(DelegatingLauncher.java:58)
	at java.base/jdk.internal.reflect.DirectMethodHandleAccessor.invoke(DirectMethodHandleAccessor.java:104)
	at java.base/java.lang.reflect.Method.invoke(Method.java:565)
	at org.apache.maven.surefire.api.util.ReflectionUtils.invokeMethodWithArray(ReflectionUtils.java:125)
	at org.apache.maven.surefire.junitplatform.LauncherAdapter.executeWithCancellationToken(LauncherAdapter.java:68)
	at org.apache.maven.surefire.junitplatform.LauncherAdapter.execute(LauncherAdapter.java:54)
	at org.apache.maven.surefire.junitplatform.JUnitPlatformProvider.execute(JUnitPlatformProvider.java:203)
	at org.apache.maven.surefire.junitplatform.JUnitPlatformProvider.invokeAllTests(JUnitPlatformProvider.java:168)
	at org.apache.maven.surefire.junitplatform.JUnitPlatformProvider.invoke(JUnitPlatformProvider.java:136)
	at org.apache.maven.surefire.booter.ForkedBooter.runSuitesInProcess(ForkedBooter.java:385)
	at org.apache.maven.surefire.booter.ForkedBooter.execute(ForkedBooter.java:162)
	at org.apache.maven.surefire.booter.ForkedBooter.run(ForkedBooter.java:507)
	at org.apache.maven.surefire.booter.ForkedBooter.main(ForkedBooter.java:495)
2026-09-01 00:12:01.206 [main] INFO  com.swaglabs.hooks.Hooks - Scenario 'ExceptionController handles element not found' FAILED. Capturing screenshot...
2026-09-01 00:12:02.923 [main] INFO  c.s.utils.helper.WebdriverHelper - Recording saved and attached to failed scenario 'ExceptionController handles element not found'
2026-09-01 00:12:03.729 [main] INFO  c.s.managers.AppiumDriverManager - Local driver variables cleared
2026-09-01 00:12:03.729 [main] INFO  page_objects.PageObjectHelper - Page object instances cleared
2026-09-01 00:12:03.752 [main] INFO  com.swaglabs.hooks.Hooks - ******* Scenario: Standard user can log in successfully started *******
2026-09-01 00:12:03.752 [main] INFO  c.s.managers.AppiumServerManager - Appium server already running on 127.0.0.1:4723 - stopping to reuse clean state
2026-09-01 00:12:03.811 [main] INFO  c.s.managers.AppiumServerManager - Appium server stopped
2026-09-01 00:12:08.815 [main] INFO  c.s.managers.AppiumServerManager - Appium server started on http://127.0.0.1:4723
2026-09-01 00:12:08.884 [main] INFO  com.swaglabs.device.DeviceManager - Using Android device: b58c6ff4
2026-09-01 00:12:09.089 [main] INFO  c.s.managers.AppiumDriverManager - Starting Appium session: http://127.0.0.1:4723 with caps Capabilities {appium:adbExecTimeout: 20000, appium:app: C:\Users\family\Desktop\pro..., appium:appActivity: .MainActivity, appium:appPackage: com.juanforeroaxpo.saucedemo, appium:autoGrantPermissions: true, appium:automationName: UiAutomator2, appium:clearSystemFiles: true, appium:disableWindowAnimation: false, appium:newCommandTimeout: 250, appium:noSign: true, appium:udid: b58c6ff4, appium:uiautomator2ServerInstallTimeout: 20000, platformName: ANDROID}
2026-09-01 00:12:17.666 [main] INFO  c.s.utils.helper.WebdriverHelper - Screen recording started
2026-09-01 00:12:17.913 [main] INFO  c.swaglabs.stepsDefs.LoginStepsDefs - User lands on the login page
2026-09-01 00:12:24.287 [main] INFO  c.swaglabs.stepsDefs.LoginStepsDefs - Logged in as standard_user
2026-09-01 00:12:25.802 [main] INFO  c.s.stepsDefs.ProductsStepsDefs - Products page is displayed
2026-09-01 00:12:25.802 [main] INFO  com.swaglabs.hooks.Hooks - Scenario 'Standard user can log in successfully' PASSED.
2026-09-01 00:12:28.123 [main] INFO  c.s.managers.AppiumDriverManager - Local driver variables cleared
2026-09-01 00:12:28.123 [main] INFO  page_objects.PageObjectHelper - Page object instances cleared
2026-09-01 00:12:28.141 [main] INFO  com.swaglabs.hooks.Hooks - ******* Scenario: User can see the product catalog after login started *******
2026-09-01 00:12:28.142 [main] INFO  c.s.managers.AppiumServerManager - Appium server already running on 127.0.0.1:4723 - stopping to reuse clean state
2026-09-01 00:12:28.171 [main] INFO  c.s.managers.AppiumServerManager - Appium server stopped
2026-09-01 00:12:31.764 [main] INFO  c.s.managers.AppiumServerManager - Appium server started on http://127.0.0.1:4723
2026-09-01 00:12:31.844 [main] INFO  com.swaglabs.device.DeviceManager - Using Android device: b58c6ff4
2026-09-01 00:12:32.069 [main] INFO  c.s.managers.AppiumDriverManager - Starting Appium session: http://127.0.0.1:4723 with caps Capabilities {appium:adbExecTimeout: 20000, appium:app: C:\Users\family\Desktop\pro..., appium:appActivity: .MainActivity, appium:appPackage: com.juanforeroaxpo.saucedemo, appium:autoGrantPermissions: true, appium:automationName: UiAutomator2, appium:clearSystemFiles: true, appium:disableWindowAnimation: false, appium:newCommandTimeout: 250, appium:noSign: true, appium:udid: b58c6ff4, appium:uiautomator2ServerInstallTimeout: 20000, platformName: ANDROID}
2026-09-01 00:12:39.863 [main] INFO  c.s.utils.helper.WebdriverHelper - Screen recording started
2026-09-01 00:12:40.194 [main] INFO  c.swaglabs.stepsDefs.LoginStepsDefs - User lands on the login page
2026-09-01 00:12:46.590 [main] INFO  c.swaglabs.stepsDefs.LoginStepsDefs - Logged in as standard_user
2026-09-01 00:12:48.138 [main] INFO  c.s.stepsDefs.ProductsStepsDefs - Products page is displayed
2026-09-01 00:12:48.266 [main] INFO  c.s.stepsDefs.ProductsStepsDefs - Product catalog has 6 products
2026-09-01 00:12:48.266 [main] INFO  com.swaglabs.hooks.Hooks - Scenario 'User can see the product catalog after login' PASSED.
2026-09-01 00:12:50.202 [main] INFO  c.s.managers.AppiumDriverManager - Local driver variables cleared
2026-09-01 00:12:50.202 [main] INFO  page_objects.PageObjectHelper - Page object instances cleared
2026-09-01 00:12:50.207 [main] INFO  com.swaglabs.hooks.Hooks - ******* Scenario: User can add a product to the cart started *******
2026-09-01 00:12:50.208 [main] INFO  c.s.managers.AppiumServerManager - Appium server already running on 127.0.0.1:4723 - stopping to reuse clean state
2026-09-01 00:12:50.241 [main] INFO  c.s.managers.AppiumServerManager - Appium server stopped
2026-09-01 00:12:53.735 [main] INFO  c.s.managers.AppiumServerManager - Appium server started on http://127.0.0.1:4723
2026-09-01 00:12:53.801 [main] INFO  com.swaglabs.device.DeviceManager - Using Android device: b58c6ff4
2026-09-01 00:12:53.970 [main] INFO  c.s.managers.AppiumDriverManager - Starting Appium session: http://127.0.0.1:4723 with caps Capabilities {appium:adbExecTimeout: 20000, appium:app: C:\Users\family\Desktop\pro..., appium:appActivity: .MainActivity, appium:appPackage: com.juanforeroaxpo.saucedemo, appium:autoGrantPermissions: true, appium:automationName: UiAutomator2, appium:clearSystemFiles: true, appium:disableWindowAnimation: false, appium:newCommandTimeout: 250, appium:noSign: true, appium:udid: b58c6ff4, appium:uiautomator2ServerInstallTimeout: 20000, platformName: ANDROID}
2026-09-01 00:13:01.801 [main] INFO  c.s.utils.helper.WebdriverHelper - Screen recording started
2026-09-01 00:13:02.109 [main] INFO  c.swaglabs.stepsDefs.LoginStepsDefs - User lands on the login page
2026-09-01 00:13:08.442 [main] INFO  c.swaglabs.stepsDefs.LoginStepsDefs - Logged in as standard_user
2026-09-01 00:13:10.081 [main] INFO  c.s.stepsDefs.ProductsStepsDefs - Added product at position 0 to the cart
2026-09-01 00:13:10.996 [main] INFO  com.swaglabs.hooks.Hooks - Scenario 'User can add a product to the cart' PASSED.
2026-09-01 00:13:12.864 [main] INFO  c.s.managers.AppiumDriverManager - Local driver variables cleared
2026-09-01 00:13:12.864 [main] INFO  page_objects.PageObjectHelper - Page object instances cleared
2026-09-01 00:13:12.893 [main] INFO  c.s.managers.AppiumServerManager - Appium server stopped
2026-09-01 00:13:12.893 [main] INFO  com.swaglabs.hooks.Hooks - Swag Labs automation finished.
2026-09-01 00:13:53.671 [main] INFO  c.s.managers.PropertiesManager - Loaded properties file: src/main/resources/project_properties/project_config_local.properties
2026-09-01 00:13:53.688 [main] INFO  c.s.capabilities.CapabilityManager - Loaded capabilities from C:\Users\family\Desktop\projects\swag-labs-mobile-nwdfew/src/main/resources/caps/local.json
2026-09-01 00:13:53.688 [main] INFO  com.swaglabs.hooks.Hooks - Swag Labs automation started. Platform=android, Environment=local
2026-09-01 00:13:53.911 [main] INFO  com.swaglabs.hooks.Hooks - ******* Scenario: User can add an item to the cart and verify it started *******
2026-09-01 00:13:57.987 [main] INFO  c.s.managers.AppiumServerManager - Appium server started on http://127.0.0.1:4723
2026-09-01 00:13:58.059 [main] INFO  com.swaglabs.device.DeviceManager - Using Android device: b58c6ff4
2026-09-01 00:13:58.272 [main] INFO  c.s.managers.AppiumDriverManager - Starting Appium session: http://127.0.0.1:4723 with caps Capabilities {appium:adbExecTimeout: 20000, appium:app: C:\Users\family\Desktop\pro..., appium:appActivity: .MainActivity, appium:appPackage: com.juanforeroaxpo.saucedemo, appium:autoGrantPermissions: true, appium:automationName: UiAutomator2, appium:clearSystemFiles: true, appium:disableWindowAnimation: false, appium:newCommandTimeout: 250, appium:noSign: true, appium:udid: b58c6ff4, appium:uiautomator2ServerInstallTimeout: 20000, platformName: ANDROID}
2026-09-01 00:14:07.210 [main] INFO  c.s.utils.helper.WebdriverHelper - Screen recording started
2026-09-01 00:14:08.293 [main] INFO  c.swaglabs.stepsDefs.LoginStepsDefs - User lands on the login page
2026-09-01 00:14:15.070 [main] INFO  c.swaglabs.stepsDefs.LoginStepsDefs - Logged in as standard_user
2026-09-01 00:14:16.707 [main] INFO  c.s.stepsDefs.ProductsStepsDefs - Added product at position 0 to the cart
2026-09-01 00:14:17.642 [main] INFO  c.swaglabs.stepsDefs.CartStepsDefs - Opened the cart
2026-09-01 00:14:18.434 [main] INFO  c.swaglabs.stepsDefs.CartStepsDefs - Cart page is displayed
2026-09-01 00:14:18.536 [main] INFO  c.swaglabs.stepsDefs.CartStepsDefs - Cart has 1 item(s)
2026-09-01 00:14:18.538 [main] INFO  com.swaglabs.hooks.Hooks - Scenario 'User can add an item to the cart and verify it' PASSED.
2026-09-01 00:14:20.688 [main] INFO  c.s.managers.AppiumDriverManager - Local driver variables cleared
2026-09-01 00:14:20.688 [main] INFO  page_objects.PageObjectHelper - Page object instances cleared
2026-09-01 00:14:20.699 [main] INFO  com.swaglabs.hooks.Hooks - ******* Scenario: User can remove an item from the cart started *******
2026-09-01 00:14:20.700 [main] INFO  c.s.managers.AppiumServerManager - Appium server already running on 127.0.0.1:4723 - stopping to reuse clean state
2026-09-01 00:14:20.727 [main] INFO  c.s.managers.AppiumServerManager - Appium server stopped
2026-09-01 00:14:25.813 [main] INFO  c.s.managers.AppiumServerManager - Appium server started on http://127.0.0.1:4723
2026-09-01 00:14:25.914 [main] INFO  com.swaglabs.device.DeviceManager - Using Android device: b58c6ff4
2026-09-01 00:14:26.180 [main] INFO  c.s.managers.AppiumDriverManager - Starting Appium session: http://127.0.0.1:4723 with caps Capabilities {appium:adbExecTimeout: 20000, appium:app: C:\Users\family\Desktop\pro..., appium:appActivity: .MainActivity, appium:appPackage: com.juanforeroaxpo.saucedemo, appium:autoGrantPermissions: true, appium:automationName: UiAutomator2, appium:clearSystemFiles: true, appium:disableWindowAnimation: false, appium:newCommandTimeout: 250, appium:noSign: true, appium:udid: b58c6ff4, appium:uiautomator2ServerInstallTimeout: 20000, platformName: ANDROID}
2026-09-01 00:14:34.810 [main] INFO  c.s.utils.helper.WebdriverHelper - Screen recording started
2026-09-01 00:14:35.121 [main] INFO  c.swaglabs.stepsDefs.LoginStepsDefs - User lands on the login page
2026-09-01 00:14:41.450 [main] INFO  c.swaglabs.stepsDefs.LoginStepsDefs - Logged in as standard_user
2026-09-01 00:14:43.171 [main] INFO  c.s.stepsDefs.ProductsStepsDefs - Added product at position 0 to the cart
2026-09-01 00:14:44.122 [main] INFO  c.swaglabs.stepsDefs.CartStepsDefs - Opened the cart
2026-09-01 00:14:44.977 [main] INFO  c.swaglabs.stepsDefs.CartStepsDefs - Removed cart item at position 0
2026-09-01 00:14:46.038 [main] INFO  c.swaglabs.stepsDefs.CartStepsDefs - Cart is empty
2026-09-01 00:14:46.040 [main] INFO  com.swaglabs.hooks.Hooks - Scenario 'User can remove an item from the cart' PASSED.
2026-09-01 00:14:48.196 [main] INFO  c.s.managers.AppiumDriverManager - Local driver variables cleared
2026-09-01 00:14:48.197 [main] INFO  page_objects.PageObjectHelper - Page object instances cleared
2026-09-01 00:14:48.214 [main] INFO  com.swaglabs.hooks.Hooks - ******* Scenario: User completes a full purchase started *******
2026-09-01 00:14:48.215 [main] INFO  c.s.managers.AppiumServerManager - Appium server already running on 127.0.0.1:4723 - stopping to reuse clean state
2026-09-01 00:14:48.244 [main] INFO  c.s.managers.AppiumServerManager - Appium server stopped
2026-09-01 00:14:53.626 [main] INFO  c.s.managers.AppiumServerManager - Appium server started on http://127.0.0.1:4723
2026-09-01 00:14:53.713 [main] INFO  com.swaglabs.device.DeviceManager - Using Android device: b58c6ff4
2026-09-01 00:14:53.924 [main] INFO  c.s.managers.AppiumDriverManager - Starting Appium session: http://127.0.0.1:4723 with caps Capabilities {appium:adbExecTimeout: 20000, appium:app: C:\Users\family\Desktop\pro..., appium:appActivity: .MainActivity, appium:appPackage: com.juanforeroaxpo.saucedemo, appium:autoGrantPermissions: true, appium:automationName: UiAutomator2, appium:clearSystemFiles: true, appium:disableWindowAnimation: false, appium:newCommandTimeout: 250, appium:noSign: true, appium:udid: b58c6ff4, appium:uiautomator2ServerInstallTimeout: 20000, platformName: ANDROID}
2026-09-01 00:15:02.044 [main] INFO  c.s.utils.helper.WebdriverHelper - Screen recording started
2026-09-01 00:15:02.386 [main] INFO  c.swaglabs.stepsDefs.LoginStepsDefs - User lands on the login page
2026-09-01 00:15:09.018 [main] INFO  c.swaglabs.stepsDefs.LoginStepsDefs - Logged in as standard_user
2026-09-01 00:15:10.654 [main] INFO  c.s.stepsDefs.ProductsStepsDefs - Added product at position 0 to the cart
2026-09-01 00:15:11.625 [main] INFO  c.swaglabs.stepsDefs.CartStepsDefs - Opened the cart
2026-09-01 00:15:13.024 [main] INFO  c.s.stepsDefs.CheckoutStepsDefs - Proceeded to checkout
2026-09-01 00:15:13.992 [main] INFO  c.s.stepsDefs.CheckoutStepsDefs - Checkout info page is displayed
2026-09-01 00:15:23.170 [main] INFO  c.s.stepsDefs.CheckoutStepsDefs - Entered shipping info: John Doe 12345
2026-09-01 00:15:24.052 [main] INFO  c.s.stepsDefs.CheckoutStepsDefs - Continued to overview page
2026-09-01 00:15:25.834 [main] INFO  c.s.stepsDefs.CheckoutStepsDefs - Checkout overview page is displayed
2026-09-01 00:15:26.224 [main] INFO  c.s.stepsDefs.CheckoutStepsDefs - Finished the order
2026-09-01 00:15:27.317 [main] INFO  c.s.stepsDefs.CheckoutStepsDefs - Checkout completion page is displayed
2026-09-01 00:15:28.094 [main] INFO  c.s.stepsDefs.CheckoutStepsDefs - Went back home
2026-09-01 00:15:28.096 [main] INFO  com.swaglabs.hooks.Hooks - Scenario 'User completes a full purchase' PASSED.
2026-09-01 00:15:30.965 [main] INFO  c.s.managers.AppiumDriverManager - Local driver variables cleared
2026-09-01 00:15:30.965 [main] INFO  page_objects.PageObjectHelper - Page object instances cleared
2026-09-01 00:15:30.974 [main] INFO  com.swaglabs.hooks.Hooks - ******* Scenario: Problem user cannot complete the purchase (last name is not retained) started *******
2026-09-01 00:15:30.976 [main] INFO  c.s.managers.AppiumServerManager - Appium server already running on 127.0.0.1:4723 - stopping to reuse clean state
2026-09-01 00:15:31.057 [main] INFO  c.s.managers.AppiumServerManager - Appium server stopped
2026-09-01 00:15:38.600 [main] INFO  c.s.managers.AppiumServerManager - Appium server started on http://127.0.0.1:4723
2026-09-01 00:15:38.763 [main] INFO  com.swaglabs.device.DeviceManager - Using Android device: b58c6ff4
2026-09-01 00:15:39.104 [main] INFO  c.s.managers.AppiumDriverManager - Starting Appium session: http://127.0.0.1:4723 with caps Capabilities {appium:adbExecTimeout: 20000, appium:app: C:\Users\family\Desktop\pro..., appium:appActivity: .MainActivity, appium:appPackage: com.juanforeroaxpo.saucedemo, appium:autoGrantPermissions: true, appium:automationName: UiAutomator2, appium:clearSystemFiles: true, appium:disableWindowAnimation: false, appium:newCommandTimeout: 250, appium:noSign: true, appium:udid: b58c6ff4, appium:uiautomator2ServerInstallTimeout: 20000, platformName: ANDROID}
2026-09-01 00:15:46.318 [main] INFO  c.s.managers.PropertiesManager - Loaded properties file: src/main/resources/project_properties/project_config_local.properties
2026-09-01 00:15:46.355 [main] INFO  c.s.capabilities.CapabilityManager - Loaded capabilities from C:\Users\family\Desktop\projects\swag-labs-mobile-nwdfew/src/main/resources/caps/local.json
2026-09-01 00:15:46.355 [main] INFO  com.swaglabs.hooks.Hooks - Swag Labs automation started. Platform=android, Environment=local
2026-09-01 00:15:46.767 [main] INFO  com.swaglabs.hooks.Hooks - ******* Scenario: User can add an item to the cart and verify it started *******
2026-09-01 00:15:46.806 [main] INFO  c.s.managers.AppiumServerManager - Appium server already running on 127.0.0.1:4723 - stopping to reuse clean state
2026-09-01 00:15:47.839 [main] INFO  c.s.managers.AppiumServerManager - Appium server started on http://127.0.0.1:4723
2026-09-01 00:15:47.966 [main] INFO  com.swaglabs.device.DeviceManager - Using Android device: b58c6ff4
2026-09-01 00:15:48.181 [main] INFO  c.s.managers.AppiumDriverManager - Starting Appium session: http://127.0.0.1:4723 with caps Capabilities {appium:adbExecTimeout: 20000, appium:app: C:\Users\family\Desktop\pro..., appium:appActivity: .MainActivity, appium:appPackage: com.juanforeroaxpo.saucedemo, appium:autoGrantPermissions: true, appium:automationName: UiAutomator2, appium:clearSystemFiles: true, appium:disableWindowAnimation: false, appium:newCommandTimeout: 250, appium:noSign: true, appium:udid: b58c6ff4, appium:uiautomator2ServerInstallTimeout: 20000, platformName: ANDROID}
2026-09-01 00:15:49.166 [main] INFO  c.s.utils.helper.WebdriverHelper - Screen recording started
2026-09-01 00:15:49.225 [main] INFO  com.swaglabs.hooks.Hooks - Scenario 'Problem user cannot complete the purchase (last name is not retained)' FAILED. Capturing screenshot...
2026-09-01 00:15:49.244 [main] WARN  c.s.utils.helper.WebdriverHelper - Failed to take screenshot: Could not proxy command to the remote server. Original error: socket hang up
Build info: version: '4.40.0', revision: 'b3333f1'
System info: os.name: 'Windows 11', os.arch: 'amd64', os.version: '10.0', java.version: '26.0.2.1'
Driver info: io.appium.java_client.android.AndroidDriver
Command: [2d435da2-e7fd-4842-ac12-c537ad31cf31, screenshot {}]
Capabilities {appium:adbExecTimeout: 20000, appium:app: C:\Users\family\Desktop\pro..., appium:appActivity: .MainActivity, appium:appPackage: com.juanforeroaxpo.saucedemo, appium:autoGrantPermissions: true, appium:automationName: UiAutomator2, appium:clearSystemFiles: true, appium:databaseEnabled: false, appium:desired: {adbExecTimeout: 20000, app: C:\Users\family\Desktop\pro..., appActivity: .MainActivity, appPackage: com.juanforeroaxpo.saucedemo, autoGrantPermissions: true, automationName: UiAutomator2, clearSystemFiles: true, disableWindowAnimation: false, newCommandTimeout: 250, noSign: true, platformName: ANDROID, udid: b58c6ff4, uiautomator2ServerInstallTimeout: 20000}, appium:deviceApiLevel: 35, appium:deviceManufacturer: Xiaomi, appium:deviceModel: 23129RAA4G, appium:deviceName: b58c6ff4, appium:deviceScreenDensity: 440, appium:deviceScreenSize: 1080x2400, appium:deviceUDID: b58c6ff4, appium:disableWindowAnimation: false, appium:javascriptEnabled: true, appium:locationContextEnabled: false, appium:networkConnectionEnabled: true, appium:newCommandTimeout: 250, appium:noSign: true, appium:pixelRatio: 2.75, appium:platformVersion: 15, appium:statBarHeight: 94, appium:takesScreenshot: true, appium:udid: b58c6ff4, appium:uiautomator2ServerInstallTimeout: 20000, appium:viewportRect: {height: 2306, left: 0, top: 94, width: 1080}, appium:warnings: {}, appium:webStorageEnabled: false, platformName: ANDROID}
Session ID: 2d435da2-e7fd-4842-ac12-c537ad31cf31
2026-09-01 00:15:50.518 [main] WARN  c.s.utils.helper.WebdriverHelper - Error stopping recording: org.openqa.selenium.WebDriverException: Error executing adbExec. Original error: 'Command ''C:\Users\family\AppData\Local\Android\Sdk\platform-tools\adb.exe' -P 5037 -s b58c6ff4 pull /sdcard/7d252608.mp4 'C:\Users\family\AppData\Local\Temp\202681-9544-1pcjx9y.a95r\7d252608.mp4'' exited with code 1'; Command output: adb: error: failed to stat remote object '/sdcard/7d252608.mp4': No such file or directory

Build info: version: '4.40.0', revision: 'b3333f1'
System info: os.name: 'Windows 11', os.arch: 'amd64', os.version: '10.0', java.version: '26.0.2.1'
Driver info: io.appium.java_client.android.AndroidDriver
Command: [2d435da2-e7fd-4842-ac12-c537ad31cf31, stopRecordingScreen {}]
Capabilities {appium:adbExecTimeout: 20000, appium:app: C:\Users\family\Desktop\pro..., appium:appActivity: .MainActivity, appium:appPackage: com.juanforeroaxpo.saucedemo, appium:autoGrantPermissions: true, appium:automationName: UiAutomator2, appium:clearSystemFiles: true, appium:databaseEnabled: false, appium:desired: {adbExecTimeout: 20000, app: C:\Users\family\Desktop\pro..., appActivity: .MainActivity, appPackage: com.juanforeroaxpo.saucedemo, autoGrantPermissions: true, automationName: UiAutomator2, clearSystemFiles: true, disableWindowAnimation: false, newCommandTimeout: 250, noSign: true, platformName: ANDROID, udid: b58c6ff4, uiautomator2ServerInstallTimeout: 20000}, appium:deviceApiLevel: 35, appium:deviceManufacturer: Xiaomi, appium:deviceModel: 23129RAA4G, appium:deviceName: b58c6ff4, appium:deviceScreenDensity: 440, appium:deviceScreenSize: 1080x2400, appium:deviceUDID: b58c6ff4, appium:disableWindowAnimation: false, appium:javascriptEnabled: true, appium:locationContextEnabled: false, appium:networkConnectionEnabled: true, appium:newCommandTimeout: 250, appium:noSign: true, appium:pixelRatio: 2.75, appium:platformVersion: 15, appium:statBarHeight: 94, appium:takesScreenshot: true, appium:udid: b58c6ff4, appium:uiautomator2ServerInstallTimeout: 20000, appium:viewportRect: {height: 2306, left: 0, top: 94, width: 1080}, appium:warnings: {}, appium:webStorageEnabled: false, platformName: ANDROID}
Session ID: 2d435da2-e7fd-4842-ac12-c537ad31cf31
2026-09-01 00:15:51.222 [main] INFO  c.s.managers.AppiumDriverManager - Local driver variables cleared
2026-09-01 00:15:51.223 [main] INFO  page_objects.PageObjectHelper - Page object instances cleared
2026-09-01 00:15:51.258 [main] INFO  com.swaglabs.hooks.Hooks - ******* Scenario: Performance glitch user completes a full purchase started *******
2026-09-01 00:15:51.262 [main] INFO  c.s.managers.AppiumServerManager - Appium server already running on 127.0.0.1:4723 - stopping to reuse clean state
2026-09-01 00:15:51.339 [main] INFO  c.s.managers.AppiumServerManager - Appium server stopped
2026-09-01 00:15:51.334 [main] WARN  c.s.exceptions.ExceptionController - Failed to initialize test environment
org.openqa.selenium.SessionNotCreatedException: Could not start a new session. Possible causes are invalid address of the remote server or browser start-up failure. HTTP/1.1 header parser received no bytes 
Host info: host: 'DESKTOP-0739IAH', ip: '192.168.1.108'
Build info: version: '4.40.0', revision: 'b3333f1'
System info: os.name: 'Windows 11', os.arch: 'amd64', os.version: '10.0', java.version: '26.0.2.1'
Driver info: io.appium.java_client.android.AndroidDriver
Command: [null, newSession {capabilities=[Capabilities {appium:adbExecTimeout: 20000, appium:app: C:\Users\family\Desktop\pro..., appium:appActivity: .MainActivity, appium:appPackage: com.juanforeroaxpo.saucedemo, appium:autoGrantPermissions: true, appium:automationName: UiAutomator2, appium:clearSystemFiles: true, appium:disableWindowAnimation: false, appium:newCommandTimeout: 250, appium:noSign: true, appium:udid: b58c6ff4, appium:uiautomator2ServerInstallTimeout: 20000, platformName: ANDROID}]}]
Capabilities {appium:adbExecTimeout: 20000, appium:app: C:\Users\family\Desktop\pro..., appium:appActivity: .MainActivity, appium:appPackage: com.juanforeroaxpo.saucedemo, appium:autoGrantPermissions: true, appium:automationName: UiAutomator2, appium:clearSystemFiles: true, appium:disableWindowAnimation: false, appium:newCommandTimeout: 250, appium:noSign: true, appium:udid: b58c6ff4, appium:uiautomator2ServerInstallTimeout: 20000, platformName: ANDROID}
	at org.openqa.selenium.remote.RemoteWebDriver.execute(RemoteWebDriver.java:622)
	at io.appium.java_client.AppiumDriver.startSession(AppiumDriver.java:308)
	at org.openqa.selenium.remote.RemoteWebDriver.<init>(RemoteWebDriver.java:209)
	at org.openqa.selenium.remote.RemoteWebDriver.<init>(RemoteWebDriver.java:195)
	at io.appium.java_client.AppiumDriver.<init>(AppiumDriver.java:98)
	at io.appium.java_client.AppiumDriver.<init>(AppiumDriver.java:109)
	at io.appium.java_client.android.AndroidDriver.<init>(AndroidDriver.java:108)
	at com.swaglabs.managers.AppiumDriverManager.localDriver(AppiumDriverManager.java:51)
	at com.swaglabs.managers.AppiumDriverManager.startAppiumDriverInstance(AppiumDriverManager.java:44)
	at com.swaglabs.hooks.Hooks.beforeScenario(Hooks.java:41)
	at java.base/jdk.internal.reflect.DirectMethodHandleAccessor.invoke(DirectMethodHandleAccessor.java:104)
	at java.base/java.lang.reflect.Method.invoke(Method.java:565)
	at io.cucumber.java.Invoker.doInvoke(Invoker.java:66)
	at io.cucumber.java.Invoker.invoke(Invoker.java:24)
	at io.cucumber.java.AbstractGlueDefinition.invokeMethod(AbstractGlueDefinition.java:47)
	at io.cucumber.java.JavaHookDefinition.execute(JavaHookDefinition.java:68)
	at io.cucumber.core.runner.CoreHookDefinition.execute(CoreHookDefinition.java:47)
	at io.cucumber.core.runner.HookDefinitionMatch.runStep(HookDefinitionMatch.java:21)
	at io.cucumber.core.runner.ExecutionMode$1.execute(ExecutionMode.java:10)
	at io.cucumber.core.runner.TestStep.executeStep(TestStep.java:81)
	at io.cucumber.core.runner.TestStep.run(TestStep.java:53)
	at io.cucumber.core.runner.TestCase.run(TestCase.java:81)
	at io.cucumber.core.runner.Runner.runPickle(Runner.java:75)
	at io.cucumber.junit.platform.engine.CucumberEngineExecutionContext.lambda$runTestCase$4(CucumberEngineExecutionContext.java:115)
	at io.cucumber.core.runtime.CucumberExecutionContext.lambda$runTestCase$5(CucumberExecutionContext.java:136)
	at io.cucumber.core.runtime.RethrowingThrowableCollector.executeAndThrow(RethrowingThrowableCollector.java:23)
	at io.cucumber.core.runtime.CucumberExecutionContext.runTestCase(CucumberExecutionContext.java:136)
	at io.cucumber.junit.platform.engine.CucumberEngineExecutionContext.runTestCase(CucumberEngineExecutionContext.java:112)
	at io.cucumber.junit.platform.engine.CucumberTestDescriptor$PickleDescriptor.execute(CucumberTestDescriptor.java:308)
	at io.cucumber.junit.platform.engine.CucumberTestDescriptor$PickleDescriptor.execute(CucumberTestDescriptor.java:249)
	at org.junit.platform.engine.support.hierarchical.NodeTestTask.lambda$executeRecursively$2(NodeTestTask.java:176)
	at org.junit.platform.engine.support.hierarchical.ThrowableCollector.execute(ThrowableCollector.java:74)
	at org.junit.platform.engine.support.hierarchical.NodeTestTask.lambda$executeRecursively$1(NodeTestTask.java:166)
	at org.junit.platform.engine.support.hierarchical.Node.around(Node.java:138)
	at org.junit.platform.engine.support.hierarchical.NodeTestTask.lambda$executeRecursively$0(NodeTestTask.java:164)
	at org.junit.platform.engine.support.hierarchical.ThrowableCollector.execute(ThrowableCollector.java:74)
	at org.junit.platform.engine.support.hierarchical.NodeTestTask.executeRecursively(NodeTestTask.java:163)
	at org.junit.platform.engine.support.hierarchical.NodeTestTask.execute(NodeTestTask.java:116)
	at java.base/java.util.ArrayList.forEach(ArrayList.java:1612)
	at org.junit.platform.engine.support.hierarchical.SameThreadHierarchicalTestExecutorService.invokeAll(SameThreadHierarchicalTestExecutorService.java:42)
	at org.junit.platform.engine.support.hierarchical.NodeTestTask.lambda$executeRecursively$2(NodeTestTask.java:180)
	at org.junit.platform.engine.support.hierarchical.ThrowableCollector.execute(ThrowableCollector.java:74)
	at org.junit.platform.engine.support.hierarchical.NodeTestTask.lambda$executeRecursively$1(NodeTestTask.java:166)
	at org.junit.platform.engine.support.hierarchical.Node.around(Node.java:138)
	at org.junit.platform.engine.support.hierarchical.NodeTestTask.lambda$executeRecursively$0(NodeTestTask.java:164)
	at org.junit.platform.engine.support.hierarchical.ThrowableCollector.execute(ThrowableCollector.java:74)
	at org.junit.platform.engine.support.hierarchical.NodeTestTask.executeRecursively(NodeTestTask.java:163)
	at org.junit.platform.engine.support.hierarchical.NodeTestTask.execute(NodeTestTask.java:116)
	at java.base/java.util.ArrayList.forEach(ArrayList.java:1612)
	at org.junit.platform.engine.support.hierarchical.SameThreadHierarchicalTestExecutorService.invokeAll(SameThreadHierarchicalTestExecutorService.java:42)
	at org.junit.platform.engine.support.hierarchical.NodeTestTask.lambda$executeRecursively$2(NodeTestTask.java:180)
	at org.junit.platform.engine.support.hierarchical.ThrowableCollector.execute(ThrowableCollector.java:74)
	at org.junit.platform.engine.support.hierarchical.NodeTestTask.lambda$executeRecursively$1(NodeTestTask.java:166)
	at org.junit.platform.engine.support.hierarchical.Node.around(Node.java:138)
	at org.junit.platform.engine.support.hierarchical.NodeTestTask.lambda$executeRecursively$0(NodeTestTask.java:164)
	at org.junit.platform.engine.support.hierarchical.ThrowableCollector.execute(ThrowableCollector.java:74)
	at org.junit.platform.engine.support.hierarchical.NodeTestTask.executeRecursively(NodeTestTask.java:163)
	at org.junit.platform.engine.support.hierarchical.NodeTestTask.execute(NodeTestTask.java:116)
	at org.junit.platform.engine.support.hierarchical.SameThreadHierarchicalTestExecutorService.submit(SameThreadHierarchicalTestExecutorService.java:36)
	at org.junit.platform.engine.support.hierarchical.HierarchicalTestExecutor.execute(HierarchicalTestExecutor.java:52)
	at org.junit.platform.engine.support.hierarchical.HierarchicalTestEngine.execute(HierarchicalTestEngine.java:58)
	at org.junit.platform.launcher.core.EngineExecutionOrchestrator.executeEngine(EngineExecutionOrchestrator.java:246)
	at org.junit.platform.launcher.core.EngineExecutionOrchestrator.failOrExecuteEngine(EngineExecutionOrchestrator.java:218)
	at org.junit.platform.launcher.core.EngineExecutionOrchestrator.execute(EngineExecutionOrchestrator.java:179)
	at org.junit.platform.launcher.core.EngineExecutionOrchestrator.execute(EngineExecutionOrchestrator.java:108)
	at org.junit.platform.launcher.core.EngineExecutionOrchestrator.execute(EngineExecutionOrchestrator.java:89)
	at org.junit.platform.suite.engine.SuiteLauncher.execute(SuiteLauncher.java:65)
	at org.junit.platform.suite.engine.SuiteTestDescriptor.executeTests(SuiteTestDescriptor.java:208)
	at org.junit.platform.suite.engine.SuiteTestDescriptor.execute(SuiteTestDescriptor.java:173)
	at org.junit.platform.suite.engine.SuiteTestEngine.lambda$execute$0(SuiteTestEngine.java:78)
	at java.base/java.util.stream.ForEachOps$ForEachOp$OfRef.accept(ForEachOps.java:186)
	at java.base/java.util.stream.ReferencePipeline$3$1.accept(ReferencePipeline.java:214)
	at java.base/java.util.Iterator.forEachRemaining(Iterator.java:133)
	at java.base/java.util.Spliterators$IteratorSpliterator.forEachRemaining(Spliterators.java:1939)
	at java.base/java.util.stream.AbstractPipeline.copyInto(AbstractPipeline.java:570)
	at java.base/java.util.stream.AbstractPipeline.wrapAndCopyInto(AbstractPipeline.java:560)
	at java.base/java.util.stream.ForEachOps$ForEachOp.evaluateSequential(ForEachOps.java:153)
	at java.base/java.util.stream.ForEachOps$ForEachOp$OfRef.evaluateSequential(ForEachOps.java:176)
	at java.base/java.util.stream.AbstractPipeline.evaluate(AbstractPipeline.java:265)
	at java.base/java.util.stream.ReferencePipeline.forEach(ReferencePipeline.java:632)
	at org.junit.platform.suite.engine.SuiteTestEngine.execute(SuiteTestEngine.java:78)
	at org.junit.platform.launcher.core.EngineExecutionOrchestrator.executeEngine(EngineExecutionOrchestrator.java:246)
	at org.junit.platform.launcher.core.EngineExecutionOrchestrator.failOrExecuteEngine(EngineExecutionOrchestrator.java:218)
	at org.junit.platform.launcher.core.EngineExecutionOrchestrator.execute(EngineExecutionOrchestrator.java:179)
	at org.junit.platform.launcher.core.EngineExecutionOrchestrator.execute(EngineExecutionOrchestrator.java:108)
	at org.junit.platform.launcher.core.EngineExecutionOrchestrator.lambda$execute$0(EngineExecutionOrchestrator.java:66)
	at org.junit.platform.launcher.core.EngineExecutionOrchestrator.withInterceptedStreams(EngineExecutionOrchestrator.java:157)
	at org.junit.platform.launcher.core.EngineExecutionOrchestrator.execute(EngineExecutionOrchestrator.java:65)
	at org.junit.platform.launcher.core.DefaultLauncher.execute(DefaultLauncher.java:125)
	at org.junit.platform.launcher.core.DefaultLauncher.execute(DefaultLauncher.java:114)
	at org.junit.platform.launcher.core.DelegatingLauncher.execute(DelegatingLauncher.java:58)
	at org.junit.platform.launcher.core.InterceptingLauncher.lambda$execute$2(InterceptingLauncher.java:57)
	at org.junit.platform.launcher.core.ClasspathAlignmentCheckingLauncherInterceptor.intercept(ClasspathAlignmentCheckingLauncherInterceptor.java:25)
	at org.junit.platform.launcher.core.InterceptingLauncher.execute(InterceptingLauncher.java:56)
	at org.junit.platform.launcher.core.DelegatingLauncher.execute(DelegatingLauncher.java:58)
	at java.base/jdk.internal.reflect.DirectMethodHandleAccessor.invoke(DirectMethodHandleAccessor.java:104)
	at java.base/java.lang.reflect.Method.invoke(Method.java:565)
	at org.apache.maven.surefire.api.util.ReflectionUtils.invokeMethodWithArray(ReflectionUtils.java:125)
	at org.apache.maven.surefire.junitplatform.LauncherAdapter.executeWithCancellationToken(LauncherAdapter.java:68)
	at org.apache.maven.surefire.junitplatform.LauncherAdapter.execute(LauncherAdapter.java:54)
	at org.apache.maven.surefire.junitplatform.JUnitPlatformProvider.execute(JUnitPlatformProvider.java:203)
	at org.apache.maven.surefire.junitplatform.JUnitPlatformProvider.invokeAllTests(JUnitPlatformProvider.java:168)
	at org.apache.maven.surefire.junitplatform.JUnitPlatformProvider.invoke(JUnitPlatformProvider.java:136)
	at org.apache.maven.surefire.booter.ForkedBooter.runSuitesInProcess(ForkedBooter.java:385)
	at org.apache.maven.surefire.booter.ForkedBooter.execute(ForkedBooter.java:162)
	at org.apache.maven.surefire.booter.ForkedBooter.run(ForkedBooter.java:507)
	at org.apache.maven.surefire.booter.ForkedBooter.main(ForkedBooter.java:495)
Caused by: java.io.UncheckedIOException: java.io.IOException: HTTP/1.1 header parser received no bytes
	at org.openqa.selenium.remote.http.jdk.JdkHttpClient.execute0(JdkHttpClient.java:503)
	at io.appium.java_client.internal.filters.AppiumIdempotencyFilter.lambda$apply$0(AppiumIdempotencyFilter.java:35)
	at io.appium.java_client.internal.filters.AppiumUserAgentFilter.lambda$apply$0(AppiumUserAgentFilter.java:86)
	at org.openqa.selenium.remote.http.Filter.lambda$andFinally$1(Filter.java:55)
	at org.openqa.selenium.remote.http.jdk.JdkHttpClient.lambda$executeAsync$2(JdkHttpClient.java:388)
	at java.base/java.util.concurrent.Executors$RunnableAdapter.call(Executors.java:545)
	at java.base/java.util.concurrent.FutureTask.run(FutureTask.java:330)
	at java.base/java.util.concurrent.ThreadPoolExecutor.runWorker(ThreadPoolExecutor.java:1090)
	at java.base/java.util.concurrent.ThreadPoolExecutor$Worker.run(ThreadPoolExecutor.java:614)
	at java.base/java.lang.Thread.run(Thread.java:1516)
Caused by: java.io.IOException: HTTP/1.1 header parser received no bytes
	at java.net.http/jdk.internal.net.http.HttpClientImpl.send(HttpClientImpl.java:1059)
	at java.net.http/jdk.internal.net.http.HttpClientFacade.send(HttpClientFacade.java:133)
	at org.openqa.selenium.remote.http.jdk.JdkHttpClient.execute0(JdkHttpClient.java:462)
	... 9 common frames omitted
Caused by: java.io.IOException: HTTP/1.1 header parser received no bytes
	at java.net.http/jdk.internal.net.http.common.Utils.wrapWithExtraDetail(Utils.java:580)
	at java.net.http/jdk.internal.net.http.Http1Response$HeadersReader.onReadError(Http1Response.java:591)
	at java.net.http/jdk.internal.net.http.Http1AsyncReceiver.checkForErrors(Http1AsyncReceiver.java:304)
	at java.net.http/jdk.internal.net.http.Http1AsyncReceiver.flush(Http1AsyncReceiver.java:270)
	at java.net.http/jdk.internal.net.http.common.SequentialScheduler$LockingRestartableTask.run(SequentialScheduler.java:182)
	at java.net.http/jdk.internal.net.http.common.SequentialScheduler$CompleteRestartableTask.run(SequentialScheduler.java:149)
	at java.net.http/jdk.internal.net.http.common.SequentialScheduler$SchedulableTask.run(SequentialScheduler.java:207)
	... 3 common frames omitted
Caused by: java.net.SocketException: Connection reset
	at java.base/sun.nio.ch.SocketChannelImpl.throwConnectionReset(SocketChannelImpl.java:398)
	at java.base/sun.nio.ch.SocketChannelImpl.implRead(SocketChannelImpl.java:430)
	at java.base/sun.nio.ch.SocketChannelImpl.read(SocketChannelImpl.java:488)
	at java.net.http/jdk.internal.net.http.SocketTube.readAvailable(SocketTube.java:1212)
	at java.net.http/jdk.internal.net.http.SocketTube$InternalReadPublisher$InternalReadSubscription.read(SocketTube.java:844)
	at java.net.http/jdk.internal.net.http.SocketTube$SocketFlowTask.run(SocketTube.java:181)
	at java.net.http/jdk.internal.net.http.common.SequentialScheduler$SchedulableTask.run(SequentialScheduler.java:207)
	at java.net.http/jdk.internal.net.http.common.SequentialScheduler.runOrSchedule(SequentialScheduler.java:280)
	at java.net.http/jdk.internal.net.http.common.SequentialScheduler.runOrSchedule(SequentialScheduler.java:233)
	at java.net.http/jdk.internal.net.http.SocketTube$InternalReadPublisher$InternalReadSubscription.signalReadable(SocketTube.java:785)
	at java.net.http/jdk.internal.net.http.SocketTube$InternalReadPublisher$ReadEvent.signalEvent(SocketTube.java:999)
	at java.net.http/jdk.internal.net.http.SocketTube$SocketFlowEvent.handle(SocketTube.java:253)
	at java.net.http/jdk.internal.net.http.HttpClientImpl$SelectorManager.handleEvent(HttpClientImpl.java:1610)
	at java.net.http/jdk.internal.net.http.HttpClientImpl$SelectorManager.lambda$run$3(HttpClientImpl.java:1555)
	at java.base/java.util.ArrayList.forEach(ArrayList.java:1612)
	at java.net.http/jdk.internal.net.http.HttpClientImpl$SelectorManager.run(HttpClientImpl.java:1555)
	at java.base/java.lang.VirtualThread.run(VirtualThread.java:475)
2026-09-01 00:15:51.400 [main] INFO  com.swaglabs.hooks.Hooks - Scenario 'User can add an item to the cart and verify it' FAILED. Capturing screenshot...
2026-09-01 00:15:51.400 [main] WARN  com.swaglabs.hooks.Hooks - Driver is null — skipping screenshot
2026-09-01 00:15:51.404 [main] INFO  c.s.managers.AppiumDriverManager - Local driver variables cleared
2026-09-01 00:15:51.404 [main] INFO  page_objects.PageObjectHelper - Page object instances cleared
2026-09-01 00:15:51.455 [main] INFO  com.swaglabs.hooks.Hooks - ******* Scenario: User can remove an item from the cart started *******
2026-09-01 00:15:53.671 [main] INFO  c.s.managers.AppiumServerManager - Appium server started on http://127.0.0.1:4723
2026-09-01 00:15:53.767 [main] INFO  c.s.managers.AppiumServerManager - Appium server started on http://127.0.0.1:4723
2026-09-01 00:15:53.776 [main] INFO  com.swaglabs.device.DeviceManager - Using Android device: b58c6ff4
2026-09-01 00:15:53.875 [main] INFO  com.swaglabs.device.DeviceManager - Using Android device: b58c6ff4
2026-09-01 00:15:54.051 [main] INFO  c.s.managers.AppiumDriverManager - Starting Appium session: http://127.0.0.1:4723 with caps Capabilities {appium:adbExecTimeout: 20000, appium:app: C:\Users\family\Desktop\pro..., appium:appActivity: .MainActivity, appium:appPackage: com.juanforeroaxpo.saucedemo, appium:autoGrantPermissions: true, appium:automationName: UiAutomator2, appium:clearSystemFiles: true, appium:disableWindowAnimation: false, appium:newCommandTimeout: 250, appium:noSign: true, appium:udid: b58c6ff4, appium:uiautomator2ServerInstallTimeout: 20000, platformName: ANDROID}
2026-09-01 00:15:54.150 [main] INFO  c.s.managers.AppiumDriverManager - Starting Appium session: http://127.0.0.1:4723 with caps Capabilities {appium:adbExecTimeout: 20000, appium:app: C:\Users\family\Desktop\pro..., appium:appActivity: .MainActivity, appium:appPackage: com.juanforeroaxpo.saucedemo, appium:autoGrantPermissions: true, appium:automationName: UiAutomator2, appium:clearSystemFiles: true, appium:disableWindowAnimation: false, appium:newCommandTimeout: 250, appium:noSign: true, appium:udid: b58c6ff4, appium:uiautomator2ServerInstallTimeout: 20000, platformName: ANDROID}
2026-09-01 00:16:09.220 [main] INFO  c.s.utils.helper.WebdriverHelper - Screen recording started
2026-09-01 00:16:10.388 [main] INFO  c.swaglabs.stepsDefs.LoginStepsDefs - User lands on the login page
2026-09-01 00:16:10.615 [main] INFO  com.swaglabs.hooks.Hooks - Scenario 'User can remove an item from the cart' FAILED. Capturing screenshot...
2026-09-01 00:16:10.628 [main] WARN  c.s.utils.helper.WebdriverHelper - Failed to take screenshot: 'GET /screenshot' cannot be proxied to UiAutomator2 server because the instrumentation process is not running (probably crashed). Check the server log and/or the logcat output for more details
Build info: version: '4.40.0', revision: 'b3333f1'
System info: os.name: 'Windows 11', os.arch: 'amd64', os.version: '10.0', java.version: '26.0.2.1'
Driver info: io.appium.java_client.android.AndroidDriver
Command: [773f1cbb-13e1-42d1-91eb-fbf885f701ea, screenshot {}]
Capabilities {appium:adbExecTimeout: 20000, appium:app: C:\Users\family\Desktop\pro..., appium:appActivity: .MainActivity, appium:appPackage: com.juanforeroaxpo.saucedemo, appium:autoGrantPermissions: true, appium:automationName: UiAutomator2, appium:clearSystemFiles: true, appium:databaseEnabled: false, appium:desired: {adbExecTimeout: 20000, app: C:\Users\family\Desktop\pro..., appActivity: .MainActivity, appPackage: com.juanforeroaxpo.saucedemo, autoGrantPermissions: true, automationName: UiAutomator2, clearSystemFiles: true, disableWindowAnimation: false, newCommandTimeout: 250, noSign: true, platformName: ANDROID, udid: b58c6ff4, uiautomator2ServerInstallTimeout: 20000}, appium:deviceApiLevel: 35, appium:deviceManufacturer: Xiaomi, appium:deviceModel: 23129RAA4G, appium:deviceName: b58c6ff4, appium:deviceScreenDensity: 440, appium:deviceScreenSize: 1080x2400, appium:deviceUDID: b58c6ff4, appium:disableWindowAnimation: false, appium:javascriptEnabled: true, appium:locationContextEnabled: false, appium:networkConnectionEnabled: true, appium:newCommandTimeout: 250, appium:noSign: true, appium:pixelRatio: 2.75, appium:platformVersion: 15, appium:statBarHeight: 94, appium:takesScreenshot: true, appium:udid: b58c6ff4, appium:uiautomator2ServerInstallTimeout: 20000, appium:viewportRect: {height: 2306, left: 0, top: 94, width: 1080}, appium:warnings: {}, appium:webStorageEnabled: false, platformName: ANDROID}
Session ID: 773f1cbb-13e1-42d1-91eb-fbf885f701ea
2026-09-01 00:16:11.534 [main] WARN  c.s.exceptions.ExceptionController - Failed to initialize test environment
org.openqa.selenium.SessionNotCreatedException: Could not start a new session. Response code 500. Message: The instrumentation process cannot be initialized. Make sure the application under test does not crash and investigate the logcat output. 
Host info: host: 'DESKTOP-0739IAH', ip: '192.168.1.108'
Build info: version: '4.40.0', revision: 'b3333f1'
System info: os.name: 'Windows 11', os.arch: 'amd64', os.version: '10.0', java.version: '26.0.2.1'
Driver info: io.appium.java_client.android.AndroidDriver
Command: [null, newSession {capabilities=[Capabilities {appium:adbExecTimeout: 20000, appium:app: C:\Users\family\Desktop\pro..., appium:appActivity: .MainActivity, appium:appPackage: com.juanforeroaxpo.saucedemo, appium:autoGrantPermissions: true, appium:automationName: UiAutomator2, appium:clearSystemFiles: true, appium:disableWindowAnimation: false, appium:newCommandTimeout: 250, appium:noSign: true, appium:udid: b58c6ff4, appium:uiautomator2ServerInstallTimeout: 20000, platformName: ANDROID}]}]
Capabilities {appium:adbExecTimeout: 20000, appium:app: C:\Users\family\Desktop\pro..., appium:appActivity: .MainActivity, appium:appPackage: com.juanforeroaxpo.saucedemo, appium:autoGrantPermissions: true, appium:automationName: UiAutomator2, appium:clearSystemFiles: true, appium:disableWindowAnimation: false, appium:newCommandTimeout: 250, appium:noSign: true, appium:udid: b58c6ff4, appium:uiautomator2ServerInstallTimeout: 20000, platformName: ANDROID}
	at org.openqa.selenium.remote.ProtocolHandshake.createSession(ProtocolHandshake.java:114)
	at org.openqa.selenium.remote.ProtocolHandshake.createSession(ProtocolHandshake.java:75)
	at org.openqa.selenium.remote.ProtocolHandshake.createSession(ProtocolHandshake.java:61)
	at io.appium.java_client.remote.AppiumCommandExecutor.createSession(AppiumCommandExecutor.java:178)
	at io.appium.java_client.remote.AppiumCommandExecutor.execute(AppiumCommandExecutor.java:243)
	at org.openqa.selenium.remote.RemoteWebDriver.execute(RemoteWebDriver.java:601)
	at io.appium.java_client.AppiumDriver.startSession(AppiumDriver.java:308)
	at org.openqa.selenium.remote.RemoteWebDriver.<init>(RemoteWebDriver.java:209)
	at org.openqa.selenium.remote.RemoteWebDriver.<init>(RemoteWebDriver.java:195)
	at io.appium.java_client.AppiumDriver.<init>(AppiumDriver.java:98)
	at io.appium.java_client.AppiumDriver.<init>(AppiumDriver.java:109)
	at io.appium.java_client.android.AndroidDriver.<init>(AndroidDriver.java:108)
	at com.swaglabs.managers.AppiumDriverManager.localDriver(AppiumDriverManager.java:51)
	at com.swaglabs.managers.AppiumDriverManager.startAppiumDriverInstance(AppiumDriverManager.java:44)
	at com.swaglabs.hooks.Hooks.beforeScenario(Hooks.java:41)
	at java.base/jdk.internal.reflect.DirectMethodHandleAccessor.invoke(DirectMethodHandleAccessor.java:104)
	at java.base/java.lang.reflect.Method.invoke(Method.java:565)
	at io.cucumber.java.Invoker.doInvoke(Invoker.java:66)
	at io.cucumber.java.Invoker.invoke(Invoker.java:24)
	at io.cucumber.java.AbstractGlueDefinition.invokeMethod(AbstractGlueDefinition.java:47)
	at io.cucumber.java.JavaHookDefinition.execute(JavaHookDefinition.java:68)
	at io.cucumber.core.runner.CoreHookDefinition.execute(CoreHookDefinition.java:47)
	at io.cucumber.core.runner.HookDefinitionMatch.runStep(HookDefinitionMatch.java:21)
	at io.cucumber.core.runner.ExecutionMode$1.execute(ExecutionMode.java:10)
	at io.cucumber.core.runner.TestStep.executeStep(TestStep.java:81)
	at io.cucumber.core.runner.TestStep.run(TestStep.java:53)
	at io.cucumber.core.runner.TestCase.run(TestCase.java:81)
	at io.cucumber.core.runner.Runner.runPickle(Runner.java:75)
	at io.cucumber.junit.platform.engine.CucumberEngineExecutionContext.lambda$runTestCase$4(CucumberEngineExecutionContext.java:115)
	at io.cucumber.core.runtime.CucumberExecutionContext.lambda$runTestCase$5(CucumberExecutionContext.java:136)
	at io.cucumber.core.runtime.RethrowingThrowableCollector.executeAndThrow(RethrowingThrowableCollector.java:23)
	at io.cucumber.core.runtime.CucumberExecutionContext.runTestCase(CucumberExecutionContext.java:136)
	at io.cucumber.junit.platform.engine.CucumberEngineExecutionContext.runTestCase(CucumberEngineExecutionContext.java:112)
	at io.cucumber.junit.platform.engine.CucumberTestDescriptor$PickleDescriptor.execute(CucumberTestDescriptor.java:308)
	at io.cucumber.junit.platform.engine.CucumberTestDescriptor$PickleDescriptor.execute(CucumberTestDescriptor.java:249)
	at org.junit.platform.engine.support.hierarchical.NodeTestTask.lambda$executeRecursively$2(NodeTestTask.java:176)
	at org.junit.platform.engine.support.hierarchical.ThrowableCollector.execute(ThrowableCollector.java:74)
	at org.junit.platform.engine.support.hierarchical.NodeTestTask.lambda$executeRecursively$1(NodeTestTask.java:166)
	at org.junit.platform.engine.support.hierarchical.Node.around(Node.java:138)
	at org.junit.platform.engine.support.hierarchical.NodeTestTask.lambda$executeRecursively$0(NodeTestTask.java:164)
	at org.junit.platform.engine.support.hierarchical.ThrowableCollector.execute(ThrowableCollector.java:74)
	at org.junit.platform.engine.support.hierarchical.NodeTestTask.executeRecursively(NodeTestTask.java:163)
	at org.junit.platform.engine.support.hierarchical.NodeTestTask.execute(NodeTestTask.java:116)
	at java.base/java.util.ArrayList.forEach(ArrayList.java:1612)
	at org.junit.platform.engine.support.hierarchical.SameThreadHierarchicalTestExecutorService.invokeAll(SameThreadHierarchicalTestExecutorService.java:42)
	at org.junit.platform.engine.support.hierarchical.NodeTestTask.lambda$executeRecursively$2(NodeTestTask.java:180)
	at org.junit.platform.engine.support.hierarchical.ThrowableCollector.execute(ThrowableCollector.java:74)
	at org.junit.platform.engine.support.hierarchical.NodeTestTask.lambda$executeRecursively$1(NodeTestTask.java:166)
	at org.junit.platform.engine.support.hierarchical.Node.around(Node.java:138)
	at org.junit.platform.engine.support.hierarchical.NodeTestTask.lambda$executeRecursively$0(NodeTestTask.java:164)
	at org.junit.platform.engine.support.hierarchical.ThrowableCollector.execute(ThrowableCollector.java:74)
	at org.junit.platform.engine.support.hierarchical.NodeTestTask.executeRecursively(NodeTestTask.java:163)
	at org.junit.platform.engine.support.hierarchical.NodeTestTask.execute(NodeTestTask.java:116)
	at java.base/java.util.ArrayList.forEach(ArrayList.java:1612)
	at org.junit.platform.engine.support.hierarchical.SameThreadHierarchicalTestExecutorService.invokeAll(SameThreadHierarchicalTestExecutorService.java:42)
	at org.junit.platform.engine.support.hierarchical.NodeTestTask.lambda$executeRecursively$2(NodeTestTask.java:180)
	at org.junit.platform.engine.support.hierarchical.ThrowableCollector.execute(ThrowableCollector.java:74)
	at org.junit.platform.engine.support.hierarchical.NodeTestTask.lambda$executeRecursively$1(NodeTestTask.java:166)
	at org.junit.platform.engine.support.hierarchical.Node.around(Node.java:138)
	at org.junit.platform.engine.support.hierarchical.NodeTestTask.lambda$executeRecursively$0(NodeTestTask.java:164)
	at org.junit.platform.engine.support.hierarchical.ThrowableCollector.execute(ThrowableCollector.java:74)
	at org.junit.platform.engine.support.hierarchical.NodeTestTask.executeRecursively(NodeTestTask.java:163)
	at org.junit.platform.engine.support.hierarchical.NodeTestTask.execute(NodeTestTask.java:116)
	at org.junit.platform.engine.support.hierarchical.SameThreadHierarchicalTestExecutorService.submit(SameThreadHierarchicalTestExecutorService.java:36)
	at org.junit.platform.engine.support.hierarchical.HierarchicalTestExecutor.execute(HierarchicalTestExecutor.java:52)
	at org.junit.platform.engine.support.hierarchical.HierarchicalTestEngine.execute(HierarchicalTestEngine.java:58)
	at org.junit.platform.launcher.core.EngineExecutionOrchestrator.executeEngine(EngineExecutionOrchestrator.java:246)
	at org.junit.platform.launcher.core.EngineExecutionOrchestrator.failOrExecuteEngine(EngineExecutionOrchestrator.java:218)
	at org.junit.platform.launcher.core.EngineExecutionOrchestrator.execute(EngineExecutionOrchestrator.java:179)
	at org.junit.platform.launcher.core.EngineExecutionOrchestrator.execute(EngineExecutionOrchestrator.java:108)
	at org.junit.platform.launcher.core.EngineExecutionOrchestrator.execute(EngineExecutionOrchestrator.java:89)
	at org.junit.platform.suite.engine.SuiteLauncher.execute(SuiteLauncher.java:65)
	at org.junit.platform.suite.engine.SuiteTestDescriptor.executeTests(SuiteTestDescriptor.java:208)
	at org.junit.platform.suite.engine.SuiteTestDescriptor.execute(SuiteTestDescriptor.java:173)
	at org.junit.platform.suite.engine.SuiteTestEngine.lambda$execute$0(SuiteTestEngine.java:78)
	at java.base/java.util.stream.ForEachOps$ForEachOp$OfRef.accept(ForEachOps.java:186)
	at java.base/java.util.stream.ReferencePipeline$3$1.accept(ReferencePipeline.java:214)
	at java.base/java.util.Iterator.forEachRemaining(Iterator.java:133)
	at java.base/java.util.Spliterators$IteratorSpliterator.forEachRemaining(Spliterators.java:1939)
	at java.base/java.util.stream.AbstractPipeline.copyInto(AbstractPipeline.java:570)
	at java.base/java.util.stream.AbstractPipeline.wrapAndCopyInto(AbstractPipeline.java:560)
	at java.base/java.util.stream.ForEachOps$ForEachOp.evaluateSequential(ForEachOps.java:153)
	at java.base/java.util.stream.ForEachOps$ForEachOp$OfRef.evaluateSequential(ForEachOps.java:176)
	at java.base/java.util.stream.AbstractPipeline.evaluate(AbstractPipeline.java:265)
	at java.base/java.util.stream.ReferencePipeline.forEach(ReferencePipeline.java:632)
	at org.junit.platform.suite.engine.SuiteTestEngine.execute(SuiteTestEngine.java:78)
	at org.junit.platform.launcher.core.EngineExecutionOrchestrator.executeEngine(EngineExecutionOrchestrator.java:246)
	at org.junit.platform.launcher.core.EngineExecutionOrchestrator.failOrExecuteEngine(EngineExecutionOrchestrator.java:218)
	at org.junit.platform.launcher.core.EngineExecutionOrchestrator.execute(EngineExecutionOrchestrator.java:179)
	at org.junit.platform.launcher.core.EngineExecutionOrchestrator.execute(EngineExecutionOrchestrator.java:108)
	at org.junit.platform.launcher.core.EngineExecutionOrchestrator.lambda$execute$0(EngineExecutionOrchestrator.java:66)
	at org.junit.platform.launcher.core.EngineExecutionOrchestrator.withInterceptedStreams(EngineExecutionOrchestrator.java:157)
	at org.junit.platform.launcher.core.EngineExecutionOrchestrator.execute(EngineExecutionOrchestrator.java:65)
	at org.junit.platform.launcher.core.DefaultLauncher.execute(DefaultLauncher.java:125)
	at org.junit.platform.launcher.core.DefaultLauncher.execute(DefaultLauncher.java:114)
	at org.junit.platform.launcher.core.DelegatingLauncher.execute(DelegatingLauncher.java:58)
	at org.junit.platform.launcher.core.InterceptingLauncher.lambda$execute$2(InterceptingLauncher.java:57)
	at org.junit.platform.launcher.core.ClasspathAlignmentCheckingLauncherInterceptor.intercept(ClasspathAlignmentCheckingLauncherInterceptor.java:25)
	at org.junit.platform.launcher.core.InterceptingLauncher.execute(InterceptingLauncher.java:56)
	at org.junit.platform.launcher.core.DelegatingLauncher.execute(DelegatingLauncher.java:58)
	at java.base/jdk.internal.reflect.DirectMethodHandleAccessor.invoke(DirectMethodHandleAccessor.java:104)
	at java.base/java.lang.reflect.Method.invoke(Method.java:565)
	at org.apache.maven.surefire.api.util.ReflectionUtils.invokeMethodWithArray(ReflectionUtils.java:125)
	at org.apache.maven.surefire.junitplatform.LauncherAdapter.executeWithCancellationToken(LauncherAdapter.java:68)
	at org.apache.maven.surefire.junitplatform.LauncherAdapter.execute(LauncherAdapter.java:54)
	at org.apache.maven.surefire.junitplatform.JUnitPlatformProvider.execute(JUnitPlatformProvider.java:203)
	at org.apache.maven.surefire.junitplatform.JUnitPlatformProvider.invokeAllTests(JUnitPlatformProvider.java:168)
	at org.apache.maven.surefire.junitplatform.JUnitPlatformProvider.invoke(JUnitPlatformProvider.java:136)
	at org.apache.maven.surefire.booter.ForkedBooter.runSuitesInProcess(ForkedBooter.java:385)
	at org.apache.maven.surefire.booter.ForkedBooter.execute(ForkedBooter.java:162)
	at org.apache.maven.surefire.booter.ForkedBooter.run(ForkedBooter.java:507)
	at org.apache.maven.surefire.booter.ForkedBooter.main(ForkedBooter.java:495)
2026-09-01 00:16:11.558 [main] INFO  com.swaglabs.hooks.Hooks - Scenario 'Performance glitch user completes a full purchase' FAILED. Capturing screenshot...
2026-09-01 00:16:11.558 [main] WARN  com.swaglabs.hooks.Hooks - Driver is null — skipping screenshot
2026-09-01 00:16:11.559 [main] INFO  c.s.managers.AppiumDriverManager - Local driver variables cleared
2026-09-01 00:16:11.559 [main] INFO  page_objects.PageObjectHelper - Page object instances cleared
2026-09-01 00:16:11.586 [main] INFO  com.swaglabs.hooks.Hooks - ******* Scenario: ExceptionController handles assertion failure started *******
2026-09-01 00:16:11.587 [main] INFO  c.s.managers.AppiumServerManager - Appium server already running on 127.0.0.1:4723 - stopping to reuse clean state
2026-09-01 00:16:12.285 [main] INFO  c.s.managers.AppiumServerManager - Appium server started on http://127.0.0.1:4723
2026-09-01 00:16:12.363 [main] INFO  com.swaglabs.device.DeviceManager - Using Android device: b58c6ff4
2026-09-01 00:16:12.428 [main] INFO  c.s.utils.helper.WebdriverHelper - Recording saved and attached to failed scenario 'User can remove an item from the cart'
2026-09-01 00:16:12.593 [main] INFO  c.s.managers.AppiumDriverManager - Starting Appium session: http://127.0.0.1:4723 with caps Capabilities {appium:adbExecTimeout: 20000, appium:app: C:\Users\family\Desktop\pro..., appium:appActivity: .MainActivity, appium:appPackage: com.juanforeroaxpo.saucedemo, appium:autoGrantPermissions: true, appium:automationName: UiAutomator2, appium:clearSystemFiles: true, appium:disableWindowAnimation: false, appium:newCommandTimeout: 250, appium:noSign: true, appium:udid: b58c6ff4, appium:uiautomator2ServerInstallTimeout: 20000, platformName: ANDROID}
2026-09-01 00:16:13.149 [main] INFO  c.s.managers.AppiumDriverManager - Local driver variables cleared
2026-09-01 00:16:13.149 [main] INFO  page_objects.PageObjectHelper - Page object instances cleared
2026-09-01 00:16:13.167 [main] INFO  com.swaglabs.hooks.Hooks - ******* Scenario: Error user cart icon shows error class bug started *******
2026-09-01 00:16:13.169 [main] INFO  c.s.managers.AppiumServerManager - Appium server already running on 127.0.0.1:4723 - stopping to reuse clean state
2026-09-01 00:16:15.369 [main] INFO  c.s.managers.AppiumServerManager - Appium server started on http://127.0.0.1:4723
2026-09-01 00:16:15.558 [main] INFO  com.swaglabs.device.DeviceManager - Using Android device: b58c6ff4
2026-09-01 00:16:16.075 [main] INFO  c.s.managers.AppiumDriverManager - Starting Appium session: http://127.0.0.1:4723 with caps Capabilities {appium:adbExecTimeout: 20000, appium:app: C:\Users\family\Desktop\pro..., appium:appActivity: .MainActivity, appium:appPackage: com.juanforeroaxpo.saucedemo, appium:autoGrantPermissions: true, appium:automationName: UiAutomator2, appium:clearSystemFiles: true, appium:disableWindowAnimation: false, appium:newCommandTimeout: 250, appium:noSign: true, appium:udid: b58c6ff4, appium:uiautomator2ServerInstallTimeout: 20000, platformName: ANDROID}
2026-09-01 00:16:26.854 [main] INFO  c.s.utils.helper.WebdriverHelper - Screen recording started
2026-09-01 00:16:27.145 [main] INFO  c.swaglabs.stepsDefs.LoginStepsDefs - User lands on the login page
2026-09-01 00:16:27.357 [main] INFO  com.swaglabs.hooks.Hooks - Scenario 'Error user cart icon shows error class bug' FAILED. Capturing screenshot...
2026-09-01 00:16:27.369 [main] WARN  c.s.utils.helper.WebdriverHelper - Failed to take screenshot: 'GET /screenshot' cannot be proxied to UiAutomator2 server because the instrumentation process is not running (probably crashed). Check the server log and/or the logcat output for more details
Build info: version: '4.40.0', revision: 'b3333f1'
System info: os.name: 'Windows 11', os.arch: 'amd64', os.version: '10.0', java.version: '26.0.2.1'
Driver info: io.appium.java_client.android.AndroidDriver
Command: [23f998ff-164b-4a27-adad-a5b352f0e350, screenshot {}]
Capabilities {appium:adbExecTimeout: 20000, appium:app: C:\Users\family\Desktop\pro..., appium:appActivity: .MainActivity, appium:appPackage: com.juanforeroaxpo.saucedemo, appium:autoGrantPermissions: true, appium:automationName: UiAutomator2, appium:clearSystemFiles: true, appium:databaseEnabled: false, appium:desired: {adbExecTimeout: 20000, app: C:\Users\family\Desktop\pro..., appActivity: .MainActivity, appPackage: com.juanforeroaxpo.saucedemo, autoGrantPermissions: true, automationName: UiAutomator2, clearSystemFiles: true, disableWindowAnimation: false, newCommandTimeout: 250, noSign: true, platformName: ANDROID, udid: b58c6ff4, uiautomator2ServerInstallTimeout: 20000}, appium:deviceApiLevel: 35, appium:deviceManufacturer: Xiaomi, appium:deviceModel: 23129RAA4G, appium:deviceName: b58c6ff4, appium:deviceScreenDensity: 440, appium:deviceScreenSize: 1080x2400, appium:deviceUDID: b58c6ff4, appium:disableWindowAnimation: false, appium:javascriptEnabled: true, appium:locationContextEnabled: false, appium:networkConnectionEnabled: true, appium:newCommandTimeout: 250, appium:noSign: true, appium:pixelRatio: 2.75, appium:platformVersion: 15, appium:statBarHeight: 94, appium:takesScreenshot: true, appium:udid: b58c6ff4, appium:uiautomator2ServerInstallTimeout: 20000, appium:viewportRect: {height: 2306, left: 0, top: 94, width: 1080}, appium:warnings: {}, appium:webStorageEnabled: false, platformName: ANDROID}
Session ID: 23f998ff-164b-4a27-adad-a5b352f0e350
2026-09-01 00:16:28.195 [main] WARN  c.s.exceptions.ExceptionController - Failed to initialize test environment
org.openqa.selenium.SessionNotCreatedException: Could not start a new session. Response code 500. Message: The instrumentation process cannot be initialized. Make sure the application under test does not crash and investigate the logcat output. 
Host info: host: 'DESKTOP-0739IAH', ip: '192.168.1.108'
Build info: version: '4.40.0', revision: 'b3333f1'
System info: os.name: 'Windows 11', os.arch: 'amd64', os.version: '10.0', java.version: '26.0.2.1'
Driver info: io.appium.java_client.android.AndroidDriver
Command: [null, newSession {capabilities=[Capabilities {appium:adbExecTimeout: 20000, appium:app: C:\Users\family\Desktop\pro..., appium:appActivity: .MainActivity, appium:appPackage: com.juanforeroaxpo.saucedemo, appium:autoGrantPermissions: true, appium:automationName: UiAutomator2, appium:clearSystemFiles: true, appium:disableWindowAnimation: false, appium:newCommandTimeout: 250, appium:noSign: true, appium:udid: b58c6ff4, appium:uiautomator2ServerInstallTimeout: 20000, platformName: ANDROID}]}]
Capabilities {appium:adbExecTimeout: 20000, appium:app: C:\Users\family\Desktop\pro..., appium:appActivity: .MainActivity, appium:appPackage: com.juanforeroaxpo.saucedemo, appium:autoGrantPermissions: true, appium:automationName: UiAutomator2, appium:clearSystemFiles: true, appium:disableWindowAnimation: false, appium:newCommandTimeout: 250, appium:noSign: true, appium:udid: b58c6ff4, appium:uiautomator2ServerInstallTimeout: 20000, platformName: ANDROID}
	at org.openqa.selenium.remote.ProtocolHandshake.createSession(ProtocolHandshake.java:114)
	at org.openqa.selenium.remote.ProtocolHandshake.createSession(ProtocolHandshake.java:75)
	at org.openqa.selenium.remote.ProtocolHandshake.createSession(ProtocolHandshake.java:61)
	at io.appium.java_client.remote.AppiumCommandExecutor.createSession(AppiumCommandExecutor.java:178)
	at io.appium.java_client.remote.AppiumCommandExecutor.execute(AppiumCommandExecutor.java:243)
	at org.openqa.selenium.remote.RemoteWebDriver.execute(RemoteWebDriver.java:601)
	at io.appium.java_client.AppiumDriver.startSession(AppiumDriver.java:308)
	at org.openqa.selenium.remote.RemoteWebDriver.<init>(RemoteWebDriver.java:209)
	at org.openqa.selenium.remote.RemoteWebDriver.<init>(RemoteWebDriver.java:195)
	at io.appium.java_client.AppiumDriver.<init>(AppiumDriver.java:98)
	at io.appium.java_client.AppiumDriver.<init>(AppiumDriver.java:109)
	at io.appium.java_client.android.AndroidDriver.<init>(AndroidDriver.java:108)
	at com.swaglabs.managers.AppiumDriverManager.localDriver(AppiumDriverManager.java:51)
	at com.swaglabs.managers.AppiumDriverManager.startAppiumDriverInstance(AppiumDriverManager.java:44)
	at com.swaglabs.hooks.Hooks.beforeScenario(Hooks.java:41)
	at java.base/jdk.internal.reflect.DirectMethodHandleAccessor.invoke(DirectMethodHandleAccessor.java:104)
	at java.base/java.lang.reflect.Method.invoke(Method.java:565)
	at io.cucumber.java.Invoker.doInvoke(Invoker.java:66)
	at io.cucumber.java.Invoker.invoke(Invoker.java:24)
	at io.cucumber.java.AbstractGlueDefinition.invokeMethod(AbstractGlueDefinition.java:47)
	at io.cucumber.java.JavaHookDefinition.execute(JavaHookDefinition.java:68)
	at io.cucumber.core.runner.CoreHookDefinition.execute(CoreHookDefinition.java:47)
	at io.cucumber.core.runner.HookDefinitionMatch.runStep(HookDefinitionMatch.java:21)
	at io.cucumber.core.runner.ExecutionMode$1.execute(ExecutionMode.java:10)
	at io.cucumber.core.runner.TestStep.executeStep(TestStep.java:81)
	at io.cucumber.core.runner.TestStep.run(TestStep.java:53)
	at io.cucumber.core.runner.TestCase.run(TestCase.java:81)
	at io.cucumber.core.runner.Runner.runPickle(Runner.java:75)
	at io.cucumber.junit.platform.engine.CucumberEngineExecutionContext.lambda$runTestCase$4(CucumberEngineExecutionContext.java:115)
	at io.cucumber.core.runtime.CucumberExecutionContext.lambda$runTestCase$5(CucumberExecutionContext.java:136)
	at io.cucumber.core.runtime.RethrowingThrowableCollector.executeAndThrow(RethrowingThrowableCollector.java:23)
	at io.cucumber.core.runtime.CucumberExecutionContext.runTestCase(CucumberExecutionContext.java:136)
	at io.cucumber.junit.platform.engine.CucumberEngineExecutionContext.runTestCase(CucumberEngineExecutionContext.java:112)
	at io.cucumber.junit.platform.engine.CucumberTestDescriptor$PickleDescriptor.execute(CucumberTestDescriptor.java:308)
	at io.cucumber.junit.platform.engine.CucumberTestDescriptor$PickleDescriptor.execute(CucumberTestDescriptor.java:249)
	at org.junit.platform.engine.support.hierarchical.NodeTestTask.lambda$executeRecursively$2(NodeTestTask.java:176)
	at org.junit.platform.engine.support.hierarchical.ThrowableCollector.execute(ThrowableCollector.java:74)
	at org.junit.platform.engine.support.hierarchical.NodeTestTask.lambda$executeRecursively$1(NodeTestTask.java:166)
	at org.junit.platform.engine.support.hierarchical.Node.around(Node.java:138)
	at org.junit.platform.engine.support.hierarchical.NodeTestTask.lambda$executeRecursively$0(NodeTestTask.java:164)
	at org.junit.platform.engine.support.hierarchical.ThrowableCollector.execute(ThrowableCollector.java:74)
	at org.junit.platform.engine.support.hierarchical.NodeTestTask.executeRecursively(NodeTestTask.java:163)
	at org.junit.platform.engine.support.hierarchical.NodeTestTask.execute(NodeTestTask.java:116)
	at java.base/java.util.ArrayList.forEach(ArrayList.java:1612)
	at org.junit.platform.engine.support.hierarchical.SameThreadHierarchicalTestExecutorService.invokeAll(SameThreadHierarchicalTestExecutorService.java:42)
	at org.junit.platform.engine.support.hierarchical.NodeTestTask.lambda$executeRecursively$2(NodeTestTask.java:180)
	at org.junit.platform.engine.support.hierarchical.ThrowableCollector.execute(ThrowableCollector.java:74)
	at org.junit.platform.engine.support.hierarchical.NodeTestTask.lambda$executeRecursively$1(NodeTestTask.java:166)
	at org.junit.platform.engine.support.hierarchical.Node.around(Node.java:138)
	at org.junit.platform.engine.support.hierarchical.NodeTestTask.lambda$executeRecursively$0(NodeTestTask.java:164)
	at org.junit.platform.engine.support.hierarchical.ThrowableCollector.execute(ThrowableCollector.java:74)
	at org.junit.platform.engine.support.hierarchical.NodeTestTask.executeRecursively(NodeTestTask.java:163)
	at org.junit.platform.engine.support.hierarchical.NodeTestTask.execute(NodeTestTask.java:116)
	at java.base/java.util.ArrayList.forEach(ArrayList.java:1612)
	at org.junit.platform.engine.support.hierarchical.SameThreadHierarchicalTestExecutorService.invokeAll(SameThreadHierarchicalTestExecutorService.java:42)
	at org.junit.platform.engine.support.hierarchical.NodeTestTask.lambda$executeRecursively$2(NodeTestTask.java:180)
	at org.junit.platform.engine.support.hierarchical.ThrowableCollector.execute(ThrowableCollector.java:74)
	at org.junit.platform.engine.support.hierarchical.NodeTestTask.lambda$executeRecursively$1(NodeTestTask.java:166)
	at org.junit.platform.engine.support.hierarchical.Node.around(Node.java:138)
	at org.junit.platform.engine.support.hierarchical.NodeTestTask.lambda$executeRecursively$0(NodeTestTask.java:164)
	at org.junit.platform.engine.support.hierarchical.ThrowableCollector.execute(ThrowableCollector.java:74)
	at org.junit.platform.engine.support.hierarchical.NodeTestTask.executeRecursively(NodeTestTask.java:163)
	at org.junit.platform.engine.support.hierarchical.NodeTestTask.execute(NodeTestTask.java:116)
	at org.junit.platform.engine.support.hierarchical.SameThreadHierarchicalTestExecutorService.submit(SameThreadHierarchicalTestExecutorService.java:36)
	at org.junit.platform.engine.support.hierarchical.HierarchicalTestExecutor.execute(HierarchicalTestExecutor.java:52)
	at org.junit.platform.engine.support.hierarchical.HierarchicalTestEngine.execute(HierarchicalTestEngine.java:58)
	at org.junit.platform.launcher.core.EngineExecutionOrchestrator.executeEngine(EngineExecutionOrchestrator.java:246)
	at org.junit.platform.launcher.core.EngineExecutionOrchestrator.failOrExecuteEngine(EngineExecutionOrchestrator.java:218)
	at org.junit.platform.launcher.core.EngineExecutionOrchestrator.execute(EngineExecutionOrchestrator.java:179)
	at org.junit.platform.launcher.core.EngineExecutionOrchestrator.execute(EngineExecutionOrchestrator.java:108)
	at org.junit.platform.launcher.core.EngineExecutionOrchestrator.execute(EngineExecutionOrchestrator.java:89)
	at org.junit.platform.suite.engine.SuiteLauncher.execute(SuiteLauncher.java:65)
	at org.junit.platform.suite.engine.SuiteTestDescriptor.executeTests(SuiteTestDescriptor.java:208)
	at org.junit.platform.suite.engine.SuiteTestDescriptor.execute(SuiteTestDescriptor.java:173)
	at org.junit.platform.suite.engine.SuiteTestEngine.lambda$execute$0(SuiteTestEngine.java:78)
	at java.base/java.util.stream.ForEachOps$ForEachOp$OfRef.accept(ForEachOps.java:186)
	at java.base/java.util.stream.ReferencePipeline$3$1.accept(ReferencePipeline.java:214)
	at java.base/java.util.Iterator.forEachRemaining(Iterator.java:133)
	at java.base/java.util.Spliterators$IteratorSpliterator.forEachRemaining(Spliterators.java:1939)
	at java.base/java.util.stream.AbstractPipeline.copyInto(AbstractPipeline.java:570)
	at java.base/java.util.stream.AbstractPipeline.wrapAndCopyInto(AbstractPipeline.java:560)
	at java.base/java.util.stream.ForEachOps$ForEachOp.evaluateSequential(ForEachOps.java:153)
	at java.base/java.util.stream.ForEachOps$ForEachOp$OfRef.evaluateSequential(ForEachOps.java:176)
	at java.base/java.util.stream.AbstractPipeline.evaluate(AbstractPipeline.java:265)
	at java.base/java.util.stream.ReferencePipeline.forEach(ReferencePipeline.java:632)
	at org.junit.platform.suite.engine.SuiteTestEngine.execute(SuiteTestEngine.java:78)
	at org.junit.platform.launcher.core.EngineExecutionOrchestrator.executeEngine(EngineExecutionOrchestrator.java:246)
	at org.junit.platform.launcher.core.EngineExecutionOrchestrator.failOrExecuteEngine(EngineExecutionOrchestrator.java:218)
	at org.junit.platform.launcher.core.EngineExecutionOrchestrator.execute(EngineExecutionOrchestrator.java:179)
	at org.junit.platform.launcher.core.EngineExecutionOrchestrator.execute(EngineExecutionOrchestrator.java:108)
	at org.junit.platform.launcher.core.EngineExecutionOrchestrator.lambda$execute$0(EngineExecutionOrchestrator.java:66)
	at org.junit.platform.launcher.core.EngineExecutionOrchestrator.withInterceptedStreams(EngineExecutionOrchestrator.java:157)
	at org.junit.platform.launcher.core.EngineExecutionOrchestrator.execute(EngineExecutionOrchestrator.java:65)
	at org.junit.platform.launcher.core.DefaultLauncher.execute(DefaultLauncher.java:125)
	at org.junit.platform.launcher.core.DefaultLauncher.execute(DefaultLauncher.java:114)
	at org.junit.platform.launcher.core.DelegatingLauncher.execute(DelegatingLauncher.java:58)
	at org.junit.platform.launcher.core.InterceptingLauncher.lambda$execute$2(InterceptingLauncher.java:57)
	at org.junit.platform.launcher.core.ClasspathAlignmentCheckingLauncherInterceptor.intercept(ClasspathAlignmentCheckingLauncherInterceptor.java:25)
	at org.junit.platform.launcher.core.InterceptingLauncher.execute(InterceptingLauncher.java:56)
	at org.junit.platform.launcher.core.DelegatingLauncher.execute(DelegatingLauncher.java:58)
	at java.base/jdk.internal.reflect.DirectMethodHandleAccessor.invoke(DirectMethodHandleAccessor.java:104)
	at java.base/java.lang.reflect.Method.invoke(Method.java:565)
	at org.apache.maven.surefire.api.util.ReflectionUtils.invokeMethodWithArray(ReflectionUtils.java:125)
	at org.apache.maven.surefire.junitplatform.LauncherAdapter.executeWithCancellationToken(LauncherAdapter.java:68)
	at org.apache.maven.surefire.junitplatform.LauncherAdapter.execute(LauncherAdapter.java:54)
	at org.apache.maven.surefire.junitplatform.JUnitPlatformProvider.execute(JUnitPlatformProvider.java:203)
	at org.apache.maven.surefire.junitplatform.JUnitPlatformProvider.invokeAllTests(JUnitPlatformProvider.java:168)
	at org.apache.maven.surefire.junitplatform.JUnitPlatformProvider.invoke(JUnitPlatformProvider.java:136)
	at org.apache.maven.surefire.booter.ForkedBooter.runSuitesInProcess(ForkedBooter.java:385)
	at org.apache.maven.surefire.booter.ForkedBooter.execute(ForkedBooter.java:162)
	at org.apache.maven.surefire.booter.ForkedBooter.run(ForkedBooter.java:507)
	at org.apache.maven.surefire.booter.ForkedBooter.main(ForkedBooter.java:495)
2026-09-01 00:16:28.202 [main] INFO  com.swaglabs.hooks.Hooks - Scenario 'ExceptionController handles assertion failure' FAILED. Capturing screenshot...
2026-09-01 00:16:28.203 [main] WARN  com.swaglabs.hooks.Hooks - Driver is null — skipping screenshot
2026-09-01 00:16:28.204 [main] INFO  c.s.managers.AppiumDriverManager - Local driver variables cleared
2026-09-01 00:16:28.204 [main] INFO  page_objects.PageObjectHelper - Page object instances cleared
2026-09-01 00:16:28.224 [main] INFO  com.swaglabs.hooks.Hooks - ******* Scenario: Standard user can log in successfully started *******
2026-09-01 00:16:28.225 [main] INFO  c.s.managers.AppiumServerManager - Appium server already running on 127.0.0.1:4723 - stopping to reuse clean state
2026-09-01 00:16:28.803 [main] INFO  c.s.managers.AppiumServerManager - Appium server started on http://127.0.0.1:4723
2026-09-01 00:16:28.888 [main] INFO  com.swaglabs.device.DeviceManager - Using Android device: b58c6ff4
2026-09-01 00:16:28.973 [main] INFO  c.s.utils.helper.WebdriverHelper - Recording saved and attached to failed scenario 'Error user cart icon shows error class bug'
2026-09-01 00:16:29.107 [main] INFO  c.s.managers.AppiumDriverManager - Starting Appium session: http://127.0.0.1:4723 with caps Capabilities {appium:adbExecTimeout: 20000, appium:app: C:\Users\family\Desktop\pro..., appium:appActivity: .MainActivity, appium:appPackage: com.juanforeroaxpo.saucedemo, appium:autoGrantPermissions: true, appium:automationName: UiAutomator2, appium:clearSystemFiles: true, appium:disableWindowAnimation: false, appium:newCommandTimeout: 250, appium:noSign: true, appium:udid: b58c6ff4, appium:uiautomator2ServerInstallTimeout: 20000, platformName: ANDROID}
2026-09-01 00:16:29.706 [main] INFO  c.s.managers.AppiumDriverManager - Local driver variables cleared
2026-09-01 00:16:29.707 [main] INFO  page_objects.PageObjectHelper - Page object instances cleared
2026-09-01 00:16:29.727 [main] INFO  com.swaglabs.hooks.Hooks - ******* Scenario: Performance glitch user cart operations complete without timeout started *******
2026-09-01 00:16:29.728 [main] INFO  c.s.managers.AppiumServerManager - Appium server already running on 127.0.0.1:4723 - stopping to reuse clean state
2026-09-01 00:16:31.258 [main] INFO  c.s.managers.AppiumServerManager - Appium server started on http://127.0.0.1:4723
2026-09-01 00:16:31.555 [main] INFO  com.swaglabs.device.DeviceManager - Using Android device: b58c6ff4
2026-09-01 00:16:32.016 [main] INFO  c.s.managers.AppiumDriverManager - Starting Appium session: http://127.0.0.1:4723 with caps Capabilities {appium:adbExecTimeout: 20000, appium:app: C:\Users\family\Desktop\pro..., appium:appActivity: .MainActivity, appium:appPackage: com.juanforeroaxpo.saucedemo, appium:autoGrantPermissions: true, appium:automationName: UiAutomator2, appium:clearSystemFiles: true, appium:disableWindowAnimation: false, appium:newCommandTimeout: 250, appium:noSign: true, appium:udid: b58c6ff4, appium:uiautomator2ServerInstallTimeout: 20000, platformName: ANDROID}
2026-09-01 00:16:38.658 [main] WARN  c.s.exceptions.ExceptionController - Failed to initialize test environment
org.openqa.selenium.SessionNotCreatedException: Could not start a new session. Response code 500. Message: The instrumentation process cannot be initialized. Make sure the application under test does not crash and investigate the logcat output. 
Host info: host: 'DESKTOP-0739IAH', ip: '192.168.1.108'
Build info: version: '4.40.0', revision: 'b3333f1'
System info: os.name: 'Windows 11', os.arch: 'amd64', os.version: '10.0', java.version: '26.0.2.1'
Driver info: io.appium.java_client.android.AndroidDriver
Command: [null, newSession {capabilities=[Capabilities {appium:adbExecTimeout: 20000, appium:app: C:\Users\family\Desktop\pro..., appium:appActivity: .MainActivity, appium:appPackage: com.juanforeroaxpo.saucedemo, appium:autoGrantPermissions: true, appium:automationName: UiAutomator2, appium:clearSystemFiles: true, appium:disableWindowAnimation: false, appium:newCommandTimeout: 250, appium:noSign: true, appium:udid: b58c6ff4, appium:uiautomator2ServerInstallTimeout: 20000, platformName: ANDROID}]}]
Capabilities {appium:adbExecTimeout: 20000, appium:app: C:\Users\family\Desktop\pro..., appium:appActivity: .MainActivity, appium:appPackage: com.juanforeroaxpo.saucedemo, appium:autoGrantPermissions: true, appium:automationName: UiAutomator2, appium:clearSystemFiles: true, appium:disableWindowAnimation: false, appium:newCommandTimeout: 250, appium:noSign: true, appium:udid: b58c6ff4, appium:uiautomator2ServerInstallTimeout: 20000, platformName: ANDROID}
	at org.openqa.selenium.remote.ProtocolHandshake.createSession(ProtocolHandshake.java:114)
	at org.openqa.selenium.remote.ProtocolHandshake.createSession(ProtocolHandshake.java:75)
	at org.openqa.selenium.remote.ProtocolHandshake.createSession(ProtocolHandshake.java:61)
	at io.appium.java_client.remote.AppiumCommandExecutor.createSession(AppiumCommandExecutor.java:178)
	at io.appium.java_client.remote.AppiumCommandExecutor.execute(AppiumCommandExecutor.java:243)
	at org.openqa.selenium.remote.RemoteWebDriver.execute(RemoteWebDriver.java:601)
	at io.appium.java_client.AppiumDriver.startSession(AppiumDriver.java:308)
	at org.openqa.selenium.remote.RemoteWebDriver.<init>(RemoteWebDriver.java:209)
	at org.openqa.selenium.remote.RemoteWebDriver.<init>(RemoteWebDriver.java:195)
	at io.appium.java_client.AppiumDriver.<init>(AppiumDriver.java:98)
	at io.appium.java_client.AppiumDriver.<init>(AppiumDriver.java:109)
	at io.appium.java_client.android.AndroidDriver.<init>(AndroidDriver.java:108)
	at com.swaglabs.managers.AppiumDriverManager.localDriver(AppiumDriverManager.java:51)
	at com.swaglabs.managers.AppiumDriverManager.startAppiumDriverInstance(AppiumDriverManager.java:44)
	at com.swaglabs.hooks.Hooks.beforeScenario(Hooks.java:41)
	at java.base/jdk.internal.reflect.DirectMethodHandleAccessor.invoke(DirectMethodHandleAccessor.java:104)
	at java.base/java.lang.reflect.Method.invoke(Method.java:565)
	at io.cucumber.java.Invoker.doInvoke(Invoker.java:66)
	at io.cucumber.java.Invoker.invoke(Invoker.java:24)
	at io.cucumber.java.AbstractGlueDefinition.invokeMethod(AbstractGlueDefinition.java:47)
	at io.cucumber.java.JavaHookDefinition.execute(JavaHookDefinition.java:68)
	at io.cucumber.core.runner.CoreHookDefinition.execute(CoreHookDefinition.java:47)
	at io.cucumber.core.runner.HookDefinitionMatch.runStep(HookDefinitionMatch.java:21)
	at io.cucumber.core.runner.ExecutionMode$1.execute(ExecutionMode.java:10)
	at io.cucumber.core.runner.TestStep.executeStep(TestStep.java:81)
	at io.cucumber.core.runner.TestStep.run(TestStep.java:53)
	at io.cucumber.core.runner.TestCase.run(TestCase.java:81)
	at io.cucumber.core.runner.Runner.runPickle(Runner.java:75)
	at io.cucumber.junit.platform.engine.CucumberEngineExecutionContext.lambda$runTestCase$4(CucumberEngineExecutionContext.java:115)
	at io.cucumber.core.runtime.CucumberExecutionContext.lambda$runTestCase$5(CucumberExecutionContext.java:136)
	at io.cucumber.core.runtime.RethrowingThrowableCollector.executeAndThrow(RethrowingThrowableCollector.java:23)
	at io.cucumber.core.runtime.CucumberExecutionContext.runTestCase(CucumberExecutionContext.java:136)
	at io.cucumber.junit.platform.engine.CucumberEngineExecutionContext.runTestCase(CucumberEngineExecutionContext.java:112)
	at io.cucumber.junit.platform.engine.CucumberTestDescriptor$PickleDescriptor.execute(CucumberTestDescriptor.java:308)
	at io.cucumber.junit.platform.engine.CucumberTestDescriptor$PickleDescriptor.execute(CucumberTestDescriptor.java:249)
	at org.junit.platform.engine.support.hierarchical.NodeTestTask.lambda$executeRecursively$2(NodeTestTask.java:176)
	at org.junit.platform.engine.support.hierarchical.ThrowableCollector.execute(ThrowableCollector.java:74)
	at org.junit.platform.engine.support.hierarchical.NodeTestTask.lambda$executeRecursively$1(NodeTestTask.java:166)
	at org.junit.platform.engine.support.hierarchical.Node.around(Node.java:138)
	at org.junit.platform.engine.support.hierarchical.NodeTestTask.lambda$executeRecursively$0(NodeTestTask.java:164)
	at org.junit.platform.engine.support.hierarchical.ThrowableCollector.execute(ThrowableCollector.java:74)
	at org.junit.platform.engine.support.hierarchical.NodeTestTask.executeRecursively(NodeTestTask.java:163)
	at org.junit.platform.engine.support.hierarchical.NodeTestTask.execute(NodeTestTask.java:116)
	at java.base/java.util.ArrayList.forEach(ArrayList.java:1612)
	at org.junit.platform.engine.support.hierarchical.SameThreadHierarchicalTestExecutorService.invokeAll(SameThreadHierarchicalTestExecutorService.java:42)
	at org.junit.platform.engine.support.hierarchical.NodeTestTask.lambda$executeRecursively$2(NodeTestTask.java:180)
	at org.junit.platform.engine.support.hierarchical.ThrowableCollector.execute(ThrowableCollector.java:74)
	at org.junit.platform.engine.support.hierarchical.NodeTestTask.lambda$executeRecursively$1(NodeTestTask.java:166)
	at org.junit.platform.engine.support.hierarchical.Node.around(Node.java:138)
	at org.junit.platform.engine.support.hierarchical.NodeTestTask.lambda$executeRecursively$0(NodeTestTask.java:164)
	at org.junit.platform.engine.support.hierarchical.ThrowableCollector.execute(ThrowableCollector.java:74)
	at org.junit.platform.engine.support.hierarchical.NodeTestTask.executeRecursively(NodeTestTask.java:163)
	at org.junit.platform.engine.support.hierarchical.NodeTestTask.execute(NodeTestTask.java:116)
	at java.base/java.util.ArrayList.forEach(ArrayList.java:1612)
	at org.junit.platform.engine.support.hierarchical.SameThreadHierarchicalTestExecutorService.invokeAll(SameThreadHierarchicalTestExecutorService.java:42)
	at org.junit.platform.engine.support.hierarchical.NodeTestTask.lambda$executeRecursively$2(NodeTestTask.java:180)
	at org.junit.platform.engine.support.hierarchical.ThrowableCollector.execute(ThrowableCollector.java:74)
	at org.junit.platform.engine.support.hierarchical.NodeTestTask.lambda$executeRecursively$1(NodeTestTask.java:166)
	at org.junit.platform.engine.support.hierarchical.Node.around(Node.java:138)
	at org.junit.platform.engine.support.hierarchical.NodeTestTask.lambda$executeRecursively$0(NodeTestTask.java:164)
	at org.junit.platform.engine.support.hierarchical.ThrowableCollector.execute(ThrowableCollector.java:74)
	at org.junit.platform.engine.support.hierarchical.NodeTestTask.executeRecursively(NodeTestTask.java:163)
	at org.junit.platform.engine.support.hierarchical.NodeTestTask.execute(NodeTestTask.java:116)
	at org.junit.platform.engine.support.hierarchical.SameThreadHierarchicalTestExecutorService.submit(SameThreadHierarchicalTestExecutorService.java:36)
	at org.junit.platform.engine.support.hierarchical.HierarchicalTestExecutor.execute(HierarchicalTestExecutor.java:52)
	at org.junit.platform.engine.support.hierarchical.HierarchicalTestEngine.execute(HierarchicalTestEngine.java:58)
	at org.junit.platform.launcher.core.EngineExecutionOrchestrator.executeEngine(EngineExecutionOrchestrator.java:246)
	at org.junit.platform.launcher.core.EngineExecutionOrchestrator.failOrExecuteEngine(EngineExecutionOrchestrator.java:218)
	at org.junit.platform.launcher.core.EngineExecutionOrchestrator.execute(EngineExecutionOrchestrator.java:179)
	at org.junit.platform.launcher.core.EngineExecutionOrchestrator.execute(EngineExecutionOrchestrator.java:108)
	at org.junit.platform.launcher.core.EngineExecutionOrchestrator.execute(EngineExecutionOrchestrator.java:89)
	at org.junit.platform.suite.engine.SuiteLauncher.execute(SuiteLauncher.java:65)
	at org.junit.platform.suite.engine.SuiteTestDescriptor.executeTests(SuiteTestDescriptor.java:208)
	at org.junit.platform.suite.engine.SuiteTestDescriptor.execute(SuiteTestDescriptor.java:173)
	at org.junit.platform.suite.engine.SuiteTestEngine.lambda$execute$0(SuiteTestEngine.java:78)
	at java.base/java.util.stream.ForEachOps$ForEachOp$OfRef.accept(ForEachOps.java:186)
	at java.base/java.util.stream.ReferencePipeline$3$1.accept(ReferencePipeline.java:214)
	at java.base/java.util.Iterator.forEachRemaining(Iterator.java:133)
	at java.base/java.util.Spliterators$IteratorSpliterator.forEachRemaining(Spliterators.java:1939)
	at java.base/java.util.stream.AbstractPipeline.copyInto(AbstractPipeline.java:570)
	at java.base/java.util.stream.AbstractPipeline.wrapAndCopyInto(AbstractPipeline.java:560)
	at java.base/java.util.stream.ForEachOps$ForEachOp.evaluateSequential(ForEachOps.java:153)
	at java.base/java.util.stream.ForEachOps$ForEachOp$OfRef.evaluateSequential(ForEachOps.java:176)
	at java.base/java.util.stream.AbstractPipeline.evaluate(AbstractPipeline.java:265)
	at java.base/java.util.stream.ReferencePipeline.forEach(ReferencePipeline.java:632)
	at org.junit.platform.suite.engine.SuiteTestEngine.execute(SuiteTestEngine.java:78)
	at org.junit.platform.launcher.core.EngineExecutionOrchestrator.executeEngine(EngineExecutionOrchestrator.java:246)
	at org.junit.platform.launcher.core.EngineExecutionOrchestrator.failOrExecuteEngine(EngineExecutionOrchestrator.java:218)
	at org.junit.platform.launcher.core.EngineExecutionOrchestrator.execute(EngineExecutionOrchestrator.java:179)
	at org.junit.platform.launcher.core.EngineExecutionOrchestrator.execute(EngineExecutionOrchestrator.java:108)
	at org.junit.platform.launcher.core.EngineExecutionOrchestrator.lambda$execute$0(EngineExecutionOrchestrator.java:66)
	at org.junit.platform.launcher.core.EngineExecutionOrchestrator.withInterceptedStreams(EngineExecutionOrchestrator.java:157)
	at org.junit.platform.launcher.core.EngineExecutionOrchestrator.execute(EngineExecutionOrchestrator.java:65)
	at org.junit.platform.launcher.core.DefaultLauncher.execute(DefaultLauncher.java:125)
	at org.junit.platform.launcher.core.DefaultLauncher.execute(DefaultLauncher.java:114)
	at org.junit.platform.launcher.core.DelegatingLauncher.execute(DelegatingLauncher.java:58)
	at org.junit.platform.launcher.core.InterceptingLauncher.lambda$execute$2(InterceptingLauncher.java:57)
	at org.junit.platform.launcher.core.ClasspathAlignmentCheckingLauncherInterceptor.intercept(ClasspathAlignmentCheckingLauncherInterceptor.java:25)
	at org.junit.platform.launcher.core.InterceptingLauncher.execute(InterceptingLauncher.java:56)
	at org.junit.platform.launcher.core.DelegatingLauncher.execute(DelegatingLauncher.java:58)
	at java.base/jdk.internal.reflect.DirectMethodHandleAccessor.invoke(DirectMethodHandleAccessor.java:104)
	at java.base/java.lang.reflect.Method.invoke(Method.java:565)
	at org.apache.maven.surefire.api.util.ReflectionUtils.invokeMethodWithArray(ReflectionUtils.java:125)
	at org.apache.maven.surefire.junitplatform.LauncherAdapter.executeWithCancellationToken(LauncherAdapter.java:68)
	at org.apache.maven.surefire.junitplatform.LauncherAdapter.execute(LauncherAdapter.java:54)
	at org.apache.maven.surefire.junitplatform.JUnitPlatformProvider.execute(JUnitPlatformProvider.java:203)
	at org.apache.maven.surefire.junitplatform.JUnitPlatformProvider.invokeAllTests(JUnitPlatformProvider.java:168)
	at org.apache.maven.surefire.junitplatform.JUnitPlatformProvider.invoke(JUnitPlatformProvider.java:136)
	at org.apache.maven.surefire.booter.ForkedBooter.runSuitesInProcess(ForkedBooter.java:385)
	at org.apache.maven.surefire.booter.ForkedBooter.execute(ForkedBooter.java:162)
	at org.apache.maven.surefire.booter.ForkedBooter.run(ForkedBooter.java:507)
	at org.apache.maven.surefire.booter.ForkedBooter.main(ForkedBooter.java:495)
2026-09-01 00:16:38.687 [main] INFO  com.swaglabs.hooks.Hooks - Scenario 'Standard user can log in successfully' FAILED. Capturing screenshot...
2026-09-01 00:16:38.687 [main] WARN  com.swaglabs.hooks.Hooks - Driver is null — skipping screenshot
2026-09-01 00:16:38.688 [main] INFO  c.s.managers.AppiumDriverManager - Local driver variables cleared
2026-09-01 00:16:38.688 [main] INFO  page_objects.PageObjectHelper - Page object instances cleared
2026-09-01 00:16:38.694 [main] INFO  com.swaglabs.hooks.Hooks - ******* Scenario: Locked out user is blocked from logging in started *******
2026-09-01 00:16:38.695 [main] INFO  c.s.managers.AppiumServerManager - Appium server already running on 127.0.0.1:4723 - stopping to reuse clean state
2026-09-01 00:16:39.563 [main] INFO  c.s.managers.AppiumServerManager - Appium server started on http://127.0.0.1:4723
2026-09-01 00:16:39.666 [main] INFO  com.swaglabs.device.DeviceManager - Using Android device: b58c6ff4
2026-09-01 00:16:39.891 [main] INFO  c.s.managers.AppiumDriverManager - Starting Appium session: http://127.0.0.1:4723 with caps Capabilities {appium:adbExecTimeout: 20000, appium:app: C:\Users\family\Desktop\pro..., appium:appActivity: .MainActivity, appium:appPackage: com.juanforeroaxpo.saucedemo, appium:autoGrantPermissions: true, appium:automationName: UiAutomator2, appium:clearSystemFiles: true, appium:disableWindowAnimation: false, appium:newCommandTimeout: 250, appium:noSign: true, appium:udid: b58c6ff4, appium:uiautomator2ServerInstallTimeout: 20000, platformName: ANDROID}
2026-09-01 00:16:44.456 [main] WARN  c.s.utils.helper.WebdriverHelper - Recording not available: org.openqa.selenium.NoSuchSessionException: A session is either terminated or not started
Build info: version: '4.40.0', revision: 'b3333f1'
System info: os.name: 'Windows 11', os.arch: 'amd64', os.version: '10.0', java.version: '26.0.2.1'
Driver info: io.appium.java_client.android.AndroidDriver
Command: [933868b2-1cca-432a-b0c1-7b7aee821cd2, startRecordingScreen {options={timeLimit=600, forceRestart=true, bitRate=2000000, videoSize=1280x720, bugReport=true}}]
Capabilities {appium:adbExecTimeout: 20000, appium:app: C:\Users\family\Desktop\pro..., appium:appActivity: .MainActivity, appium:appPackage: com.juanforeroaxpo.saucedemo, appium:autoGrantPermissions: true, appium:automationName: UiAutomator2, appium:clearSystemFiles: true, appium:databaseEnabled: false, appium:desired: {adbExecTimeout: 20000, app: C:\Users\family\Desktop\pro..., appActivity: .MainActivity, appPackage: com.juanforeroaxpo.saucedemo, autoGrantPermissions: true, automationName: UiAutomator2, clearSystemFiles: true, disableWindowAnimation: false, newCommandTimeout: 250, noSign: true, platformName: ANDROID, udid: b58c6ff4, uiautomator2ServerInstallTimeout: 20000}, appium:deviceApiLevel: 35, appium:deviceManufacturer: Xiaomi, appium:deviceModel: 23129RAA4G, appium:deviceName: b58c6ff4, appium:deviceScreenDensity: 440, appium:deviceScreenSize: 1080x2400, appium:deviceUDID: b58c6ff4, appium:disableWindowAnimation: false, appium:javascriptEnabled: true, appium:locationContextEnabled: false, appium:networkConnectionEnabled: true, appium:newCommandTimeout: 250, appium:noSign: true, appium:pixelRatio: 2.75, appium:platformVersion: 15, appium:statBarHeight: 94, appium:takesScreenshot: true, appium:udid: b58c6ff4, appium:uiautomator2ServerInstallTimeout: 20000, appium:viewportRect: {height: 2306, left: 0, top: 94, width: 1080}, appium:warnings: {}, appium:webStorageEnabled: false, platformName: ANDROID}
Session ID: 933868b2-1cca-432a-b0c1-7b7aee821cd2
2026-09-01 00:16:44.495 [main] INFO  com.swaglabs.hooks.Hooks - Scenario 'Performance glitch user cart operations complete without timeout' FAILED. Capturing screenshot...
2026-09-01 00:16:44.503 [main] WARN  c.s.utils.helper.WebdriverHelper - Failed to take screenshot: A session is either terminated or not started
Build info: version: '4.40.0', revision: 'b3333f1'
System info: os.name: 'Windows 11', os.arch: 'amd64', os.version: '10.0', java.version: '26.0.2.1'
Driver info: io.appium.java_client.android.AndroidDriver
Command: [933868b2-1cca-432a-b0c1-7b7aee821cd2, screenshot {}]
Capabilities {appium:adbExecTimeout: 20000, appium:app: C:\Users\family\Desktop\pro..., appium:appActivity: .MainActivity, appium:appPackage: com.juanforeroaxpo.saucedemo, appium:autoGrantPermissions: true, appium:automationName: UiAutomator2, appium:clearSystemFiles: true, appium:databaseEnabled: false, appium:desired: {adbExecTimeout: 20000, app: C:\Users\family\Desktop\pro..., appActivity: .MainActivity, appPackage: com.juanforeroaxpo.saucedemo, autoGrantPermissions: true, automationName: UiAutomator2, clearSystemFiles: true, disableWindowAnimation: false, newCommandTimeout: 250, noSign: true, platformName: ANDROID, udid: b58c6ff4, uiautomator2ServerInstallTimeout: 20000}, appium:deviceApiLevel: 35, appium:deviceManufacturer: Xiaomi, appium:deviceModel: 23129RAA4G, appium:deviceName: b58c6ff4, appium:deviceScreenDensity: 440, appium:deviceScreenSize: 1080x2400, appium:deviceUDID: b58c6ff4, appium:disableWindowAnimation: false, appium:javascriptEnabled: true, appium:locationContextEnabled: false, appium:networkConnectionEnabled: true, appium:newCommandTimeout: 250, appium:noSign: true, appium:pixelRatio: 2.75, appium:platformVersion: 15, appium:statBarHeight: 94, appium:takesScreenshot: true, appium:udid: b58c6ff4, appium:uiautomator2ServerInstallTimeout: 20000, appium:viewportRect: {height: 2306, left: 0, top: 94, width: 1080}, appium:warnings: {}, appium:webStorageEnabled: false, platformName: ANDROID}
Session ID: 933868b2-1cca-432a-b0c1-7b7aee821cd2
2026-09-01 00:16:44.512 [main] WARN  c.s.utils.helper.WebdriverHelper - Error stopping recording: org.openqa.selenium.NoSuchSessionException: A session is either terminated or not started
Build info: version: '4.40.0', revision: 'b3333f1'
System info: os.name: 'Windows 11', os.arch: 'amd64', os.version: '10.0', java.version: '26.0.2.1'
Driver info: io.appium.java_client.android.AndroidDriver
Command: [933868b2-1cca-432a-b0c1-7b7aee821cd2, stopRecordingScreen {}]
Capabilities {appium:adbExecTimeout: 20000, appium:app: C:\Users\family\Desktop\pro..., appium:appActivity: .MainActivity, appium:appPackage: com.juanforeroaxpo.saucedemo, appium:autoGrantPermissions: true, appium:automationName: UiAutomator2, appium:clearSystemFiles: true, appium:databaseEnabled: false, appium:desired: {adbExecTimeout: 20000, app: C:\Users\family\Desktop\pro..., appActivity: .MainActivity, appPackage: com.juanforeroaxpo.saucedemo, autoGrantPermissions: true, automationName: UiAutomator2, clearSystemFiles: true, disableWindowAnimation: false, newCommandTimeout: 250, noSign: true, platformName: ANDROID, udid: b58c6ff4, uiautomator2ServerInstallTimeout: 20000}, appium:deviceApiLevel: 35, appium:deviceManufacturer: Xiaomi, appium:deviceModel: 23129RAA4G, appium:deviceName: b58c6ff4, appium:deviceScreenDensity: 440, appium:deviceScreenSize: 1080x2400, appium:deviceUDID: b58c6ff4, appium:disableWindowAnimation: false, appium:javascriptEnabled: true, appium:locationContextEnabled: false, appium:networkConnectionEnabled: true, appium:newCommandTimeout: 250, appium:noSign: true, appium:pixelRatio: 2.75, appium:platformVersion: 15, appium:statBarHeight: 94, appium:takesScreenshot: true, appium:udid: b58c6ff4, appium:uiautomator2ServerInstallTimeout: 20000, appium:viewportRect: {height: 2306, left: 0, top: 94, width: 1080}, appium:warnings: {}, appium:webStorageEnabled: false, platformName: ANDROID}
Session ID: 933868b2-1cca-432a-b0c1-7b7aee821cd2
2026-09-01 00:16:44.520 [main] WARN  c.s.managers.AppiumDriverManager - Error quitting driver: A session is either terminated or not started
Build info: version: '4.40.0', revision: 'b3333f1'
System info: os.name: 'Windows 11', os.arch: 'amd64', os.version: '10.0', java.version: '26.0.2.1'
Driver info: io.appium.java_client.android.AndroidDriver
Command: [933868b2-1cca-432a-b0c1-7b7aee821cd2, quit {}]
Capabilities {appium:adbExecTimeout: 20000, appium:app: C:\Users\family\Desktop\pro..., appium:appActivity: .MainActivity, appium:appPackage: com.juanforeroaxpo.saucedemo, appium:autoGrantPermissions: true, appium:automationName: UiAutomator2, appium:clearSystemFiles: true, appium:databaseEnabled: false, appium:desired: {adbExecTimeout: 20000, app: C:\Users\family\Desktop\pro..., appActivity: .MainActivity, appPackage: com.juanforeroaxpo.saucedemo, autoGrantPermissions: true, automationName: UiAutomator2, clearSystemFiles: true, disableWindowAnimation: false, newCommandTimeout: 250, noSign: true, platformName: ANDROID, udid: b58c6ff4, uiautomator2ServerInstallTimeout: 20000}, appium:deviceApiLevel: 35, appium:deviceManufacturer: Xiaomi, appium:deviceModel: 23129RAA4G, appium:deviceName: b58c6ff4, appium:deviceScreenDensity: 440, appium:deviceScreenSize: 1080x2400, appium:deviceUDID: b58c6ff4, appium:disableWindowAnimation: false, appium:javascriptEnabled: true, appium:locationContextEnabled: false, appium:networkConnectionEnabled: true, appium:newCommandTimeout: 250, appium:noSign: true, appium:pixelRatio: 2.75, appium:platformVersion: 15, appium:statBarHeight: 94, appium:takesScreenshot: true, appium:udid: b58c6ff4, appium:uiautomator2ServerInstallTimeout: 20000, appium:viewportRect: {height: 2306, left: 0, top: 94, width: 1080}, appium:warnings: {}, appium:webStorageEnabled: false, platformName: ANDROID}
Session ID: 933868b2-1cca-432a-b0c1-7b7aee821cd2
2026-09-01 00:16:44.520 [main] INFO  c.s.managers.AppiumDriverManager - Local driver variables cleared
2026-09-01 00:16:44.521 [main] INFO  page_objects.PageObjectHelper - Page object instances cleared
2026-09-01 00:16:44.537 [main] INFO  com.swaglabs.hooks.Hooks - ******* Scenario: User completes a full purchase started *******
2026-09-01 00:16:44.538 [main] INFO  c.s.managers.AppiumServerManager - Appium server already running on 127.0.0.1:4723 - stopping to reuse clean state
2026-09-01 00:16:45.492 [main] INFO  c.s.managers.AppiumServerManager - Appium server started on http://127.0.0.1:4723
2026-09-01 00:16:45.628 [main] INFO  com.swaglabs.device.DeviceManager - Using Android device: b58c6ff4
2026-09-01 00:16:45.912 [main] INFO  c.s.managers.AppiumDriverManager - Starting Appium session: http://127.0.0.1:4723 with caps Capabilities {appium:adbExecTimeout: 20000, appium:app: C:\Users\family\Desktop\pro..., appium:appActivity: .MainActivity, appium:appPackage: com.juanforeroaxpo.saucedemo, appium:autoGrantPermissions: true, appium:automationName: UiAutomator2, appium:clearSystemFiles: true, appium:disableWindowAnimation: false, appium:newCommandTimeout: 250, appium:noSign: true, appium:udid: b58c6ff4, appium:uiautomator2ServerInstallTimeout: 20000, platformName: ANDROID}
2026-09-01 00:16:47.434 [main] INFO  c.s.utils.helper.WebdriverHelper - Screen recording started
2026-09-01 00:16:47.653 [main] INFO  com.swaglabs.hooks.Hooks - Scenario 'Locked out user is blocked from logging in' FAILED. Capturing screenshot...
2026-09-01 00:16:47.659 [main] WARN  c.s.utils.helper.WebdriverHelper - Failed to take screenshot: A session is either terminated or not started
Build info: version: '4.40.0', revision: 'b3333f1'
System info: os.name: 'Windows 11', os.arch: 'amd64', os.version: '10.0', java.version: '26.0.2.1'
Driver info: io.appium.java_client.android.AndroidDriver
Command: [a14e580f-fa17-47a3-975c-97fefe901486, screenshot {}]
Capabilities {appium:adbExecTimeout: 20000, appium:app: C:\Users\family\Desktop\pro..., appium:appActivity: .MainActivity, appium:appPackage: com.juanforeroaxpo.saucedemo, appium:autoGrantPermissions: true, appium:automationName: UiAutomator2, appium:clearSystemFiles: true, appium:databaseEnabled: false, appium:desired: {adbExecTimeout: 20000, app: C:\Users\family\Desktop\pro..., appActivity: .MainActivity, appPackage: com.juanforeroaxpo.saucedemo, autoGrantPermissions: true, automationName: UiAutomator2, clearSystemFiles: true, disableWindowAnimation: false, newCommandTimeout: 250, noSign: true, platformName: ANDROID, udid: b58c6ff4, uiautomator2ServerInstallTimeout: 20000}, appium:deviceApiLevel: 35, appium:deviceManufacturer: Xiaomi, appium:deviceModel: 23129RAA4G, appium:deviceName: b58c6ff4, appium:deviceScreenDensity: 440, appium:deviceScreenSize: 1080x2400, appium:deviceUDID: b58c6ff4, appium:disableWindowAnimation: false, appium:javascriptEnabled: true, appium:locationContextEnabled: false, appium:networkConnectionEnabled: true, appium:newCommandTimeout: 250, appium:noSign: true, appium:pixelRatio: 2.75, appium:platformVersion: 15, appium:statBarHeight: 94, appium:takesScreenshot: true, appium:udid: b58c6ff4, appium:uiautomator2ServerInstallTimeout: 20000, appium:viewportRect: {height: 2306, left: 0, top: 94, width: 1080}, appium:warnings: {}, appium:webStorageEnabled: false, platformName: ANDROID}
Session ID: a14e580f-fa17-47a3-975c-97fefe901486
2026-09-01 00:16:47.669 [main] WARN  c.s.utils.helper.WebdriverHelper - Error stopping recording: org.openqa.selenium.NoSuchSessionException: A session is either terminated or not started
Build info: version: '4.40.0', revision: 'b3333f1'
System info: os.name: 'Windows 11', os.arch: 'amd64', os.version: '10.0', java.version: '26.0.2.1'
Driver info: io.appium.java_client.android.AndroidDriver
Command: [a14e580f-fa17-47a3-975c-97fefe901486, stopRecordingScreen {}]
Capabilities {appium:adbExecTimeout: 20000, appium:app: C:\Users\family\Desktop\pro..., appium:appActivity: .MainActivity, appium:appPackage: com.juanforeroaxpo.saucedemo, appium:autoGrantPermissions: true, appium:automationName: UiAutomator2, appium:clearSystemFiles: true, appium:databaseEnabled: false, appium:desired: {adbExecTimeout: 20000, app: C:\Users\family\Desktop\pro..., appActivity: .MainActivity, appPackage: com.juanforeroaxpo.saucedemo, autoGrantPermissions: true, automationName: UiAutomator2, clearSystemFiles: true, disableWindowAnimation: false, newCommandTimeout: 250, noSign: true, platformName: ANDROID, udid: b58c6ff4, uiautomator2ServerInstallTimeout: 20000}, appium:deviceApiLevel: 35, appium:deviceManufacturer: Xiaomi, appium:deviceModel: 23129RAA4G, appium:deviceName: b58c6ff4, appium:deviceScreenDensity: 440, appium:deviceScreenSize: 1080x2400, appium:deviceUDID: b58c6ff4, appium:disableWindowAnimation: false, appium:javascriptEnabled: true, appium:locationContextEnabled: false, appium:networkConnectionEnabled: true, appium:newCommandTimeout: 250, appium:noSign: true, appium:pixelRatio: 2.75, appium:platformVersion: 15, appium:statBarHeight: 94, appium:takesScreenshot: true, appium:udid: b58c6ff4, appium:uiautomator2ServerInstallTimeout: 20000, appium:viewportRect: {height: 2306, left: 0, top: 94, width: 1080}, appium:warnings: {}, appium:webStorageEnabled: false, platformName: ANDROID}
Session ID: a14e580f-fa17-47a3-975c-97fefe901486
2026-09-01 00:16:47.677 [main] WARN  c.s.managers.AppiumDriverManager - Error quitting driver: A session is either terminated or not started
Build info: version: '4.40.0', revision: 'b3333f1'
System info: os.name: 'Windows 11', os.arch: 'amd64', os.version: '10.0', java.version: '26.0.2.1'
Driver info: io.appium.java_client.android.AndroidDriver
Command: [a14e580f-fa17-47a3-975c-97fefe901486, quit {}]
Capabilities {appium:adbExecTimeout: 20000, appium:app: C:\Users\family\Desktop\pro..., appium:appActivity: .MainActivity, appium:appPackage: com.juanforeroaxpo.saucedemo, appium:autoGrantPermissions: true, appium:automationName: UiAutomator2, appium:clearSystemFiles: true, appium:databaseEnabled: false, appium:desired: {adbExecTimeout: 20000, app: C:\Users\family\Desktop\pro..., appActivity: .MainActivity, appPackage: com.juanforeroaxpo.saucedemo, autoGrantPermissions: true, automationName: UiAutomator2, clearSystemFiles: true, disableWindowAnimation: false, newCommandTimeout: 250, noSign: true, platformName: ANDROID, udid: b58c6ff4, uiautomator2ServerInstallTimeout: 20000}, appium:deviceApiLevel: 35, appium:deviceManufacturer: Xiaomi, appium:deviceModel: 23129RAA4G, appium:deviceName: b58c6ff4, appium:deviceScreenDensity: 440, appium:deviceScreenSize: 1080x2400, appium:deviceUDID: b58c6ff4, appium:disableWindowAnimation: false, appium:javascriptEnabled: true, appium:locationContextEnabled: false, appium:networkConnectionEnabled: true, appium:newCommandTimeout: 250, appium:noSign: true, appium:pixelRatio: 2.75, appium:platformVersion: 15, appium:statBarHeight: 94, appium:takesScreenshot: true, appium:udid: b58c6ff4, appium:uiautomator2ServerInstallTimeout: 20000, appium:viewportRect: {height: 2306, left: 0, top: 94, width: 1080}, appium:warnings: {}, appium:webStorageEnabled: false, platformName: ANDROID}
Session ID: a14e580f-fa17-47a3-975c-97fefe901486
2026-09-01 00:16:47.677 [main] INFO  c.s.managers.AppiumDriverManager - Local driver variables cleared
2026-09-01 00:16:47.677 [main] INFO  page_objects.PageObjectHelper - Page object instances cleared
2026-09-01 00:16:47.696 [main] INFO  com.swaglabs.hooks.Hooks - ******* Scenario: Wrong password is rejected started *******
2026-09-01 00:16:47.698 [main] INFO  c.s.managers.AppiumServerManager - Appium server already running on 127.0.0.1:4723 - stopping to reuse clean state
2026-09-01 00:16:49.003 [main] INFO  c.s.managers.AppiumServerManager - Appium server started on http://127.0.0.1:4723
2026-09-01 00:16:49.135 [main] INFO  com.swaglabs.device.DeviceManager - Using Android device: b58c6ff4
2026-09-01 00:16:49.504 [main] INFO  c.s.managers.AppiumDriverManager - Starting Appium session: http://127.0.0.1:4723 with caps Capabilities {appium:adbExecTimeout: 20000, appium:app: C:\Users\family\Desktop\pro..., appium:appActivity: .MainActivity, appium:appPackage: com.juanforeroaxpo.saucedemo, appium:autoGrantPermissions: true, appium:automationName: UiAutomator2, appium:clearSystemFiles: true, appium:disableWindowAnimation: false, appium:newCommandTimeout: 250, appium:noSign: true, appium:udid: b58c6ff4, appium:uiautomator2ServerInstallTimeout: 20000, platformName: ANDROID}
2026-09-01 00:16:54.657 [main] WARN  c.s.utils.helper.WebdriverHelper - Recording not available: org.openqa.selenium.NoSuchSessionException: A session is either terminated or not started
Build info: version: '4.40.0', revision: 'b3333f1'
System info: os.name: 'Windows 11', os.arch: 'amd64', os.version: '10.0', java.version: '26.0.2.1'
Driver info: io.appium.java_client.android.AndroidDriver
Command: [f33df819-9163-416d-959c-74601b86d962, startRecordingScreen {options={timeLimit=600, forceRestart=true, bitRate=2000000, videoSize=1280x720, bugReport=true}}]
Capabilities {appium:adbExecTimeout: 20000, appium:app: C:\Users\family\Desktop\pro..., appium:appActivity: .MainActivity, appium:appPackage: com.juanforeroaxpo.saucedemo, appium:autoGrantPermissions: true, appium:automationName: UiAutomator2, appium:clearSystemFiles: true, appium:databaseEnabled: false, appium:desired: {adbExecTimeout: 20000, app: C:\Users\family\Desktop\pro..., appActivity: .MainActivity, appPackage: com.juanforeroaxpo.saucedemo, autoGrantPermissions: true, automationName: UiAutomator2, clearSystemFiles: true, disableWindowAnimation: false, newCommandTimeout: 250, noSign: true, platformName: ANDROID, udid: b58c6ff4, uiautomator2ServerInstallTimeout: 20000}, appium:deviceApiLevel: 35, appium:deviceManufacturer: Xiaomi, appium:deviceModel: 23129RAA4G, appium:deviceName: b58c6ff4, appium:deviceScreenDensity: 440, appium:deviceScreenSize: 1080x2400, appium:deviceUDID: b58c6ff4, appium:disableWindowAnimation: false, appium:javascriptEnabled: true, appium:locationContextEnabled: false, appium:networkConnectionEnabled: true, appium:newCommandTimeout: 250, appium:noSign: true, appium:pixelRatio: 2.75, appium:platformVersion: 15, appium:statBarHeight: 94, appium:takesScreenshot: true, appium:udid: b58c6ff4, appium:uiautomator2ServerInstallTimeout: 20000, appium:viewportRect: {height: 2306, left: 0, top: 94, width: 1080}, appium:warnings: {}, appium:webStorageEnabled: false, platformName: ANDROID}
Session ID: f33df819-9163-416d-959c-74601b86d962
2026-09-01 00:16:54.694 [main] INFO  com.swaglabs.hooks.Hooks - Scenario 'User completes a full purchase' FAILED. Capturing screenshot...
2026-09-01 00:16:54.710 [main] WARN  c.s.utils.helper.WebdriverHelper - Failed to take screenshot: A session is either terminated or not started
Build info: version: '4.40.0', revision: 'b3333f1'
System info: os.name: 'Windows 11', os.arch: 'amd64', os.version: '10.0', java.version: '26.0.2.1'
Driver info: io.appium.java_client.android.AndroidDriver
Command: [f33df819-9163-416d-959c-74601b86d962, screenshot {}]
Capabilities {appium:adbExecTimeout: 20000, appium:app: C:\Users\family\Desktop\pro..., appium:appActivity: .MainActivity, appium:appPackage: com.juanforeroaxpo.saucedemo, appium:autoGrantPermissions: true, appium:automationName: UiAutomator2, appium:clearSystemFiles: true, appium:databaseEnabled: false, appium:desired: {adbExecTimeout: 20000, app: C:\Users\family\Desktop\pro..., appActivity: .MainActivity, appPackage: com.juanforeroaxpo.saucedemo, autoGrantPermissions: true, automationName: UiAutomator2, clearSystemFiles: true, disableWindowAnimation: false, newCommandTimeout: 250, noSign: true, platformName: ANDROID, udid: b58c6ff4, uiautomator2ServerInstallTimeout: 20000}, appium:deviceApiLevel: 35, appium:deviceManufacturer: Xiaomi, appium:deviceModel: 23129RAA4G, appium:deviceName: b58c6ff4, appium:deviceScreenDensity: 440, appium:deviceScreenSize: 1080x2400, appium:deviceUDID: b58c6ff4, appium:disableWindowAnimation: false, appium:javascriptEnabled: true, appium:locationContextEnabled: false, appium:networkConnectionEnabled: true, appium:newCommandTimeout: 250, appium:noSign: true, appium:pixelRatio: 2.75, appium:platformVersion: 15, appium:statBarHeight: 94, appium:takesScreenshot: true, appium:udid: b58c6ff4, appium:uiautomator2ServerInstallTimeout: 20000, appium:viewportRect: {height: 2306, left: 0, top: 94, width: 1080}, appium:warnings: {}, appium:webStorageEnabled: false, platformName: ANDROID}
Session ID: f33df819-9163-416d-959c-74601b86d962
2026-09-01 00:16:54.722 [main] WARN  c.s.utils.helper.WebdriverHelper - Error stopping recording: org.openqa.selenium.NoSuchSessionException: A session is either terminated or not started
Build info: version: '4.40.0', revision: 'b3333f1'
System info: os.name: 'Windows 11', os.arch: 'amd64', os.version: '10.0', java.version: '26.0.2.1'
Driver info: io.appium.java_client.android.AndroidDriver
Command: [f33df819-9163-416d-959c-74601b86d962, stopRecordingScreen {}]
Capabilities {appium:adbExecTimeout: 20000, appium:app: C:\Users\family\Desktop\pro..., appium:appActivity: .MainActivity, appium:appPackage: com.juanforeroaxpo.saucedemo, appium:autoGrantPermissions: true, appium:automationName: UiAutomator2, appium:clearSystemFiles: true, appium:databaseEnabled: false, appium:desired: {adbExecTimeout: 20000, app: C:\Users\family\Desktop\pro..., appActivity: .MainActivity, appPackage: com.juanforeroaxpo.saucedemo, autoGrantPermissions: true, automationName: UiAutomator2, clearSystemFiles: true, disableWindowAnimation: false, newCommandTimeout: 250, noSign: true, platformName: ANDROID, udid: b58c6ff4, uiautomator2ServerInstallTimeout: 20000}, appium:deviceApiLevel: 35, appium:deviceManufacturer: Xiaomi, appium:deviceModel: 23129RAA4G, appium:deviceName: b58c6ff4, appium:deviceScreenDensity: 440, appium:deviceScreenSize: 1080x2400, appium:deviceUDID: b58c6ff4, appium:disableWindowAnimation: false, appium:javascriptEnabled: true, appium:locationContextEnabled: false, appium:networkConnectionEnabled: true, appium:newCommandTimeout: 250, appium:noSign: true, appium:pixelRatio: 2.75, appium:platformVersion: 15, appium:statBarHeight: 94, appium:takesScreenshot: true, appium:udid: b58c6ff4, appium:uiautomator2ServerInstallTimeout: 20000, appium:viewportRect: {height: 2306, left: 0, top: 94, width: 1080}, appium:warnings: {}, appium:webStorageEnabled: false, platformName: ANDROID}
Session ID: f33df819-9163-416d-959c-74601b86d962
2026-09-01 00:16:54.737 [main] WARN  c.s.managers.AppiumDriverManager - Error quitting driver: A session is either terminated or not started
Build info: version: '4.40.0', revision: 'b3333f1'
System info: os.name: 'Windows 11', os.arch: 'amd64', os.version: '10.0', java.version: '26.0.2.1'
Driver info: io.appium.java_client.android.AndroidDriver
Command: [f33df819-9163-416d-959c-74601b86d962, quit {}]
Capabilities {appium:adbExecTimeout: 20000, appium:app: C:\Users\family\Desktop\pro..., appium:appActivity: .MainActivity, appium:appPackage: com.juanforeroaxpo.saucedemo, appium:autoGrantPermissions: true, appium:automationName: UiAutomator2, appium:clearSystemFiles: true, appium:databaseEnabled: false, appium:desired: {adbExecTimeout: 20000, app: C:\Users\family\Desktop\pro..., appActivity: .MainActivity, appPackage: com.juanforeroaxpo.saucedemo, autoGrantPermissions: true, automationName: UiAutomator2, clearSystemFiles: true, disableWindowAnimation: false, newCommandTimeout: 250, noSign: true, platformName: ANDROID, udid: b58c6ff4, uiautomator2ServerInstallTimeout: 20000}, appium:deviceApiLevel: 35, appium:deviceManufacturer: Xiaomi, appium:deviceModel: 23129RAA4G, appium:deviceName: b58c6ff4, appium:deviceScreenDensity: 440, appium:deviceScreenSize: 1080x2400, appium:deviceUDID: b58c6ff4, appium:disableWindowAnimation: false, appium:javascriptEnabled: true, appium:locationContextEnabled: false, appium:networkConnectionEnabled: true, appium:newCommandTimeout: 250, appium:noSign: true, appium:pixelRatio: 2.75, appium:platformVersion: 15, appium:statBarHeight: 94, appium:takesScreenshot: true, appium:udid: b58c6ff4, appium:uiautomator2ServerInstallTimeout: 20000, appium:viewportRect: {height: 2306, left: 0, top: 94, width: 1080}, appium:warnings: {}, appium:webStorageEnabled: false, platformName: ANDROID}
Session ID: f33df819-9163-416d-959c-74601b86d962
2026-09-01 00:16:54.737 [main] INFO  c.s.managers.AppiumDriverManager - Local driver variables cleared
2026-09-01 00:16:54.737 [main] INFO  page_objects.PageObjectHelper - Page object instances cleared
2026-09-01 00:16:54.752 [main] INFO  com.swaglabs.hooks.Hooks - ******* Scenario: Problem user cannot complete the purchase (last name is not retained) started *******
2026-09-01 00:16:54.753 [main] INFO  c.s.managers.AppiumServerManager - Appium server already running on 127.0.0.1:4723 - stopping to reuse clean state
2026-09-01 00:16:55.920 [main] INFO  c.s.managers.AppiumServerManager - Appium server started on http://127.0.0.1:4723
2026-09-01 00:16:56.050 [main] INFO  com.swaglabs.device.DeviceManager - Using Android device: b58c6ff4
2026-09-01 00:16:56.354 [main] INFO  c.s.managers.AppiumDriverManager - Starting Appium session: http://127.0.0.1:4723 with caps Capabilities {appium:adbExecTimeout: 20000, appium:app: C:\Users\family\Desktop\pro..., appium:appActivity: .MainActivity, appium:appPackage: com.juanforeroaxpo.saucedemo, appium:autoGrantPermissions: true, appium:automationName: UiAutomator2, appium:clearSystemFiles: true, appium:disableWindowAnimation: false, appium:newCommandTimeout: 250, appium:noSign: true, appium:udid: b58c6ff4, appium:uiautomator2ServerInstallTimeout: 20000, platformName: ANDROID}
2026-09-01 00:17:00.651 [main] INFO  c.s.utils.helper.WebdriverHelper - Screen recording started
2026-09-01 00:17:00.935 [main] INFO  c.swaglabs.stepsDefs.LoginStepsDefs - User lands on the login page
2026-09-01 00:17:01.856 [main] INFO  com.swaglabs.hooks.Hooks - Scenario 'Wrong password is rejected' FAILED. Capturing screenshot...
2026-09-01 00:17:01.869 [main] WARN  c.s.utils.helper.WebdriverHelper - Failed to take screenshot: 'GET /screenshot' cannot be proxied to UiAutomator2 server because the instrumentation process is not running (probably crashed). Check the server log and/or the logcat output for more details
Build info: version: '4.40.0', revision: 'b3333f1'
System info: os.name: 'Windows 11', os.arch: 'amd64', os.version: '10.0', java.version: '26.0.2.1'
Driver info: io.appium.java_client.android.AndroidDriver
Command: [9c9b1f79-4e25-490e-8853-430016142cf6, screenshot {}]
Capabilities {appium:adbExecTimeout: 20000, appium:app: C:\Users\family\Desktop\pro..., appium:appActivity: .MainActivity, appium:appPackage: com.juanforeroaxpo.saucedemo, appium:autoGrantPermissions: true, appium:automationName: UiAutomator2, appium:clearSystemFiles: true, appium:databaseEnabled: false, appium:desired: {adbExecTimeout: 20000, app: C:\Users\family\Desktop\pro..., appActivity: .MainActivity, appPackage: com.juanforeroaxpo.saucedemo, autoGrantPermissions: true, automationName: UiAutomator2, clearSystemFiles: true, disableWindowAnimation: false, newCommandTimeout: 250, noSign: true, platformName: ANDROID, udid: b58c6ff4, uiautomator2ServerInstallTimeout: 20000}, appium:deviceApiLevel: 35, appium:deviceManufacturer: Xiaomi, appium:deviceModel: 23129RAA4G, appium:deviceName: b58c6ff4, appium:deviceScreenDensity: 440, appium:deviceScreenSize: 1080x2400, appium:deviceUDID: b58c6ff4, appium:disableWindowAnimation: false, appium:javascriptEnabled: true, appium:locationContextEnabled: false, appium:networkConnectionEnabled: true, appium:newCommandTimeout: 250, appium:noSign: true, appium:pixelRatio: 2.75, appium:platformVersion: 15, appium:statBarHeight: 94, appium:takesScreenshot: true, appium:udid: b58c6ff4, appium:uiautomator2ServerInstallTimeout: 20000, appium:viewportRect: {height: 2306, left: 0, top: 94, width: 1080}, appium:warnings: {}, appium:webStorageEnabled: false, platformName: ANDROID}
Session ID: 9c9b1f79-4e25-490e-8853-430016142cf6
2026-09-01 00:17:02.785 [main] INFO  c.s.utils.helper.WebdriverHelper - Recording saved and attached to failed scenario 'Wrong password is rejected'
2026-09-01 00:17:03.526 [main] INFO  c.s.managers.AppiumDriverManager - Local driver variables cleared
2026-09-01 00:17:03.526 [main] INFO  page_objects.PageObjectHelper - Page object instances cleared
2026-09-01 00:17:03.536 [main] INFO  com.swaglabs.hooks.Hooks - ******* Scenario: Username only (no password) is rejected started *******
2026-09-01 00:17:03.537 [main] INFO  c.s.managers.AppiumServerManager - Appium server already running on 127.0.0.1:4723 - stopping to reuse clean state
2026-09-01 00:17:04.636 [main] INFO  c.s.managers.AppiumServerManager - Appium server started on http://127.0.0.1:4723
2026-09-01 00:17:04.792 [main] INFO  com.swaglabs.device.DeviceManager - Using Android device: b58c6ff4
2026-09-01 00:17:05.117 [main] INFO  c.s.managers.AppiumDriverManager - Starting Appium session: http://127.0.0.1:4723 with caps Capabilities {appium:adbExecTimeout: 20000, appium:app: C:\Users\family\Desktop\pro..., appium:appActivity: .MainActivity, appium:appPackage: com.juanforeroaxpo.saucedemo, appium:autoGrantPermissions: true, appium:automationName: UiAutomator2, appium:clearSystemFiles: true, appium:disableWindowAnimation: false, appium:newCommandTimeout: 250, appium:noSign: true, appium:udid: b58c6ff4, appium:uiautomator2ServerInstallTimeout: 20000, platformName: ANDROID}
2026-09-01 00:17:09.626 [main] WARN  c.s.utils.helper.WebdriverHelper - Recording not available: org.openqa.selenium.NoSuchSessionException: A session is either terminated or not started
Build info: version: '4.40.0', revision: 'b3333f1'
System info: os.name: 'Windows 11', os.arch: 'amd64', os.version: '10.0', java.version: '26.0.2.1'
Driver info: io.appium.java_client.android.AndroidDriver
Command: [85a2e5bf-3d5e-4768-8f95-e5a9b6ba7ca8, startRecordingScreen {options={timeLimit=600, forceRestart=true, bitRate=2000000, videoSize=1280x720, bugReport=true}}]
Capabilities {appium:adbExecTimeout: 20000, appium:app: C:\Users\family\Desktop\pro..., appium:appActivity: .MainActivity, appium:appPackage: com.juanforeroaxpo.saucedemo, appium:autoGrantPermissions: true, appium:automationName: UiAutomator2, appium:clearSystemFiles: true, appium:databaseEnabled: false, appium:desired: {adbExecTimeout: 20000, app: C:\Users\family\Desktop\pro..., appActivity: .MainActivity, appPackage: com.juanforeroaxpo.saucedemo, autoGrantPermissions: true, automationName: UiAutomator2, clearSystemFiles: true, disableWindowAnimation: false, newCommandTimeout: 250, noSign: true, platformName: ANDROID, udid: b58c6ff4, uiautomator2ServerInstallTimeout: 20000}, appium:deviceApiLevel: 35, appium:deviceManufacturer: Xiaomi, appium:deviceModel: 23129RAA4G, appium:deviceName: b58c6ff4, appium:deviceScreenDensity: 440, appium:deviceScreenSize: 1080x2400, appium:deviceUDID: b58c6ff4, appium:disableWindowAnimation: false, appium:javascriptEnabled: true, appium:locationContextEnabled: false, appium:networkConnectionEnabled: true, appium:newCommandTimeout: 250, appium:noSign: true, appium:pixelRatio: 2.75, appium:platformVersion: 15, appium:statBarHeight: 94, appium:takesScreenshot: true, appium:udid: b58c6ff4, appium:uiautomator2ServerInstallTimeout: 20000, appium:viewportRect: {height: 2306, left: 0, top: 94, width: 1080}, appium:warnings: {}, appium:webStorageEnabled: false, platformName: ANDROID}
Session ID: 85a2e5bf-3d5e-4768-8f95-e5a9b6ba7ca8
2026-09-01 00:17:09.683 [main] INFO  com.swaglabs.hooks.Hooks - Scenario 'Problem user cannot complete the purchase (last name is not retained)' FAILED. Capturing screenshot...
2026-09-01 00:17:09.691 [main] WARN  c.s.utils.helper.WebdriverHelper - Failed to take screenshot: A session is either terminated or not started
Build info: version: '4.40.0', revision: 'b3333f1'
System info: os.name: 'Windows 11', os.arch: 'amd64', os.version: '10.0', java.version: '26.0.2.1'
Driver info: io.appium.java_client.android.AndroidDriver
Command: [85a2e5bf-3d5e-4768-8f95-e5a9b6ba7ca8, screenshot {}]
Capabilities {appium:adbExecTimeout: 20000, appium:app: C:\Users\family\Desktop\pro..., appium:appActivity: .MainActivity, appium:appPackage: com.juanforeroaxpo.saucedemo, appium:autoGrantPermissions: true, appium:automationName: UiAutomator2, appium:clearSystemFiles: true, appium:databaseEnabled: false, appium:desired: {adbExecTimeout: 20000, app: C:\Users\family\Desktop\pro..., appActivity: .MainActivity, appPackage: com.juanforeroaxpo.saucedemo, autoGrantPermissions: true, automationName: UiAutomator2, clearSystemFiles: true, disableWindowAnimation: false, newCommandTimeout: 250, noSign: true, platformName: ANDROID, udid: b58c6ff4, uiautomator2ServerInstallTimeout: 20000}, appium:deviceApiLevel: 35, appium:deviceManufacturer: Xiaomi, appium:deviceModel: 23129RAA4G, appium:deviceName: b58c6ff4, appium:deviceScreenDensity: 440, appium:deviceScreenSize: 1080x2400, appium:deviceUDID: b58c6ff4, appium:disableWindowAnimation: false, appium:javascriptEnabled: true, appium:locationContextEnabled: false, appium:networkConnectionEnabled: true, appium:newCommandTimeout: 250, appium:noSign: true, appium:pixelRatio: 2.75, appium:platformVersion: 15, appium:statBarHeight: 94, appium:takesScreenshot: true, appium:udid: b58c6ff4, appium:uiautomator2ServerInstallTimeout: 20000, appium:viewportRect: {height: 2306, left: 0, top: 94, width: 1080}, appium:warnings: {}, appium:webStorageEnabled: false, platformName: ANDROID}
Session ID: 85a2e5bf-3d5e-4768-8f95-e5a9b6ba7ca8
2026-09-01 00:17:09.701 [main] WARN  c.s.utils.helper.WebdriverHelper - Error stopping recording: org.openqa.selenium.NoSuchSessionException: A session is either terminated or not started
Build info: version: '4.40.0', revision: 'b3333f1'
System info: os.name: 'Windows 11', os.arch: 'amd64', os.version: '10.0', java.version: '26.0.2.1'
Driver info: io.appium.java_client.android.AndroidDriver
Command: [85a2e5bf-3d5e-4768-8f95-e5a9b6ba7ca8, stopRecordingScreen {}]
Capabilities {appium:adbExecTimeout: 20000, appium:app: C:\Users\family\Desktop\pro..., appium:appActivity: .MainActivity, appium:appPackage: com.juanforeroaxpo.saucedemo, appium:autoGrantPermissions: true, appium:automationName: UiAutomator2, appium:clearSystemFiles: true, appium:databaseEnabled: false, appium:desired: {adbExecTimeout: 20000, app: C:\Users\family\Desktop\pro..., appActivity: .MainActivity, appPackage: com.juanforeroaxpo.saucedemo, autoGrantPermissions: true, automationName: UiAutomator2, clearSystemFiles: true, disableWindowAnimation: false, newCommandTimeout: 250, noSign: true, platformName: ANDROID, udid: b58c6ff4, uiautomator2ServerInstallTimeout: 20000}, appium:deviceApiLevel: 35, appium:deviceManufacturer: Xiaomi, appium:deviceModel: 23129RAA4G, appium:deviceName: b58c6ff4, appium:deviceScreenDensity: 440, appium:deviceScreenSize: 1080x2400, appium:deviceUDID: b58c6ff4, appium:disableWindowAnimation: false, appium:javascriptEnabled: true, appium:locationContextEnabled: false, appium:networkConnectionEnabled: true, appium:newCommandTimeout: 250, appium:noSign: true, appium:pixelRatio: 2.75, appium:platformVersion: 15, appium:statBarHeight: 94, appium:takesScreenshot: true, appium:udid: b58c6ff4, appium:uiautomator2ServerInstallTimeout: 20000, appium:viewportRect: {height: 2306, left: 0, top: 94, width: 1080}, appium:warnings: {}, appium:webStorageEnabled: false, platformName: ANDROID}
Session ID: 85a2e5bf-3d5e-4768-8f95-e5a9b6ba7ca8
2026-09-01 00:17:09.710 [main] WARN  c.s.managers.AppiumDriverManager - Error quitting driver: A session is either terminated or not started
Build info: version: '4.40.0', revision: 'b3333f1'
System info: os.name: 'Windows 11', os.arch: 'amd64', os.version: '10.0', java.version: '26.0.2.1'
Driver info: io.appium.java_client.android.AndroidDriver
Command: [85a2e5bf-3d5e-4768-8f95-e5a9b6ba7ca8, quit {}]
Capabilities {appium:adbExecTimeout: 20000, appium:app: C:\Users\family\Desktop\pro..., appium:appActivity: .MainActivity, appium:appPackage: com.juanforeroaxpo.saucedemo, appium:autoGrantPermissions: true, appium:automationName: UiAutomator2, appium:clearSystemFiles: true, appium:databaseEnabled: false, appium:desired: {adbExecTimeout: 20000, app: C:\Users\family\Desktop\pro..., appActivity: .MainActivity, appPackage: com.juanforeroaxpo.saucedemo, autoGrantPermissions: true, automationName: UiAutomator2, clearSystemFiles: true, disableWindowAnimation: false, newCommandTimeout: 250, noSign: true, platformName: ANDROID, udid: b58c6ff4, uiautomator2ServerInstallTimeout: 20000}, appium:deviceApiLevel: 35, appium:deviceManufacturer: Xiaomi, appium:deviceModel: 23129RAA4G, appium:deviceName: b58c6ff4, appium:deviceScreenDensity: 440, appium:deviceScreenSize: 1080x2400, appium:deviceUDID: b58c6ff4, appium:disableWindowAnimation: false, appium:javascriptEnabled: true, appium:locationContextEnabled: false, appium:networkConnectionEnabled: true, appium:newCommandTimeout: 250, appium:noSign: true, appium:pixelRatio: 2.75, appium:platformVersion: 15, appium:statBarHeight: 94, appium:takesScreenshot: true, appium:udid: b58c6ff4, appium:uiautomator2ServerInstallTimeout: 20000, appium:viewportRect: {height: 2306, left: 0, top: 94, width: 1080}, appium:warnings: {}, appium:webStorageEnabled: false, platformName: ANDROID}
Session ID: 85a2e5bf-3d5e-4768-8f95-e5a9b6ba7ca8
2026-09-01 00:17:09.711 [main] INFO  c.s.managers.AppiumDriverManager - Local driver variables cleared
2026-09-01 00:17:09.711 [main] INFO  page_objects.PageObjectHelper - Page object instances cleared
2026-09-01 00:17:09.723 [main] INFO  com.swaglabs.hooks.Hooks - ******* Scenario: Performance glitch user completes a full purchase started *******
2026-09-01 00:17:09.725 [main] INFO  c.s.managers.AppiumServerManager - Appium server already running on 127.0.0.1:4723 - stopping to reuse clean state
2026-09-01 00:17:11.003 [main] INFO  c.s.managers.AppiumServerManager - Appium server started on http://127.0.0.1:4723
2026-09-01 00:17:11.114 [main] INFO  com.swaglabs.device.DeviceManager - Using Android device: b58c6ff4
2026-09-01 00:17:11.396 [main] INFO  c.s.managers.AppiumDriverManager - Starting Appium session: http://127.0.0.1:4723 with caps Capabilities {appium:adbExecTimeout: 20000, appium:app: C:\Users\family\Desktop\pro..., appium:appActivity: .MainActivity, appium:appPackage: com.juanforeroaxpo.saucedemo, appium:autoGrantPermissions: true, appium:automationName: UiAutomator2, appium:clearSystemFiles: true, appium:disableWindowAnimation: false, appium:newCommandTimeout: 250, appium:noSign: true, appium:udid: b58c6ff4, appium:uiautomator2ServerInstallTimeout: 20000, platformName: ANDROID}
2026-09-01 00:17:15.505 [main] INFO  c.s.utils.helper.WebdriverHelper - Screen recording started
2026-09-01 00:17:15.808 [main] INFO  c.swaglabs.stepsDefs.LoginStepsDefs - User lands on the login page
2026-09-01 00:17:16.877 [main] INFO  com.swaglabs.hooks.Hooks - Scenario 'Username only (no password) is rejected' FAILED. Capturing screenshot...
2026-09-01 00:17:16.887 [main] WARN  c.s.utils.helper.WebdriverHelper - Failed to take screenshot: 'GET /screenshot' cannot be proxied to UiAutomator2 server because the instrumentation process is not running (probably crashed). Check the server log and/or the logcat output for more details
Build info: version: '4.40.0', revision: 'b3333f1'
System info: os.name: 'Windows 11', os.arch: 'amd64', os.version: '10.0', java.version: '26.0.2.1'
Driver info: io.appium.java_client.android.AndroidDriver
Command: [b6cfdbee-f61d-4a3f-918f-8bcd40a122b9, screenshot {}]
Capabilities {appium:adbExecTimeout: 20000, appium:app: C:\Users\family\Desktop\pro..., appium:appActivity: .MainActivity, appium:appPackage: com.juanforeroaxpo.saucedemo, appium:autoGrantPermissions: true, appium:automationName: UiAutomator2, appium:clearSystemFiles: true, appium:databaseEnabled: false, appium:desired: {adbExecTimeout: 20000, app: C:\Users\family\Desktop\pro..., appActivity: .MainActivity, appPackage: com.juanforeroaxpo.saucedemo, autoGrantPermissions: true, automationName: UiAutomator2, clearSystemFiles: true, disableWindowAnimation: false, newCommandTimeout: 250, noSign: true, platformName: ANDROID, udid: b58c6ff4, uiautomator2ServerInstallTimeout: 20000}, appium:deviceApiLevel: 35, appium:deviceManufacturer: Xiaomi, appium:deviceModel: 23129RAA4G, appium:deviceName: b58c6ff4, appium:deviceScreenDensity: 440, appium:deviceScreenSize: 1080x2400, appium:deviceUDID: b58c6ff4, appium:disableWindowAnimation: false, appium:javascriptEnabled: true, appium:locationContextEnabled: false, appium:networkConnectionEnabled: true, appium:newCommandTimeout: 250, appium:noSign: true, appium:pixelRatio: 2.75, appium:platformVersion: 15, appium:statBarHeight: 94, appium:takesScreenshot: true, appium:udid: b58c6ff4, appium:uiautomator2ServerInstallTimeout: 20000, appium:viewportRect: {height: 2306, left: 0, top: 94, width: 1080}, appium:warnings: {}, appium:webStorageEnabled: false, platformName: ANDROID}
Session ID: b6cfdbee-f61d-4a3f-918f-8bcd40a122b9
2026-09-01 00:17:17.758 [main] INFO  c.s.utils.helper.WebdriverHelper - Recording saved and attached to failed scenario 'Username only (no password) is rejected'
2026-09-01 00:17:18.495 [main] INFO  c.s.managers.AppiumDriverManager - Local driver variables cleared
2026-09-01 00:17:18.495 [main] INFO  page_objects.PageObjectHelper - Page object instances cleared
2026-09-01 00:17:18.516 [main] INFO  com.swaglabs.hooks.Hooks - ******* Scenario: Password only (no username) is rejected started *******
2026-09-01 00:17:18.517 [main] INFO  c.s.managers.AppiumServerManager - Appium server already running on 127.0.0.1:4723 - stopping to reuse clean state
2026-09-01 00:17:20.703 [main] INFO  c.s.managers.AppiumServerManager - Appium server started on http://127.0.0.1:4723
2026-09-01 00:17:20.871 [main] INFO  com.swaglabs.device.DeviceManager - Using Android device: b58c6ff4
2026-09-01 00:17:21.151 [main] INFO  c.s.managers.AppiumDriverManager - Starting Appium session: http://127.0.0.1:4723 with caps Capabilities {appium:adbExecTimeout: 20000, appium:app: C:\Users\family\Desktop\pro..., appium:appActivity: .MainActivity, appium:appPackage: com.juanforeroaxpo.saucedemo, appium:autoGrantPermissions: true, appium:automationName: UiAutomator2, appium:clearSystemFiles: true, appium:disableWindowAnimation: false, appium:newCommandTimeout: 250, appium:noSign: true, appium:udid: b58c6ff4, appium:uiautomator2ServerInstallTimeout: 20000, platformName: ANDROID}
2026-09-01 00:17:26.939 [main] WARN  c.s.utils.helper.WebdriverHelper - Recording not available: org.openqa.selenium.NoSuchSessionException: A session is either terminated or not started
Build info: version: '4.40.0', revision: 'b3333f1'
System info: os.name: 'Windows 11', os.arch: 'amd64', os.version: '10.0', java.version: '26.0.2.1'
Driver info: io.appium.java_client.android.AndroidDriver
Command: [196d001d-e739-4936-86e1-5f2fb805aae7, startRecordingScreen {options={timeLimit=600, forceRestart=true, bitRate=2000000, videoSize=1280x720, bugReport=true}}]
Capabilities {appium:adbExecTimeout: 20000, appium:app: C:\Users\family\Desktop\pro..., appium:appActivity: .MainActivity, appium:appPackage: com.juanforeroaxpo.saucedemo, appium:autoGrantPermissions: true, appium:automationName: UiAutomator2, appium:clearSystemFiles: true, appium:databaseEnabled: false, appium:desired: {adbExecTimeout: 20000, app: C:\Users\family\Desktop\pro..., appActivity: .MainActivity, appPackage: com.juanforeroaxpo.saucedemo, autoGrantPermissions: true, automationName: UiAutomator2, clearSystemFiles: true, disableWindowAnimation: false, newCommandTimeout: 250, noSign: true, platformName: ANDROID, udid: b58c6ff4, uiautomator2ServerInstallTimeout: 20000}, appium:deviceApiLevel: 35, appium:deviceManufacturer: Xiaomi, appium:deviceModel: 23129RAA4G, appium:deviceName: b58c6ff4, appium:deviceScreenDensity: 440, appium:deviceScreenSize: 1080x2400, appium:deviceUDID: b58c6ff4, appium:disableWindowAnimation: false, appium:javascriptEnabled: true, appium:locationContextEnabled: false, appium:networkConnectionEnabled: true, appium:newCommandTimeout: 250, appium:noSign: true, appium:pixelRatio: 2.75, appium:platformVersion: 15, appium:statBarHeight: 94, appium:takesScreenshot: true, appium:udid: b58c6ff4, appium:uiautomator2ServerInstallTimeout: 20000, appium:viewportRect: {height: 2306, left: 0, top: 94, width: 1080}, appium:warnings: {}, appium:webStorageEnabled: false, platformName: ANDROID}
Session ID: 196d001d-e739-4936-86e1-5f2fb805aae7
2026-09-01 00:17:26.967 [main] INFO  com.swaglabs.hooks.Hooks - Scenario 'Performance glitch user completes a full purchase' FAILED. Capturing screenshot...
2026-09-01 00:17:26.976 [main] WARN  c.s.utils.helper.WebdriverHelper - Failed to take screenshot: A session is either terminated or not started
Build info: version: '4.40.0', revision: 'b3333f1'
System info: os.name: 'Windows 11', os.arch: 'amd64', os.version: '10.0', java.version: '26.0.2.1'
Driver info: io.appium.java_client.android.AndroidDriver
Command: [196d001d-e739-4936-86e1-5f2fb805aae7, screenshot {}]
Capabilities {appium:adbExecTimeout: 20000, appium:app: C:\Users\family\Desktop\pro..., appium:appActivity: .MainActivity, appium:appPackage: com.juanforeroaxpo.saucedemo, appium:autoGrantPermissions: true, appium:automationName: UiAutomator2, appium:clearSystemFiles: true, appium:databaseEnabled: false, appium:desired: {adbExecTimeout: 20000, app: C:\Users\family\Desktop\pro..., appActivity: .MainActivity, appPackage: com.juanforeroaxpo.saucedemo, autoGrantPermissions: true, automationName: UiAutomator2, clearSystemFiles: true, disableWindowAnimation: false, newCommandTimeout: 250, noSign: true, platformName: ANDROID, udid: b58c6ff4, uiautomator2ServerInstallTimeout: 20000}, appium:deviceApiLevel: 35, appium:deviceManufacturer: Xiaomi, appium:deviceModel: 23129RAA4G, appium:deviceName: b58c6ff4, appium:deviceScreenDensity: 440, appium:deviceScreenSize: 1080x2400, appium:deviceUDID: b58c6ff4, appium:disableWindowAnimation: false, appium:javascriptEnabled: true, appium:locationContextEnabled: false, appium:networkConnectionEnabled: true, appium:newCommandTimeout: 250, appium:noSign: true, appium:pixelRatio: 2.75, appium:platformVersion: 15, appium:statBarHeight: 94, appium:takesScreenshot: true, appium:udid: b58c6ff4, appium:uiautomator2ServerInstallTimeout: 20000, appium:viewportRect: {height: 2306, left: 0, top: 94, width: 1080}, appium:warnings: {}, appium:webStorageEnabled: false, platformName: ANDROID}
Session ID: 196d001d-e739-4936-86e1-5f2fb805aae7
2026-09-01 00:17:26.985 [main] WARN  c.s.utils.helper.WebdriverHelper - Error stopping recording: org.openqa.selenium.NoSuchSessionException: A session is either terminated or not started
Build info: version: '4.40.0', revision: 'b3333f1'
System info: os.name: 'Windows 11', os.arch: 'amd64', os.version: '10.0', java.version: '26.0.2.1'
Driver info: io.appium.java_client.android.AndroidDriver
Command: [196d001d-e739-4936-86e1-5f2fb805aae7, stopRecordingScreen {}]
Capabilities {appium:adbExecTimeout: 20000, appium:app: C:\Users\family\Desktop\pro..., appium:appActivity: .MainActivity, appium:appPackage: com.juanforeroaxpo.saucedemo, appium:autoGrantPermissions: true, appium:automationName: UiAutomator2, appium:clearSystemFiles: true, appium:databaseEnabled: false, appium:desired: {adbExecTimeout: 20000, app: C:\Users\family\Desktop\pro..., appActivity: .MainActivity, appPackage: com.juanforeroaxpo.saucedemo, autoGrantPermissions: true, automationName: UiAutomator2, clearSystemFiles: true, disableWindowAnimation: false, newCommandTimeout: 250, noSign: true, platformName: ANDROID, udid: b58c6ff4, uiautomator2ServerInstallTimeout: 20000}, appium:deviceApiLevel: 35, appium:deviceManufacturer: Xiaomi, appium:deviceModel: 23129RAA4G, appium:deviceName: b58c6ff4, appium:deviceScreenDensity: 440, appium:deviceScreenSize: 1080x2400, appium:deviceUDID: b58c6ff4, appium:disableWindowAnimation: false, appium:javascriptEnabled: true, appium:locationContextEnabled: false, appium:networkConnectionEnabled: true, appium:newCommandTimeout: 250, appium:noSign: true, appium:pixelRatio: 2.75, appium:platformVersion: 15, appium:statBarHeight: 94, appium:takesScreenshot: true, appium:udid: b58c6ff4, appium:uiautomator2ServerInstallTimeout: 20000, appium:viewportRect: {height: 2306, left: 0, top: 94, width: 1080}, appium:warnings: {}, appium:webStorageEnabled: false, platformName: ANDROID}
Session ID: 196d001d-e739-4936-86e1-5f2fb805aae7
2026-09-01 00:17:26.993 [main] WARN  c.s.managers.AppiumDriverManager - Error quitting driver: A session is either terminated or not started
Build info: version: '4.40.0', revision: 'b3333f1'
System info: os.name: 'Windows 11', os.arch: 'amd64', os.version: '10.0', java.version: '26.0.2.1'
Driver info: io.appium.java_client.android.AndroidDriver
Command: [196d001d-e739-4936-86e1-5f2fb805aae7, quit {}]
Capabilities {appium:adbExecTimeout: 20000, appium:app: C:\Users\family\Desktop\pro..., appium:appActivity: .MainActivity, appium:appPackage: com.juanforeroaxpo.saucedemo, appium:autoGrantPermissions: true, appium:automationName: UiAutomator2, appium:clearSystemFiles: true, appium:databaseEnabled: false, appium:desired: {adbExecTimeout: 20000, app: C:\Users\family\Desktop\pro..., appActivity: .MainActivity, appPackage: com.juanforeroaxpo.saucedemo, autoGrantPermissions: true, automationName: UiAutomator2, clearSystemFiles: true, disableWindowAnimation: false, newCommandTimeout: 250, noSign: true, platformName: ANDROID, udid: b58c6ff4, uiautomator2ServerInstallTimeout: 20000}, appium:deviceApiLevel: 35, appium:deviceManufacturer: Xiaomi, appium:deviceModel: 23129RAA4G, appium:deviceName: b58c6ff4, appium:deviceScreenDensity: 440, appium:deviceScreenSize: 1080x2400, appium:deviceUDID: b58c6ff4, appium:disableWindowAnimation: false, appium:javascriptEnabled: true, appium:locationContextEnabled: false, appium:networkConnectionEnabled: true, appium:newCommandTimeout: 250, appium:noSign: true, appium:pixelRatio: 2.75, appium:platformVersion: 15, appium:statBarHeight: 94, appium:takesScreenshot: true, appium:udid: b58c6ff4, appium:uiautomator2ServerInstallTimeout: 20000, appium:viewportRect: {height: 2306, left: 0, top: 94, width: 1080}, appium:warnings: {}, appium:webStorageEnabled: false, platformName: ANDROID}
Session ID: 196d001d-e739-4936-86e1-5f2fb805aae7
2026-09-01 00:17:26.993 [main] INFO  c.s.managers.AppiumDriverManager - Local driver variables cleared
2026-09-01 00:17:26.993 [main] INFO  page_objects.PageObjectHelper - Page object instances cleared
2026-09-01 00:17:27.007 [main] INFO  com.swaglabs.hooks.Hooks - ******* Scenario: Error user checkout behavior with cart bug started *******
2026-09-01 00:17:27.009 [main] INFO  c.s.managers.AppiumServerManager - Appium server already running on 127.0.0.1:4723 - stopping to reuse clean state
2026-09-01 00:17:28.238 [main] INFO  c.s.managers.AppiumServerManager - Appium server started on http://127.0.0.1:4723
2026-09-01 00:17:28.324 [main] INFO  com.swaglabs.device.DeviceManager - Using Android device: b58c6ff4
2026-09-01 00:17:28.623 [main] INFO  c.s.managers.AppiumDriverManager - Starting Appium session: http://127.0.0.1:4723 with caps Capabilities {appium:adbExecTimeout: 20000, appium:app: C:\Users\family\Desktop\pro..., appium:appActivity: .MainActivity, appium:appPackage: com.juanforeroaxpo.saucedemo, appium:autoGrantPermissions: true, appium:automationName: UiAutomator2, appium:clearSystemFiles: true, appium:disableWindowAnimation: false, appium:newCommandTimeout: 250, appium:noSign: true, appium:udid: b58c6ff4, appium:uiautomator2ServerInstallTimeout: 20000, platformName: ANDROID}
2026-09-01 00:17:30.298 [main] INFO  c.s.utils.helper.WebdriverHelper - Screen recording started
2026-09-01 00:17:30.457 [main] INFO  com.swaglabs.hooks.Hooks - Scenario 'Password only (no username) is rejected' FAILED. Capturing screenshot...
2026-09-01 00:17:30.463 [main] WARN  c.s.utils.helper.WebdriverHelper - Failed to take screenshot: A session is either terminated or not started
Build info: version: '4.40.0', revision: 'b3333f1'
System info: os.name: 'Windows 11', os.arch: 'amd64', os.version: '10.0', java.version: '26.0.2.1'
Driver info: io.appium.java_client.android.AndroidDriver
Command: [5bbfead2-774f-4afc-9929-03b304632d44, screenshot {}]
Capabilities {appium:adbExecTimeout: 20000, appium:app: C:\Users\family\Desktop\pro..., appium:appActivity: .MainActivity, appium:appPackage: com.juanforeroaxpo.saucedemo, appium:autoGrantPermissions: true, appium:automationName: UiAutomator2, appium:clearSystemFiles: true, appium:databaseEnabled: false, appium:desired: {adbExecTimeout: 20000, app: C:\Users\family\Desktop\pro..., appActivity: .MainActivity, appPackage: com.juanforeroaxpo.saucedemo, autoGrantPermissions: true, automationName: UiAutomator2, clearSystemFiles: true, disableWindowAnimation: false, newCommandTimeout: 250, noSign: true, platformName: ANDROID, udid: b58c6ff4, uiautomator2ServerInstallTimeout: 20000}, appium:deviceApiLevel: 35, appium:deviceManufacturer: Xiaomi, appium:deviceModel: 23129RAA4G, appium:deviceName: b58c6ff4, appium:deviceScreenDensity: 440, appium:deviceScreenSize: 1080x2400, appium:deviceUDID: b58c6ff4, appium:disableWindowAnimation: false, appium:javascriptEnabled: true, appium:locationContextEnabled: false, appium:networkConnectionEnabled: true, appium:newCommandTimeout: 250, appium:noSign: true, appium:pixelRatio: 2.75, appium:platformVersion: 15, appium:statBarHeight: 94, appium:takesScreenshot: true, appium:udid: b58c6ff4, appium:uiautomator2ServerInstallTimeout: 20000, appium:viewportRect: {height: 2306, left: 0, top: 94, width: 1080}, appium:warnings: {}, appium:webStorageEnabled: false, platformName: ANDROID}
Session ID: 5bbfead2-774f-4afc-9929-03b304632d44
2026-09-01 00:17:30.504 [main] WARN  c.s.utils.helper.WebdriverHelper - Error stopping recording: org.openqa.selenium.NoSuchSessionException: A session is either terminated or not started
Build info: version: '4.40.0', revision: 'b3333f1'
System info: os.name: 'Windows 11', os.arch: 'amd64', os.version: '10.0', java.version: '26.0.2.1'
Driver info: io.appium.java_client.android.AndroidDriver
Command: [5bbfead2-774f-4afc-9929-03b304632d44, stopRecordingScreen {}]
Capabilities {appium:adbExecTimeout: 20000, appium:app: C:\Users\family\Desktop\pro..., appium:appActivity: .MainActivity, appium:appPackage: com.juanforeroaxpo.saucedemo, appium:autoGrantPermissions: true, appium:automationName: UiAutomator2, appium:clearSystemFiles: true, appium:databaseEnabled: false, appium:desired: {adbExecTimeout: 20000, app: C:\Users\family\Desktop\pro..., appActivity: .MainActivity, appPackage: com.juanforeroaxpo.saucedemo, autoGrantPermissions: true, automationName: UiAutomator2, clearSystemFiles: true, disableWindowAnimation: false, newCommandTimeout: 250, noSign: true, platformName: ANDROID, udid: b58c6ff4, uiautomator2ServerInstallTimeout: 20000}, appium:deviceApiLevel: 35, appium:deviceManufacturer: Xiaomi, appium:deviceModel: 23129RAA4G, appium:deviceName: b58c6ff4, appium:deviceScreenDensity: 440, appium:deviceScreenSize: 1080x2400, appium:deviceUDID: b58c6ff4, appium:disableWindowAnimation: false, appium:javascriptEnabled: true, appium:locationContextEnabled: false, appium:networkConnectionEnabled: true, appium:newCommandTimeout: 250, appium:noSign: true, appium:pixelRatio: 2.75, appium:platformVersion: 15, appium:statBarHeight: 94, appium:takesScreenshot: true, appium:udid: b58c6ff4, appium:uiautomator2ServerInstallTimeout: 20000, appium:viewportRect: {height: 2306, left: 0, top: 94, width: 1080}, appium:warnings: {}, appium:webStorageEnabled: false, platformName: ANDROID}
Session ID: 5bbfead2-774f-4afc-9929-03b304632d44
2026-09-01 00:17:30.509 [main] WARN  c.s.managers.AppiumDriverManager - Error quitting driver: A session is either terminated or not started
Build info: version: '4.40.0', revision: 'b3333f1'
System info: os.name: 'Windows 11', os.arch: 'amd64', os.version: '10.0', java.version: '26.0.2.1'
Driver info: io.appium.java_client.android.AndroidDriver
Command: [5bbfead2-774f-4afc-9929-03b304632d44, quit {}]
Capabilities {appium:adbExecTimeout: 20000, appium:app: C:\Users\family\Desktop\pro..., appium:appActivity: .MainActivity, appium:appPackage: com.juanforeroaxpo.saucedemo, appium:autoGrantPermissions: true, appium:automationName: UiAutomator2, appium:clearSystemFiles: true, appium:databaseEnabled: false, appium:desired: {adbExecTimeout: 20000, app: C:\Users\family\Desktop\pro..., appActivity: .MainActivity, appPackage: com.juanforeroaxpo.saucedemo, autoGrantPermissions: true, automationName: UiAutomator2, clearSystemFiles: true, disableWindowAnimation: false, newCommandTimeout: 250, noSign: true, platformName: ANDROID, udid: b58c6ff4, uiautomator2ServerInstallTimeout: 20000}, appium:deviceApiLevel: 35, appium:deviceManufacturer: Xiaomi, appium:deviceModel: 23129RAA4G, appium:deviceName: b58c6ff4, appium:deviceScreenDensity: 440, appium:deviceScreenSize: 1080x2400, appium:deviceUDID: b58c6ff4, appium:disableWindowAnimation: false, appium:javascriptEnabled: true, appium:locationContextEnabled: false, appium:networkConnectionEnabled: true, appium:newCommandTimeout: 250, appium:noSign: true, appium:pixelRatio: 2.75, appium:platformVersion: 15, appium:statBarHeight: 94, appium:takesScreenshot: true, appium:udid: b58c6ff4, appium:uiautomator2ServerInstallTimeout: 20000, appium:viewportRect: {height: 2306, left: 0, top: 94, width: 1080}, appium:warnings: {}, appium:webStorageEnabled: false, platformName: ANDROID}
Session ID: 5bbfead2-774f-4afc-9929-03b304632d44
2026-09-01 00:17:30.509 [main] INFO  c.s.managers.AppiumDriverManager - Local driver variables cleared
2026-09-01 00:17:30.509 [main] INFO  page_objects.PageObjectHelper - Page object instances cleared
2026-09-01 00:17:30.535 [main] INFO  com.swaglabs.hooks.Hooks - ******* Scenario: User can see the product catalog after login started *******
2026-09-01 00:17:30.537 [main] INFO  c.s.managers.AppiumServerManager - Appium server already running on 127.0.0.1:4723 - stopping to reuse clean state
2026-09-01 00:17:31.794 [main] INFO  c.s.managers.AppiumServerManager - Appium server started on http://127.0.0.1:4723
2026-09-01 00:17:31.976 [main] INFO  com.swaglabs.device.DeviceManager - Using Android device: b58c6ff4
2026-09-01 00:17:32.299 [main] INFO  c.s.managers.AppiumDriverManager - Starting Appium session: http://127.0.0.1:4723 with caps Capabilities {appium:adbExecTimeout: 20000, appium:app: C:\Users\family\Desktop\pro..., appium:appActivity: .MainActivity, appium:appPackage: com.juanforeroaxpo.saucedemo, appium:autoGrantPermissions: true, appium:automationName: UiAutomator2, appium:clearSystemFiles: true, appium:disableWindowAnimation: false, appium:newCommandTimeout: 250, appium:noSign: true, appium:udid: b58c6ff4, appium:uiautomator2ServerInstallTimeout: 20000, platformName: ANDROID}
2026-09-01 00:17:37.962 [main] WARN  c.s.utils.helper.WebdriverHelper - Recording not available: org.openqa.selenium.NoSuchSessionException: A session is either terminated or not started
Build info: version: '4.40.0', revision: 'b3333f1'
System info: os.name: 'Windows 11', os.arch: 'amd64', os.version: '10.0', java.version: '26.0.2.1'
Driver info: io.appium.java_client.android.AndroidDriver
Command: [9df119c2-25d5-454e-8b57-6027c22a886a, startRecordingScreen {options={timeLimit=600, forceRestart=true, bitRate=2000000, videoSize=1280x720, bugReport=true}}]
Capabilities {appium:adbExecTimeout: 20000, appium:app: C:\Users\family\Desktop\pro..., appium:appActivity: .MainActivity, appium:appPackage: com.juanforeroaxpo.saucedemo, appium:autoGrantPermissions: true, appium:automationName: UiAutomator2, appium:clearSystemFiles: true, appium:databaseEnabled: false, appium:desired: {adbExecTimeout: 20000, app: C:\Users\family\Desktop\pro..., appActivity: .MainActivity, appPackage: com.juanforeroaxpo.saucedemo, autoGrantPermissions: true, automationName: UiAutomator2, clearSystemFiles: true, disableWindowAnimation: false, newCommandTimeout: 250, noSign: true, platformName: ANDROID, udid: b58c6ff4, uiautomator2ServerInstallTimeout: 20000}, appium:deviceApiLevel: 35, appium:deviceManufacturer: Xiaomi, appium:deviceModel: 23129RAA4G, appium:deviceName: b58c6ff4, appium:deviceScreenDensity: 440, appium:deviceScreenSize: 1080x2400, appium:deviceUDID: b58c6ff4, appium:disableWindowAnimation: false, appium:javascriptEnabled: true, appium:locationContextEnabled: false, appium:networkConnectionEnabled: true, appium:newCommandTimeout: 250, appium:noSign: true, appium:pixelRatio: 2.75, appium:platformVersion: 15, appium:statBarHeight: 94, appium:takesScreenshot: true, appium:udid: b58c6ff4, appium:uiautomator2ServerInstallTimeout: 20000, appium:viewportRect: {height: 2306, left: 0, top: 94, width: 1080}, appium:warnings: {}, appium:webStorageEnabled: false, platformName: ANDROID}
Session ID: 9df119c2-25d5-454e-8b57-6027c22a886a
2026-09-01 00:17:37.996 [main] INFO  com.swaglabs.hooks.Hooks - Scenario 'Error user checkout behavior with cart bug' FAILED. Capturing screenshot...
2026-09-01 00:17:38.005 [main] WARN  c.s.utils.helper.WebdriverHelper - Failed to take screenshot: A session is either terminated or not started
Build info: version: '4.40.0', revision: 'b3333f1'
System info: os.name: 'Windows 11', os.arch: 'amd64', os.version: '10.0', java.version: '26.0.2.1'
Driver info: io.appium.java_client.android.AndroidDriver
Command: [9df119c2-25d5-454e-8b57-6027c22a886a, screenshot {}]
Capabilities {appium:adbExecTimeout: 20000, appium:app: C:\Users\family\Desktop\pro..., appium:appActivity: .MainActivity, appium:appPackage: com.juanforeroaxpo.saucedemo, appium:autoGrantPermissions: true, appium:automationName: UiAutomator2, appium:clearSystemFiles: true, appium:databaseEnabled: false, appium:desired: {adbExecTimeout: 20000, app: C:\Users\family\Desktop\pro..., appActivity: .MainActivity, appPackage: com.juanforeroaxpo.saucedemo, autoGrantPermissions: true, automationName: UiAutomator2, clearSystemFiles: true, disableWindowAnimation: false, newCommandTimeout: 250, noSign: true, platformName: ANDROID, udid: b58c6ff4, uiautomator2ServerInstallTimeout: 20000}, appium:deviceApiLevel: 35, appium:deviceManufacturer: Xiaomi, appium:deviceModel: 23129RAA4G, appium:deviceName: b58c6ff4, appium:deviceScreenDensity: 440, appium:deviceScreenSize: 1080x2400, appium:deviceUDID: b58c6ff4, appium:disableWindowAnimation: false, appium:javascriptEnabled: true, appium:locationContextEnabled: false, appium:networkConnectionEnabled: true, appium:newCommandTimeout: 250, appium:noSign: true, appium:pixelRatio: 2.75, appium:platformVersion: 15, appium:statBarHeight: 94, appium:takesScreenshot: true, appium:udid: b58c6ff4, appium:uiautomator2ServerInstallTimeout: 20000, appium:viewportRect: {height: 2306, left: 0, top: 94, width: 1080}, appium:warnings: {}, appium:webStorageEnabled: false, platformName: ANDROID}
Session ID: 9df119c2-25d5-454e-8b57-6027c22a886a
2026-09-01 00:17:38.019 [main] WARN  c.s.utils.helper.WebdriverHelper - Error stopping recording: org.openqa.selenium.NoSuchSessionException: A session is either terminated or not started
Build info: version: '4.40.0', revision: 'b3333f1'
System info: os.name: 'Windows 11', os.arch: 'amd64', os.version: '10.0', java.version: '26.0.2.1'
Driver info: io.appium.java_client.android.AndroidDriver
Command: [9df119c2-25d5-454e-8b57-6027c22a886a, stopRecordingScreen {}]
Capabilities {appium:adbExecTimeout: 20000, appium:app: C:\Users\family\Desktop\pro..., appium:appActivity: .MainActivity, appium:appPackage: com.juanforeroaxpo.saucedemo, appium:autoGrantPermissions: true, appium:automationName: UiAutomator2, appium:clearSystemFiles: true, appium:databaseEnabled: false, appium:desired: {adbExecTimeout: 20000, app: C:\Users\family\Desktop\pro..., appActivity: .MainActivity, appPackage: com.juanforeroaxpo.saucedemo, autoGrantPermissions: true, automationName: UiAutomator2, clearSystemFiles: true, disableWindowAnimation: false, newCommandTimeout: 250, noSign: true, platformName: ANDROID, udid: b58c6ff4, uiautomator2ServerInstallTimeout: 20000}, appium:deviceApiLevel: 35, appium:deviceManufacturer: Xiaomi, appium:deviceModel: 23129RAA4G, appium:deviceName: b58c6ff4, appium:deviceScreenDensity: 440, appium:deviceScreenSize: 1080x2400, appium:deviceUDID: b58c6ff4, appium:disableWindowAnimation: false, appium:javascriptEnabled: true, appium:locationContextEnabled: false, appium:networkConnectionEnabled: true, appium:newCommandTimeout: 250, appium:noSign: true, appium:pixelRatio: 2.75, appium:platformVersion: 15, appium:statBarHeight: 94, appium:takesScreenshot: true, appium:udid: b58c6ff4, appium:uiautomator2ServerInstallTimeout: 20000, appium:viewportRect: {height: 2306, left: 0, top: 94, width: 1080}, appium:warnings: {}, appium:webStorageEnabled: false, platformName: ANDROID}
Session ID: 9df119c2-25d5-454e-8b57-6027c22a886a
2026-09-01 00:17:38.028 [main] WARN  c.s.managers.AppiumDriverManager - Error quitting driver: A session is either terminated or not started
Build info: version: '4.40.0', revision: 'b3333f1'
System info: os.name: 'Windows 11', os.arch: 'amd64', os.version: '10.0', java.version: '26.0.2.1'
Driver info: io.appium.java_client.android.AndroidDriver
Command: [9df119c2-25d5-454e-8b57-6027c22a886a, quit {}]
Capabilities {appium:adbExecTimeout: 20000, appium:app: C:\Users\family\Desktop\pro..., appium:appActivity: .MainActivity, appium:appPackage: com.juanforeroaxpo.saucedemo, appium:autoGrantPermissions: true, appium:automationName: UiAutomator2, appium:clearSystemFiles: true, appium:databaseEnabled: false, appium:desired: {adbExecTimeout: 20000, app: C:\Users\family\Desktop\pro..., appActivity: .MainActivity, appPackage: com.juanforeroaxpo.saucedemo, autoGrantPermissions: true, automationName: UiAutomator2, clearSystemFiles: true, disableWindowAnimation: false, newCommandTimeout: 250, noSign: true, platformName: ANDROID, udid: b58c6ff4, uiautomator2ServerInstallTimeout: 20000}, appium:deviceApiLevel: 35, appium:deviceManufacturer: Xiaomi, appium:deviceModel: 23129RAA4G, appium:deviceName: b58c6ff4, appium:deviceScreenDensity: 440, appium:deviceScreenSize: 1080x2400, appium:deviceUDID: b58c6ff4, appium:disableWindowAnimation: false, appium:javascriptEnabled: true, appium:locationContextEnabled: false, appium:networkConnectionEnabled: true, appium:newCommandTimeout: 250, appium:noSign: true, appium:pixelRatio: 2.75, appium:platformVersion: 15, appium:statBarHeight: 94, appium:takesScreenshot: true, appium:udid: b58c6ff4, appium:uiautomator2ServerInstallTimeout: 20000, appium:viewportRect: {height: 2306, left: 0, top: 94, width: 1080}, appium:warnings: {}, appium:webStorageEnabled: false, platformName: ANDROID}
Session ID: 9df119c2-25d5-454e-8b57-6027c22a886a
2026-09-01 00:17:38.028 [main] INFO  c.s.managers.AppiumDriverManager - Local driver variables cleared
2026-09-01 00:17:38.029 [main] INFO  page_objects.PageObjectHelper - Page object instances cleared
2026-09-01 00:17:38.041 [main] INFO  com.swaglabs.hooks.Hooks - ******* Scenario: Visual user checkout behavior with visual bugs started *******
2026-09-01 00:17:38.042 [main] INFO  c.s.managers.AppiumServerManager - Appium server already running on 127.0.0.1:4723 - stopping to reuse clean state
2026-09-01 00:17:39.333 [main] INFO  c.s.managers.AppiumServerManager - Appium server started on http://127.0.0.1:4723
2026-09-01 00:17:39.477 [main] INFO  com.swaglabs.device.DeviceManager - Using Android device: b58c6ff4
2026-09-01 00:17:39.899 [main] INFO  c.s.managers.AppiumDriverManager - Starting Appium session: http://127.0.0.1:4723 with caps Capabilities {appium:adbExecTimeout: 20000, appium:app: C:\Users\family\Desktop\pro..., appium:appActivity: .MainActivity, appium:appPackage: com.juanforeroaxpo.saucedemo, appium:autoGrantPermissions: true, appium:automationName: UiAutomator2, appium:clearSystemFiles: true, appium:disableWindowAnimation: false, appium:newCommandTimeout: 250, appium:noSign: true, appium:udid: b58c6ff4, appium:uiautomator2ServerInstallTimeout: 20000, platformName: ANDROID}
2026-09-01 00:17:41.730 [main] INFO  c.s.utils.helper.WebdriverHelper - Screen recording started
2026-09-01 00:17:41.749 [main] INFO  com.swaglabs.hooks.Hooks - Scenario 'User can see the product catalog after login' FAILED. Capturing screenshot...
2026-09-01 00:17:41.758 [main] WARN  c.s.utils.helper.WebdriverHelper - Failed to take screenshot: A session is either terminated or not started
Build info: version: '4.40.0', revision: 'b3333f1'
System info: os.name: 'Windows 11', os.arch: 'amd64', os.version: '10.0', java.version: '26.0.2.1'
Driver info: io.appium.java_client.android.AndroidDriver
Command: [5218061a-5c30-4178-8e00-1c054b11f4ef, screenshot {}]
Capabilities {appium:adbExecTimeout: 20000, appium:app: C:\Users\family\Desktop\pro..., appium:appActivity: .MainActivity, appium:appPackage: com.juanforeroaxpo.saucedemo, appium:autoGrantPermissions: true, appium:automationName: UiAutomator2, appium:clearSystemFiles: true, appium:databaseEnabled: false, appium:desired: {adbExecTimeout: 20000, app: C:\Users\family\Desktop\pro..., appActivity: .MainActivity, appPackage: com.juanforeroaxpo.saucedemo, autoGrantPermissions: true, automationName: UiAutomator2, clearSystemFiles: true, disableWindowAnimation: false, newCommandTimeout: 250, noSign: true, platformName: ANDROID, udid: b58c6ff4, uiautomator2ServerInstallTimeout: 20000}, appium:deviceApiLevel: 35, appium:deviceManufacturer: Xiaomi, appium:deviceModel: 23129RAA4G, appium:deviceName: b58c6ff4, appium:deviceScreenDensity: 440, appium:deviceScreenSize: 1080x2400, appium:deviceUDID: b58c6ff4, appium:disableWindowAnimation: false, appium:javascriptEnabled: true, appium:locationContextEnabled: false, appium:networkConnectionEnabled: true, appium:newCommandTimeout: 250, appium:noSign: true, appium:pixelRatio: 2.75, appium:platformVersion: 15, appium:statBarHeight: 94, appium:takesScreenshot: true, appium:udid: b58c6ff4, appium:uiautomator2ServerInstallTimeout: 20000, appium:viewportRect: {height: 2306, left: 0, top: 94, width: 1080}, appium:warnings: {}, appium:webStorageEnabled: false, platformName: ANDROID}
Session ID: 5218061a-5c30-4178-8e00-1c054b11f4ef
2026-09-01 00:17:41.770 [main] WARN  c.s.utils.helper.WebdriverHelper - Error stopping recording: org.openqa.selenium.NoSuchSessionException: A session is either terminated or not started
Build info: version: '4.40.0', revision: 'b3333f1'
System info: os.name: 'Windows 11', os.arch: 'amd64', os.version: '10.0', java.version: '26.0.2.1'
Driver info: io.appium.java_client.android.AndroidDriver
Command: [5218061a-5c30-4178-8e00-1c054b11f4ef, stopRecordingScreen {}]
Capabilities {appium:adbExecTimeout: 20000, appium:app: C:\Users\family\Desktop\pro..., appium:appActivity: .MainActivity, appium:appPackage: com.juanforeroaxpo.saucedemo, appium:autoGrantPermissions: true, appium:automationName: UiAutomator2, appium:clearSystemFiles: true, appium:databaseEnabled: false, appium:desired: {adbExecTimeout: 20000, app: C:\Users\family\Desktop\pro..., appActivity: .MainActivity, appPackage: com.juanforeroaxpo.saucedemo, autoGrantPermissions: true, automationName: UiAutomator2, clearSystemFiles: true, disableWindowAnimation: false, newCommandTimeout: 250, noSign: true, platformName: ANDROID, udid: b58c6ff4, uiautomator2ServerInstallTimeout: 20000}, appium:deviceApiLevel: 35, appium:deviceManufacturer: Xiaomi, appium:deviceModel: 23129RAA4G, appium:deviceName: b58c6ff4, appium:deviceScreenDensity: 440, appium:deviceScreenSize: 1080x2400, appium:deviceUDID: b58c6ff4, appium:disableWindowAnimation: false, appium:javascriptEnabled: true, appium:locationContextEnabled: false, appium:networkConnectionEnabled: true, appium:newCommandTimeout: 250, appium:noSign: true, appium:pixelRatio: 2.75, appium:platformVersion: 15, appium:statBarHeight: 94, appium:takesScreenshot: true, appium:udid: b58c6ff4, appium:uiautomator2ServerInstallTimeout: 20000, appium:viewportRect: {height: 2306, left: 0, top: 94, width: 1080}, appium:warnings: {}, appium:webStorageEnabled: false, platformName: ANDROID}
Session ID: 5218061a-5c30-4178-8e00-1c054b11f4ef
2026-09-01 00:17:41.795 [main] WARN  c.s.managers.AppiumDriverManager - Error quitting driver: A session is either terminated or not started
Build info: version: '4.40.0', revision: 'b3333f1'
System info: os.name: 'Windows 11', os.arch: 'amd64', os.version: '10.0', java.version: '26.0.2.1'
Driver info: io.appium.java_client.android.AndroidDriver
Command: [5218061a-5c30-4178-8e00-1c054b11f4ef, quit {}]
Capabilities {appium:adbExecTimeout: 20000, appium:app: C:\Users\family\Desktop\pro..., appium:appActivity: .MainActivity, appium:appPackage: com.juanforeroaxpo.saucedemo, appium:autoGrantPermissions: true, appium:automationName: UiAutomator2, appium:clearSystemFiles: true, appium:databaseEnabled: false, appium:desired: {adbExecTimeout: 20000, app: C:\Users\family\Desktop\pro..., appActivity: .MainActivity, appPackage: com.juanforeroaxpo.saucedemo, autoGrantPermissions: true, automationName: UiAutomator2, clearSystemFiles: true, disableWindowAnimation: false, newCommandTimeout: 250, noSign: true, platformName: ANDROID, udid: b58c6ff4, uiautomator2ServerInstallTimeout: 20000}, appium:deviceApiLevel: 35, appium:deviceManufacturer: Xiaomi, appium:deviceModel: 23129RAA4G, appium:deviceName: b58c6ff4, appium:deviceScreenDensity: 440, appium:deviceScreenSize: 1080x2400, appium:deviceUDID: b58c6ff4, appium:disableWindowAnimation: false, appium:javascriptEnabled: true, appium:locationContextEnabled: false, appium:networkConnectionEnabled: true, appium:newCommandTimeout: 250, appium:noSign: true, appium:pixelRatio: 2.75, appium:platformVersion: 15, appium:statBarHeight: 94, appium:takesScreenshot: true, appium:udid: b58c6ff4, appium:uiautomator2ServerInstallTimeout: 20000, appium:viewportRect: {height: 2306, left: 0, top: 94, width: 1080}, appium:warnings: {}, appium:webStorageEnabled: false, platformName: ANDROID}
Session ID: 5218061a-5c30-4178-8e00-1c054b11f4ef
2026-09-01 00:17:41.795 [main] INFO  c.s.managers.AppiumDriverManager - Local driver variables cleared
2026-09-01 00:17:41.795 [main] INFO  page_objects.PageObjectHelper - Page object instances cleared
2026-09-01 00:17:41.809 [main] INFO  com.swaglabs.hooks.Hooks - ******* Scenario: User can add a product to the cart started *******
2026-09-01 00:17:41.810 [main] INFO  c.s.managers.AppiumServerManager - Appium server already running on 127.0.0.1:4723 - stopping to reuse clean state
2026-09-01 00:17:42.910 [main] INFO  c.s.managers.AppiumServerManager - Appium server started on http://127.0.0.1:4723
2026-09-01 00:17:43.032 [main] INFO  com.swaglabs.device.DeviceManager - Using Android device: b58c6ff4
2026-09-01 00:17:43.382 [main] INFO  c.s.managers.AppiumDriverManager - Starting Appium session: http://127.0.0.1:4723 with caps Capabilities {appium:adbExecTimeout: 20000, appium:app: C:\Users\family\Desktop\pro..., appium:appActivity: .MainActivity, appium:appPackage: com.juanforeroaxpo.saucedemo, appium:autoGrantPermissions: true, appium:automationName: UiAutomator2, appium:clearSystemFiles: true, appium:disableWindowAnimation: false, appium:newCommandTimeout: 250, appium:noSign: true, appium:udid: b58c6ff4, appium:uiautomator2ServerInstallTimeout: 20000, platformName: ANDROID}
2026-09-01 00:17:48.487 [main] WARN  c.s.utils.helper.WebdriverHelper - Recording not available: org.openqa.selenium.NoSuchSessionException: A session is either terminated or not started
Build info: version: '4.40.0', revision: 'b3333f1'
System info: os.name: 'Windows 11', os.arch: 'amd64', os.version: '10.0', java.version: '26.0.2.1'
Driver info: io.appium.java_client.android.AndroidDriver
Command: [6a5c0166-acd6-46f3-a19f-4a5e406672ac, startRecordingScreen {options={timeLimit=600, forceRestart=true, bitRate=2000000, videoSize=1280x720, bugReport=true}}]
Capabilities {appium:adbExecTimeout: 20000, appium:app: C:\Users\family\Desktop\pro..., appium:appActivity: .MainActivity, appium:appPackage: com.juanforeroaxpo.saucedemo, appium:autoGrantPermissions: true, appium:automationName: UiAutomator2, appium:clearSystemFiles: true, appium:databaseEnabled: false, appium:desired: {adbExecTimeout: 20000, app: C:\Users\family\Desktop\pro..., appActivity: .MainActivity, appPackage: com.juanforeroaxpo.saucedemo, autoGrantPermissions: true, automationName: UiAutomator2, clearSystemFiles: true, disableWindowAnimation: false, newCommandTimeout: 250, noSign: true, platformName: ANDROID, udid: b58c6ff4, uiautomator2ServerInstallTimeout: 20000}, appium:deviceApiLevel: 35, appium:deviceManufacturer: Xiaomi, appium:deviceModel: 23129RAA4G, appium:deviceName: b58c6ff4, appium:deviceScreenDensity: 440, appium:deviceScreenSize: 1080x2400, appium:deviceUDID: b58c6ff4, appium:disableWindowAnimation: false, appium:javascriptEnabled: true, appium:locationContextEnabled: false, appium:networkConnectionEnabled: true, appium:newCommandTimeout: 250, appium:noSign: true, appium:pixelRatio: 2.75, appium:platformVersion: 15, appium:statBarHeight: 94, appium:takesScreenshot: true, appium:udid: b58c6ff4, appium:uiautomator2ServerInstallTimeout: 20000, appium:viewportRect: {height: 2306, left: 0, top: 94, width: 1080}, appium:warnings: {}, appium:webStorageEnabled: false, platformName: ANDROID}
Session ID: 6a5c0166-acd6-46f3-a19f-4a5e406672ac
2026-09-01 00:17:48.512 [main] INFO  com.swaglabs.hooks.Hooks - Scenario 'Visual user checkout behavior with visual bugs' FAILED. Capturing screenshot...
2026-09-01 00:17:48.518 [main] WARN  c.s.utils.helper.WebdriverHelper - Failed to take screenshot: A session is either terminated or not started
Build info: version: '4.40.0', revision: 'b3333f1'
System info: os.name: 'Windows 11', os.arch: 'amd64', os.version: '10.0', java.version: '26.0.2.1'
Driver info: io.appium.java_client.android.AndroidDriver
Command: [6a5c0166-acd6-46f3-a19f-4a5e406672ac, screenshot {}]
Capabilities {appium:adbExecTimeout: 20000, appium:app: C:\Users\family\Desktop\pro..., appium:appActivity: .MainActivity, appium:appPackage: com.juanforeroaxpo.saucedemo, appium:autoGrantPermissions: true, appium:automationName: UiAutomator2, appium:clearSystemFiles: true, appium:databaseEnabled: false, appium:desired: {adbExecTimeout: 20000, app: C:\Users\family\Desktop\pro..., appActivity: .MainActivity, appPackage: com.juanforeroaxpo.saucedemo, autoGrantPermissions: true, automationName: UiAutomator2, clearSystemFiles: true, disableWindowAnimation: false, newCommandTimeout: 250, noSign: true, platformName: ANDROID, udid: b58c6ff4, uiautomator2ServerInstallTimeout: 20000}, appium:deviceApiLevel: 35, appium:deviceManufacturer: Xiaomi, appium:deviceModel: 23129RAA4G, appium:deviceName: b58c6ff4, appium:deviceScreenDensity: 440, appium:deviceScreenSize: 1080x2400, appium:deviceUDID: b58c6ff4, appium:disableWindowAnimation: false, appium:javascriptEnabled: true, appium:locationContextEnabled: false, appium:networkConnectionEnabled: true, appium:newCommandTimeout: 250, appium:noSign: true, appium:pixelRatio: 2.75, appium:platformVersion: 15, appium:statBarHeight: 94, appium:takesScreenshot: true, appium:udid: b58c6ff4, appium:uiautomator2ServerInstallTimeout: 20000, appium:viewportRect: {height: 2306, left: 0, top: 94, width: 1080}, appium:warnings: {}, appium:webStorageEnabled: false, platformName: ANDROID}
Session ID: 6a5c0166-acd6-46f3-a19f-4a5e406672ac
2026-09-01 00:17:48.528 [main] WARN  c.s.utils.helper.WebdriverHelper - Error stopping recording: org.openqa.selenium.NoSuchSessionException: A session is either terminated or not started
Build info: version: '4.40.0', revision: 'b3333f1'
System info: os.name: 'Windows 11', os.arch: 'amd64', os.version: '10.0', java.version: '26.0.2.1'
Driver info: io.appium.java_client.android.AndroidDriver
Command: [6a5c0166-acd6-46f3-a19f-4a5e406672ac, stopRecordingScreen {}]
Capabilities {appium:adbExecTimeout: 20000, appium:app: C:\Users\family\Desktop\pro..., appium:appActivity: .MainActivity, appium:appPackage: com.juanforeroaxpo.saucedemo, appium:autoGrantPermissions: true, appium:automationName: UiAutomator2, appium:clearSystemFiles: true, appium:databaseEnabled: false, appium:desired: {adbExecTimeout: 20000, app: C:\Users\family\Desktop\pro..., appActivity: .MainActivity, appPackage: com.juanforeroaxpo.saucedemo, autoGrantPermissions: true, automationName: UiAutomator2, clearSystemFiles: true, disableWindowAnimation: false, newCommandTimeout: 250, noSign: true, platformName: ANDROID, udid: b58c6ff4, uiautomator2ServerInstallTimeout: 20000}, appium:deviceApiLevel: 35, appium:deviceManufacturer: Xiaomi, appium:deviceModel: 23129RAA4G, appium:deviceName: b58c6ff4, appium:deviceScreenDensity: 440, appium:deviceScreenSize: 1080x2400, appium:deviceUDID: b58c6ff4, appium:disableWindowAnimation: false, appium:javascriptEnabled: true, appium:locationContextEnabled: false, appium:networkConnectionEnabled: true, appium:newCommandTimeout: 250, appium:noSign: true, appium:pixelRatio: 2.75, appium:platformVersion: 15, appium:statBarHeight: 94, appium:takesScreenshot: true, appium:udid: b58c6ff4, appium:uiautomator2ServerInstallTimeout: 20000, appium:viewportRect: {height: 2306, left: 0, top: 94, width: 1080}, appium:warnings: {}, appium:webStorageEnabled: false, platformName: ANDROID}
Session ID: 6a5c0166-acd6-46f3-a19f-4a5e406672ac
2026-09-01 00:17:48.540 [main] WARN  c.s.managers.AppiumDriverManager - Error quitting driver: A session is either terminated or not started
Build info: version: '4.40.0', revision: 'b3333f1'
System info: os.name: 'Windows 11', os.arch: 'amd64', os.version: '10.0', java.version: '26.0.2.1'
Driver info: io.appium.java_client.android.AndroidDriver
Command: [6a5c0166-acd6-46f3-a19f-4a5e406672ac, quit {}]
Capabilities {appium:adbExecTimeout: 20000, appium:app: C:\Users\family\Desktop\pro..., appium:appActivity: .MainActivity, appium:appPackage: com.juanforeroaxpo.saucedemo, appium:autoGrantPermissions: true, appium:automationName: UiAutomator2, appium:clearSystemFiles: true, appium:databaseEnabled: false, appium:desired: {adbExecTimeout: 20000, app: C:\Users\family\Desktop\pro..., appActivity: .MainActivity, appPackage: com.juanforeroaxpo.saucedemo, autoGrantPermissions: true, automationName: UiAutomator2, clearSystemFiles: true, disableWindowAnimation: false, newCommandTimeout: 250, noSign: true, platformName: ANDROID, udid: b58c6ff4, uiautomator2ServerInstallTimeout: 20000}, appium:deviceApiLevel: 35, appium:deviceManufacturer: Xiaomi, appium:deviceModel: 23129RAA4G, appium:deviceName: b58c6ff4, appium:deviceScreenDensity: 440, appium:deviceScreenSize: 1080x2400, appium:deviceUDID: b58c6ff4, appium:disableWindowAnimation: false, appium:javascriptEnabled: true, appium:locationContextEnabled: false, appium:networkConnectionEnabled: true, appium:newCommandTimeout: 250, appium:noSign: true, appium:pixelRatio: 2.75, appium:platformVersion: 15, appium:statBarHeight: 94, appium:takesScreenshot: true, appium:udid: b58c6ff4, appium:uiautomator2ServerInstallTimeout: 20000, appium:viewportRect: {height: 2306, left: 0, top: 94, width: 1080}, appium:warnings: {}, appium:webStorageEnabled: false, platformName: ANDROID}
Session ID: 6a5c0166-acd6-46f3-a19f-4a5e406672ac
2026-09-01 00:17:48.540 [main] INFO  c.s.managers.AppiumDriverManager - Local driver variables cleared
2026-09-01 00:17:48.540 [main] INFO  page_objects.PageObjectHelper - Page object instances cleared
2026-09-01 00:17:48.560 [main] INFO  com.swaglabs.hooks.Hooks - ******* Scenario: Standard user can log in successfully started *******
2026-09-01 00:17:48.562 [main] INFO  c.s.managers.AppiumServerManager - Appium server already running on 127.0.0.1:4723 - stopping to reuse clean state
2026-09-01 00:17:49.589 [main] INFO  c.s.managers.AppiumServerManager - Appium server started on http://127.0.0.1:4723
2026-09-01 00:17:49.709 [main] INFO  com.swaglabs.device.DeviceManager - Using Android device: b58c6ff4
2026-09-01 00:17:49.975 [main] INFO  c.s.managers.AppiumDriverManager - Starting Appium session: http://127.0.0.1:4723 with caps Capabilities {appium:adbExecTimeout: 20000, appium:app: C:\Users\family\Desktop\pro..., appium:appActivity: .MainActivity, appium:appPackage: com.juanforeroaxpo.saucedemo, appium:autoGrantPermissions: true, appium:automationName: UiAutomator2, appium:clearSystemFiles: true, appium:disableWindowAnimation: false, appium:newCommandTimeout: 250, appium:noSign: true, appium:udid: b58c6ff4, appium:uiautomator2ServerInstallTimeout: 20000, platformName: ANDROID}
2026-09-01 00:17:54.129 [main] INFO  c.s.utils.helper.WebdriverHelper - Screen recording started
2026-09-01 00:17:54.454 [main] INFO  c.swaglabs.stepsDefs.LoginStepsDefs - User lands on the login page
2026-09-01 00:17:55.484 [main] INFO  com.swaglabs.hooks.Hooks - Scenario 'User can add a product to the cart' FAILED. Capturing screenshot...
2026-09-01 00:17:55.493 [main] WARN  c.s.utils.helper.WebdriverHelper - Failed to take screenshot: 'GET /screenshot' cannot be proxied to UiAutomator2 server because the instrumentation process is not running (probably crashed). Check the server log and/or the logcat output for more details
Build info: version: '4.40.0', revision: 'b3333f1'
System info: os.name: 'Windows 11', os.arch: 'amd64', os.version: '10.0', java.version: '26.0.2.1'
Driver info: io.appium.java_client.android.AndroidDriver
Command: [619ea937-acd5-480f-9cdf-58a1c77bc92b, screenshot {}]
Capabilities {appium:adbExecTimeout: 20000, appium:app: C:\Users\family\Desktop\pro..., appium:appActivity: .MainActivity, appium:appPackage: com.juanforeroaxpo.saucedemo, appium:autoGrantPermissions: true, appium:automationName: UiAutomator2, appium:clearSystemFiles: true, appium:databaseEnabled: false, appium:desired: {adbExecTimeout: 20000, app: C:\Users\family\Desktop\pro..., appActivity: .MainActivity, appPackage: com.juanforeroaxpo.saucedemo, autoGrantPermissions: true, automationName: UiAutomator2, clearSystemFiles: true, disableWindowAnimation: false, newCommandTimeout: 250, noSign: true, platformName: ANDROID, udid: b58c6ff4, uiautomator2ServerInstallTimeout: 20000}, appium:deviceApiLevel: 35, appium:deviceManufacturer: Xiaomi, appium:deviceModel: 23129RAA4G, appium:deviceName: b58c6ff4, appium:deviceScreenDensity: 440, appium:deviceScreenSize: 1080x2400, appium:deviceUDID: b58c6ff4, appium:disableWindowAnimation: false, appium:javascriptEnabled: true, appium:locationContextEnabled: false, appium:networkConnectionEnabled: true, appium:newCommandTimeout: 250, appium:noSign: true, appium:pixelRatio: 2.75, appium:platformVersion: 15, appium:statBarHeight: 94, appium:takesScreenshot: true, appium:udid: b58c6ff4, appium:uiautomator2ServerInstallTimeout: 20000, appium:viewportRect: {height: 2306, left: 0, top: 94, width: 1080}, appium:warnings: {}, appium:webStorageEnabled: false, platformName: ANDROID}
Session ID: 619ea937-acd5-480f-9cdf-58a1c77bc92b
2026-09-01 00:17:56.194 [main] INFO  c.s.utils.helper.WebdriverHelper - Recording saved and attached to failed scenario 'User can add a product to the cart'
2026-09-01 00:17:56.866 [main] INFO  c.s.managers.AppiumDriverManager - Local driver variables cleared
2026-09-01 00:17:56.867 [main] INFO  page_objects.PageObjectHelper - Page object instances cleared
2026-09-01 00:17:56.891 [main] INFO  com.swaglabs.hooks.Hooks - ******* Scenario: User can open a product and view its details started *******
2026-09-01 00:17:56.893 [main] INFO  c.s.managers.AppiumServerManager - Appium server already running on 127.0.0.1:4723 - stopping to reuse clean state
2026-09-01 00:17:57.779 [main] INFO  c.s.managers.AppiumServerManager - Appium server started on http://127.0.0.1:4723
2026-09-01 00:17:57.887 [main] INFO  com.swaglabs.device.DeviceManager - Using Android device: b58c6ff4
2026-09-01 00:17:58.177 [main] INFO  c.s.managers.AppiumDriverManager - Starting Appium session: http://127.0.0.1:4723 with caps Capabilities {appium:adbExecTimeout: 20000, appium:app: C:\Users\family\Desktop\pro..., appium:appActivity: .MainActivity, appium:appPackage: com.juanforeroaxpo.saucedemo, appium:autoGrantPermissions: true, appium:automationName: UiAutomator2, appium:clearSystemFiles: true, appium:disableWindowAnimation: false, appium:newCommandTimeout: 250, appium:noSign: true, appium:udid: b58c6ff4, appium:uiautomator2ServerInstallTimeout: 20000, platformName: ANDROID}
2026-09-01 00:18:02.984 [main] WARN  c.s.utils.helper.WebdriverHelper - Recording not available: org.openqa.selenium.NoSuchSessionException: A session is either terminated or not started
Build info: version: '4.40.0', revision: 'b3333f1'
System info: os.name: 'Windows 11', os.arch: 'amd64', os.version: '10.0', java.version: '26.0.2.1'
Driver info: io.appium.java_client.android.AndroidDriver
Command: [36d8014f-14e4-4773-8d06-b3fac91b150b, startRecordingScreen {options={timeLimit=600, forceRestart=true, bitRate=2000000, videoSize=1280x720, bugReport=true}}]
Capabilities {appium:adbExecTimeout: 20000, appium:app: C:\Users\family\Desktop\pro..., appium:appActivity: .MainActivity, appium:appPackage: com.juanforeroaxpo.saucedemo, appium:autoGrantPermissions: true, appium:automationName: UiAutomator2, appium:clearSystemFiles: true, appium:databaseEnabled: false, appium:desired: {adbExecTimeout: 20000, app: C:\Users\family\Desktop\pro..., appActivity: .MainActivity, appPackage: com.juanforeroaxpo.saucedemo, autoGrantPermissions: true, automationName: UiAutomator2, clearSystemFiles: true, disableWindowAnimation: false, newCommandTimeout: 250, noSign: true, platformName: ANDROID, udid: b58c6ff4, uiautomator2ServerInstallTimeout: 20000}, appium:deviceApiLevel: 35, appium:deviceManufacturer: Xiaomi, appium:deviceModel: 23129RAA4G, appium:deviceName: b58c6ff4, appium:deviceScreenDensity: 440, appium:deviceScreenSize: 1080x2400, appium:deviceUDID: b58c6ff4, appium:disableWindowAnimation: false, appium:javascriptEnabled: true, appium:locationContextEnabled: false, appium:networkConnectionEnabled: true, appium:newCommandTimeout: 250, appium:noSign: true, appium:pixelRatio: 2.75, appium:platformVersion: 15, appium:statBarHeight: 94, appium:takesScreenshot: true, appium:udid: b58c6ff4, appium:uiautomator2ServerInstallTimeout: 20000, appium:viewportRect: {height: 2306, left: 0, top: 94, width: 1080}, appium:warnings: {}, appium:webStorageEnabled: false, platformName: ANDROID}
Session ID: 36d8014f-14e4-4773-8d06-b3fac91b150b
2026-09-01 00:18:03.005 [main] INFO  com.swaglabs.hooks.Hooks - Scenario 'Standard user can log in successfully' FAILED. Capturing screenshot...
2026-09-01 00:18:03.014 [main] WARN  c.s.utils.helper.WebdriverHelper - Failed to take screenshot: A session is either terminated or not started
Build info: version: '4.40.0', revision: 'b3333f1'
System info: os.name: 'Windows 11', os.arch: 'amd64', os.version: '10.0', java.version: '26.0.2.1'
Driver info: io.appium.java_client.android.AndroidDriver
Command: [36d8014f-14e4-4773-8d06-b3fac91b150b, screenshot {}]
Capabilities {appium:adbExecTimeout: 20000, appium:app: C:\Users\family\Desktop\pro..., appium:appActivity: .MainActivity, appium:appPackage: com.juanforeroaxpo.saucedemo, appium:autoGrantPermissions: true, appium:automationName: UiAutomator2, appium:clearSystemFiles: true, appium:databaseEnabled: false, appium:desired: {adbExecTimeout: 20000, app: C:\Users\family\Desktop\pro..., appActivity: .MainActivity, appPackage: com.juanforeroaxpo.saucedemo, autoGrantPermissions: true, automationName: UiAutomator2, clearSystemFiles: true, disableWindowAnimation: false, newCommandTimeout: 250, noSign: true, platformName: ANDROID, udid: b58c6ff4, uiautomator2ServerInstallTimeout: 20000}, appium:deviceApiLevel: 35, appium:deviceManufacturer: Xiaomi, appium:deviceModel: 23129RAA4G, appium:deviceName: b58c6ff4, appium:deviceScreenDensity: 440, appium:deviceScreenSize: 1080x2400, appium:deviceUDID: b58c6ff4, appium:disableWindowAnimation: false, appium:javascriptEnabled: true, appium:locationContextEnabled: false, appium:networkConnectionEnabled: true, appium:newCommandTimeout: 250, appium:noSign: true, appium:pixelRatio: 2.75, appium:platformVersion: 15, appium:statBarHeight: 94, appium:takesScreenshot: true, appium:udid: b58c6ff4, appium:uiautomator2ServerInstallTimeout: 20000, appium:viewportRect: {height: 2306, left: 0, top: 94, width: 1080}, appium:warnings: {}, appium:webStorageEnabled: false, platformName: ANDROID}
Session ID: 36d8014f-14e4-4773-8d06-b3fac91b150b
2026-09-01 00:18:03.022 [main] WARN  c.s.utils.helper.WebdriverHelper - Error stopping recording: org.openqa.selenium.NoSuchSessionException: A session is either terminated or not started
Build info: version: '4.40.0', revision: 'b3333f1'
System info: os.name: 'Windows 11', os.arch: 'amd64', os.version: '10.0', java.version: '26.0.2.1'
Driver info: io.appium.java_client.android.AndroidDriver
Command: [36d8014f-14e4-4773-8d06-b3fac91b150b, stopRecordingScreen {}]
Capabilities {appium:adbExecTimeout: 20000, appium:app: C:\Users\family\Desktop\pro..., appium:appActivity: .MainActivity, appium:appPackage: com.juanforeroaxpo.saucedemo, appium:autoGrantPermissions: true, appium:automationName: UiAutomator2, appium:clearSystemFiles: true, appium:databaseEnabled: false, appium:desired: {adbExecTimeout: 20000, app: C:\Users\family\Desktop\pro..., appActivity: .MainActivity, appPackage: com.juanforeroaxpo.saucedemo, autoGrantPermissions: true, automationName: UiAutomator2, clearSystemFiles: true, disableWindowAnimation: false, newCommandTimeout: 250, noSign: true, platformName: ANDROID, udid: b58c6ff4, uiautomator2ServerInstallTimeout: 20000}, appium:deviceApiLevel: 35, appium:deviceManufacturer: Xiaomi, appium:deviceModel: 23129RAA4G, appium:deviceName: b58c6ff4, appium:deviceScreenDensity: 440, appium:deviceScreenSize: 1080x2400, appium:deviceUDID: b58c6ff4, appium:disableWindowAnimation: false, appium:javascriptEnabled: true, appium:locationContextEnabled: false, appium:networkConnectionEnabled: true, appium:newCommandTimeout: 250, appium:noSign: true, appium:pixelRatio: 2.75, appium:platformVersion: 15, appium:statBarHeight: 94, appium:takesScreenshot: true, appium:udid: b58c6ff4, appium:uiautomator2ServerInstallTimeout: 20000, appium:viewportRect: {height: 2306, left: 0, top: 94, width: 1080}, appium:warnings: {}, appium:webStorageEnabled: false, platformName: ANDROID}
Session ID: 36d8014f-14e4-4773-8d06-b3fac91b150b
2026-09-01 00:18:03.027 [main] WARN  c.s.managers.AppiumDriverManager - Error quitting driver: A session is either terminated or not started
Build info: version: '4.40.0', revision: 'b3333f1'
System info: os.name: 'Windows 11', os.arch: 'amd64', os.version: '10.0', java.version: '26.0.2.1'
Driver info: io.appium.java_client.android.AndroidDriver
Command: [36d8014f-14e4-4773-8d06-b3fac91b150b, quit {}]
Capabilities {appium:adbExecTimeout: 20000, appium:app: C:\Users\family\Desktop\pro..., appium:appActivity: .MainActivity, appium:appPackage: com.juanforeroaxpo.saucedemo, appium:autoGrantPermissions: true, appium:automationName: UiAutomator2, appium:clearSystemFiles: true, appium:databaseEnabled: false, appium:desired: {adbExecTimeout: 20000, app: C:\Users\family\Desktop\pro..., appActivity: .MainActivity, appPackage: com.juanforeroaxpo.saucedemo, autoGrantPermissions: true, automationName: UiAutomator2, clearSystemFiles: true, disableWindowAnimation: false, newCommandTimeout: 250, noSign: true, platformName: ANDROID, udid: b58c6ff4, uiautomator2ServerInstallTimeout: 20000}, appium:deviceApiLevel: 35, appium:deviceManufacturer: Xiaomi, appium:deviceModel: 23129RAA4G, appium:deviceName: b58c6ff4, appium:deviceScreenDensity: 440, appium:deviceScreenSize: 1080x2400, appium:deviceUDID: b58c6ff4, appium:disableWindowAnimation: false, appium:javascriptEnabled: true, appium:locationContextEnabled: false, appium:networkConnectionEnabled: true, appium:newCommandTimeout: 250, appium:noSign: true, appium:pixelRatio: 2.75, appium:platformVersion: 15, appium:statBarHeight: 94, appium:takesScreenshot: true, appium:udid: b58c6ff4, appium:uiautomator2ServerInstallTimeout: 20000, appium:viewportRect: {height: 2306, left: 0, top: 94, width: 1080}, appium:warnings: {}, appium:webStorageEnabled: false, platformName: ANDROID}
Session ID: 36d8014f-14e4-4773-8d06-b3fac91b150b
2026-09-01 00:18:03.028 [main] INFO  c.s.managers.AppiumDriverManager - Local driver variables cleared
2026-09-01 00:18:03.028 [main] INFO  page_objects.PageObjectHelper - Page object instances cleared
2026-09-01 00:18:03.041 [main] INFO  com.swaglabs.hooks.Hooks - ******* Scenario: Locked out user is blocked from logging in started *******
2026-09-01 00:18:03.042 [main] INFO  c.s.managers.AppiumServerManager - Appium server already running on 127.0.0.1:4723 - stopping to reuse clean state
2026-09-01 00:18:03.940 [main] INFO  c.s.managers.AppiumServerManager - Appium server started on http://127.0.0.1:4723
2026-09-01 00:18:04.023 [main] INFO  com.swaglabs.device.DeviceManager - Using Android device: b58c6ff4
2026-09-01 00:18:04.275 [main] INFO  c.s.managers.AppiumDriverManager - Starting Appium session: http://127.0.0.1:4723 with caps Capabilities {appium:adbExecTimeout: 20000, appium:app: C:\Users\family\Desktop\pro..., appium:appActivity: .MainActivity, appium:appPackage: com.juanforeroaxpo.saucedemo, appium:autoGrantPermissions: true, appium:automationName: UiAutomator2, appium:clearSystemFiles: true, appium:disableWindowAnimation: false, appium:newCommandTimeout: 250, appium:noSign: true, appium:udid: b58c6ff4, appium:uiautomator2ServerInstallTimeout: 20000, platformName: ANDROID}
2026-09-01 00:18:08.523 [main] INFO  c.s.utils.helper.WebdriverHelper - Screen recording started
2026-09-01 00:18:08.935 [main] INFO  c.swaglabs.stepsDefs.LoginStepsDefs - User lands on the login page
2026-09-01 00:18:09.739 [main] INFO  com.swaglabs.hooks.Hooks - Scenario 'User can open a product and view its details' FAILED. Capturing screenshot...
2026-09-01 00:18:09.753 [main] WARN  c.s.utils.helper.WebdriverHelper - Failed to take screenshot: 'GET /screenshot' cannot be proxied to UiAutomator2 server because the instrumentation process is not running (probably crashed). Check the server log and/or the logcat output for more details
Build info: version: '4.40.0', revision: 'b3333f1'
System info: os.name: 'Windows 11', os.arch: 'amd64', os.version: '10.0', java.version: '26.0.2.1'
Driver info: io.appium.java_client.android.AndroidDriver
Command: [704baee6-0f6f-4d21-ae6e-c09346738a84, screenshot {}]
Capabilities {appium:adbExecTimeout: 20000, appium:app: C:\Users\family\Desktop\pro..., appium:appActivity: .MainActivity, appium:appPackage: com.juanforeroaxpo.saucedemo, appium:autoGrantPermissions: true, appium:automationName: UiAutomator2, appium:clearSystemFiles: true, appium:databaseEnabled: false, appium:desired: {adbExecTimeout: 20000, app: C:\Users\family\Desktop\pro..., appActivity: .MainActivity, appPackage: com.juanforeroaxpo.saucedemo, autoGrantPermissions: true, automationName: UiAutomator2, clearSystemFiles: true, disableWindowAnimation: false, newCommandTimeout: 250, noSign: true, platformName: ANDROID, udid: b58c6ff4, uiautomator2ServerInstallTimeout: 20000}, appium:deviceApiLevel: 35, appium:deviceManufacturer: Xiaomi, appium:deviceModel: 23129RAA4G, appium:deviceName: b58c6ff4, appium:deviceScreenDensity: 440, appium:deviceScreenSize: 1080x2400, appium:deviceUDID: b58c6ff4, appium:disableWindowAnimation: false, appium:javascriptEnabled: true, appium:locationContextEnabled: false, appium:networkConnectionEnabled: true, appium:newCommandTimeout: 250, appium:noSign: true, appium:pixelRatio: 2.75, appium:platformVersion: 15, appium:statBarHeight: 94, appium:takesScreenshot: true, appium:udid: b58c6ff4, appium:uiautomator2ServerInstallTimeout: 20000, appium:viewportRect: {height: 2306, left: 0, top: 94, width: 1080}, appium:warnings: {}, appium:webStorageEnabled: false, platformName: ANDROID}
Session ID: 704baee6-0f6f-4d21-ae6e-c09346738a84
2026-09-01 00:18:10.511 [main] INFO  c.s.utils.helper.WebdriverHelper - Recording saved and attached to failed scenario 'User can open a product and view its details'
2026-09-01 00:18:11.185 [main] INFO  c.s.managers.AppiumDriverManager - Local driver variables cleared
2026-09-01 00:18:11.185 [main] INFO  page_objects.PageObjectHelper - Page object instances cleared
2026-09-01 00:18:11.196 [main] INFO  com.swaglabs.hooks.Hooks - Swag Labs automation finished.
2026-09-01 00:18:19.629 [main] INFO  c.s.utils.helper.WebdriverHelper - Screen recording started
2026-09-01 00:18:19.889 [main] INFO  c.swaglabs.stepsDefs.LoginStepsDefs - User lands on the login page
2026-09-01 00:24:18.857 [main] INFO  c.s.managers.PropertiesManager - Loaded properties file: src/main/resources/project_properties/project_config_local.properties
2026-09-01 00:24:18.875 [main] INFO  c.s.capabilities.CapabilityManager - Loaded capabilities from C:\Users\family\Desktop\projects\swag-labs-mobile-nwdfew/src/main/resources/caps/local.json
2026-09-01 00:24:18.875 [main] INFO  com.swaglabs.hooks.Hooks - Swag Labs automation started. Platform=android, Environment=local
2026-09-01 00:24:19.149 [main] INFO  com.swaglabs.hooks.Hooks - ******* Scenario: User can add an item to the cart and verify it started *******
2026-09-01 00:24:22.979 [main] INFO  c.s.managers.AppiumServerManager - Appium server started on http://127.0.0.1:4723
2026-09-01 00:24:23.061 [main] INFO  com.swaglabs.device.DeviceManager - Using Android device: b58c6ff4
2026-09-01 00:24:23.224 [main] INFO  c.s.managers.AppiumDriverManager - Starting Appium session: http://127.0.0.1:4723 with caps Capabilities {appium:adbExecTimeout: 20000, appium:app: C:\Users\family\Desktop\pro..., appium:appActivity: .MainActivity, appium:appPackage: com.juanforeroaxpo.saucedemo, appium:autoGrantPermissions: true, appium:automationName: UiAutomator2, appium:clearSystemFiles: true, appium:disableWindowAnimation: false, appium:newCommandTimeout: 250, appium:noSign: true, appium:udid: b58c6ff4, appium:uiautomator2ServerInstallTimeout: 20000, platformName: ANDROID}
2026-09-01 00:24:31.955 [main] INFO  c.s.utils.helper.WebdriverHelper - Screen recording started
2026-09-01 00:24:32.728 [main] INFO  c.swaglabs.stepsDefs.LoginStepsDefs - User lands on the login page
2026-09-01 00:24:39.295 [main] INFO  c.swaglabs.stepsDefs.LoginStepsDefs - Logged in as standard_user
2026-09-01 00:24:40.983 [main] INFO  c.s.stepsDefs.ProductsStepsDefs - Added product at position 0 to the cart
2026-09-01 00:24:41.936 [main] INFO  c.swaglabs.stepsDefs.CartStepsDefs - Opened the cart
2026-09-01 00:24:42.913 [main] INFO  c.swaglabs.stepsDefs.CartStepsDefs - Cart page is displayed
2026-09-01 00:24:43.001 [main] INFO  c.swaglabs.stepsDefs.CartStepsDefs - Cart has 1 item(s)
2026-09-01 00:24:43.004 [main] INFO  com.swaglabs.hooks.Hooks - Scenario 'User can add an item to the cart and verify it' PASSED.
2026-09-01 00:24:45.212 [main] INFO  c.s.managers.AppiumDriverManager - Local driver variables cleared
2026-09-01 00:24:45.212 [main] INFO  page_objects.PageObjectHelper - Page object instances cleared
2026-09-01 00:24:45.227 [main] INFO  com.swaglabs.hooks.Hooks - ******* Scenario: User can remove an item from the cart started *******
2026-09-01 00:24:45.229 [main] INFO  c.s.managers.AppiumServerManager - Appium server already running on 127.0.0.1:4723 - stopping to reuse clean state
2026-09-01 00:24:45.270 [main] INFO  c.s.managers.AppiumServerManager - Appium server stopped
2026-09-01 00:24:50.107 [main] INFO  c.s.managers.AppiumServerManager - Appium server started on http://127.0.0.1:4723
2026-09-01 00:24:50.185 [main] INFO  com.swaglabs.device.DeviceManager - Using Android device: b58c6ff4
2026-09-01 00:24:50.488 [main] INFO  c.s.managers.AppiumDriverManager - Starting Appium session: http://127.0.0.1:4723 with caps Capabilities {appium:adbExecTimeout: 20000, appium:app: C:\Users\family\Desktop\pro..., appium:appActivity: .MainActivity, appium:appPackage: com.juanforeroaxpo.saucedemo, appium:autoGrantPermissions: true, appium:automationName: UiAutomator2, appium:clearSystemFiles: true, appium:disableWindowAnimation: false, appium:newCommandTimeout: 250, appium:noSign: true, appium:udid: b58c6ff4, appium:uiautomator2ServerInstallTimeout: 20000, platformName: ANDROID}
2026-09-01 00:24:58.332 [main] INFO  c.s.utils.helper.WebdriverHelper - Screen recording started
2026-09-01 00:24:58.644 [main] INFO  c.swaglabs.stepsDefs.LoginStepsDefs - User lands on the login page
2026-09-01 00:25:04.956 [main] INFO  c.swaglabs.stepsDefs.LoginStepsDefs - Logged in as standard_user
2026-09-01 00:25:06.595 [main] INFO  c.s.stepsDefs.ProductsStepsDefs - Added product at position 0 to the cart
2026-09-01 00:25:07.796 [main] INFO  c.swaglabs.stepsDefs.CartStepsDefs - Opened the cart
2026-09-01 00:25:09.100 [main] INFO  c.swaglabs.stepsDefs.CartStepsDefs - Removed cart item at position 0
2026-09-01 00:25:10.079 [main] INFO  c.swaglabs.stepsDefs.CartStepsDefs - Cart is empty
2026-09-01 00:25:10.080 [main] INFO  com.swaglabs.hooks.Hooks - Scenario 'User can remove an item from the cart' PASSED.
2026-09-01 00:25:12.172 [main] INFO  c.s.managers.AppiumDriverManager - Local driver variables cleared
2026-09-01 00:25:12.172 [main] INFO  page_objects.PageObjectHelper - Page object instances cleared
2026-09-01 00:25:12.188 [main] INFO  com.swaglabs.hooks.Hooks - ******* Scenario: User completes a full purchase started *******
2026-09-01 00:25:12.189 [main] INFO  c.s.managers.AppiumServerManager - Appium server already running on 127.0.0.1:4723 - stopping to reuse clean state
2026-09-01 00:25:12.214 [main] INFO  c.s.managers.AppiumServerManager - Appium server stopped
2026-09-01 00:25:16.640 [main] INFO  c.s.managers.AppiumServerManager - Appium server started on http://127.0.0.1:4723
2026-09-01 00:25:16.699 [main] INFO  com.swaglabs.device.DeviceManager - Using Android device: b58c6ff4
2026-09-01 00:25:16.888 [main] INFO  c.s.managers.AppiumDriverManager - Starting Appium session: http://127.0.0.1:4723 with caps Capabilities {appium:adbExecTimeout: 20000, appium:app: C:\Users\family\Desktop\pro..., appium:appActivity: .MainActivity, appium:appPackage: com.juanforeroaxpo.saucedemo, appium:autoGrantPermissions: true, appium:automationName: UiAutomator2, appium:clearSystemFiles: true, appium:disableWindowAnimation: false, appium:newCommandTimeout: 250, appium:noSign: true, appium:udid: b58c6ff4, appium:uiautomator2ServerInstallTimeout: 20000, platformName: ANDROID}
2026-09-01 00:25:24.990 [main] INFO  c.s.utils.helper.WebdriverHelper - Screen recording started
2026-09-01 00:25:25.260 [main] INFO  c.swaglabs.stepsDefs.LoginStepsDefs - User lands on the login page
2026-09-01 00:25:31.573 [main] INFO  c.swaglabs.stepsDefs.LoginStepsDefs - Logged in as standard_user
2026-09-01 00:25:33.292 [main] INFO  c.s.stepsDefs.ProductsStepsDefs - Added product at position 0 to the cart
2026-09-01 00:25:34.210 [main] INFO  c.swaglabs.stepsDefs.CartStepsDefs - Opened the cart
2026-09-01 00:25:35.162 [main] INFO  c.s.stepsDefs.CheckoutStepsDefs - Proceeded to checkout
2026-09-01 00:25:36.052 [main] INFO  c.s.stepsDefs.CheckoutStepsDefs - Checkout info page is displayed
2026-09-01 00:25:44.712 [main] INFO  c.s.stepsDefs.CheckoutStepsDefs - Entered shipping info: John Doe 12345
2026-09-01 00:25:45.603 [main] INFO  c.s.stepsDefs.CheckoutStepsDefs - Continued to overview page
2026-09-01 00:25:47.300 [main] INFO  c.s.stepsDefs.CheckoutStepsDefs - Checkout overview page is displayed
2026-09-01 00:25:47.709 [main] INFO  c.s.stepsDefs.CheckoutStepsDefs - Finished the order
2026-09-01 00:25:48.748 [main] INFO  c.s.stepsDefs.CheckoutStepsDefs - Checkout completion page is displayed
2026-09-01 00:25:49.044 [main] INFO  c.s.stepsDefs.CheckoutStepsDefs - Went back home
2026-09-01 00:25:49.046 [main] INFO  com.swaglabs.hooks.Hooks - Scenario 'User completes a full purchase' PASSED.
2026-09-01 00:25:51.381 [main] INFO  c.s.managers.AppiumDriverManager - Local driver variables cleared
2026-09-01 00:25:51.381 [main] INFO  page_objects.PageObjectHelper - Page object instances cleared
2026-09-01 00:25:51.395 [main] INFO  com.swaglabs.hooks.Hooks - ******* Scenario: Standard user can log in successfully started *******
2026-09-01 00:25:51.396 [main] INFO  c.s.managers.AppiumServerManager - Appium server already running on 127.0.0.1:4723 - stopping to reuse clean state
2026-09-01 00:25:51.426 [main] INFO  c.s.managers.AppiumServerManager - Appium server stopped
2026-09-01 00:25:55.281 [main] INFO  c.s.managers.AppiumServerManager - Appium server started on http://127.0.0.1:4723
2026-09-01 00:25:55.341 [main] INFO  com.swaglabs.device.DeviceManager - Using Android device: b58c6ff4
2026-09-01 00:25:55.499 [main] INFO  c.s.managers.AppiumDriverManager - Starting Appium session: http://127.0.0.1:4723 with caps Capabilities {appium:adbExecTimeout: 20000, appium:app: C:\Users\family\Desktop\pro..., appium:appActivity: .MainActivity, appium:appPackage: com.juanforeroaxpo.saucedemo, appium:autoGrantPermissions: true, appium:automationName: UiAutomator2, appium:clearSystemFiles: true, appium:disableWindowAnimation: false, appium:newCommandTimeout: 250, appium:noSign: true, appium:udid: b58c6ff4, appium:uiautomator2ServerInstallTimeout: 20000, platformName: ANDROID}
2026-09-01 00:26:03.059 [main] INFO  c.s.utils.helper.WebdriverHelper - Screen recording started
2026-09-01 00:26:03.390 [main] INFO  c.swaglabs.stepsDefs.LoginStepsDefs - User lands on the login page
2026-09-01 00:26:10.346 [main] INFO  c.swaglabs.stepsDefs.LoginStepsDefs - Logged in as standard_user
2026-09-01 00:26:11.887 [main] INFO  c.s.stepsDefs.ProductsStepsDefs - Products page is displayed
2026-09-01 00:26:11.888 [main] INFO  com.swaglabs.hooks.Hooks - Scenario 'Standard user can log in successfully' PASSED.
2026-09-01 00:26:13.724 [main] INFO  c.s.managers.AppiumDriverManager - Local driver variables cleared
2026-09-01 00:26:13.724 [main] INFO  page_objects.PageObjectHelper - Page object instances cleared
2026-09-01 00:26:13.728 [main] INFO  com.swaglabs.hooks.Hooks - ******* Scenario: Locked out user is blocked from logging in started *******
2026-09-01 00:26:13.728 [main] INFO  c.s.managers.AppiumServerManager - Appium server already running on 127.0.0.1:4723 - stopping to reuse clean state
2026-09-01 00:26:13.753 [main] INFO  c.s.managers.AppiumServerManager - Appium server stopped
2026-09-01 00:26:16.878 [main] INFO  c.s.managers.AppiumServerManager - Appium server started on http://127.0.0.1:4723
2026-09-01 00:26:16.926 [main] INFO  com.swaglabs.device.DeviceManager - Using Android device: b58c6ff4
2026-09-01 00:26:17.083 [main] INFO  c.s.managers.AppiumDriverManager - Starting Appium session: http://127.0.0.1:4723 with caps Capabilities {appium:adbExecTimeout: 20000, appium:app: C:\Users\family\Desktop\pro..., appium:appActivity: .MainActivity, appium:appPackage: com.juanforeroaxpo.saucedemo, appium:autoGrantPermissions: true, appium:automationName: UiAutomator2, appium:clearSystemFiles: true, appium:disableWindowAnimation: false, appium:newCommandTimeout: 250, appium:noSign: true, appium:udid: b58c6ff4, appium:uiautomator2ServerInstallTimeout: 20000, platformName: ANDROID}
2026-09-01 00:26:24.718 [main] INFO  c.s.utils.helper.WebdriverHelper - Screen recording started
2026-09-01 00:26:25.043 [main] INFO  c.swaglabs.stepsDefs.LoginStepsDefs - User lands on the login page
2026-09-01 00:26:31.514 [main] INFO  c.swaglabs.stepsDefs.LoginStepsDefs - Logged in as locked_out_user
2026-09-01 00:26:52.784 [main] ERROR c.s.exceptions.ExceptionController - Assertion failed: Expected login error to contain 'Epic sadface: Sorry, this user has been locked out.' but was ''
2026-09-01 00:26:52.797 [main] INFO  com.swaglabs.hooks.Hooks - Scenario 'Locked out user is blocked from logging in' FAILED. Capturing screenshot...
2026-09-01 00:26:54.527 [main] INFO  c.s.utils.helper.WebdriverHelper - Recording saved and attached to failed scenario 'Locked out user is blocked from logging in'
2026-09-01 00:26:55.446 [main] INFO  c.s.managers.AppiumDriverManager - Local driver variables cleared
2026-09-01 00:26:55.447 [main] INFO  page_objects.PageObjectHelper - Page object instances cleared
2026-09-01 00:26:55.462 [main] INFO  com.swaglabs.hooks.Hooks - ******* Scenario: Login with empty credentials is rejected started *******
2026-09-01 00:26:55.463 [main] INFO  c.s.managers.AppiumServerManager - Appium server already running on 127.0.0.1:4723 - stopping to reuse clean state
2026-09-01 00:26:55.489 [main] INFO  c.s.managers.AppiumServerManager - Appium server stopped
2026-09-01 00:26:58.645 [main] INFO  c.s.managers.AppiumServerManager - Appium server started on http://127.0.0.1:4723
2026-09-01 00:26:58.707 [main] INFO  com.swaglabs.device.DeviceManager - Using Android device: b58c6ff4
2026-09-01 00:26:58.893 [main] INFO  c.s.managers.AppiumDriverManager - Starting Appium session: http://127.0.0.1:4723 with caps Capabilities {appium:adbExecTimeout: 20000, appium:app: C:\Users\family\Desktop\pro..., appium:appActivity: .MainActivity, appium:appPackage: com.juanforeroaxpo.saucedemo, appium:autoGrantPermissions: true, appium:automationName: UiAutomator2, appium:clearSystemFiles: true, appium:disableWindowAnimation: false, appium:newCommandTimeout: 250, appium:noSign: true, appium:udid: b58c6ff4, appium:uiautomator2ServerInstallTimeout: 20000, platformName: ANDROID}
2026-09-01 00:27:06.818 [main] INFO  c.s.utils.helper.WebdriverHelper - Screen recording started
2026-09-01 00:27:07.146 [main] INFO  c.swaglabs.stepsDefs.LoginStepsDefs - User lands on the login page
2026-09-01 00:27:15.468 [main] INFO  c.swaglabs.stepsDefs.LoginStepsDefs - Login error message is displayed
2026-09-01 00:27:15.469 [main] INFO  com.swaglabs.hooks.Hooks - Scenario 'Login with empty credentials is rejected' PASSED.
2026-09-01 00:27:17.383 [main] INFO  c.s.managers.AppiumDriverManager - Local driver variables cleared
2026-09-01 00:27:17.383 [main] INFO  page_objects.PageObjectHelper - Page object instances cleared
2026-09-01 00:27:17.398 [main] INFO  com.swaglabs.hooks.Hooks - ******* Scenario: User can see the product catalog after login started *******
2026-09-01 00:27:17.399 [main] INFO  c.s.managers.AppiumServerManager - Appium server already running on 127.0.0.1:4723 - stopping to reuse clean state
2026-09-01 00:27:17.435 [main] INFO  c.s.managers.AppiumServerManager - Appium server stopped
2026-09-01 00:27:22.112 [main] INFO  c.s.managers.AppiumServerManager - Appium server started on http://127.0.0.1:4723
2026-09-01 00:27:22.167 [main] INFO  com.swaglabs.device.DeviceManager - Using Android device: b58c6ff4
2026-09-01 00:27:22.332 [main] INFO  c.s.managers.AppiumDriverManager - Starting Appium session: http://127.0.0.1:4723 with caps Capabilities {appium:adbExecTimeout: 20000, appium:app: C:\Users\family\Desktop\pro..., appium:appActivity: .MainActivity, appium:appPackage: com.juanforeroaxpo.saucedemo, appium:autoGrantPermissions: true, appium:automationName: UiAutomator2, appium:clearSystemFiles: true, appium:disableWindowAnimation: false, appium:newCommandTimeout: 250, appium:noSign: true, appium:udid: b58c6ff4, appium:uiautomator2ServerInstallTimeout: 20000, platformName: ANDROID}
2026-09-01 00:27:30.016 [main] INFO  c.s.utils.helper.WebdriverHelper - Screen recording started
2026-09-01 00:27:30.412 [main] INFO  c.swaglabs.stepsDefs.LoginStepsDefs - User lands on the login page
2026-09-01 00:27:36.899 [main] INFO  c.swaglabs.stepsDefs.LoginStepsDefs - Logged in as standard_user
2026-09-01 00:27:38.482 [main] INFO  c.s.stepsDefs.ProductsStepsDefs - Products page is displayed
2026-09-01 00:27:38.613 [main] INFO  c.s.stepsDefs.ProductsStepsDefs - Product catalog has 6 products
2026-09-01 00:27:38.615 [main] INFO  com.swaglabs.hooks.Hooks - Scenario 'User can see the product catalog after login' PASSED.
2026-09-01 00:27:40.702 [main] INFO  c.s.managers.AppiumDriverManager - Local driver variables cleared
2026-09-01 00:27:40.703 [main] INFO  page_objects.PageObjectHelper - Page object instances cleared
2026-09-01 00:27:40.709 [main] INFO  com.swaglabs.hooks.Hooks - ******* Scenario: User can add a product to the cart started *******
2026-09-01 00:27:40.710 [main] INFO  c.s.managers.AppiumServerManager - Appium server already running on 127.0.0.1:4723 - stopping to reuse clean state
2026-09-01 00:27:40.743 [main] INFO  c.s.managers.AppiumServerManager - Appium server stopped
2026-09-01 00:27:45.055 [main] INFO  c.s.managers.AppiumServerManager - Appium server started on http://127.0.0.1:4723
2026-09-01 00:27:45.144 [main] INFO  com.swaglabs.device.DeviceManager - Using Android device: b58c6ff4
2026-09-01 00:27:45.348 [main] INFO  c.s.managers.AppiumDriverManager - Starting Appium session: http://127.0.0.1:4723 with caps Capabilities {appium:adbExecTimeout: 20000, appium:app: C:\Users\family\Desktop\pro..., appium:appActivity: .MainActivity, appium:appPackage: com.juanforeroaxpo.saucedemo, appium:autoGrantPermissions: true, appium:automationName: UiAutomator2, appium:clearSystemFiles: true, appium:disableWindowAnimation: false, appium:newCommandTimeout: 250, appium:noSign: true, appium:udid: b58c6ff4, appium:uiautomator2ServerInstallTimeout: 20000, platformName: ANDROID}
2026-09-01 00:27:53.823 [main] INFO  c.s.utils.helper.WebdriverHelper - Screen recording started
2026-09-01 00:27:54.051 [main] INFO  c.swaglabs.stepsDefs.LoginStepsDefs - User lands on the login page
2026-09-01 00:28:00.760 [main] INFO  c.swaglabs.stepsDefs.LoginStepsDefs - Logged in as standard_user
2026-09-01 00:28:03.325 [main] INFO  c.s.stepsDefs.ProductsStepsDefs - Added product at position 0 to the cart
2026-09-01 00:28:03.463 [main] INFO  com.swaglabs.hooks.Hooks - Scenario 'User can add a product to the cart' PASSED.
2026-09-01 00:28:05.698 [main] INFO  c.s.managers.AppiumDriverManager - Local driver variables cleared
2026-09-01 00:28:05.698 [main] INFO  page_objects.PageObjectHelper - Page object instances cleared
2026-09-01 00:28:05.706 [main] INFO  com.swaglabs.hooks.Hooks - ******* Scenario: User can open a product and view its details started *******
2026-09-01 00:28:05.707 [main] INFO  c.s.managers.AppiumServerManager - Appium server already running on 127.0.0.1:4723 - stopping to reuse clean state
2026-09-01 00:28:05.779 [main] INFO  c.s.managers.AppiumServerManager - Appium server stopped
2026-09-01 00:28:11.681 [main] INFO  c.s.managers.AppiumServerManager - Appium server started on http://127.0.0.1:4723
2026-09-01 00:28:11.767 [main] INFO  com.swaglabs.device.DeviceManager - Using Android device: b58c6ff4
2026-09-01 00:28:11.959 [main] INFO  c.s.managers.AppiumDriverManager - Starting Appium session: http://127.0.0.1:4723 with caps Capabilities {appium:adbExecTimeout: 20000, appium:app: C:\Users\family\Desktop\pro..., appium:appActivity: .MainActivity, appium:appPackage: com.juanforeroaxpo.saucedemo, appium:autoGrantPermissions: true, appium:automationName: UiAutomator2, appium:clearSystemFiles: true, appium:disableWindowAnimation: false, appium:newCommandTimeout: 250, appium:noSign: true, appium:udid: b58c6ff4, appium:uiautomator2ServerInstallTimeout: 20000, platformName: ANDROID}
2026-09-01 00:28:20.161 [main] INFO  c.s.utils.helper.WebdriverHelper - Screen recording started
2026-09-01 00:28:20.517 [main] INFO  c.swaglabs.stepsDefs.LoginStepsDefs - User lands on the login page
2026-09-01 00:28:27.292 [main] INFO  c.swaglabs.stepsDefs.LoginStepsDefs - Logged in as standard_user
2026-09-01 00:28:28.927 [main] INFO  c.s.stepsDefs.ProductsStepsDefs - Tapped product at position 0
2026-09-01 00:28:30.268 [main] INFO  c.s.stepsDefs.ProductsStepsDefs - Product detail page is displayed
2026-09-01 00:28:30.376 [main] INFO  c.s.stepsDefs.ProductsStepsDefs - Product title: Sauce Labs Backpack
2026-09-01 00:28:30.377 [main] INFO  com.swaglabs.hooks.Hooks - Scenario 'User can open a product and view its details' PASSED.
2026-09-01 00:28:32.366 [main] INFO  c.s.managers.AppiumDriverManager - Local driver variables cleared
2026-09-01 00:28:32.366 [main] INFO  page_objects.PageObjectHelper - Page object instances cleared
2026-09-01 00:28:32.371 [main] INFO  com.swaglabs.hooks.Hooks - ******* Scenario: Products sorted by default (Name A-Z) started *******
2026-09-01 00:28:32.372 [main] INFO  c.s.managers.AppiumServerManager - Appium server already running on 127.0.0.1:4723 - stopping to reuse clean state
2026-09-01 00:28:32.397 [main] INFO  c.s.managers.AppiumServerManager - Appium server stopped
2026-09-01 00:28:35.907 [main] INFO  c.s.managers.AppiumServerManager - Appium server started on http://127.0.0.1:4723
2026-09-01 00:28:35.974 [main] INFO  com.swaglabs.device.DeviceManager - Using Android device: b58c6ff4
2026-09-01 00:28:36.158 [main] INFO  c.s.managers.AppiumDriverManager - Starting Appium session: http://127.0.0.1:4723 with caps Capabilities {appium:adbExecTimeout: 20000, appium:app: C:\Users\family\Desktop\pro..., appium:appActivity: .MainActivity, appium:appPackage: com.juanforeroaxpo.saucedemo, appium:autoGrantPermissions: true, appium:automationName: UiAutomator2, appium:clearSystemFiles: true, appium:disableWindowAnimation: false, appium:newCommandTimeout: 250, appium:noSign: true, appium:udid: b58c6ff4, appium:uiautomator2ServerInstallTimeout: 20000, platformName: ANDROID}
2026-09-01 00:28:43.746 [main] INFO  c.s.utils.helper.WebdriverHelper - Screen recording started
2026-09-01 00:28:44.051 [main] INFO  c.swaglabs.stepsDefs.LoginStepsDefs - User lands on the login page
2026-09-01 00:28:50.462 [main] INFO  c.swaglabs.stepsDefs.LoginStepsDefs - Logged in as standard_user
2026-09-01 00:31:10.856 [main] INFO  c.s.managers.PropertiesManager - Loaded properties file: src/main/resources/project_properties/project_config_local.properties
2026-09-01 00:31:10.875 [main] INFO  c.s.capabilities.CapabilityManager - Loaded capabilities from C:\Users\family\Desktop\projects\swag-labs-mobile-nwdfew/src/main/resources/caps/local.json
2026-09-01 00:31:10.875 [main] INFO  com.swaglabs.hooks.Hooks - Swag Labs automation started. Platform=android, Environment=local
2026-09-01 00:31:11.120 [main] INFO  com.swaglabs.hooks.Hooks - ******* Scenario: User can add an item to the cart and verify it started *******
2026-09-01 00:31:14.899 [main] INFO  c.s.managers.AppiumServerManager - Appium server started on http://127.0.0.1:4723
2026-09-01 00:31:15.001 [main] INFO  com.swaglabs.device.DeviceManager - Using Android device: b58c6ff4
2026-09-01 00:31:15.229 [main] INFO  c.s.managers.AppiumDriverManager - Starting Appium session: http://127.0.0.1:4723 with caps Capabilities {appium:adbExecTimeout: 20000, appium:app: C:\Users\family\Desktop\pro..., appium:appActivity: .MainActivity, appium:appPackage: com.juanforeroaxpo.saucedemo, appium:autoGrantPermissions: true, appium:automationName: UiAutomator2, appium:clearSystemFiles: true, appium:disableWindowAnimation: false, appium:newCommandTimeout: 250, appium:noSign: true, appium:udid: b58c6ff4, appium:uiautomator2ServerInstallTimeout: 20000, platformName: ANDROID}
2026-09-01 00:31:24.104 [main] INFO  c.s.utils.helper.WebdriverHelper - Screen recording started
2026-09-01 00:31:24.948 [main] INFO  c.swaglabs.stepsDefs.LoginStepsDefs - User lands on the login page
2026-09-01 00:31:31.350 [main] INFO  c.swaglabs.stepsDefs.LoginStepsDefs - Logged in as standard_user
2026-09-01 00:31:33.069 [main] INFO  c.s.stepsDefs.ProductsStepsDefs - Added product at position 0 to the cart
2026-09-01 00:31:34.438 [main] INFO  c.swaglabs.stepsDefs.CartStepsDefs - Opened the cart
2026-09-01 00:31:35.123 [main] INFO  c.swaglabs.stepsDefs.CartStepsDefs - Cart page is displayed
2026-09-01 00:31:35.212 [main] INFO  c.swaglabs.stepsDefs.CartStepsDefs - Cart has 1 item(s)
2026-09-01 00:31:35.215 [main] INFO  com.swaglabs.hooks.Hooks - Scenario 'User can add an item to the cart and verify it' PASSED.
2026-09-01 00:31:37.268 [main] INFO  c.s.managers.AppiumDriverManager - Local driver variables cleared
2026-09-01 00:31:37.269 [main] INFO  page_objects.PageObjectHelper - Page object instances cleared
2026-09-01 00:31:37.282 [main] INFO  com.swaglabs.hooks.Hooks - ******* Scenario: User can remove an item from the cart started *******
2026-09-01 00:31:37.283 [main] INFO  c.s.managers.AppiumServerManager - Appium server already running on 127.0.0.1:4723 - stopping to reuse clean state
2026-09-01 00:31:37.312 [main] INFO  c.s.managers.AppiumServerManager - Appium server stopped
2026-09-01 00:31:40.435 [main] INFO  c.s.managers.AppiumServerManager - Appium server started on http://127.0.0.1:4723
2026-09-01 00:31:40.484 [main] INFO  com.swaglabs.device.DeviceManager - Using Android device: b58c6ff4
2026-09-01 00:31:40.633 [main] INFO  c.s.managers.AppiumDriverManager - Starting Appium session: http://127.0.0.1:4723 with caps Capabilities {appium:adbExecTimeout: 20000, appium:app: C:\Users\family\Desktop\pro..., appium:appActivity: .MainActivity, appium:appPackage: com.juanforeroaxpo.saucedemo, appium:autoGrantPermissions: true, appium:automationName: UiAutomator2, appium:clearSystemFiles: true, appium:disableWindowAnimation: false, appium:newCommandTimeout: 250, appium:noSign: true, appium:udid: b58c6ff4, appium:uiautomator2ServerInstallTimeout: 20000, platformName: ANDROID}
2026-09-01 00:31:48.226 [main] INFO  c.s.utils.helper.WebdriverHelper - Screen recording started
2026-09-01 00:31:48.560 [main] INFO  c.swaglabs.stepsDefs.LoginStepsDefs - User lands on the login page
2026-09-01 00:31:54.954 [main] INFO  c.swaglabs.stepsDefs.LoginStepsDefs - Logged in as standard_user
2026-09-01 00:31:56.646 [main] INFO  c.s.stepsDefs.ProductsStepsDefs - Added product at position 0 to the cart
2026-09-01 00:31:57.578 [main] INFO  c.swaglabs.stepsDefs.CartStepsDefs - Opened the cart
2026-09-01 00:31:58.746 [main] INFO  c.swaglabs.stepsDefs.CartStepsDefs - Removed cart item at position 0
2026-09-01 00:31:59.798 [main] INFO  c.swaglabs.stepsDefs.CartStepsDefs - Cart is empty
2026-09-01 00:31:59.798 [main] INFO  com.swaglabs.hooks.Hooks - Scenario 'User can remove an item from the cart' PASSED.
2026-09-01 00:32:01.795 [main] INFO  c.s.managers.AppiumDriverManager - Local driver variables cleared
2026-09-01 00:32:01.795 [main] INFO  page_objects.PageObjectHelper - Page object instances cleared
2026-09-01 00:32:01.808 [main] INFO  com.swaglabs.hooks.Hooks - ******* Scenario: User completes a full purchase started *******
2026-09-01 00:32:01.808 [main] INFO  c.s.managers.AppiumServerManager - Appium server already running on 127.0.0.1:4723 - stopping to reuse clean state
2026-09-01 00:32:01.832 [main] INFO  c.s.managers.AppiumServerManager - Appium server stopped
2026-09-01 00:32:04.949 [main] INFO  c.s.managers.AppiumServerManager - Appium server started on http://127.0.0.1:4723
2026-09-01 00:32:04.999 [main] INFO  com.swaglabs.device.DeviceManager - Using Android device: b58c6ff4
2026-09-01 00:32:05.149 [main] INFO  c.s.managers.AppiumDriverManager - Starting Appium session: http://127.0.0.1:4723 with caps Capabilities {appium:adbExecTimeout: 20000, appium:app: C:\Users\family\Desktop\pro..., appium:appActivity: .MainActivity, appium:appPackage: com.juanforeroaxpo.saucedemo, appium:autoGrantPermissions: true, appium:automationName: UiAutomator2, appium:clearSystemFiles: true, appium:disableWindowAnimation: false, appium:newCommandTimeout: 250, appium:noSign: true, appium:udid: b58c6ff4, appium:uiautomator2ServerInstallTimeout: 20000, platformName: ANDROID}
2026-09-01 00:32:12.736 [main] INFO  c.s.utils.helper.WebdriverHelper - Screen recording started
2026-09-01 00:32:13.049 [main] INFO  c.swaglabs.stepsDefs.LoginStepsDefs - User lands on the login page
2026-09-01 00:32:19.913 [main] INFO  c.swaglabs.stepsDefs.LoginStepsDefs - Logged in as standard_user
2026-09-01 00:32:21.551 [main] INFO  c.s.stepsDefs.ProductsStepsDefs - Added product at position 0 to the cart
2026-09-01 00:32:22.720 [main] INFO  c.swaglabs.stepsDefs.CartStepsDefs - Opened the cart
2026-09-01 00:32:23.606 [main] INFO  c.s.stepsDefs.CheckoutStepsDefs - Proceeded to checkout
2026-09-01 00:32:24.483 [main] INFO  c.s.stepsDefs.CheckoutStepsDefs - Checkout info page is displayed
2026-09-01 00:32:33.053 [main] INFO  c.s.stepsDefs.CheckoutStepsDefs - Entered shipping info: John Doe 12345
2026-09-01 00:32:33.950 [main] INFO  c.s.stepsDefs.CheckoutStepsDefs - Continued to overview page
2026-09-01 00:32:35.628 [main] INFO  c.s.stepsDefs.CheckoutStepsDefs - Checkout overview page is displayed
2026-09-01 00:32:36.135 [main] INFO  c.s.stepsDefs.CheckoutStepsDefs - Finished the order
2026-09-01 00:32:37.766 [main] INFO  c.s.stepsDefs.CheckoutStepsDefs - Checkout completion page is displayed
2026-09-01 00:32:38.007 [main] INFO  c.s.stepsDefs.CheckoutStepsDefs - Went back home
2026-09-01 00:32:38.008 [main] INFO  com.swaglabs.hooks.Hooks - Scenario 'User completes a full purchase' PASSED.
2026-09-01 00:32:40.566 [main] INFO  c.s.managers.AppiumDriverManager - Local driver variables cleared
2026-09-01 00:32:40.566 [main] INFO  page_objects.PageObjectHelper - Page object instances cleared
2026-09-01 00:32:40.596 [main] INFO  com.swaglabs.hooks.Hooks - ******* Scenario: Standard user can log in successfully started *******
2026-09-01 00:32:40.597 [main] INFO  c.s.managers.AppiumServerManager - Appium server already running on 127.0.0.1:4723 - stopping to reuse clean state
2026-09-01 00:32:40.665 [main] INFO  c.s.managers.AppiumServerManager - Appium server stopped
2026-09-01 00:32:45.945 [main] INFO  c.s.managers.AppiumServerManager - Appium server started on http://127.0.0.1:4723
2026-09-01 00:32:46.018 [main] INFO  com.swaglabs.device.DeviceManager - Using Android device: b58c6ff4
2026-09-01 00:32:46.231 [main] INFO  c.s.managers.AppiumDriverManager - Starting Appium session: http://127.0.0.1:4723 with caps Capabilities {appium:adbExecTimeout: 20000, appium:app: C:\Users\family\Desktop\pro..., appium:appActivity: .MainActivity, appium:appPackage: com.juanforeroaxpo.saucedemo, appium:autoGrantPermissions: true, appium:automationName: UiAutomator2, appium:clearSystemFiles: true, appium:disableWindowAnimation: false, appium:newCommandTimeout: 250, appium:noSign: true, appium:udid: b58c6ff4, appium:uiautomator2ServerInstallTimeout: 20000, platformName: ANDROID}
2026-09-01 00:32:54.346 [main] INFO  c.s.utils.helper.WebdriverHelper - Screen recording started
2026-09-01 00:32:54.668 [main] INFO  c.swaglabs.stepsDefs.LoginStepsDefs - User lands on the login page
2026-09-01 00:33:01.248 [main] INFO  c.swaglabs.stepsDefs.LoginStepsDefs - Logged in as standard_user
2026-09-01 00:33:02.824 [main] INFO  c.s.stepsDefs.ProductsStepsDefs - Products page is displayed
2026-09-01 00:33:02.825 [main] INFO  com.swaglabs.hooks.Hooks - Scenario 'Standard user can log in successfully' PASSED.
2026-09-01 00:33:04.808 [main] INFO  c.s.managers.AppiumDriverManager - Local driver variables cleared
2026-09-01 00:33:04.808 [main] INFO  page_objects.PageObjectHelper - Page object instances cleared
2026-09-01 00:33:04.816 [main] INFO  com.swaglabs.hooks.Hooks - ******* Scenario: Locked out user is blocked from logging in started *******
2026-09-01 00:33:04.817 [main] INFO  c.s.managers.AppiumServerManager - Appium server already running on 127.0.0.1:4723 - stopping to reuse clean state
2026-09-01 00:33:04.848 [main] INFO  c.s.managers.AppiumServerManager - Appium server stopped
2026-09-01 00:33:09.499 [main] INFO  c.s.managers.AppiumServerManager - Appium server started on http://127.0.0.1:4723
2026-09-01 00:33:09.556 [main] INFO  com.swaglabs.device.DeviceManager - Using Android device: b58c6ff4
2026-09-01 00:33:09.742 [main] INFO  c.s.managers.AppiumDriverManager - Starting Appium session: http://127.0.0.1:4723 with caps Capabilities {appium:adbExecTimeout: 20000, appium:app: C:\Users\family\Desktop\pro..., appium:appActivity: .MainActivity, appium:appPackage: com.juanforeroaxpo.saucedemo, appium:autoGrantPermissions: true, appium:automationName: UiAutomator2, appium:clearSystemFiles: true, appium:disableWindowAnimation: false, appium:newCommandTimeout: 250, appium:noSign: true, appium:udid: b58c6ff4, appium:uiautomator2ServerInstallTimeout: 20000, platformName: ANDROID}
2026-09-01 00:33:17.732 [main] INFO  c.s.utils.helper.WebdriverHelper - Screen recording started
2026-09-01 00:33:17.979 [main] INFO  c.swaglabs.stepsDefs.LoginStepsDefs - User lands on the login page
2026-09-01 00:33:24.620 [main] INFO  c.swaglabs.stepsDefs.LoginStepsDefs - Logged in as locked_out_user
2026-09-01 00:33:46.040 [main] ERROR c.s.exceptions.ExceptionController - Assertion failed: Expected login error to contain 'Epic sadface: Sorry, this user has been locked out.' but was ''
2026-09-01 00:33:46.049 [main] INFO  com.swaglabs.hooks.Hooks - Scenario 'Locked out user is blocked from logging in' FAILED. Capturing screenshot...
2026-09-01 00:33:47.825 [main] INFO  c.s.utils.helper.WebdriverHelper - Recording saved and attached to failed scenario 'Locked out user is blocked from logging in'
2026-09-01 00:33:48.631 [main] INFO  c.s.managers.AppiumDriverManager - Local driver variables cleared
2026-09-01 00:33:48.632 [main] INFO  page_objects.PageObjectHelper - Page object instances cleared
2026-09-01 00:33:48.642 [main] INFO  com.swaglabs.hooks.Hooks - ******* Scenario: Login with empty credentials is rejected started *******
2026-09-01 00:33:48.642 [main] INFO  c.s.managers.AppiumServerManager - Appium server already running on 127.0.0.1:4723 - stopping to reuse clean state
2026-09-01 00:33:48.670 [main] INFO  c.s.managers.AppiumServerManager - Appium server stopped
2026-09-01 00:33:52.175 [main] INFO  c.s.managers.AppiumServerManager - Appium server started on http://127.0.0.1:4723
2026-09-01 00:33:52.231 [main] INFO  com.swaglabs.device.DeviceManager - Using Android device: b58c6ff4
2026-09-01 00:33:52.416 [main] INFO  c.s.managers.AppiumDriverManager - Starting Appium session: http://127.0.0.1:4723 with caps Capabilities {appium:adbExecTimeout: 20000, appium:app: C:\Users\family\Desktop\pro..., appium:appActivity: .MainActivity, appium:appPackage: com.juanforeroaxpo.saucedemo, appium:autoGrantPermissions: true, appium:automationName: UiAutomator2, appium:clearSystemFiles: true, appium:disableWindowAnimation: false, appium:newCommandTimeout: 250, appium:noSign: true, appium:udid: b58c6ff4, appium:uiautomator2ServerInstallTimeout: 20000, platformName: ANDROID}
2026-09-01 00:34:00.705 [main] INFO  c.s.utils.helper.WebdriverHelper - Screen recording started
2026-09-01 00:34:00.878 [main] INFO  c.swaglabs.stepsDefs.LoginStepsDefs - User lands on the login page
2026-09-01 00:34:07.931 [main] INFO  c.swaglabs.stepsDefs.LoginStepsDefs - Login error message is displayed
2026-09-01 00:34:07.933 [main] INFO  com.swaglabs.hooks.Hooks - Scenario 'Login with empty credentials is rejected' PASSED.
2026-09-01 00:34:09.714 [main] INFO  c.s.managers.AppiumDriverManager - Local driver variables cleared
2026-09-01 00:34:09.715 [main] INFO  page_objects.PageObjectHelper - Page object instances cleared
2026-09-01 00:34:09.726 [main] INFO  com.swaglabs.hooks.Hooks - ******* Scenario: User can see the product catalog after login started *******
2026-09-01 00:34:09.727 [main] INFO  c.s.managers.AppiumServerManager - Appium server already running on 127.0.0.1:4723 - stopping to reuse clean state
2026-09-01 00:34:09.749 [main] INFO  c.s.managers.AppiumServerManager - Appium server stopped
2026-09-01 00:34:13.551 [main] INFO  c.s.managers.AppiumServerManager - Appium server started on http://127.0.0.1:4723
2026-09-01 00:34:13.609 [main] INFO  com.swaglabs.device.DeviceManager - Using Android device: b58c6ff4
2026-09-01 00:34:13.783 [main] INFO  c.s.managers.AppiumDriverManager - Starting Appium session: http://127.0.0.1:4723 with caps Capabilities {appium:adbExecTimeout: 20000, appium:app: C:\Users\family\Desktop\pro..., appium:appActivity: .MainActivity, appium:appPackage: com.juanforeroaxpo.saucedemo, appium:autoGrantPermissions: true, appium:automationName: UiAutomator2, appium:clearSystemFiles: true, appium:disableWindowAnimation: false, appium:newCommandTimeout: 250, appium:noSign: true, appium:udid: b58c6ff4, appium:uiautomator2ServerInstallTimeout: 20000, platformName: ANDROID}
2026-09-01 00:34:21.599 [main] INFO  c.s.utils.helper.WebdriverHelper - Screen recording started
2026-09-01 00:34:21.965 [main] INFO  c.swaglabs.stepsDefs.LoginStepsDefs - User lands on the login page
2026-09-01 00:34:28.670 [main] INFO  c.swaglabs.stepsDefs.LoginStepsDefs - Logged in as standard_user
2026-09-01 00:34:30.258 [main] INFO  c.s.stepsDefs.ProductsStepsDefs - Products page is displayed
2026-09-01 00:34:30.389 [main] INFO  c.s.stepsDefs.ProductsStepsDefs - Product catalog has 6 products
2026-09-01 00:34:30.390 [main] INFO  com.swaglabs.hooks.Hooks - Scenario 'User can see the product catalog after login' PASSED.
2026-09-01 00:34:32.281 [main] INFO  c.s.managers.AppiumDriverManager - Local driver variables cleared
2026-09-01 00:34:32.281 [main] INFO  page_objects.PageObjectHelper - Page object instances cleared
2026-09-01 00:34:32.287 [main] INFO  com.swaglabs.hooks.Hooks - ******* Scenario: User can add a product to the cart started *******
2026-09-01 00:34:32.288 [main] INFO  c.s.managers.AppiumServerManager - Appium server already running on 127.0.0.1:4723 - stopping to reuse clean state
2026-09-01 00:34:32.319 [main] INFO  c.s.managers.AppiumServerManager - Appium server stopped
2026-09-01 00:34:36.999 [main] INFO  c.s.managers.AppiumServerManager - Appium server started on http://127.0.0.1:4723
2026-09-01 00:34:37.052 [main] INFO  com.swaglabs.device.DeviceManager - Using Android device: b58c6ff4
2026-09-01 00:34:37.216 [main] INFO  c.s.managers.AppiumDriverManager - Starting Appium session: http://127.0.0.1:4723 with caps Capabilities {appium:adbExecTimeout: 20000, appium:app: C:\Users\family\Desktop\pro..., appium:appActivity: .MainActivity, appium:appPackage: com.juanforeroaxpo.saucedemo, appium:autoGrantPermissions: true, appium:automationName: UiAutomator2, appium:clearSystemFiles: true, appium:disableWindowAnimation: false, appium:newCommandTimeout: 250, appium:noSign: true, appium:udid: b58c6ff4, appium:uiautomator2ServerInstallTimeout: 20000, platformName: ANDROID}
2026-09-01 00:34:45.208 [main] INFO  c.s.utils.helper.WebdriverHelper - Screen recording started
2026-09-01 00:34:45.533 [main] INFO  c.swaglabs.stepsDefs.LoginStepsDefs - User lands on the login page
2026-09-01 00:34:51.893 [main] INFO  c.swaglabs.stepsDefs.LoginStepsDefs - Logged in as standard_user
2026-09-01 00:34:53.547 [main] INFO  c.s.stepsDefs.ProductsStepsDefs - Added product at position 0 to the cart
2026-09-01 00:34:54.443 [main] INFO  com.swaglabs.hooks.Hooks - Scenario 'User can add a product to the cart' PASSED.
2026-09-01 00:34:56.403 [main] INFO  c.s.managers.AppiumDriverManager - Local driver variables cleared
2026-09-01 00:34:56.403 [main] INFO  page_objects.PageObjectHelper - Page object instances cleared
2026-09-01 00:34:56.406 [main] INFO  com.swaglabs.hooks.Hooks - ******* Scenario: User can open a product and view its details started *******
2026-09-01 00:34:56.406 [main] INFO  c.s.managers.AppiumServerManager - Appium server already running on 127.0.0.1:4723 - stopping to reuse clean state
2026-09-01 00:34:56.429 [main] INFO  c.s.managers.AppiumServerManager - Appium server stopped
2026-09-01 00:35:01.540 [main] INFO  c.s.managers.AppiumServerManager - Appium server started on http://127.0.0.1:4723
2026-09-01 00:35:01.609 [main] INFO  com.swaglabs.device.DeviceManager - Using Android device: b58c6ff4
2026-09-01 00:35:01.807 [main] INFO  c.s.managers.AppiumDriverManager - Starting Appium session: http://127.0.0.1:4723 with caps Capabilities {appium:adbExecTimeout: 20000, appium:app: C:\Users\family\Desktop\pro..., appium:appActivity: .MainActivity, appium:appPackage: com.juanforeroaxpo.saucedemo, appium:autoGrantPermissions: true, appium:automationName: UiAutomator2, appium:clearSystemFiles: true, appium:disableWindowAnimation: false, appium:newCommandTimeout: 250, appium:noSign: true, appium:udid: b58c6ff4, appium:uiautomator2ServerInstallTimeout: 20000, platformName: ANDROID}
2026-09-01 00:35:09.477 [main] INFO  c.s.utils.helper.WebdriverHelper - Screen recording started
2026-09-01 00:35:09.788 [main] INFO  c.swaglabs.stepsDefs.LoginStepsDefs - User lands on the login page
2026-09-01 00:35:16.335 [main] INFO  c.swaglabs.stepsDefs.LoginStepsDefs - Logged in as standard_user
2026-09-01 00:35:18.043 [main] INFO  c.s.stepsDefs.ProductsStepsDefs - Tapped product at position 0
2026-09-01 00:35:18.891 [main] INFO  c.s.stepsDefs.ProductsStepsDefs - Product detail page is displayed
2026-09-01 00:35:19.017 [main] INFO  c.s.stepsDefs.ProductsStepsDefs - Product title: Sauce Labs Backpack
2026-09-01 00:35:19.018 [main] INFO  com.swaglabs.hooks.Hooks - Scenario 'User can open a product and view its details' PASSED.
2026-09-01 00:35:21.029 [main] INFO  c.s.managers.AppiumDriverManager - Local driver variables cleared
2026-09-01 00:35:21.030 [main] INFO  page_objects.PageObjectHelper - Page object instances cleared
2026-09-01 00:35:21.042 [main] INFO  com.swaglabs.hooks.Hooks - ******* Scenario: Products sorted by default (Name A-Z) started *******
2026-09-01 00:35:21.043 [main] INFO  c.s.managers.AppiumServerManager - Appium server already running on 127.0.0.1:4723 - stopping to reuse clean state
2026-09-01 00:35:21.099 [main] INFO  c.s.managers.AppiumServerManager - Appium server stopped
2026-09-01 00:35:25.515 [main] INFO  c.s.managers.AppiumServerManager - Appium server started on http://127.0.0.1:4723
2026-09-01 00:35:25.573 [main] INFO  com.swaglabs.device.DeviceManager - Using Android device: b58c6ff4
2026-09-01 00:35:25.758 [main] INFO  c.s.managers.AppiumDriverManager - Starting Appium session: http://127.0.0.1:4723 with caps Capabilities {appium:adbExecTimeout: 20000, appium:app: C:\Users\family\Desktop\pro..., appium:appActivity: .MainActivity, appium:appPackage: com.juanforeroaxpo.saucedemo, appium:autoGrantPermissions: true, appium:automationName: UiAutomator2, appium:clearSystemFiles: true, appium:disableWindowAnimation: false, appium:newCommandTimeout: 250, appium:noSign: true, appium:udid: b58c6ff4, appium:uiautomator2ServerInstallTimeout: 20000, platformName: ANDROID}
2026-09-01 00:35:34.191 [main] INFO  c.s.utils.helper.WebdriverHelper - Screen recording started
2026-09-01 00:35:34.459 [main] INFO  c.swaglabs.stepsDefs.LoginStepsDefs - User lands on the login page
2026-09-01 00:35:41.249 [main] INFO  c.swaglabs.stepsDefs.LoginStepsDefs - Logged in as standard_user
2026-09-01 00:36:23.801 [main] INFO  c.s.stepsDefs.ProductsStepsDefs - Verified products sorted by Name A-Z
2026-09-01 00:36:23.802 [main] INFO  com.swaglabs.hooks.Hooks - Scenario 'Products sorted by default (Name A-Z)' PASSED.
2026-09-01 00:36:25.846 [main] INFO  c.s.managers.AppiumDriverManager - Local driver variables cleared
2026-09-01 00:36:25.846 [main] INFO  page_objects.PageObjectHelper - Page object instances cleared
2026-09-01 00:36:25.887 [main] INFO  c.s.managers.AppiumServerManager - Appium server stopped
2026-09-01 00:36:25.887 [main] INFO  com.swaglabs.hooks.Hooks - Swag Labs automation finished.
2026-09-01 00:37:58.860 [main] INFO  c.s.managers.PropertiesManager - Loaded properties file: src/main/resources/project_properties/project_config_local.properties
2026-09-01 00:37:58.872 [main] INFO  c.s.capabilities.CapabilityManager - Loaded capabilities from C:\Users\family\Desktop\projects\swag-labs-mobile-nwdfew/src/main/resources/caps/local.json
2026-09-01 00:37:58.872 [main] INFO  com.swaglabs.hooks.Hooks - Swag Labs automation started. Platform=android, Environment=local
2026-09-01 00:37:59.108 [main] INFO  com.swaglabs.hooks.Hooks - ******* Scenario: User can add an item to the cart and verify it started *******
2026-09-01 00:38:02.742 [main] INFO  c.s.managers.AppiumServerManager - Appium server started on http://127.0.0.1:4723
2026-09-01 00:38:02.823 [main] INFO  com.swaglabs.device.DeviceManager - Using Android device: b58c6ff4
2026-09-01 00:38:03.057 [main] INFO  c.s.managers.AppiumDriverManager - Starting Appium session: http://127.0.0.1:4723 with caps Capabilities {appium:adbExecTimeout: 20000, appium:app: C:\Users\family\Desktop\pro..., appium:appActivity: .MainActivity, appium:appPackage: com.juanforeroaxpo.saucedemo, appium:autoGrantPermissions: true, appium:automationName: UiAutomator2, appium:clearSystemFiles: true, appium:disableWindowAnimation: false, appium:newCommandTimeout: 250, appium:noSign: true, appium:udid: b58c6ff4, appium:uiautomator2ServerInstallTimeout: 20000, platformName: ANDROID}
2026-09-01 00:38:10.891 [main] INFO  c.s.utils.helper.WebdriverHelper - Screen recording started
2026-09-01 00:38:11.536 [main] INFO  c.swaglabs.stepsDefs.LoginStepsDefs - User lands on the login page
2026-09-01 00:38:17.936 [main] INFO  c.swaglabs.stepsDefs.LoginStepsDefs - Logged in as standard_user
2026-09-01 00:38:19.613 [main] INFO  c.s.stepsDefs.ProductsStepsDefs - Added product at position 0 to the cart
2026-09-01 00:38:20.542 [main] INFO  c.swaglabs.stepsDefs.CartStepsDefs - Opened the cart
2026-09-01 00:38:21.217 [main] INFO  c.swaglabs.stepsDefs.CartStepsDefs - Cart page is displayed
2026-09-01 00:38:21.315 [main] INFO  c.swaglabs.stepsDefs.CartStepsDefs - Cart has 1 item(s)
2026-09-01 00:38:21.316 [main] INFO  com.swaglabs.hooks.Hooks - Scenario 'User can add an item to the cart and verify it' PASSED.
2026-09-01 00:38:23.248 [main] INFO  c.s.managers.AppiumDriverManager - Local driver variables cleared
2026-09-01 00:38:23.248 [main] INFO  page_objects.PageObjectHelper - Page object instances cleared
2026-09-01 00:38:23.255 [main] INFO  com.swaglabs.hooks.Hooks - ******* Scenario: User can remove an item from the cart started *******
2026-09-01 00:38:23.256 [main] INFO  c.s.managers.AppiumServerManager - Appium server already running on 127.0.0.1:4723 - stopping to reuse clean state
2026-09-01 00:38:23.277 [main] INFO  c.s.managers.AppiumServerManager - Appium server stopped
2026-09-01 00:38:26.068 [main] INFO  c.s.managers.AppiumServerManager - Appium server started on http://127.0.0.1:4723
2026-09-01 00:38:26.117 [main] INFO  com.swaglabs.device.DeviceManager - Using Android device: b58c6ff4
2026-09-01 00:38:26.281 [main] INFO  c.s.managers.AppiumDriverManager - Starting Appium session: http://127.0.0.1:4723 with caps Capabilities {appium:adbExecTimeout: 20000, appium:app: C:\Users\family\Desktop\pro..., appium:appActivity: .MainActivity, appium:appPackage: com.juanforeroaxpo.saucedemo, appium:autoGrantPermissions: true, appium:automationName: UiAutomator2, appium:clearSystemFiles: true, appium:disableWindowAnimation: false, appium:newCommandTimeout: 250, appium:noSign: true, appium:udid: b58c6ff4, appium:uiautomator2ServerInstallTimeout: 20000, platformName: ANDROID}
2026-09-01 00:38:33.631 [main] INFO  c.s.utils.helper.WebdriverHelper - Screen recording started
2026-09-01 00:38:33.939 [main] INFO  c.swaglabs.stepsDefs.LoginStepsDefs - User lands on the login page
2026-09-01 00:38:40.392 [main] INFO  c.swaglabs.stepsDefs.LoginStepsDefs - Logged in as standard_user
2026-09-01 00:38:42.635 [main] INFO  c.s.stepsDefs.ProductsStepsDefs - Added product at position 0 to the cart
2026-09-01 00:38:43.547 [main] INFO  c.swaglabs.stepsDefs.CartStepsDefs - Opened the cart
2026-09-01 00:38:44.668 [main] INFO  c.swaglabs.stepsDefs.CartStepsDefs - Removed cart item at position 0
2026-09-01 00:38:45.591 [main] INFO  c.swaglabs.stepsDefs.CartStepsDefs - Cart is empty
2026-09-01 00:38:45.592 [main] INFO  com.swaglabs.hooks.Hooks - Scenario 'User can remove an item from the cart' PASSED.
2026-09-01 00:38:47.611 [main] INFO  c.s.managers.AppiumDriverManager - Local driver variables cleared
2026-09-01 00:38:47.611 [main] INFO  page_objects.PageObjectHelper - Page object instances cleared
2026-09-01 00:38:47.625 [main] INFO  com.swaglabs.hooks.Hooks - ******* Scenario: User completes a full purchase started *******
2026-09-01 00:38:47.626 [main] INFO  c.s.managers.AppiumServerManager - Appium server already running on 127.0.0.1:4723 - stopping to reuse clean state
2026-09-01 00:38:47.661 [main] INFO  c.s.managers.AppiumServerManager - Appium server stopped
2026-09-01 00:38:50.825 [main] INFO  c.s.managers.AppiumServerManager - Appium server started on http://127.0.0.1:4723
2026-09-01 00:38:50.881 [main] INFO  com.swaglabs.device.DeviceManager - Using Android device: b58c6ff4
2026-09-01 00:38:51.037 [main] INFO  c.s.managers.AppiumDriverManager - Starting Appium session: http://127.0.0.1:4723 with caps Capabilities {appium:adbExecTimeout: 20000, appium:app: C:\Users\family\Desktop\pro..., appium:appActivity: .MainActivity, appium:appPackage: com.juanforeroaxpo.saucedemo, appium:autoGrantPermissions: true, appium:automationName: UiAutomator2, appium:clearSystemFiles: true, appium:disableWindowAnimation: false, appium:newCommandTimeout: 250, appium:noSign: true, appium:udid: b58c6ff4, appium:uiautomator2ServerInstallTimeout: 20000, platformName: ANDROID}
2026-09-01 00:38:58.508 [main] INFO  c.s.utils.helper.WebdriverHelper - Screen recording started
2026-09-01 00:38:58.829 [main] INFO  c.swaglabs.stepsDefs.LoginStepsDefs - User lands on the login page
2026-09-01 00:39:05.115 [main] INFO  c.swaglabs.stepsDefs.LoginStepsDefs - Logged in as standard_user
2026-09-01 00:39:06.601 [main] INFO  c.s.stepsDefs.ProductsStepsDefs - Added product at position 0 to the cart
2026-09-01 00:39:07.520 [main] INFO  c.swaglabs.stepsDefs.CartStepsDefs - Opened the cart
2026-09-01 00:39:08.406 [main] INFO  c.s.stepsDefs.CheckoutStepsDefs - Proceeded to checkout
2026-09-01 00:39:09.250 [main] INFO  c.s.stepsDefs.CheckoutStepsDefs - Checkout info page is displayed
2026-09-01 00:39:17.872 [main] INFO  c.s.stepsDefs.CheckoutStepsDefs - Entered shipping info: John Doe 12345
2026-09-01 00:39:18.766 [main] INFO  c.s.stepsDefs.CheckoutStepsDefs - Continued to overview page
2026-09-01 00:39:20.442 [main] INFO  c.s.stepsDefs.CheckoutStepsDefs - Checkout overview page is displayed
2026-09-01 00:39:20.919 [main] INFO  c.s.stepsDefs.CheckoutStepsDefs - Finished the order
2026-09-01 00:39:22.474 [main] INFO  c.s.stepsDefs.CheckoutStepsDefs - Checkout completion page is displayed
2026-09-01 00:39:22.673 [main] INFO  c.s.stepsDefs.CheckoutStepsDefs - Went back home
2026-09-01 00:39:22.674 [main] INFO  com.swaglabs.hooks.Hooks - Scenario 'User completes a full purchase' PASSED.
2026-09-01 00:39:24.688 [main] INFO  c.s.managers.AppiumDriverManager - Local driver variables cleared
2026-09-01 00:39:24.688 [main] INFO  page_objects.PageObjectHelper - Page object instances cleared
2026-09-01 00:39:24.698 [main] INFO  com.swaglabs.hooks.Hooks - ******* Scenario: Standard user can log in successfully started *******
2026-09-01 00:39:24.699 [main] INFO  c.s.managers.AppiumServerManager - Appium server already running on 127.0.0.1:4723 - stopping to reuse clean state
2026-09-01 00:39:24.727 [main] INFO  c.s.managers.AppiumServerManager - Appium server stopped
2026-09-01 00:39:27.533 [main] INFO  c.s.managers.AppiumServerManager - Appium server started on http://127.0.0.1:4723
2026-09-01 00:39:27.586 [main] INFO  com.swaglabs.device.DeviceManager - Using Android device: b58c6ff4
2026-09-01 00:39:27.745 [main] INFO  c.s.managers.AppiumDriverManager - Starting Appium session: http://127.0.0.1:4723 with caps Capabilities {appium:adbExecTimeout: 20000, appium:app: C:\Users\family\Desktop\pro..., appium:appActivity: .MainActivity, appium:appPackage: com.juanforeroaxpo.saucedemo, appium:autoGrantPermissions: true, appium:automationName: UiAutomator2, appium:clearSystemFiles: true, appium:disableWindowAnimation: false, appium:newCommandTimeout: 250, appium:noSign: true, appium:udid: b58c6ff4, appium:uiautomator2ServerInstallTimeout: 20000, platformName: ANDROID}
2026-09-01 00:39:35.071 [main] INFO  c.s.utils.helper.WebdriverHelper - Screen recording started
2026-09-01 00:39:35.403 [main] INFO  c.swaglabs.stepsDefs.LoginStepsDefs - User lands on the login page
2026-09-01 00:39:42.141 [main] INFO  c.swaglabs.stepsDefs.LoginStepsDefs - Logged in as standard_user
2026-09-01 00:39:44.039 [main] INFO  c.s.stepsDefs.ProductsStepsDefs - Products page is displayed
2026-09-01 00:39:44.040 [main] INFO  com.swaglabs.hooks.Hooks - Scenario 'Standard user can log in successfully' PASSED.
2026-09-01 00:39:46.213 [main] INFO  c.s.managers.AppiumDriverManager - Local driver variables cleared
2026-09-01 00:39:46.213 [main] INFO  page_objects.PageObjectHelper - Page object instances cleared
2026-09-01 00:39:46.217 [main] INFO  com.swaglabs.hooks.Hooks - ******* Scenario: Locked out user is blocked from logging in started *******
2026-09-01 00:39:46.218 [main] INFO  c.s.managers.AppiumServerManager - Appium server already running on 127.0.0.1:4723 - stopping to reuse clean state
2026-09-01 00:39:46.242 [main] INFO  c.s.managers.AppiumServerManager - Appium server stopped
2026-09-01 00:39:49.345 [main] INFO  c.s.managers.AppiumServerManager - Appium server started on http://127.0.0.1:4723
2026-09-01 00:39:49.394 [main] INFO  com.swaglabs.device.DeviceManager - Using Android device: b58c6ff4
2026-09-01 00:39:49.539 [main] INFO  c.s.managers.AppiumDriverManager - Starting Appium session: http://127.0.0.1:4723 with caps Capabilities {appium:adbExecTimeout: 20000, appium:app: C:\Users\family\Desktop\pro..., appium:appActivity: .MainActivity, appium:appPackage: com.juanforeroaxpo.saucedemo, appium:autoGrantPermissions: true, appium:automationName: UiAutomator2, appium:clearSystemFiles: true, appium:disableWindowAnimation: false, appium:newCommandTimeout: 250, appium:noSign: true, appium:udid: b58c6ff4, appium:uiautomator2ServerInstallTimeout: 20000, platformName: ANDROID}
2026-09-01 00:39:57.344 [main] INFO  c.s.utils.helper.WebdriverHelper - Screen recording started
2026-09-01 00:39:57.520 [main] INFO  c.swaglabs.stepsDefs.LoginStepsDefs - User lands on the login page
2026-09-01 00:40:04.207 [main] INFO  c.swaglabs.stepsDefs.LoginStepsDefs - Logged in as locked_out_user
2026-09-01 00:40:26.067 [main] ERROR c.s.exceptions.ExceptionController - Assertion failed: Expected login error to contain 'Epic sadface: Sorry, this user has been locked out.' but was ''
2026-09-01 00:40:26.080 [main] INFO  com.swaglabs.hooks.Hooks - Scenario 'Locked out user is blocked from logging in' FAILED. Capturing screenshot...
2026-09-01 00:40:27.799 [main] INFO  c.s.utils.helper.WebdriverHelper - Recording saved and attached to failed scenario 'Locked out user is blocked from logging in'
2026-09-01 00:40:28.606 [main] INFO  c.s.managers.AppiumDriverManager - Local driver variables cleared
2026-09-01 00:40:28.606 [main] INFO  page_objects.PageObjectHelper - Page object instances cleared
2026-09-01 00:40:28.615 [main] INFO  com.swaglabs.hooks.Hooks - ******* Scenario: Login with empty credentials is rejected started *******
2026-09-01 00:40:28.616 [main] INFO  c.s.managers.AppiumServerManager - Appium server already running on 127.0.0.1:4723 - stopping to reuse clean state
2026-09-01 00:40:28.639 [main] INFO  c.s.managers.AppiumServerManager - Appium server stopped
2026-09-01 00:40:31.493 [main] INFO  c.s.managers.AppiumServerManager - Appium server started on http://127.0.0.1:4723
2026-09-01 00:40:31.540 [main] INFO  com.swaglabs.device.DeviceManager - Using Android device: b58c6ff4
2026-09-01 00:40:31.693 [main] INFO  c.s.managers.AppiumDriverManager - Starting Appium session: http://127.0.0.1:4723 with caps Capabilities {appium:adbExecTimeout: 20000, appium:app: C:\Users\family\Desktop\pro..., appium:appActivity: .MainActivity, appium:appPackage: com.juanforeroaxpo.saucedemo, appium:autoGrantPermissions: true, appium:automationName: UiAutomator2, appium:clearSystemFiles: true, appium:disableWindowAnimation: false, appium:newCommandTimeout: 250, appium:noSign: true, appium:udid: b58c6ff4, appium:uiautomator2ServerInstallTimeout: 20000, platformName: ANDROID}
2026-09-01 00:40:38.804 [main] INFO  c.s.utils.helper.WebdriverHelper - Screen recording started
2026-09-01 00:40:39.095 [main] INFO  c.swaglabs.stepsDefs.LoginStepsDefs - User lands on the login page
2026-09-01 00:40:46.677 [main] INFO  c.swaglabs.stepsDefs.LoginStepsDefs - Login error message is displayed
2026-09-01 00:40:46.678 [main] INFO  com.swaglabs.hooks.Hooks - Scenario 'Login with empty credentials is rejected' PASSED.
2026-09-01 00:40:48.860 [main] INFO  c.s.managers.AppiumDriverManager - Local driver variables cleared
2026-09-01 00:40:48.860 [main] INFO  page_objects.PageObjectHelper - Page object instances cleared
2026-09-01 00:40:48.871 [main] INFO  com.swaglabs.hooks.Hooks - ******* Scenario: User can see the product catalog after login started *******
2026-09-01 00:40:48.872 [main] INFO  c.s.managers.AppiumServerManager - Appium server already running on 127.0.0.1:4723 - stopping to reuse clean state
2026-09-01 00:40:48.896 [main] INFO  c.s.managers.AppiumServerManager - Appium server stopped
2026-09-01 00:40:52.318 [main] INFO  c.s.managers.AppiumServerManager - Appium server started on http://127.0.0.1:4723
2026-09-01 00:40:52.365 [main] INFO  com.swaglabs.device.DeviceManager - Using Android device: b58c6ff4
2026-09-01 00:40:52.517 [main] INFO  c.s.managers.AppiumDriverManager - Starting Appium session: http://127.0.0.1:4723 with caps Capabilities {appium:adbExecTimeout: 20000, appium:app: C:\Users\family\Desktop\pro..., appium:appActivity: .MainActivity, appium:appPackage: com.juanforeroaxpo.saucedemo, appium:autoGrantPermissions: true, appium:automationName: UiAutomator2, appium:clearSystemFiles: true, appium:disableWindowAnimation: false, appium:newCommandTimeout: 250, appium:noSign: true, appium:udid: b58c6ff4, appium:uiautomator2ServerInstallTimeout: 20000, platformName: ANDROID}
2026-09-01 00:40:59.904 [main] INFO  c.s.utils.helper.WebdriverHelper - Screen recording started
2026-09-01 00:41:00.105 [main] INFO  c.swaglabs.stepsDefs.LoginStepsDefs - User lands on the login page
2026-09-01 00:41:06.291 [main] INFO  c.swaglabs.stepsDefs.LoginStepsDefs - Logged in as standard_user
2026-09-01 00:41:07.908 [main] INFO  c.s.stepsDefs.ProductsStepsDefs - Products page is displayed
2026-09-01 00:41:08.037 [main] INFO  c.s.stepsDefs.ProductsStepsDefs - Product catalog has 6 products
2026-09-01 00:41:08.037 [main] INFO  com.swaglabs.hooks.Hooks - Scenario 'User can see the product catalog after login' PASSED.
2026-09-01 00:41:10.009 [main] INFO  c.s.managers.AppiumDriverManager - Local driver variables cleared
2026-09-01 00:41:10.010 [main] INFO  page_objects.PageObjectHelper - Page object instances cleared
2026-09-01 00:41:10.013 [main] INFO  com.swaglabs.hooks.Hooks - ******* Scenario: User can add a product to the cart started *******
2026-09-01 00:41:10.014 [main] INFO  c.s.managers.AppiumServerManager - Appium server already running on 127.0.0.1:4723 - stopping to reuse clean state
2026-09-01 00:41:10.045 [main] INFO  c.s.managers.AppiumServerManager - Appium server stopped
2026-09-01 00:41:12.838 [main] INFO  c.s.managers.AppiumServerManager - Appium server started on http://127.0.0.1:4723
2026-09-01 00:41:12.891 [main] INFO  com.swaglabs.device.DeviceManager - Using Android device: b58c6ff4
2026-09-01 00:41:13.036 [main] INFO  c.s.managers.AppiumDriverManager - Starting Appium session: http://127.0.0.1:4723 with caps Capabilities {appium:adbExecTimeout: 20000, appium:app: C:\Users\family\Desktop\pro..., appium:appActivity: .MainActivity, appium:appPackage: com.juanforeroaxpo.saucedemo, appium:autoGrantPermissions: true, appium:automationName: UiAutomator2, appium:clearSystemFiles: true, appium:disableWindowAnimation: false, appium:newCommandTimeout: 250, appium:noSign: true, appium:udid: b58c6ff4, appium:uiautomator2ServerInstallTimeout: 20000, platformName: ANDROID}
2026-09-01 00:41:20.222 [main] INFO  c.s.utils.helper.WebdriverHelper - Screen recording started
2026-09-01 00:41:20.508 [main] INFO  c.swaglabs.stepsDefs.LoginStepsDefs - User lands on the login page
2026-09-01 00:41:27.357 [main] INFO  c.swaglabs.stepsDefs.LoginStepsDefs - Logged in as standard_user
2026-09-01 00:41:29.010 [main] INFO  c.s.stepsDefs.ProductsStepsDefs - Added product at position 0 to the cart
2026-09-01 00:41:29.924 [main] INFO  com.swaglabs.hooks.Hooks - Scenario 'User can add a product to the cart' PASSED.
2026-09-01 00:41:31.852 [main] INFO  c.s.managers.AppiumDriverManager - Local driver variables cleared
2026-09-01 00:41:31.852 [main] INFO  page_objects.PageObjectHelper - Page object instances cleared
2026-09-01 00:41:31.856 [main] INFO  com.swaglabs.hooks.Hooks - ******* Scenario: User can open a product and view its details started *******
2026-09-01 00:41:31.857 [main] INFO  c.s.managers.AppiumServerManager - Appium server already running on 127.0.0.1:4723 - stopping to reuse clean state
2026-09-01 00:41:31.897 [main] INFO  c.s.managers.AppiumServerManager - Appium server stopped
2026-09-01 00:41:35.975 [main] INFO  c.s.managers.AppiumServerManager - Appium server started on http://127.0.0.1:4723
2026-09-01 00:41:36.023 [main] INFO  com.swaglabs.device.DeviceManager - Using Android device: b58c6ff4
2026-09-01 00:41:36.176 [main] INFO  c.s.managers.AppiumDriverManager - Starting Appium session: http://127.0.0.1:4723 with caps Capabilities {appium:adbExecTimeout: 20000, appium:app: C:\Users\family\Desktop\pro..., appium:appActivity: .MainActivity, appium:appPackage: com.juanforeroaxpo.saucedemo, appium:autoGrantPermissions: true, appium:automationName: UiAutomator2, appium:clearSystemFiles: true, appium:disableWindowAnimation: false, appium:newCommandTimeout: 250, appium:noSign: true, appium:udid: b58c6ff4, appium:uiautomator2ServerInstallTimeout: 20000, platformName: ANDROID}
2026-09-01 00:41:43.950 [main] INFO  c.s.utils.helper.WebdriverHelper - Screen recording started
2026-09-01 00:41:44.239 [main] INFO  c.swaglabs.stepsDefs.LoginStepsDefs - User lands on the login page
2026-09-01 00:41:50.611 [main] INFO  c.swaglabs.stepsDefs.LoginStepsDefs - Logged in as standard_user
2026-09-01 00:41:52.250 [main] INFO  c.s.stepsDefs.ProductsStepsDefs - Tapped product at position 0
2026-09-01 00:41:53.092 [main] INFO  c.s.stepsDefs.ProductsStepsDefs - Product detail page is displayed
2026-09-01 00:41:53.667 [main] INFO  c.s.stepsDefs.ProductsStepsDefs - Product title: Sauce Labs Backpack
2026-09-01 00:41:53.667 [main] INFO  com.swaglabs.hooks.Hooks - Scenario 'User can open a product and view its details' PASSED.
2026-09-01 00:41:55.708 [main] INFO  c.s.managers.AppiumDriverManager - Local driver variables cleared
2026-09-01 00:41:55.708 [main] INFO  page_objects.PageObjectHelper - Page object instances cleared
2026-09-01 00:41:55.715 [main] INFO  com.swaglabs.hooks.Hooks - ******* Scenario: Products sorted by default (Name A-Z) started *******
2026-09-01 00:41:55.717 [main] INFO  c.s.managers.AppiumServerManager - Appium server already running on 127.0.0.1:4723 - stopping to reuse clean state
2026-09-01 00:41:55.749 [main] INFO  c.s.managers.AppiumServerManager - Appium server stopped
2026-09-01 00:42:02.708 [main] INFO  c.s.managers.AppiumServerManager - Appium server started on http://127.0.0.1:4723
2026-09-01 00:42:02.785 [main] INFO  com.swaglabs.device.DeviceManager - Using Android device: b58c6ff4
2026-09-01 00:42:03.003 [main] INFO  c.s.managers.AppiumDriverManager - Starting Appium session: http://127.0.0.1:4723 with caps Capabilities {appium:adbExecTimeout: 20000, appium:app: C:\Users\family\Desktop\pro..., appium:appActivity: .MainActivity, appium:appPackage: com.juanforeroaxpo.saucedemo, appium:autoGrantPermissions: true, appium:automationName: UiAutomator2, appium:clearSystemFiles: true, appium:disableWindowAnimation: false, appium:newCommandTimeout: 250, appium:noSign: true, appium:udid: b58c6ff4, appium:uiautomator2ServerInstallTimeout: 20000, platformName: ANDROID}
2026-09-01 00:42:12.115 [main] INFO  c.s.utils.helper.WebdriverHelper - Screen recording started
2026-09-01 00:42:12.936 [main] INFO  c.swaglabs.stepsDefs.LoginStepsDefs - User lands on the login page
2026-09-01 00:42:19.415 [main] INFO  c.swaglabs.stepsDefs.LoginStepsDefs - Logged in as standard_user
2026-09-01 00:51:20.732 [main] INFO  c.s.managers.PropertiesManager - Loaded properties file: src/main/resources/project_properties/project_config_local.properties
2026-09-01 00:51:20.762 [main] INFO  c.s.capabilities.CapabilityManager - Loaded capabilities from C:\Users\family\Desktop\projects\swag-labs-mobile-nwdfew/src/main/resources/caps/local.json
2026-09-01 00:51:20.763 [main] INFO  com.swaglabs.hooks.Hooks - Swag Labs automation started. Platform=android, Environment=local
2026-09-01 00:51:21.166 [main] INFO  com.swaglabs.hooks.Hooks - ******* Scenario: User can add an item to the cart and verify it started *******
2026-09-01 00:51:28.709 [main] INFO  c.s.managers.AppiumServerManager - Appium server started on http://127.0.0.1:4723
2026-09-01 00:51:28.900 [main] INFO  com.swaglabs.device.DeviceManager - Using Android device: b58c6ff4
2026-09-01 00:51:29.211 [main] INFO  c.s.managers.AppiumDriverManager - Starting Appium session: http://127.0.0.1:4723 with caps Capabilities {appium:adbExecTimeout: 20000, appium:app: C:\Users\family\Desktop\pro..., appium:appActivity: .MainActivity, appium:appPackage: com.juanforeroaxpo.saucedemo, appium:autoGrantPermissions: true, appium:automationName: UiAutomator2, appium:clearSystemFiles: true, appium:disableWindowAnimation: false, appium:newCommandTimeout: 250, appium:noSign: true, appium:udid: b58c6ff4, appium:uiautomator2ServerInstallTimeout: 20000, platformName: ANDROID}
2026-09-01 00:51:40.031 [main] INFO  c.s.utils.helper.WebdriverHelper - Screen recording started
2026-09-01 00:51:40.892 [main] INFO  c.swaglabs.stepsDefs.LoginStepsDefs - User lands on the login page
2026-09-01 00:51:47.423 [main] INFO  c.swaglabs.stepsDefs.LoginStepsDefs - Logged in as standard_user
2026-09-01 00:51:49.087 [main] INFO  c.s.stepsDefs.ProductsStepsDefs - Added product at position 0 to the cart
2026-09-01 00:51:50.051 [main] INFO  c.swaglabs.stepsDefs.CartStepsDefs - Opened the cart
2026-09-01 00:51:50.757 [main] INFO  c.swaglabs.stepsDefs.CartStepsDefs - Cart page is displayed
2026-09-01 00:51:50.870 [main] INFO  c.swaglabs.stepsDefs.CartStepsDefs - Cart has 1 item(s)
2026-09-01 00:51:50.875 [main] INFO  com.swaglabs.hooks.Hooks - Scenario 'User can add an item to the cart and verify it' PASSED.
2026-09-01 00:51:53.138 [main] INFO  c.s.managers.AppiumDriverManager - Local driver variables cleared
2026-09-01 00:51:53.138 [main] INFO  page_objects.PageObjectHelper - Page object instances cleared
2026-09-01 00:51:53.153 [main] INFO  com.swaglabs.hooks.Hooks - ******* Scenario: User can remove an item from the cart started *******
2026-09-01 00:51:53.154 [main] INFO  c.s.managers.AppiumServerManager - Appium server already running on 127.0.0.1:4723 - stopping to reuse clean state
2026-09-01 00:51:53.186 [main] INFO  c.s.managers.AppiumServerManager - Appium server stopped
2026-09-01 00:51:57.683 [main] INFO  c.s.managers.AppiumServerManager - Appium server started on http://127.0.0.1:4723
2026-09-01 00:51:57.745 [main] INFO  com.swaglabs.device.DeviceManager - Using Android device: b58c6ff4
2026-09-01 00:51:57.930 [main] INFO  c.s.managers.AppiumDriverManager - Starting Appium session: http://127.0.0.1:4723 with caps Capabilities {appium:adbExecTimeout: 20000, appium:app: C:\Users\family\Desktop\pro..., appium:appActivity: .MainActivity, appium:appPackage: com.juanforeroaxpo.saucedemo, appium:autoGrantPermissions: true, appium:automationName: UiAutomator2, appium:clearSystemFiles: true, appium:disableWindowAnimation: false, appium:newCommandTimeout: 250, appium:noSign: true, appium:udid: b58c6ff4, appium:uiautomator2ServerInstallTimeout: 20000, platformName: ANDROID}
2026-09-01 00:52:06.394 [main] INFO  c.s.utils.helper.WebdriverHelper - Screen recording started
2026-09-01 00:52:06.717 [main] INFO  c.swaglabs.stepsDefs.LoginStepsDefs - User lands on the login page
2026-09-01 00:52:13.650 [main] INFO  c.swaglabs.stepsDefs.LoginStepsDefs - Logged in as standard_user
2026-09-01 00:52:15.288 [main] INFO  c.s.stepsDefs.ProductsStepsDefs - Added product at position 0 to the cart
2026-09-01 00:52:16.240 [main] INFO  c.swaglabs.stepsDefs.CartStepsDefs - Opened the cart
2026-09-01 00:52:17.496 [main] INFO  c.swaglabs.stepsDefs.CartStepsDefs - Removed cart item at position 0
2026-09-01 00:52:18.416 [main] INFO  c.swaglabs.stepsDefs.CartStepsDefs - Cart is empty
2026-09-01 00:52:18.419 [main] INFO  com.swaglabs.hooks.Hooks - Scenario 'User can remove an item from the cart' PASSED.
2026-09-01 00:52:20.604 [main] INFO  c.s.managers.AppiumDriverManager - Local driver variables cleared
2026-09-01 00:52:20.604 [main] INFO  page_objects.PageObjectHelper - Page object instances cleared
2026-09-01 00:52:20.619 [main] INFO  com.swaglabs.hooks.Hooks - ******* Scenario: User completes a full purchase started *******
2026-09-01 00:52:20.620 [main] INFO  c.s.managers.AppiumServerManager - Appium server already running on 127.0.0.1:4723 - stopping to reuse clean state
2026-09-01 00:52:20.647 [main] INFO  c.s.managers.AppiumServerManager - Appium server stopped
2026-09-01 00:52:25.677 [main] INFO  c.s.managers.AppiumServerManager - Appium server started on http://127.0.0.1:4723
2026-09-01 00:52:25.737 [main] INFO  com.swaglabs.device.DeviceManager - Using Android device: b58c6ff4
2026-09-01 00:52:25.941 [main] INFO  c.s.managers.AppiumDriverManager - Starting Appium session: http://127.0.0.1:4723 with caps Capabilities {appium:adbExecTimeout: 20000, appium:app: C:\Users\family\Desktop\pro..., appium:appActivity: .MainActivity, appium:appPackage: com.juanforeroaxpo.saucedemo, appium:autoGrantPermissions: true, appium:automationName: UiAutomator2, appium:clearSystemFiles: true, appium:disableWindowAnimation: false, appium:newCommandTimeout: 250, appium:noSign: true, appium:udid: b58c6ff4, appium:uiautomator2ServerInstallTimeout: 20000, platformName: ANDROID}
2026-09-01 00:52:35.029 [main] INFO  c.s.utils.helper.WebdriverHelper - Screen recording started
2026-09-01 00:52:35.359 [main] INFO  c.swaglabs.stepsDefs.LoginStepsDefs - User lands on the login page
2026-09-01 00:52:42.469 [main] INFO  c.swaglabs.stepsDefs.LoginStepsDefs - Logged in as standard_user
2026-09-01 00:52:44.127 [main] INFO  c.s.stepsDefs.ProductsStepsDefs - Added product at position 0 to the cart
2026-09-01 00:52:45.096 [main] INFO  c.swaglabs.stepsDefs.CartStepsDefs - Opened the cart
2026-09-01 00:52:46.378 [main] INFO  c.s.stepsDefs.CheckoutStepsDefs - Proceeded to checkout
2026-09-01 00:52:47.249 [main] INFO  c.s.stepsDefs.CheckoutStepsDefs - Checkout info page is displayed
2026-09-01 00:54:32.833 [main] INFO  c.s.managers.PropertiesManager - Loaded properties file: src/main/resources/project_properties/project_config_local.properties
2026-09-01 00:54:32.866 [main] INFO  c.s.capabilities.CapabilityManager - Loaded capabilities from C:\Users\family\Desktop\projects\swag-labs-mobile-nwdfew/src/main/resources/caps/local.json
2026-09-01 00:54:32.867 [main] INFO  com.swaglabs.hooks.Hooks - Swag Labs automation started. Platform=android, Environment=local
2026-09-01 00:54:33.082 [main] INFO  com.swaglabs.hooks.Hooks - ******* Scenario: User can add an item to the cart and verify it started *******
2026-09-01 00:54:38.242 [main] INFO  c.s.managers.AppiumServerManager - Appium server started on http://127.0.0.1:4723
2026-09-01 00:54:38.322 [main] INFO  com.swaglabs.device.DeviceManager - Using Android device: b58c6ff4
2026-09-01 00:54:38.528 [main] INFO  c.s.managers.AppiumDriverManager - Starting Appium session: http://127.0.0.1:4723 with caps Capabilities {appium:adbExecTimeout: 20000, appium:app: C:\Users\family\Desktop\pro..., appium:appActivity: .MainActivity, appium:appPackage: com.juanforeroaxpo.saucedemo, appium:autoGrantPermissions: true, appium:automationName: UiAutomator2, appium:clearSystemFiles: true, appium:disableWindowAnimation: false, appium:newCommandTimeout: 250, appium:noSign: true, appium:udid: b58c6ff4, appium:uiautomator2ServerInstallTimeout: 20000, platformName: ANDROID}
2026-09-01 00:54:48.152 [main] INFO  c.s.utils.helper.WebdriverHelper - Screen recording started
2026-09-01 00:54:49.113 [main] INFO  c.swaglabs.stepsDefs.LoginStepsDefs - User lands on the login page
2026-09-01 00:54:56.140 [main] INFO  c.swaglabs.stepsDefs.LoginStepsDefs - Logged in as standard_user
2026-09-01 00:54:57.794 [main] INFO  c.s.stepsDefs.ProductsStepsDefs - Added product at position 0 to the cart
2026-09-01 00:54:58.752 [main] INFO  c.swaglabs.stepsDefs.CartStepsDefs - Opened the cart
2026-09-01 00:54:59.769 [main] INFO  c.swaglabs.stepsDefs.CartStepsDefs - Cart page is displayed
2026-09-01 00:54:59.859 [main] INFO  c.swaglabs.stepsDefs.CartStepsDefs - Cart has 1 item(s)
2026-09-01 00:54:59.864 [main] INFO  com.swaglabs.hooks.Hooks - Scenario 'User can add an item to the cart and verify it' PASSED.
2026-09-01 00:55:02.046 [main] INFO  c.s.managers.AppiumDriverManager - Local driver variables cleared
2026-09-01 00:55:02.046 [main] INFO  page_objects.PageObjectHelper - Page object instances cleared
2026-09-01 00:55:02.055 [main] INFO  com.swaglabs.hooks.Hooks - ******* Scenario: User can remove an item from the cart started *******
2026-09-01 00:55:02.056 [main] INFO  c.s.managers.AppiumServerManager - Appium server already running on 127.0.0.1:4723 - stopping to reuse clean state
2026-09-01 00:55:02.083 [main] INFO  c.s.managers.AppiumServerManager - Appium server stopped
2026-09-01 00:55:06.560 [main] INFO  c.s.managers.AppiumServerManager - Appium server started on http://127.0.0.1:4723
2026-09-01 00:55:06.627 [main] INFO  com.swaglabs.device.DeviceManager - Using Android device: b58c6ff4
2026-09-01 00:55:06.901 [main] INFO  c.s.managers.AppiumDriverManager - Starting Appium session: http://127.0.0.1:4723 with caps Capabilities {appium:adbExecTimeout: 20000, appium:app: C:\Users\family\Desktop\pro..., appium:appActivity: .MainActivity, appium:appPackage: com.juanforeroaxpo.saucedemo, appium:autoGrantPermissions: true, appium:automationName: UiAutomator2, appium:clearSystemFiles: true, appium:disableWindowAnimation: false, appium:newCommandTimeout: 250, appium:noSign: true, appium:udid: b58c6ff4, appium:uiautomator2ServerInstallTimeout: 20000, platformName: ANDROID}
2026-09-01 00:55:15.116 [main] INFO  c.s.utils.helper.WebdriverHelper - Screen recording started
2026-09-01 00:55:15.410 [main] INFO  c.swaglabs.stepsDefs.LoginStepsDefs - User lands on the login page
2026-09-01 00:55:22.520 [main] INFO  c.swaglabs.stepsDefs.LoginStepsDefs - Logged in as standard_user
2026-09-01 00:55:24.174 [main] INFO  c.s.stepsDefs.ProductsStepsDefs - Added product at position 0 to the cart
2026-09-01 00:55:25.109 [main] INFO  c.swaglabs.stepsDefs.CartStepsDefs - Opened the cart
2026-09-01 00:55:26.362 [main] INFO  c.swaglabs.stepsDefs.CartStepsDefs - Removed cart item at position 0
2026-09-01 00:55:27.287 [main] INFO  c.swaglabs.stepsDefs.CartStepsDefs - Cart is empty
2026-09-01 00:55:27.288 [main] INFO  com.swaglabs.hooks.Hooks - Scenario 'User can remove an item from the cart' PASSED.
2026-09-01 00:55:29.436 [main] INFO  c.s.managers.AppiumDriverManager - Local driver variables cleared
2026-09-01 00:55:29.436 [main] INFO  page_objects.PageObjectHelper - Page object instances cleared
2026-09-01 00:55:29.456 [main] INFO  com.swaglabs.hooks.Hooks - ******* Scenario: User completes a full purchase started *******
2026-09-01 00:55:29.457 [main] INFO  c.s.managers.AppiumServerManager - Appium server already running on 127.0.0.1:4723 - stopping to reuse clean state
2026-09-01 00:55:29.499 [main] INFO  c.s.managers.AppiumServerManager - Appium server stopped
2026-09-01 00:55:34.493 [main] INFO  c.s.managers.AppiumServerManager - Appium server started on http://127.0.0.1:4723
2026-09-01 00:55:34.675 [main] INFO  com.swaglabs.device.DeviceManager - Using Android device: b58c6ff4
2026-09-01 00:55:35.242 [main] INFO  c.s.managers.AppiumDriverManager - Starting Appium session: http://127.0.0.1:4723 with caps Capabilities {appium:adbExecTimeout: 20000, appium:app: C:\Users\family\Desktop\pro..., appium:appActivity: .MainActivity, appium:appPackage: com.juanforeroaxpo.saucedemo, appium:autoGrantPermissions: true, appium:automationName: UiAutomator2, appium:clearSystemFiles: true, appium:disableWindowAnimation: false, appium:newCommandTimeout: 250, appium:noSign: true, appium:udid: b58c6ff4, appium:uiautomator2ServerInstallTimeout: 20000, platformName: ANDROID}
2026-09-01 00:55:44.004 [main] INFO  c.s.utils.helper.WebdriverHelper - Screen recording started
2026-09-01 00:55:44.360 [main] INFO  c.swaglabs.stepsDefs.LoginStepsDefs - User lands on the login page
2026-09-01 00:55:50.908 [main] INFO  c.swaglabs.stepsDefs.LoginStepsDefs - Logged in as standard_user
2026-09-01 00:55:52.541 [main] INFO  c.s.stepsDefs.ProductsStepsDefs - Added product at position 0 to the cart
2026-09-01 00:55:53.475 [main] INFO  c.swaglabs.stepsDefs.CartStepsDefs - Opened the cart
2026-09-01 00:55:54.327 [main] INFO  c.s.stepsDefs.CheckoutStepsDefs - Proceeded to checkout
2026-09-01 00:55:55.187 [main] INFO  c.s.stepsDefs.CheckoutStepsDefs - Checkout info page is displayed
2026-09-01 00:56:04.009 [main] INFO  c.s.stepsDefs.CheckoutStepsDefs - Entered shipping info: John Doe 12345
2026-09-01 00:56:04.922 [main] INFO  c.s.stepsDefs.CheckoutStepsDefs - Continued to overview page
2026-09-01 00:56:06.698 [main] INFO  c.s.stepsDefs.CheckoutStepsDefs - Checkout overview page is displayed
2026-09-01 00:56:07.145 [main] INFO  c.s.stepsDefs.CheckoutStepsDefs - Finished the order
2026-09-01 00:56:08.715 [main] INFO  c.s.stepsDefs.CheckoutStepsDefs - Checkout completion page is displayed
2026-09-01 00:56:08.917 [main] INFO  c.s.stepsDefs.CheckoutStepsDefs - Went back home
2026-09-01 00:56:08.918 [main] INFO  com.swaglabs.hooks.Hooks - Scenario 'User completes a full purchase' PASSED.
2026-09-01 00:56:11.330 [main] INFO  c.s.managers.AppiumDriverManager - Local driver variables cleared
2026-09-01 00:56:11.330 [main] INFO  page_objects.PageObjectHelper - Page object instances cleared
2026-09-01 00:56:11.338 [main] INFO  com.swaglabs.hooks.Hooks - ******* Scenario: Problem user cannot complete the purchase (last name is not retained) started *******
2026-09-01 00:56:11.339 [main] INFO  c.s.managers.AppiumServerManager - Appium server already running on 127.0.0.1:4723 - stopping to reuse clean state
2026-09-01 00:56:11.371 [main] INFO  c.s.managers.AppiumServerManager - Appium server stopped
2026-09-01 00:56:17.274 [main] INFO  c.s.managers.AppiumServerManager - Appium server started on http://127.0.0.1:4723
2026-09-01 00:56:17.347 [main] INFO  com.swaglabs.device.DeviceManager - Using Android device: b58c6ff4
2026-09-01 00:56:17.544 [main] INFO  c.s.managers.AppiumDriverManager - Starting Appium session: http://127.0.0.1:4723 with caps Capabilities {appium:adbExecTimeout: 20000, appium:app: C:\Users\family\Desktop\pro..., appium:appActivity: .MainActivity, appium:appPackage: com.juanforeroaxpo.saucedemo, appium:autoGrantPermissions: true, appium:automationName: UiAutomator2, appium:clearSystemFiles: true, appium:disableWindowAnimation: false, appium:newCommandTimeout: 250, appium:noSign: true, appium:udid: b58c6ff4, appium:uiautomator2ServerInstallTimeout: 20000, platformName: ANDROID}
2026-09-01 00:56:26.088 [main] INFO  c.s.utils.helper.WebdriverHelper - Screen recording started
2026-09-01 00:56:26.382 [main] INFO  c.swaglabs.stepsDefs.LoginStepsDefs - User lands on the login page
2026-09-01 00:56:32.707 [main] INFO  c.swaglabs.stepsDefs.LoginStepsDefs - Logged in as problem_user
2026-09-01 00:56:34.339 [main] INFO  c.s.stepsDefs.ProductsStepsDefs - Added product at position 0 to the cart
2026-09-01 00:56:35.293 [main] INFO  c.swaglabs.stepsDefs.CartStepsDefs - Opened the cart
2026-09-01 00:56:36.164 [main] INFO  c.s.stepsDefs.CheckoutStepsDefs - Proceeded to checkout
2026-09-01 00:56:37.243 [main] INFO  c.s.stepsDefs.CheckoutStepsDefs - Checkout info page is displayed
2026-09-01 00:56:46.292 [main] INFO  c.s.stepsDefs.CheckoutStepsDefs - Entered shipping info: John Doe 12345
2026-09-01 00:56:47.170 [main] INFO  c.s.stepsDefs.CheckoutStepsDefs - Continued to overview page
2026-09-01 00:57:08.957 [main] ERROR c.s.exceptions.ExceptionController - Assertion failed: Expected checkout error to contain 'Error: Last Name is required' but was ''
2026-09-01 00:57:08.988 [main] INFO  com.swaglabs.hooks.Hooks - Scenario 'Problem user cannot complete the purchase (last name is not retained)' FAILED. Capturing screenshot...
2026-09-01 00:57:10.981 [main] INFO  c.s.utils.helper.WebdriverHelper - Recording saved and attached to failed scenario 'Problem user cannot complete the purchase (last name is not retained)'
2026-09-01 00:57:12.024 [main] INFO  c.s.managers.AppiumDriverManager - Local driver variables cleared
2026-09-01 00:57:12.025 [main] INFO  page_objects.PageObjectHelper - Page object instances cleared
2026-09-01 00:57:12.040 [main] INFO  com.swaglabs.hooks.Hooks - ******* Scenario: Performance glitch user completes a full purchase started *******
2026-09-01 00:57:12.040 [main] INFO  c.s.managers.AppiumServerManager - Appium server already running on 127.0.0.1:4723 - stopping to reuse clean state
2026-09-01 00:57:12.072 [main] INFO  c.s.managers.AppiumServerManager - Appium server stopped
2026-09-01 00:57:15.957 [main] INFO  c.s.managers.AppiumServerManager - Appium server started on http://127.0.0.1:4723
2026-09-01 00:57:16.018 [main] INFO  com.swaglabs.device.DeviceManager - Using Android device: b58c6ff4
2026-09-01 00:57:16.209 [main] INFO  c.s.managers.AppiumDriverManager - Starting Appium session: http://127.0.0.1:4723 with caps Capabilities {appium:adbExecTimeout: 20000, appium:app: C:\Users\family\Desktop\pro..., appium:appActivity: .MainActivity, appium:appPackage: com.juanforeroaxpo.saucedemo, appium:autoGrantPermissions: true, appium:automationName: UiAutomator2, appium:clearSystemFiles: true, appium:disableWindowAnimation: false, appium:newCommandTimeout: 250, appium:noSign: true, appium:udid: b58c6ff4, appium:uiautomator2ServerInstallTimeout: 20000, platformName: ANDROID}
2026-09-01 00:57:25.139 [main] INFO  c.s.utils.helper.WebdriverHelper - Screen recording started
2026-09-01 00:57:25.451 [main] INFO  c.swaglabs.stepsDefs.LoginStepsDefs - User lands on the login page
2026-09-01 00:57:32.385 [main] INFO  c.swaglabs.stepsDefs.LoginStepsDefs - Logged in as performance_glitch_user
2026-09-01 00:57:37.374 [main] INFO  c.s.stepsDefs.ProductsStepsDefs - Added product at position 0 to the cart
2026-09-01 00:57:38.098 [main] INFO  c.swaglabs.stepsDefs.CartStepsDefs - Opened the cart
2026-09-01 00:57:42.369 [main] INFO  c.s.stepsDefs.CheckoutStepsDefs - Proceeded to checkout
2026-09-01 00:57:43.433 [main] INFO  c.s.stepsDefs.CheckoutStepsDefs - Checkout info page is displayed
2026-09-01 00:57:52.702 [main] INFO  c.s.stepsDefs.CheckoutStepsDefs - Entered shipping info: John Doe 12345
2026-09-01 00:57:53.579 [main] INFO  c.s.stepsDefs.CheckoutStepsDefs - Continued to overview page
2026-09-01 00:57:55.475 [main] INFO  c.s.stepsDefs.CheckoutStepsDefs - Checkout overview page is displayed
2026-09-01 00:57:55.767 [main] INFO  c.s.stepsDefs.CheckoutStepsDefs - Finished the order
2026-09-01 00:58:00.998 [main] INFO  c.s.stepsDefs.CheckoutStepsDefs - Checkout completion page is displayed
2026-09-01 00:58:01.214 [main] INFO  c.s.stepsDefs.CheckoutStepsDefs - Went back home
2026-09-01 00:58:01.215 [main] INFO  com.swaglabs.hooks.Hooks - Scenario 'Performance glitch user completes a full purchase' PASSED.
2026-09-01 00:58:03.473 [main] INFO  c.s.managers.AppiumDriverManager - Local driver variables cleared
2026-09-01 00:58:03.473 [main] INFO  page_objects.PageObjectHelper - Page object instances cleared
2026-09-01 00:58:03.484 [main] INFO  com.swaglabs.hooks.Hooks - ******* Scenario: Standard user can log in successfully started *******
2026-09-01 00:58:03.485 [main] INFO  c.s.managers.AppiumServerManager - Appium server already running on 127.0.0.1:4723 - stopping to reuse clean state
2026-09-01 00:58:03.511 [main] INFO  c.s.managers.AppiumServerManager - Appium server stopped
2026-09-01 00:58:09.359 [main] INFO  c.s.managers.AppiumServerManager - Appium server started on http://127.0.0.1:4723
2026-09-01 00:58:09.451 [main] INFO  com.swaglabs.device.DeviceManager - Using Android device: b58c6ff4
2026-09-01 00:58:09.714 [main] INFO  c.s.managers.AppiumDriverManager - Starting Appium session: http://127.0.0.1:4723 with caps Capabilities {appium:adbExecTimeout: 20000, appium:app: C:\Users\family\Desktop\pro..., appium:appActivity: .MainActivity, appium:appPackage: com.juanforeroaxpo.saucedemo, appium:autoGrantPermissions: true, appium:automationName: UiAutomator2, appium:clearSystemFiles: true, appium:disableWindowAnimation: false, appium:newCommandTimeout: 250, appium:noSign: true, appium:udid: b58c6ff4, appium:uiautomator2ServerInstallTimeout: 20000, platformName: ANDROID}
2026-09-01 00:58:18.075 [main] INFO  c.s.utils.helper.WebdriverHelper - Screen recording started
2026-09-01 00:58:18.371 [main] INFO  c.swaglabs.stepsDefs.LoginStepsDefs - User lands on the login page
2026-09-01 00:58:25.255 [main] INFO  c.swaglabs.stepsDefs.LoginStepsDefs - Logged in as standard_user
2026-09-01 00:58:26.804 [main] INFO  c.s.stepsDefs.ProductsStepsDefs - Products page is displayed
2026-09-01 00:58:26.805 [main] INFO  com.swaglabs.hooks.Hooks - Scenario 'Standard user can log in successfully' PASSED.
2026-09-01 00:58:28.808 [main] INFO  c.s.managers.AppiumDriverManager - Local driver variables cleared
2026-09-01 00:58:28.808 [main] INFO  page_objects.PageObjectHelper - Page object instances cleared
2026-09-01 00:58:28.815 [main] INFO  com.swaglabs.hooks.Hooks - ******* Scenario: Locked out user is blocked from logging in started *******
2026-09-01 00:58:28.816 [main] INFO  c.s.managers.AppiumServerManager - Appium server already running on 127.0.0.1:4723 - stopping to reuse clean state
2026-09-01 00:58:28.846 [main] INFO  c.s.managers.AppiumServerManager - Appium server stopped
2026-09-01 00:58:34.164 [main] INFO  c.s.managers.AppiumServerManager - Appium server started on http://127.0.0.1:4723
2026-09-01 00:58:34.220 [main] INFO  com.swaglabs.device.DeviceManager - Using Android device: b58c6ff4
2026-09-01 00:58:34.411 [main] INFO  c.s.managers.AppiumDriverManager - Starting Appium session: http://127.0.0.1:4723 with caps Capabilities {appium:adbExecTimeout: 20000, appium:app: C:\Users\family\Desktop\pro..., appium:appActivity: .MainActivity, appium:appPackage: com.juanforeroaxpo.saucedemo, appium:autoGrantPermissions: true, appium:automationName: UiAutomator2, appium:clearSystemFiles: true, appium:disableWindowAnimation: false, appium:newCommandTimeout: 250, appium:noSign: true, appium:udid: b58c6ff4, appium:uiautomator2ServerInstallTimeout: 20000, platformName: ANDROID}
2026-09-01 00:58:41.775 [main] INFO  c.s.utils.helper.WebdriverHelper - Screen recording started
2026-09-01 00:58:41.942 [main] INFO  c.swaglabs.stepsDefs.LoginStepsDefs - User lands on the login page
2026-09-01 00:58:48.783 [main] INFO  c.swaglabs.stepsDefs.LoginStepsDefs - Logged in as locked_out_user
2026-09-01 00:59:10.303 [main] ERROR c.s.exceptions.ExceptionController - Assertion failed: Expected login error to contain 'Epic sadface: Sorry, this user has been locked out.' but was ''
2026-09-01 00:59:10.310 [main] INFO  com.swaglabs.hooks.Hooks - Scenario 'Locked out user is blocked from logging in' FAILED. Capturing screenshot...
2026-09-01 00:59:12.107 [main] INFO  c.s.utils.helper.WebdriverHelper - Recording saved and attached to failed scenario 'Locked out user is blocked from logging in'
2026-09-01 01:32:26.071 [main] INFO  c.s.managers.PropertiesManager - Loaded properties file: src/main/resources/project_properties/project_config_local.properties
2026-09-01 01:32:26.090 [main] INFO  c.s.capabilities.CapabilityManager - Loaded capabilities from C:\Users\family\Desktop\projects\swag-labs-mobile-nwdfew/src/main/resources/caps/local.json
2026-09-01 01:32:26.090 [main] INFO  com.swaglabs.hooks.Hooks - Swag Labs automation started. Platform=android, Environment=local
2026-09-01 01:32:26.465 [main] INFO  com.swaglabs.hooks.Hooks - ******* Scenario: User can add a product to the cart started *******
2026-09-01 01:32:35.872 [main] INFO  c.s.managers.AppiumServerManager - Appium server started on http://127.0.0.1:4723
2026-09-01 01:32:35.988 [main] INFO  com.swaglabs.device.DeviceManager - Using Android device: b58c6ff4
2026-09-01 01:32:36.177 [main] INFO  c.s.managers.AppiumDriverManager - Starting Appium session: http://127.0.0.1:4723 with caps Capabilities {appium:adbExecTimeout: 20000, appium:app: C:\Users\family\Desktop\pro..., appium:appActivity: .MainActivity, appium:appPackage: com.juanforeroaxpo.saucedemo, appium:autoGrantPermissions: true, appium:automationName: UiAutomator2, appium:clearSystemFiles: true, appium:disableWindowAnimation: false, appium:newCommandTimeout: 250, appium:noSign: true, appium:udid: b58c6ff4, appium:uiautomator2ServerInstallTimeout: 20000, platformName: ANDROID}
2026-09-01 01:32:45.783 [main] INFO  c.s.utils.helper.WebdriverHelper - Screen recording started
2026-09-01 01:32:47.200 [main] INFO  c.swaglabs.stepsDefs.LoginStepsDefs - User lands on the login page
2026-09-01 01:32:53.952 [main] INFO  c.swaglabs.stepsDefs.LoginStepsDefs - Logged in as standard_user
2026-09-01 01:32:55.582 [main] INFO  c.s.stepsDefs.ProductsStepsDefs - Added product at position 0 to the cart
2026-09-01 01:32:56.636 [main] INFO  c.swaglabs.stepsDefs.CartStepsDefs - Opened the cart
2026-09-01 01:32:57.329 [main] INFO  c.swaglabs.stepsDefs.CartStepsDefs - Cart page is displayed
2026-09-01 01:32:57.907 [main] INFO  c.swaglabs.stepsDefs.CartStepsDefs - Cart has 1 item(s)
2026-09-01 01:32:57.909 [main] INFO  com.swaglabs.hooks.Hooks - Scenario 'User can add a product to the cart' PASSED.
2026-09-01 01:33:00.002 [main] INFO  c.s.managers.AppiumDriverManager - Local driver variables cleared
2026-09-01 01:33:00.003 [main] INFO  page_objects.PageObjectHelper - Page object instances cleared
2026-09-01 01:33:00.017 [main] INFO  com.swaglabs.hooks.Hooks - ******* Scenario: User can add a product to the cart started *******
2026-09-01 01:33:00.019 [main] INFO  c.s.managers.AppiumServerManager - Appium server already running on 127.0.0.1:4723 - stopping to reuse clean state
2026-09-01 01:33:00.071 [main] INFO  c.s.managers.AppiumServerManager - Appium server stopped
2026-09-01 01:33:05.159 [main] INFO  c.s.managers.AppiumServerManager - Appium server started on http://127.0.0.1:4723
2026-09-01 01:33:05.215 [main] INFO  com.swaglabs.device.DeviceManager - Using Android device: b58c6ff4
2026-09-01 01:33:05.382 [main] INFO  c.s.managers.AppiumDriverManager - Starting Appium session: http://127.0.0.1:4723 with caps Capabilities {appium:adbExecTimeout: 20000, appium:app: C:\Users\family\Desktop\pro..., appium:appActivity: .MainActivity, appium:appPackage: com.juanforeroaxpo.saucedemo, appium:autoGrantPermissions: true, appium:automationName: UiAutomator2, appium:clearSystemFiles: true, appium:disableWindowAnimation: false, appium:newCommandTimeout: 250, appium:noSign: true, appium:udid: b58c6ff4, appium:uiautomator2ServerInstallTimeout: 20000, platformName: ANDROID}
2026-09-01 01:33:13.184 [main] INFO  c.s.utils.helper.WebdriverHelper - Screen recording started
2026-09-01 01:33:13.559 [main] INFO  c.swaglabs.stepsDefs.LoginStepsDefs - User lands on the login page
2026-09-01 01:33:20.008 [main] INFO  c.swaglabs.stepsDefs.LoginStepsDefs - Logged in as error_user
2026-09-01 01:33:21.645 [main] INFO  c.s.stepsDefs.ProductsStepsDefs - Added product at position 0 to the cart
2026-09-01 01:33:22.483 [main] INFO  c.swaglabs.stepsDefs.CartStepsDefs - Opened the cart
2026-09-01 01:33:42.669 [main] ERROR c.s.exceptions.ExceptionController - Element not found: CHECKOUT_BUTTON (timeout)
org.openqa.selenium.TimeoutException: Expected condition failed: waiting for visibility of Located by By.chained({AppiumBy.androidUIAutomator: resourceId("checkout-button")})
(tried for 20 seconds with 500 milliseconds interval)
	at org.openqa.selenium.support.ui.WebDriverWait.timeoutException(WebDriverWait.java:84)
	at org.openqa.selenium.support.ui.FluentWait.until(FluentWait.java:231)
	at com.swaglabs.utils.Waits.waitForElement(Waits.java:27)
	at com.swaglabs.utils.Waits.waitForElement(Waits.java:22)
	at page_objects.BaseMobilePage.checkElement(BaseMobilePage.java:44)
	at page_objects.android.AndroidCartPage.checkElement(AndroidCartPage.java:18)
	at com.swaglabs.stepsDefs.CartStepsDefs.iShouldSeeTheCartPage(CartStepsDefs.java:26)
	at java.base/jdk.internal.reflect.DirectMethodHandleAccessor.invoke(DirectMethodHandleAccessor.java:104)
	at java.base/java.lang.reflect.Method.invoke(Method.java:565)
	at io.cucumber.java.Invoker.doInvoke(Invoker.java:66)
	at io.cucumber.java.Invoker.invoke(Invoker.java:24)
	at io.cucumber.java.AbstractGlueDefinition.invokeMethod(AbstractGlueDefinition.java:47)
	at io.cucumber.java.JavaStepDefinition.execute(JavaStepDefinition.java:29)
	at io.cucumber.core.runner.CoreStepDefinition.execute(CoreStepDefinition.java:66)
	at io.cucumber.core.runner.PickleStepDefinitionMatch.runStep(PickleStepDefinitionMatch.java:62)
	at io.cucumber.core.runner.ExecutionMode$1.execute(ExecutionMode.java:10)
	at io.cucumber.core.runner.TestStep.executeStep(TestStep.java:81)
	at io.cucumber.core.runner.TestStep.run(TestStep.java:53)
	at io.cucumber.core.runner.PickleStepTestStep.run(PickleStepTestStep.java:51)
	at io.cucumber.core.runner.TestCase.run(TestCase.java:87)
	at io.cucumber.core.runner.Runner.runPickle(Runner.java:75)
	at io.cucumber.junit.platform.engine.CucumberEngineExecutionContext.lambda$runTestCase$4(CucumberEngineExecutionContext.java:115)
	at io.cucumber.core.runtime.CucumberExecutionContext.lambda$runTestCase$5(CucumberExecutionContext.java:136)
	at io.cucumber.core.runtime.RethrowingThrowableCollector.executeAndThrow(RethrowingThrowableCollector.java:23)
	at io.cucumber.core.runtime.CucumberExecutionContext.runTestCase(CucumberExecutionContext.java:136)
	at io.cucumber.junit.platform.engine.CucumberEngineExecutionContext.runTestCase(CucumberEngineExecutionContext.java:112)
	at io.cucumber.junit.platform.engine.CucumberTestDescriptor$PickleDescriptor.execute(CucumberTestDescriptor.java:308)
	at io.cucumber.junit.platform.engine.CucumberTestDescriptor$PickleDescriptor.execute(CucumberTestDescriptor.java:249)
	at org.junit.platform.engine.support.hierarchical.NodeTestTask.lambda$executeRecursively$2(NodeTestTask.java:176)
	at org.junit.platform.engine.support.hierarchical.ThrowableCollector.execute(ThrowableCollector.java:74)
	at org.junit.platform.engine.support.hierarchical.NodeTestTask.lambda$executeRecursively$1(NodeTestTask.java:166)
	at org.junit.platform.engine.support.hierarchical.Node.around(Node.java:138)
	at org.junit.platform.engine.support.hierarchical.NodeTestTask.lambda$executeRecursively$0(NodeTestTask.java:164)
	at org.junit.platform.engine.support.hierarchical.ThrowableCollector.execute(ThrowableCollector.java:74)
	at org.junit.platform.engine.support.hierarchical.NodeTestTask.executeRecursively(NodeTestTask.java:163)
	at org.junit.platform.engine.support.hierarchical.NodeTestTask.execute(NodeTestTask.java:116)
	at java.base/java.util.ArrayList.forEach(ArrayList.java:1612)
	at org.junit.platform.engine.support.hierarchical.SameThreadHierarchicalTestExecutorService.invokeAll(SameThreadHierarchicalTestExecutorService.java:42)
	at org.junit.platform.engine.support.hierarchical.NodeTestTask.lambda$executeRecursively$2(NodeTestTask.java:180)
	at org.junit.platform.engine.support.hierarchical.ThrowableCollector.execute(ThrowableCollector.java:74)
	at org.junit.platform.engine.support.hierarchical.NodeTestTask.lambda$executeRecursively$1(NodeTestTask.java:166)
	at org.junit.platform.engine.support.hierarchical.Node.around(Node.java:138)
	at org.junit.platform.engine.support.hierarchical.NodeTestTask.lambda$executeRecursively$0(NodeTestTask.java:164)
	at org.junit.platform.engine.support.hierarchical.ThrowableCollector.execute(ThrowableCollector.java:74)
	at org.junit.platform.engine.support.hierarchical.NodeTestTask.executeRecursively(NodeTestTask.java:163)
	at org.junit.platform.engine.support.hierarchical.NodeTestTask.execute(NodeTestTask.java:116)
	at java.base/java.util.ArrayList.forEach(ArrayList.java:1612)
	at org.junit.platform.engine.support.hierarchical.SameThreadHierarchicalTestExecutorService.invokeAll(SameThreadHierarchicalTestExecutorService.java:42)
	at org.junit.platform.engine.support.hierarchical.NodeTestTask.lambda$executeRecursively$2(NodeTestTask.java:180)
	at org.junit.platform.engine.support.hierarchical.ThrowableCollector.execute(ThrowableCollector.java:74)
	at org.junit.platform.engine.support.hierarchical.NodeTestTask.lambda$executeRecursively$1(NodeTestTask.java:166)
	at org.junit.platform.engine.support.hierarchical.Node.around(Node.java:138)
	at org.junit.platform.engine.support.hierarchical.NodeTestTask.lambda$executeRecursively$0(NodeTestTask.java:164)
	at org.junit.platform.engine.support.hierarchical.ThrowableCollector.execute(ThrowableCollector.java:74)
	at org.junit.platform.engine.support.hierarchical.NodeTestTask.executeRecursively(NodeTestTask.java:163)
	at org.junit.platform.engine.support.hierarchical.NodeTestTask.execute(NodeTestTask.java:116)
	at java.base/java.util.ArrayList.forEach(ArrayList.java:1612)
	at org.junit.platform.engine.support.hierarchical.SameThreadHierarchicalTestExecutorService.invokeAll(SameThreadHierarchicalTestExecutorService.java:42)
	at org.junit.platform.engine.support.hierarchical.NodeTestTask.lambda$executeRecursively$2(NodeTestTask.java:180)
	at org.junit.platform.engine.support.hierarchical.ThrowableCollector.execute(ThrowableCollector.java:74)
	at org.junit.platform.engine.support.hierarchical.NodeTestTask.lambda$executeRecursively$1(NodeTestTask.java:166)
	at org.junit.platform.engine.support.hierarchical.Node.around(Node.java:138)
	at org.junit.platform.engine.support.hierarchical.NodeTestTask.lambda$executeRecursively$0(NodeTestTask.java:164)
	at org.junit.platform.engine.support.hierarchical.ThrowableCollector.execute(ThrowableCollector.java:74)
	at org.junit.platform.engine.support.hierarchical.NodeTestTask.executeRecursively(NodeTestTask.java:163)
	at org.junit.platform.engine.support.hierarchical.NodeTestTask.execute(NodeTestTask.java:116)
	at java.base/java.util.ArrayList.forEach(ArrayList.java:1612)
	at org.junit.platform.engine.support.hierarchical.SameThreadHierarchicalTestExecutorService.invokeAll(SameThreadHierarchicalTestExecutorService.java:42)
	at org.junit.platform.engine.support.hierarchical.NodeTestTask.lambda$executeRecursively$2(NodeTestTask.java:180)
	at org.junit.platform.engine.support.hierarchical.ThrowableCollector.execute(ThrowableCollector.java:74)
	at org.junit.platform.engine.support.hierarchical.NodeTestTask.lambda$executeRecursively$1(NodeTestTask.java:166)
	at org.junit.platform.engine.support.hierarchical.Node.around(Node.java:138)
	at org.junit.platform.engine.support.hierarchical.NodeTestTask.lambda$executeRecursively$0(NodeTestTask.java:164)
	at org.junit.platform.engine.support.hierarchical.ThrowableCollector.execute(ThrowableCollector.java:74)
	at org.junit.platform.engine.support.hierarchical.NodeTestTask.executeRecursively(NodeTestTask.java:163)
	at org.junit.platform.engine.support.hierarchical.NodeTestTask.execute(NodeTestTask.java:116)
	at org.junit.platform.engine.support.hierarchical.SameThreadHierarchicalTestExecutorService.submit(SameThreadHierarchicalTestExecutorService.java:36)
	at org.junit.platform.engine.support.hierarchical.HierarchicalTestExecutor.execute(HierarchicalTestExecutor.java:52)
	at org.junit.platform.engine.support.hierarchical.HierarchicalTestEngine.execute(HierarchicalTestEngine.java:58)
	at org.junit.platform.launcher.core.EngineExecutionOrchestrator.executeEngine(EngineExecutionOrchestrator.java:246)
	at org.junit.platform.launcher.core.EngineExecutionOrchestrator.failOrExecuteEngine(EngineExecutionOrchestrator.java:218)
	at org.junit.platform.launcher.core.EngineExecutionOrchestrator.execute(EngineExecutionOrchestrator.java:179)
	at org.junit.platform.launcher.core.EngineExecutionOrchestrator.execute(EngineExecutionOrchestrator.java:108)
	at org.junit.platform.launcher.core.EngineExecutionOrchestrator.execute(EngineExecutionOrchestrator.java:89)
	at org.junit.platform.suite.engine.SuiteLauncher.execute(SuiteLauncher.java:65)
	at org.junit.platform.suite.engine.SuiteTestDescriptor.executeTests(SuiteTestDescriptor.java:208)
	at org.junit.platform.suite.engine.SuiteTestDescriptor.execute(SuiteTestDescriptor.java:173)
	at org.junit.platform.suite.engine.SuiteTestEngine.lambda$execute$0(SuiteTestEngine.java:78)
	at java.base/java.util.stream.ForEachOps$ForEachOp$OfRef.accept(ForEachOps.java:186)
	at java.base/java.util.stream.ReferencePipeline$3$1.accept(ReferencePipeline.java:214)
	at java.base/java.util.Iterator.forEachRemaining(Iterator.java:133)
	at java.base/java.util.Spliterators$IteratorSpliterator.forEachRemaining(Spliterators.java:1939)
	at java.base/java.util.stream.AbstractPipeline.copyInto(AbstractPipeline.java:570)
	at java.base/java.util.stream.AbstractPipeline.wrapAndCopyInto(AbstractPipeline.java:560)
	at java.base/java.util.stream.ForEachOps$ForEachOp.evaluateSequential(ForEachOps.java:153)
	at java.base/java.util.stream.ForEachOps$ForEachOp$OfRef.evaluateSequential(ForEachOps.java:176)
	at java.base/java.util.stream.AbstractPipeline.evaluate(AbstractPipeline.java:265)
	at java.base/java.util.stream.ReferencePipeline.forEach(ReferencePipeline.java:632)
	at org.junit.platform.suite.engine.SuiteTestEngine.execute(SuiteTestEngine.java:78)
	at org.junit.platform.launcher.core.EngineExecutionOrchestrator.executeEngine(EngineExecutionOrchestrator.java:246)
	at org.junit.platform.launcher.core.EngineExecutionOrchestrator.failOrExecuteEngine(EngineExecutionOrchestrator.java:218)
	at org.junit.platform.launcher.core.EngineExecutionOrchestrator.execute(EngineExecutionOrchestrator.java:179)
	at org.junit.platform.launcher.core.EngineExecutionOrchestrator.execute(EngineExecutionOrchestrator.java:108)
	at org.junit.platform.launcher.core.EngineExecutionOrchestrator.lambda$execute$0(EngineExecutionOrchestrator.java:66)
	at org.junit.platform.launcher.core.EngineExecutionOrchestrator.withInterceptedStreams(EngineExecutionOrchestrator.java:157)
	at org.junit.platform.launcher.core.EngineExecutionOrchestrator.execute(EngineExecutionOrchestrator.java:65)
	at org.junit.platform.launcher.core.DefaultLauncher.execute(DefaultLauncher.java:125)
	at org.junit.platform.launcher.core.DefaultLauncher.execute(DefaultLauncher.java:114)
	at org.junit.platform.launcher.core.DelegatingLauncher.execute(DelegatingLauncher.java:58)
	at org.junit.platform.launcher.core.InterceptingLauncher.lambda$execute$2(InterceptingLauncher.java:57)
	at org.junit.platform.launcher.core.ClasspathAlignmentCheckingLauncherInterceptor.intercept(ClasspathAlignmentCheckingLauncherInterceptor.java:25)
	at org.junit.platform.launcher.core.InterceptingLauncher.execute(InterceptingLauncher.java:56)
	at org.junit.platform.launcher.core.DelegatingLauncher.execute(DelegatingLauncher.java:58)
	at java.base/jdk.internal.reflect.DirectMethodHandleAccessor.invoke(DirectMethodHandleAccessor.java:104)
	at java.base/java.lang.reflect.Method.invoke(Method.java:565)
	at org.apache.maven.surefire.api.util.ReflectionUtils.invokeMethodWithArray(ReflectionUtils.java:125)
	at org.apache.maven.surefire.junitplatform.LauncherAdapter.executeWithCancellationToken(LauncherAdapter.java:68)
	at org.apache.maven.surefire.junitplatform.LauncherAdapter.execute(LauncherAdapter.java:54)
	at org.apache.maven.surefire.junitplatform.JUnitPlatformProvider.execute(JUnitPlatformProvider.java:203)
	at org.apache.maven.surefire.junitplatform.JUnitPlatformProvider.invokeAllTests(JUnitPlatformProvider.java:168)
	at org.apache.maven.surefire.junitplatform.JUnitPlatformProvider.invoke(JUnitPlatformProvider.java:136)
	at org.apache.maven.surefire.booter.ForkedBooter.runSuitesInProcess(ForkedBooter.java:385)
	at org.apache.maven.surefire.booter.ForkedBooter.execute(ForkedBooter.java:162)
	at org.apache.maven.surefire.booter.ForkedBooter.run(ForkedBooter.java:507)
	at org.apache.maven.surefire.booter.ForkedBooter.main(ForkedBooter.java:495)
Caused by: org.openqa.selenium.NoSuchElementException: Can't locate an element by this strategy: By.chained({AppiumBy.androidUIAutomator: resourceId("checkout-button")})
	at io.appium.java_client.pagefactory.AppiumElementLocator.findElement(AppiumElementLocator.java:166)
	at io.appium.java_client.pagefactory.interceptors.InterceptorOfASingleElement.call(InterceptorOfASingleElement.java:74)
	at io.appium.java_client.proxy.Interceptor.intercept(Interceptor.java:78)
	at org.openqa.selenium.remote.RemoteWebElement$ByteBuddy$48aBqFFS.isDisplayed(Unknown Source)
	at org.openqa.selenium.support.ui.ExpectedConditions.elementIfVisible(ExpectedConditions.java:367)
	at org.openqa.selenium.support.ui.ExpectedConditions$10.apply(ExpectedConditions.java:353)
	at org.openqa.selenium.support.ui.ExpectedConditions$10.apply(ExpectedConditions.java:350)
	at org.openqa.selenium.support.ui.FluentWait.until(FluentWait.java:207)
	... 123 common frames omitted
Caused by: org.openqa.selenium.TimeoutException: Expected condition failed: waiting for io.appium.java_client.pagefactory.AppiumElementLocator$WaitingFunction@6bcfb561
(tried for 20 seconds with 500 milliseconds interval)
	at org.openqa.selenium.support.ui.FluentWait.timeoutException(FluentWait.java:276)
	at org.openqa.selenium.support.ui.FluentWait.until(FluentWait.java:231)
	at io.appium.java_client.pagefactory.AppiumElementLocator.waitFor(AppiumElementLocator.java:135)
	at io.appium.java_client.pagefactory.AppiumElementLocator.findElement(AppiumElementLocator.java:160)
	... 130 common frames omitted
Caused by: org.openqa.selenium.NoSuchElementException: Cannot locate an element using By.chained({AppiumBy.androidUIAutomator: resourceId("checkout-button")})
For documentation on this error, please visit: https://www.selenium.dev/documentation/webdriver/troubleshooting/errors#nosuchelementexception
Build info: version: '4.40.0', revision: 'b3333f1'
System info: os.name: 'Windows 11', os.arch: 'amd64', os.version: '10.0', java.version: '26.0.2.1'
Driver info: driver.version: RemoteWebDriver
	at io.appium.java_client.pagefactory.bys.builder.ByChained.findElement(ByChained.java:74)
	at org.openqa.selenium.remote.ElementLocation$ElementFinder$1.findElement(ElementLocation.java:140)
	at org.openqa.selenium.remote.ElementLocation.findElement(ElementLocation.java:60)
	at org.openqa.selenium.remote.RemoteWebDriver.findElement(RemoteWebDriver.java:424)
	at org.openqa.selenium.remote.RemoteWebDriver.findElement(RemoteWebDriver.java:418)
	at io.appium.java_client.pagefactory.bys.ContentMappedBy.findElement(ContentMappedBy.java:54)
	at org.openqa.selenium.remote.ElementLocation$ElementFinder$1.findElement(ElementLocation.java:140)
	at org.openqa.selenium.remote.ElementLocation.findElement(ElementLocation.java:60)
	at org.openqa.selenium.remote.RemoteWebDriver.findElement(RemoteWebDriver.java:424)
	at org.openqa.selenium.remote.RemoteWebDriver.findElement(RemoteWebDriver.java:418)
	at io.appium.java_client.pagefactory.AppiumElementLocator.lambda$findElement$1(AppiumElementLocator.java:160)
	at io.appium.java_client.pagefactory.AppiumElementLocator$WaitingFunction.apply(AppiumElementLocator.java:217)
	at io.appium.java_client.pagefactory.AppiumElementLocator$WaitingFunction.apply(AppiumElementLocator.java:210)
	at org.openqa.selenium.support.ui.FluentWait.until(FluentWait.java:207)
	... 132 common frames omitted
2026-09-01 01:33:42.685 [main] INFO  com.swaglabs.hooks.Hooks - Scenario 'User can add a product to the cart' FAILED. Capturing screenshot...
2026-09-01 01:33:44.369 [main] INFO  c.s.utils.helper.WebdriverHelper - Recording saved and attached to failed scenario 'User can add a product to the cart'
2026-09-01 01:33:45.175 [main] INFO  c.s.managers.AppiumDriverManager - Local driver variables cleared
2026-09-01 01:33:45.175 [main] INFO  page_objects.PageObjectHelper - Page object instances cleared
2026-09-01 01:33:45.193 [main] INFO  com.swaglabs.hooks.Hooks - ******* Scenario: User can remove an item from the cart started *******
2026-09-01 01:33:45.194 [main] INFO  c.s.managers.AppiumServerManager - Appium server already running on 127.0.0.1:4723 - stopping to reuse clean state
2026-09-01 01:33:45.223 [main] INFO  c.s.managers.AppiumServerManager - Appium server stopped
2026-09-01 01:33:48.378 [main] INFO  c.s.managers.AppiumServerManager - Appium server started on http://127.0.0.1:4723
2026-09-01 01:33:48.428 [main] INFO  com.swaglabs.device.DeviceManager - Using Android device: b58c6ff4
2026-09-01 01:33:48.637 [main] INFO  c.s.managers.AppiumDriverManager - Starting Appium session: http://127.0.0.1:4723 with caps Capabilities {appium:adbExecTimeout: 20000, appium:app: C:\Users\family\Desktop\pro..., appium:appActivity: .MainActivity, appium:appPackage: com.juanforeroaxpo.saucedemo, appium:autoGrantPermissions: true, appium:automationName: UiAutomator2, appium:clearSystemFiles: true, appium:disableWindowAnimation: false, appium:newCommandTimeout: 250, appium:noSign: true, appium:udid: b58c6ff4, appium:uiautomator2ServerInstallTimeout: 20000, platformName: ANDROID}
2026-09-01 01:33:56.201 [main] INFO  c.s.utils.helper.WebdriverHelper - Screen recording started
2026-09-01 01:33:56.635 [main] INFO  c.swaglabs.stepsDefs.LoginStepsDefs - User lands on the login page
2026-09-01 01:34:03.280 [main] INFO  c.swaglabs.stepsDefs.LoginStepsDefs - Logged in as standard_user
2026-09-01 01:34:04.934 [main] INFO  c.s.stepsDefs.ProductsStepsDefs - Added product at position 0 to the cart
2026-09-01 01:34:05.936 [main] INFO  c.swaglabs.stepsDefs.CartStepsDefs - Opened the cart
2026-09-01 01:34:06.786 [main] INFO  c.swaglabs.stepsDefs.CartStepsDefs - Removed cart item at position 0
2026-09-01 01:34:07.942 [main] INFO  c.swaglabs.stepsDefs.CartStepsDefs - Cart is empty
2026-09-01 01:34:07.943 [main] INFO  com.swaglabs.hooks.Hooks - Scenario 'User can remove an item from the cart' PASSED.
2026-09-01 01:34:09.897 [main] INFO  c.s.managers.AppiumDriverManager - Local driver variables cleared
2026-09-01 01:34:09.897 [main] INFO  page_objects.PageObjectHelper - Page object instances cleared
2026-09-01 01:34:09.904 [main] INFO  com.swaglabs.hooks.Hooks - ******* Scenario: Error user cart icon shows error class bug started *******
2026-09-01 01:34:09.905 [main] INFO  c.s.managers.AppiumServerManager - Appium server already running on 127.0.0.1:4723 - stopping to reuse clean state
2026-09-01 01:34:09.927 [main] INFO  c.s.managers.AppiumServerManager - Appium server stopped
2026-09-01 01:34:13.104 [main] INFO  c.s.managers.AppiumServerManager - Appium server started on http://127.0.0.1:4723
2026-09-01 01:34:13.161 [main] INFO  com.swaglabs.device.DeviceManager - Using Android device: b58c6ff4
2026-09-01 01:34:13.308 [main] INFO  c.s.managers.AppiumDriverManager - Starting Appium session: http://127.0.0.1:4723 with caps Capabilities {appium:adbExecTimeout: 20000, appium:app: C:\Users\family\Desktop\pro..., appium:appActivity: .MainActivity, appium:appPackage: com.juanforeroaxpo.saucedemo, appium:autoGrantPermissions: true, appium:automationName: UiAutomator2, appium:clearSystemFiles: true, appium:disableWindowAnimation: false, appium:newCommandTimeout: 250, appium:noSign: true, appium:udid: b58c6ff4, appium:uiautomator2ServerInstallTimeout: 20000, platformName: ANDROID}
2026-09-01 01:34:20.750 [main] INFO  c.s.utils.helper.WebdriverHelper - Screen recording started
2026-09-01 01:34:21.088 [main] INFO  c.swaglabs.stepsDefs.LoginStepsDefs - User lands on the login page
2026-09-01 01:34:27.586 [main] INFO  c.swaglabs.stepsDefs.LoginStepsDefs - Logged in as error_user
2026-09-01 01:34:29.257 [main] INFO  c.s.stepsDefs.ProductsStepsDefs - Added product at position 0 to the cart
2026-09-01 01:34:29.942 [main] INFO  com.swaglabs.hooks.Hooks - Scenario 'Error user cart icon shows error class bug' FAILED. Capturing screenshot...
2026-09-01 01:34:31.897 [main] INFO  c.s.utils.helper.WebdriverHelper - Recording saved and attached to failed scenario 'Error user cart icon shows error class bug'
2026-09-01 01:34:32.676 [main] INFO  c.s.managers.AppiumDriverManager - Local driver variables cleared
2026-09-01 01:34:32.676 [main] INFO  page_objects.PageObjectHelper - Page object instances cleared
2026-09-01 01:34:32.681 [main] INFO  com.swaglabs.hooks.Hooks - ******* Scenario: Performance glitch user cart operations complete without timeout started *******
2026-09-01 01:34:32.682 [main] INFO  c.s.managers.AppiumServerManager - Appium server already running on 127.0.0.1:4723 - stopping to reuse clean state
2026-09-01 01:34:32.706 [main] INFO  c.s.managers.AppiumServerManager - Appium server stopped
2026-09-01 01:34:36.162 [main] INFO  c.s.managers.AppiumServerManager - Appium server started on http://127.0.0.1:4723
2026-09-01 01:34:36.222 [main] INFO  com.swaglabs.device.DeviceManager - Using Android device: b58c6ff4
2026-09-01 01:34:36.433 [main] INFO  c.s.managers.AppiumDriverManager - Starting Appium session: http://127.0.0.1:4723 with caps Capabilities {appium:adbExecTimeout: 20000, appium:app: C:\Users\family\Desktop\pro..., appium:appActivity: .MainActivity, appium:appPackage: com.juanforeroaxpo.saucedemo, appium:autoGrantPermissions: true, appium:automationName: UiAutomator2, appium:clearSystemFiles: true, appium:disableWindowAnimation: false, appium:newCommandTimeout: 250, appium:noSign: true, appium:udid: b58c6ff4, appium:uiautomator2ServerInstallTimeout: 20000, platformName: ANDROID}
2026-09-01 01:34:44.237 [main] INFO  c.s.utils.helper.WebdriverHelper - Screen recording started
2026-09-01 01:34:44.916 [main] INFO  c.swaglabs.stepsDefs.LoginStepsDefs - User lands on the login page
2026-09-01 01:34:51.326 [main] INFO  c.swaglabs.stepsDefs.LoginStepsDefs - Logged in as performance_glitch_user
2026-09-01 01:34:57.290 [main] INFO  c.s.stepsDefs.ProductsStepsDefs - Added product at position 0 to the cart
2026-09-01 01:34:58.112 [main] INFO  c.swaglabs.stepsDefs.CartStepsDefs - Opened the cart
2026-09-01 01:35:02.919 [main] INFO  c.swaglabs.stepsDefs.CartStepsDefs - Cart page is displayed
2026-09-01 01:35:03.088 [main] INFO  c.swaglabs.stepsDefs.CartStepsDefs - Cart has 1 item(s)
2026-09-01 01:35:03.365 [main] INFO  c.swaglabs.stepsDefs.CartStepsDefs - Removed cart item at position 0
2026-09-01 01:35:08.146 [main] INFO  c.swaglabs.stepsDefs.CartStepsDefs - Cart is empty
2026-09-01 01:35:08.147 [main] INFO  com.swaglabs.hooks.Hooks - Scenario 'Performance glitch user cart operations complete without timeout' PASSED.
2026-09-01 01:35:10.156 [main] INFO  c.s.managers.AppiumDriverManager - Local driver variables cleared
2026-09-01 01:35:10.157 [main] INFO  page_objects.PageObjectHelper - Page object instances cleared
2026-09-01 01:35:10.167 [main] INFO  com.swaglabs.hooks.Hooks - ******* Scenario: User completes a full purchase started *******
2026-09-01 01:35:10.169 [main] INFO  c.s.managers.AppiumServerManager - Appium server already running on 127.0.0.1:4723 - stopping to reuse clean state
2026-09-01 01:35:10.198 [main] INFO  c.s.managers.AppiumServerManager - Appium server stopped
2026-09-01 01:35:13.770 [main] INFO  c.s.managers.AppiumServerManager - Appium server started on http://127.0.0.1:4723
2026-09-01 01:35:13.830 [main] INFO  com.swaglabs.device.DeviceManager - Using Android device: b58c6ff4
2026-09-01 01:35:14.004 [main] INFO  c.s.managers.AppiumDriverManager - Starting Appium session: http://127.0.0.1:4723 with caps Capabilities {appium:adbExecTimeout: 20000, appium:app: C:\Users\family\Desktop\pro..., appium:appActivity: .MainActivity, appium:appPackage: com.juanforeroaxpo.saucedemo, appium:autoGrantPermissions: true, appium:automationName: UiAutomator2, appium:clearSystemFiles: true, appium:disableWindowAnimation: false, appium:newCommandTimeout: 250, appium:noSign: true, appium:udid: b58c6ff4, appium:uiautomator2ServerInstallTimeout: 20000, platformName: ANDROID}
2026-09-01 01:35:21.728 [main] INFO  c.s.utils.helper.WebdriverHelper - Screen recording started
2026-09-01 01:35:22.069 [main] INFO  c.swaglabs.stepsDefs.LoginStepsDefs - User lands on the login page
2026-09-01 01:35:28.416 [main] INFO  c.swaglabs.stepsDefs.LoginStepsDefs - Logged in as standard_user
2026-09-01 01:35:30.037 [main] INFO  c.s.stepsDefs.ProductsStepsDefs - Added product at position 0 to the cart
2026-09-01 01:35:31.037 [main] INFO  c.swaglabs.stepsDefs.CartStepsDefs - Opened the cart
2026-09-01 01:35:32.441 [main] INFO  c.s.stepsDefs.CheckoutStepsDefs - Proceeded to checkout
2026-09-01 01:35:33.270 [main] INFO  c.s.stepsDefs.CheckoutStepsDefs - Checkout info page is displayed
2026-09-01 01:35:41.822 [main] INFO  c.s.stepsDefs.CheckoutStepsDefs - Entered shipping info: John Doe 12345
2026-09-01 01:35:42.682 [main] INFO  c.s.stepsDefs.CheckoutStepsDefs - Continued to overview page
2026-09-01 01:35:44.877 [main] INFO  c.s.stepsDefs.CheckoutStepsDefs - Checkout overview page is displayed
2026-09-01 01:35:45.173 [main] INFO  c.s.stepsDefs.CheckoutStepsDefs - Finished the order
2026-09-01 01:35:46.241 [main] INFO  c.s.stepsDefs.CheckoutStepsDefs - Checkout completion page is displayed
2026-09-01 01:35:46.474 [main] INFO  c.s.stepsDefs.CheckoutStepsDefs - Went back home
2026-09-01 01:35:46.475 [main] INFO  com.swaglabs.hooks.Hooks - Scenario 'User completes a full purchase' PASSED.
2026-09-01 01:35:48.539 [main] INFO  c.s.managers.AppiumDriverManager - Local driver variables cleared
2026-09-01 01:35:48.539 [main] INFO  page_objects.PageObjectHelper - Page object instances cleared
2026-09-01 01:35:48.547 [main] INFO  com.swaglabs.hooks.Hooks - ******* Scenario: Problem user cannot complete the purchase (last name is not retained) started *******
2026-09-01 01:35:48.548 [main] INFO  c.s.managers.AppiumServerManager - Appium server already running on 127.0.0.1:4723 - stopping to reuse clean state
2026-09-01 01:35:48.578 [main] INFO  c.s.managers.AppiumServerManager - Appium server stopped
2026-09-01 01:35:51.713 [main] INFO  c.s.managers.AppiumServerManager - Appium server started on http://127.0.0.1:4723
2026-09-01 01:35:51.771 [main] INFO  com.swaglabs.device.DeviceManager - Using Android device: b58c6ff4
2026-09-01 01:35:51.934 [main] INFO  c.s.managers.AppiumDriverManager - Starting Appium session: http://127.0.0.1:4723 with caps Capabilities {appium:adbExecTimeout: 20000, appium:app: C:\Users\family\Desktop\pro..., appium:appActivity: .MainActivity, appium:appPackage: com.juanforeroaxpo.saucedemo, appium:autoGrantPermissions: true, appium:automationName: UiAutomator2, appium:clearSystemFiles: true, appium:disableWindowAnimation: false, appium:newCommandTimeout: 250, appium:noSign: true, appium:udid: b58c6ff4, appium:uiautomator2ServerInstallTimeout: 20000, platformName: ANDROID}
2026-09-01 01:35:59.566 [main] INFO  c.s.utils.helper.WebdriverHelper - Screen recording started
2026-09-01 01:35:59.918 [main] INFO  c.swaglabs.stepsDefs.LoginStepsDefs - User lands on the login page
2026-09-01 01:36:06.222 [main] INFO  c.swaglabs.stepsDefs.LoginStepsDefs - Logged in as problem_user
2026-09-01 01:36:07.842 [main] INFO  c.s.stepsDefs.ProductsStepsDefs - Added product at position 0 to the cart
2026-09-01 01:36:08.897 [main] INFO  c.swaglabs.stepsDefs.CartStepsDefs - Opened the cart
2026-09-01 01:36:09.748 [main] INFO  c.s.stepsDefs.CheckoutStepsDefs - Proceeded to checkout
2026-09-01 01:36:10.583 [main] INFO  c.s.stepsDefs.CheckoutStepsDefs - Checkout info page is displayed
2026-09-01 01:36:19.461 [main] INFO  c.s.stepsDefs.CheckoutStepsDefs - Entered shipping info: John Doe 12345
2026-09-01 01:36:20.793 [main] INFO  c.s.stepsDefs.CheckoutStepsDefs - Continued to overview page
2026-09-01 01:36:32.227 [main] INFO  com.swaglabs.hooks.Hooks - Scenario 'Problem user cannot complete the purchase (last name is not retained)' FAILED. Capturing screenshot...
2026-09-01 01:36:34.083 [main] INFO  c.s.utils.helper.WebdriverHelper - Recording saved and attached to failed scenario 'Problem user cannot complete the purchase (last name is not retained)'
2026-09-01 01:36:34.880 [main] INFO  c.s.managers.AppiumDriverManager - Local driver variables cleared
2026-09-01 01:36:34.880 [main] INFO  page_objects.PageObjectHelper - Page object instances cleared
2026-09-01 01:36:34.887 [main] INFO  com.swaglabs.hooks.Hooks - ******* Scenario: Performance glitch user completes a full purchase started *******
2026-09-01 01:36:34.888 [main] INFO  c.s.managers.AppiumServerManager - Appium server already running on 127.0.0.1:4723 - stopping to reuse clean state
2026-09-01 01:36:34.921 [main] INFO  c.s.managers.AppiumServerManager - Appium server stopped
2026-09-01 01:36:38.351 [main] INFO  c.s.managers.AppiumServerManager - Appium server started on http://127.0.0.1:4723
2026-09-01 01:36:38.409 [main] INFO  com.swaglabs.device.DeviceManager - Using Android device: b58c6ff4
2026-09-01 01:36:38.557 [main] INFO  c.s.managers.AppiumDriverManager - Starting Appium session: http://127.0.0.1:4723 with caps Capabilities {appium:adbExecTimeout: 20000, appium:app: C:\Users\family\Desktop\pro..., appium:appActivity: .MainActivity, appium:appPackage: com.juanforeroaxpo.saucedemo, appium:autoGrantPermissions: true, appium:automationName: UiAutomator2, appium:clearSystemFiles: true, appium:disableWindowAnimation: false, appium:newCommandTimeout: 250, appium:noSign: true, appium:udid: b58c6ff4, appium:uiautomator2ServerInstallTimeout: 20000, platformName: ANDROID}
2026-09-01 01:36:45.995 [main] INFO  c.s.utils.helper.WebdriverHelper - Screen recording started
2026-09-01 01:36:46.320 [main] INFO  c.swaglabs.stepsDefs.LoginStepsDefs - User lands on the login page
2026-09-01 01:36:52.667 [main] INFO  c.swaglabs.stepsDefs.LoginStepsDefs - Logged in as performance_glitch_user
2026-09-01 01:36:58.415 [main] INFO  c.s.stepsDefs.ProductsStepsDefs - Added product at position 0 to the cart
2026-09-01 01:36:59.775 [main] INFO  c.swaglabs.stepsDefs.CartStepsDefs - Opened the cart
2026-09-01 01:37:03.090 [main] INFO  c.s.stepsDefs.CheckoutStepsDefs - Proceeded to checkout
2026-09-01 01:37:03.935 [main] INFO  c.s.stepsDefs.CheckoutStepsDefs - Checkout info page is displayed
2026-09-01 01:37:12.455 [main] INFO  c.s.stepsDefs.CheckoutStepsDefs - Entered shipping info: John Doe 12345
2026-09-01 01:37:13.332 [main] INFO  c.s.stepsDefs.CheckoutStepsDefs - Continued to overview page
2026-09-01 01:41:04.750 [main] INFO  c.s.managers.PropertiesManager - Loaded properties file: src/main/resources/project_properties/project_config_local.properties
2026-09-01 01:41:04.763 [main] INFO  c.s.capabilities.CapabilityManager - Loaded capabilities from C:\Users\family\Desktop\projects\swag-labs-mobile-nwdfew/src/main/resources/caps/local.json
2026-09-01 01:41:04.763 [main] INFO  com.swaglabs.hooks.Hooks - Swag Labs automation started. Platform=android, Environment=local
2026-09-01 01:41:05.027 [main] INFO  com.swaglabs.hooks.Hooks - ******* Scenario: User can add a product to the cart started *******
2026-09-01 01:41:09.474 [main] INFO  c.s.managers.AppiumServerManager - Appium server started on http://127.0.0.1:4723
2026-09-01 01:41:09.600 [main] INFO  com.swaglabs.device.DeviceManager - Using Android device: b58c6ff4
2026-09-01 01:41:09.806 [main] INFO  c.s.managers.AppiumDriverManager - Starting Appium session: http://127.0.0.1:4723 with caps Capabilities {appium:adbExecTimeout: 20000, appium:app: C:\Users\family\Desktop\pro..., appium:appActivity: .MainActivity, appium:appPackage: com.juanforeroaxpo.saucedemo, appium:autoGrantPermissions: true, appium:automationName: UiAutomator2, appium:clearSystemFiles: true, appium:disableWindowAnimation: false, appium:newCommandTimeout: 250, appium:noSign: true, appium:udid: b58c6ff4, appium:uiautomator2ServerInstallTimeout: 20000, platformName: ANDROID}
2026-09-01 01:41:18.753 [main] INFO  c.s.utils.helper.WebdriverHelper - Screen recording started
2026-09-01 01:41:19.820 [main] INFO  c.swaglabs.stepsDefs.LoginStepsDefs - User lands on the login page
2026-09-01 01:41:26.490 [main] INFO  c.swaglabs.stepsDefs.LoginStepsDefs - Logged in as standard_user
2026-09-01 01:41:28.109 [main] INFO  c.s.stepsDefs.ProductsStepsDefs - Added product at position 0 to the cart
2026-09-01 01:41:29.289 [main] INFO  c.swaglabs.stepsDefs.CartStepsDefs - Opened the cart
2026-09-01 01:41:29.990 [main] INFO  c.swaglabs.stepsDefs.CartStepsDefs - Cart page is displayed
2026-09-01 01:41:30.619 [main] INFO  c.swaglabs.stepsDefs.CartStepsDefs - Cart has 1 item(s)
2026-09-01 01:41:30.622 [main] INFO  com.swaglabs.hooks.Hooks - Scenario 'User can add a product to the cart' PASSED.
2026-09-01 01:41:32.810 [main] INFO  c.s.managers.AppiumDriverManager - Local driver variables cleared
2026-09-01 01:41:32.811 [main] INFO  page_objects.PageObjectHelper - Page object instances cleared
2026-09-01 01:41:32.824 [main] INFO  com.swaglabs.hooks.Hooks - ******* Scenario: User can add a product to the cart started *******
2026-09-01 01:41:32.825 [main] INFO  c.s.managers.AppiumServerManager - Appium server already running on 127.0.0.1:4723 - stopping to reuse clean state
2026-09-01 01:41:32.859 [main] INFO  c.s.managers.AppiumServerManager - Appium server stopped
2026-09-01 01:41:36.743 [main] INFO  c.s.managers.AppiumServerManager - Appium server started on http://127.0.0.1:4723
2026-09-01 01:41:36.798 [main] INFO  com.swaglabs.device.DeviceManager - Using Android device: b58c6ff4
2026-09-01 01:41:36.954 [main] INFO  c.s.managers.AppiumDriverManager - Starting Appium session: http://127.0.0.1:4723 with caps Capabilities {appium:adbExecTimeout: 20000, appium:app: C:\Users\family\Desktop\pro..., appium:appActivity: .MainActivity, appium:appPackage: com.juanforeroaxpo.saucedemo, appium:autoGrantPermissions: true, appium:automationName: UiAutomator2, appium:clearSystemFiles: true, appium:disableWindowAnimation: false, appium:newCommandTimeout: 250, appium:noSign: true, appium:udid: b58c6ff4, appium:uiautomator2ServerInstallTimeout: 20000, platformName: ANDROID}
2026-09-01 01:41:44.570 [main] INFO  c.s.utils.helper.WebdriverHelper - Screen recording started
2026-09-01 01:41:44.973 [main] INFO  c.swaglabs.stepsDefs.LoginStepsDefs - User lands on the login page
2026-09-01 01:41:52.138 [main] INFO  c.swaglabs.stepsDefs.LoginStepsDefs - Logged in as error_user
2026-09-01 01:41:53.787 [main] INFO  c.s.stepsDefs.ProductsStepsDefs - Added product at position 0 to the cart
2026-09-01 01:41:54.623 [main] INFO  c.swaglabs.stepsDefs.CartStepsDefs - Opened the cart
2026-09-01 01:42:14.811 [main] ERROR c.s.exceptions.ExceptionController - Element not found: CHECKOUT_BUTTON (timeout)
org.openqa.selenium.TimeoutException: Expected condition failed: waiting for visibility of Located by By.chained({AppiumBy.androidUIAutomator: resourceId("checkout-button")})
(tried for 20 seconds with 500 milliseconds interval)
	at org.openqa.selenium.support.ui.WebDriverWait.timeoutException(WebDriverWait.java:84)
	at org.openqa.selenium.support.ui.FluentWait.until(FluentWait.java:231)
	at com.swaglabs.utils.Waits.waitForElement(Waits.java:27)
	at com.swaglabs.utils.Waits.waitForElement(Waits.java:22)
	at page_objects.BaseMobilePage.checkElement(BaseMobilePage.java:44)
	at page_objects.android.AndroidCartPage.checkElement(AndroidCartPage.java:18)
	at com.swaglabs.stepsDefs.CartStepsDefs.iShouldSeeTheCartPage(CartStepsDefs.java:26)
	at java.base/jdk.internal.reflect.DirectMethodHandleAccessor.invoke(DirectMethodHandleAccessor.java:104)
	at java.base/java.lang.reflect.Method.invoke(Method.java:565)
	at io.cucumber.java.Invoker.doInvoke(Invoker.java:66)
	at io.cucumber.java.Invoker.invoke(Invoker.java:24)
	at io.cucumber.java.AbstractGlueDefinition.invokeMethod(AbstractGlueDefinition.java:47)
	at io.cucumber.java.JavaStepDefinition.execute(JavaStepDefinition.java:29)
	at io.cucumber.core.runner.CoreStepDefinition.execute(CoreStepDefinition.java:66)
	at io.cucumber.core.runner.PickleStepDefinitionMatch.runStep(PickleStepDefinitionMatch.java:62)
	at io.cucumber.core.runner.ExecutionMode$1.execute(ExecutionMode.java:10)
	at io.cucumber.core.runner.TestStep.executeStep(TestStep.java:81)
	at io.cucumber.core.runner.TestStep.run(TestStep.java:53)
	at io.cucumber.core.runner.PickleStepTestStep.run(PickleStepTestStep.java:51)
	at io.cucumber.core.runner.TestCase.run(TestCase.java:87)
	at io.cucumber.core.runner.Runner.runPickle(Runner.java:75)
	at io.cucumber.junit.platform.engine.CucumberEngineExecutionContext.lambda$runTestCase$4(CucumberEngineExecutionContext.java:115)
	at io.cucumber.core.runtime.CucumberExecutionContext.lambda$runTestCase$5(CucumberExecutionContext.java:136)
	at io.cucumber.core.runtime.RethrowingThrowableCollector.executeAndThrow(RethrowingThrowableCollector.java:23)
	at io.cucumber.core.runtime.CucumberExecutionContext.runTestCase(CucumberExecutionContext.java:136)
	at io.cucumber.junit.platform.engine.CucumberEngineExecutionContext.runTestCase(CucumberEngineExecutionContext.java:112)
	at io.cucumber.junit.platform.engine.CucumberTestDescriptor$PickleDescriptor.execute(CucumberTestDescriptor.java:308)
	at io.cucumber.junit.platform.engine.CucumberTestDescriptor$PickleDescriptor.execute(CucumberTestDescriptor.java:249)
	at org.junit.platform.engine.support.hierarchical.NodeTestTask.lambda$executeRecursively$2(NodeTestTask.java:176)
	at org.junit.platform.engine.support.hierarchical.ThrowableCollector.execute(ThrowableCollector.java:74)
	at org.junit.platform.engine.support.hierarchical.NodeTestTask.lambda$executeRecursively$1(NodeTestTask.java:166)
	at org.junit.platform.engine.support.hierarchical.Node.around(Node.java:138)
	at org.junit.platform.engine.support.hierarchical.NodeTestTask.lambda$executeRecursively$0(NodeTestTask.java:164)
	at org.junit.platform.engine.support.hierarchical.ThrowableCollector.execute(ThrowableCollector.java:74)
	at org.junit.platform.engine.support.hierarchical.NodeTestTask.executeRecursively(NodeTestTask.java:163)
	at org.junit.platform.engine.support.hierarchical.NodeTestTask.execute(NodeTestTask.java:116)
	at java.base/java.util.ArrayList.forEach(ArrayList.java:1612)
	at org.junit.platform.engine.support.hierarchical.SameThreadHierarchicalTestExecutorService.invokeAll(SameThreadHierarchicalTestExecutorService.java:42)
	at org.junit.platform.engine.support.hierarchical.NodeTestTask.lambda$executeRecursively$2(NodeTestTask.java:180)
	at org.junit.platform.engine.support.hierarchical.ThrowableCollector.execute(ThrowableCollector.java:74)
	at org.junit.platform.engine.support.hierarchical.NodeTestTask.lambda$executeRecursively$1(NodeTestTask.java:166)
	at org.junit.platform.engine.support.hierarchical.Node.around(Node.java:138)
	at org.junit.platform.engine.support.hierarchical.NodeTestTask.lambda$executeRecursively$0(NodeTestTask.java:164)
	at org.junit.platform.engine.support.hierarchical.ThrowableCollector.execute(ThrowableCollector.java:74)
	at org.junit.platform.engine.support.hierarchical.NodeTestTask.executeRecursively(NodeTestTask.java:163)
	at org.junit.platform.engine.support.hierarchical.NodeTestTask.execute(NodeTestTask.java:116)
	at java.base/java.util.ArrayList.forEach(ArrayList.java:1612)
	at org.junit.platform.engine.support.hierarchical.SameThreadHierarchicalTestExecutorService.invokeAll(SameThreadHierarchicalTestExecutorService.java:42)
	at org.junit.platform.engine.support.hierarchical.NodeTestTask.lambda$executeRecursively$2(NodeTestTask.java:180)
	at org.junit.platform.engine.support.hierarchical.ThrowableCollector.execute(ThrowableCollector.java:74)
	at org.junit.platform.engine.support.hierarchical.NodeTestTask.lambda$executeRecursively$1(NodeTestTask.java:166)
	at org.junit.platform.engine.support.hierarchical.Node.around(Node.java:138)
	at org.junit.platform.engine.support.hierarchical.NodeTestTask.lambda$executeRecursively$0(NodeTestTask.java:164)
	at org.junit.platform.engine.support.hierarchical.ThrowableCollector.execute(ThrowableCollector.java:74)
	at org.junit.platform.engine.support.hierarchical.NodeTestTask.executeRecursively(NodeTestTask.java:163)
	at org.junit.platform.engine.support.hierarchical.NodeTestTask.execute(NodeTestTask.java:116)
	at java.base/java.util.ArrayList.forEach(ArrayList.java:1612)
	at org.junit.platform.engine.support.hierarchical.SameThreadHierarchicalTestExecutorService.invokeAll(SameThreadHierarchicalTestExecutorService.java:42)
	at org.junit.platform.engine.support.hierarchical.NodeTestTask.lambda$executeRecursively$2(NodeTestTask.java:180)
	at org.junit.platform.engine.support.hierarchical.ThrowableCollector.execute(ThrowableCollector.java:74)
	at org.junit.platform.engine.support.hierarchical.NodeTestTask.lambda$executeRecursively$1(NodeTestTask.java:166)
	at org.junit.platform.engine.support.hierarchical.Node.around(Node.java:138)
	at org.junit.platform.engine.support.hierarchical.NodeTestTask.lambda$executeRecursively$0(NodeTestTask.java:164)
	at org.junit.platform.engine.support.hierarchical.ThrowableCollector.execute(ThrowableCollector.java:74)
	at org.junit.platform.engine.support.hierarchical.NodeTestTask.executeRecursively(NodeTestTask.java:163)
	at org.junit.platform.engine.support.hierarchical.NodeTestTask.execute(NodeTestTask.java:116)
	at java.base/java.util.ArrayList.forEach(ArrayList.java:1612)
	at org.junit.platform.engine.support.hierarchical.SameThreadHierarchicalTestExecutorService.invokeAll(SameThreadHierarchicalTestExecutorService.java:42)
	at org.junit.platform.engine.support.hierarchical.NodeTestTask.lambda$executeRecursively$2(NodeTestTask.java:180)
	at org.junit.platform.engine.support.hierarchical.ThrowableCollector.execute(ThrowableCollector.java:74)
	at org.junit.platform.engine.support.hierarchical.NodeTestTask.lambda$executeRecursively$1(NodeTestTask.java:166)
	at org.junit.platform.engine.support.hierarchical.Node.around(Node.java:138)
	at org.junit.platform.engine.support.hierarchical.NodeTestTask.lambda$executeRecursively$0(NodeTestTask.java:164)
	at org.junit.platform.engine.support.hierarchical.ThrowableCollector.execute(ThrowableCollector.java:74)
	at org.junit.platform.engine.support.hierarchical.NodeTestTask.executeRecursively(NodeTestTask.java:163)
	at org.junit.platform.engine.support.hierarchical.NodeTestTask.execute(NodeTestTask.java:116)
	at org.junit.platform.engine.support.hierarchical.SameThreadHierarchicalTestExecutorService.submit(SameThreadHierarchicalTestExecutorService.java:36)
	at org.junit.platform.engine.support.hierarchical.HierarchicalTestExecutor.execute(HierarchicalTestExecutor.java:52)
	at org.junit.platform.engine.support.hierarchical.HierarchicalTestEngine.execute(HierarchicalTestEngine.java:58)
	at org.junit.platform.launcher.core.EngineExecutionOrchestrator.executeEngine(EngineExecutionOrchestrator.java:246)
	at org.junit.platform.launcher.core.EngineExecutionOrchestrator.failOrExecuteEngine(EngineExecutionOrchestrator.java:218)
	at org.junit.platform.launcher.core.EngineExecutionOrchestrator.execute(EngineExecutionOrchestrator.java:179)
	at org.junit.platform.launcher.core.EngineExecutionOrchestrator.execute(EngineExecutionOrchestrator.java:108)
	at org.junit.platform.launcher.core.EngineExecutionOrchestrator.execute(EngineExecutionOrchestrator.java:89)
	at org.junit.platform.suite.engine.SuiteLauncher.execute(SuiteLauncher.java:65)
	at org.junit.platform.suite.engine.SuiteTestDescriptor.executeTests(SuiteTestDescriptor.java:208)
	at org.junit.platform.suite.engine.SuiteTestDescriptor.execute(SuiteTestDescriptor.java:173)
	at org.junit.platform.suite.engine.SuiteTestEngine.lambda$execute$0(SuiteTestEngine.java:78)
	at java.base/java.util.stream.ForEachOps$ForEachOp$OfRef.accept(ForEachOps.java:186)
	at java.base/java.util.stream.ReferencePipeline$3$1.accept(ReferencePipeline.java:214)
	at java.base/java.util.Iterator.forEachRemaining(Iterator.java:133)
	at java.base/java.util.Spliterators$IteratorSpliterator.forEachRemaining(Spliterators.java:1939)
	at java.base/java.util.stream.AbstractPipeline.copyInto(AbstractPipeline.java:570)
	at java.base/java.util.stream.AbstractPipeline.wrapAndCopyInto(AbstractPipeline.java:560)
	at java.base/java.util.stream.ForEachOps$ForEachOp.evaluateSequential(ForEachOps.java:153)
	at java.base/java.util.stream.ForEachOps$ForEachOp$OfRef.evaluateSequential(ForEachOps.java:176)
	at java.base/java.util.stream.AbstractPipeline.evaluate(AbstractPipeline.java:265)
	at java.base/java.util.stream.ReferencePipeline.forEach(ReferencePipeline.java:632)
	at org.junit.platform.suite.engine.SuiteTestEngine.execute(SuiteTestEngine.java:78)
	at org.junit.platform.launcher.core.EngineExecutionOrchestrator.executeEngine(EngineExecutionOrchestrator.java:246)
	at org.junit.platform.launcher.core.EngineExecutionOrchestrator.failOrExecuteEngine(EngineExecutionOrchestrator.java:218)
	at org.junit.platform.launcher.core.EngineExecutionOrchestrator.execute(EngineExecutionOrchestrator.java:179)
	at org.junit.platform.launcher.core.EngineExecutionOrchestrator.execute(EngineExecutionOrchestrator.java:108)
	at org.junit.platform.launcher.core.EngineExecutionOrchestrator.lambda$execute$0(EngineExecutionOrchestrator.java:66)
	at org.junit.platform.launcher.core.EngineExecutionOrchestrator.withInterceptedStreams(EngineExecutionOrchestrator.java:157)
	at org.junit.platform.launcher.core.EngineExecutionOrchestrator.execute(EngineExecutionOrchestrator.java:65)
	at org.junit.platform.launcher.core.DefaultLauncher.execute(DefaultLauncher.java:125)
	at org.junit.platform.launcher.core.DefaultLauncher.execute(DefaultLauncher.java:114)
	at org.junit.platform.launcher.core.DelegatingLauncher.execute(DelegatingLauncher.java:58)
	at org.junit.platform.launcher.core.InterceptingLauncher.lambda$execute$2(InterceptingLauncher.java:57)
	at org.junit.platform.launcher.core.ClasspathAlignmentCheckingLauncherInterceptor.intercept(ClasspathAlignmentCheckingLauncherInterceptor.java:25)
	at org.junit.platform.launcher.core.InterceptingLauncher.execute(InterceptingLauncher.java:56)
	at org.junit.platform.launcher.core.DelegatingLauncher.execute(DelegatingLauncher.java:58)
	at java.base/jdk.internal.reflect.DirectMethodHandleAccessor.invoke(DirectMethodHandleAccessor.java:104)
	at java.base/java.lang.reflect.Method.invoke(Method.java:565)
	at org.apache.maven.surefire.api.util.ReflectionUtils.invokeMethodWithArray(ReflectionUtils.java:125)
	at org.apache.maven.surefire.junitplatform.LauncherAdapter.executeWithCancellationToken(LauncherAdapter.java:68)
	at org.apache.maven.surefire.junitplatform.LauncherAdapter.execute(LauncherAdapter.java:54)
	at org.apache.maven.surefire.junitplatform.JUnitPlatformProvider.execute(JUnitPlatformProvider.java:203)
	at org.apache.maven.surefire.junitplatform.JUnitPlatformProvider.invokeAllTests(JUnitPlatformProvider.java:168)
	at org.apache.maven.surefire.junitplatform.JUnitPlatformProvider.invoke(JUnitPlatformProvider.java:136)
	at org.apache.maven.surefire.booter.ForkedBooter.runSuitesInProcess(ForkedBooter.java:385)
	at org.apache.maven.surefire.booter.ForkedBooter.execute(ForkedBooter.java:162)
	at org.apache.maven.surefire.booter.ForkedBooter.run(ForkedBooter.java:507)
	at org.apache.maven.surefire.booter.ForkedBooter.main(ForkedBooter.java:495)
Caused by: org.openqa.selenium.NoSuchElementException: Can't locate an element by this strategy: By.chained({AppiumBy.androidUIAutomator: resourceId("checkout-button")})
	at io.appium.java_client.pagefactory.AppiumElementLocator.findElement(AppiumElementLocator.java:166)
	at io.appium.java_client.pagefactory.interceptors.InterceptorOfASingleElement.call(InterceptorOfASingleElement.java:74)
	at io.appium.java_client.proxy.Interceptor.intercept(Interceptor.java:78)
	at org.openqa.selenium.remote.RemoteWebElement$ByteBuddy$62VauiIn.isDisplayed(Unknown Source)
	at org.openqa.selenium.support.ui.ExpectedConditions.elementIfVisible(ExpectedConditions.java:367)
	at org.openqa.selenium.support.ui.ExpectedConditions$10.apply(ExpectedConditions.java:353)
	at org.openqa.selenium.support.ui.ExpectedConditions$10.apply(ExpectedConditions.java:350)
	at org.openqa.selenium.support.ui.FluentWait.until(FluentWait.java:207)
	... 123 common frames omitted
Caused by: org.openqa.selenium.TimeoutException: Expected condition failed: waiting for io.appium.java_client.pagefactory.AppiumElementLocator$WaitingFunction@1e0c898c
(tried for 20 seconds with 500 milliseconds interval)
	at org.openqa.selenium.support.ui.FluentWait.timeoutException(FluentWait.java:276)
	at org.openqa.selenium.support.ui.FluentWait.until(FluentWait.java:231)
	at io.appium.java_client.pagefactory.AppiumElementLocator.waitFor(AppiumElementLocator.java:135)
	at io.appium.java_client.pagefactory.AppiumElementLocator.findElement(AppiumElementLocator.java:160)
	... 130 common frames omitted
Caused by: org.openqa.selenium.NoSuchElementException: Cannot locate an element using By.chained({AppiumBy.androidUIAutomator: resourceId("checkout-button")})
For documentation on this error, please visit: https://www.selenium.dev/documentation/webdriver/troubleshooting/errors#nosuchelementexception
Build info: version: '4.40.0', revision: 'b3333f1'
System info: os.name: 'Windows 11', os.arch: 'amd64', os.version: '10.0', java.version: '26.0.2.1'
Driver info: driver.version: RemoteWebDriver
	at io.appium.java_client.pagefactory.bys.builder.ByChained.findElement(ByChained.java:74)
	at org.openqa.selenium.remote.ElementLocation$ElementFinder$1.findElement(ElementLocation.java:140)
	at org.openqa.selenium.remote.ElementLocation.findElement(ElementLocation.java:60)
	at org.openqa.selenium.remote.RemoteWebDriver.findElement(RemoteWebDriver.java:424)
	at org.openqa.selenium.remote.RemoteWebDriver.findElement(RemoteWebDriver.java:418)
	at io.appium.java_client.pagefactory.bys.ContentMappedBy.findElement(ContentMappedBy.java:54)
	at org.openqa.selenium.remote.ElementLocation$ElementFinder$1.findElement(ElementLocation.java:140)
	at org.openqa.selenium.remote.ElementLocation.findElement(ElementLocation.java:60)
	at org.openqa.selenium.remote.RemoteWebDriver.findElement(RemoteWebDriver.java:424)
	at org.openqa.selenium.remote.RemoteWebDriver.findElement(RemoteWebDriver.java:418)
	at io.appium.java_client.pagefactory.AppiumElementLocator.lambda$findElement$1(AppiumElementLocator.java:160)
	at io.appium.java_client.pagefactory.AppiumElementLocator$WaitingFunction.apply(AppiumElementLocator.java:217)
	at io.appium.java_client.pagefactory.AppiumElementLocator$WaitingFunction.apply(AppiumElementLocator.java:210)
	at org.openqa.selenium.support.ui.FluentWait.until(FluentWait.java:207)
	... 132 common frames omitted
2026-09-01 01:42:14.825 [main] INFO  com.swaglabs.hooks.Hooks - Scenario 'User can add a product to the cart' FAILED. Capturing screenshot...
2026-09-01 01:42:16.614 [main] INFO  c.s.utils.helper.WebdriverHelper - Recording saved and attached to failed scenario 'User can add a product to the cart'
2026-09-01 01:42:17.520 [main] INFO  c.s.managers.AppiumDriverManager - Local driver variables cleared
2026-09-01 01:42:17.520 [main] INFO  page_objects.PageObjectHelper - Page object instances cleared
2026-09-01 01:42:17.546 [main] INFO  com.swaglabs.hooks.Hooks - ******* Scenario: User can remove an item from the cart started *******
2026-09-01 01:42:17.547 [main] INFO  c.s.managers.AppiumServerManager - Appium server already running on 127.0.0.1:4723 - stopping to reuse clean state
2026-09-01 01:42:17.591 [main] INFO  c.s.managers.AppiumServerManager - Appium server stopped
2026-09-01 01:42:24.500 [main] INFO  c.s.managers.AppiumServerManager - Appium server started on http://127.0.0.1:4723
2026-09-01 01:42:24.625 [main] INFO  com.swaglabs.device.DeviceManager - Using Android device: b58c6ff4
2026-09-01 01:42:24.880 [main] INFO  c.s.managers.AppiumDriverManager - Starting Appium session: http://127.0.0.1:4723 with caps Capabilities {appium:adbExecTimeout: 20000, appium:app: C:\Users\family\Desktop\pro..., appium:appActivity: .MainActivity, appium:appPackage: com.juanforeroaxpo.saucedemo, appium:autoGrantPermissions: true, appium:automationName: UiAutomator2, appium:clearSystemFiles: true, appium:disableWindowAnimation: false, appium:newCommandTimeout: 250, appium:noSign: true, appium:udid: b58c6ff4, appium:uiautomator2ServerInstallTimeout: 20000, platformName: ANDROID}
2026-09-01 01:42:34.080 [main] INFO  c.s.utils.helper.WebdriverHelper - Screen recording started
2026-09-01 01:42:34.773 [main] INFO  c.swaglabs.stepsDefs.LoginStepsDefs - User lands on the login page
2026-09-01 01:42:41.369 [main] INFO  c.swaglabs.stepsDefs.LoginStepsDefs - Logged in as standard_user
2026-09-01 01:42:43.898 [main] INFO  c.s.stepsDefs.ProductsStepsDefs - Added product at position 0 to the cart
2026-09-01 01:42:44.896 [main] INFO  c.swaglabs.stepsDefs.CartStepsDefs - Opened the cart
2026-09-01 01:42:45.763 [main] INFO  c.swaglabs.stepsDefs.CartStepsDefs - Removed cart item at position 0
2026-09-01 01:42:46.957 [main] INFO  c.swaglabs.stepsDefs.CartStepsDefs - Cart is empty
2026-09-01 01:42:46.958 [main] INFO  com.swaglabs.hooks.Hooks - Scenario 'User can remove an item from the cart' PASSED.
2026-09-01 01:42:49.453 [main] INFO  c.s.managers.AppiumDriverManager - Local driver variables cleared
2026-09-01 01:42:49.454 [main] INFO  page_objects.PageObjectHelper - Page object instances cleared
2026-09-01 01:42:49.495 [main] INFO  com.swaglabs.hooks.Hooks - ******* Scenario: User completes a full purchase started *******
2026-09-01 01:42:49.496 [main] INFO  c.s.managers.AppiumServerManager - Appium server already running on 127.0.0.1:4723 - stopping to reuse clean state
2026-09-01 01:42:49.544 [main] INFO  c.s.managers.AppiumServerManager - Appium server stopped
2026-09-01 01:42:55.727 [main] INFO  c.s.managers.AppiumServerManager - Appium server started on http://127.0.0.1:4723
2026-09-01 01:42:55.803 [main] INFO  com.swaglabs.device.DeviceManager - Using Android device: b58c6ff4
2026-09-01 01:42:56.012 [main] INFO  c.s.managers.AppiumDriverManager - Starting Appium session: http://127.0.0.1:4723 with caps Capabilities {appium:adbExecTimeout: 20000, appium:app: C:\Users\family\Desktop\pro..., appium:appActivity: .MainActivity, appium:appPackage: com.juanforeroaxpo.saucedemo, appium:autoGrantPermissions: true, appium:automationName: UiAutomator2, appium:clearSystemFiles: true, appium:disableWindowAnimation: false, appium:newCommandTimeout: 250, appium:noSign: true, appium:udid: b58c6ff4, appium:uiautomator2ServerInstallTimeout: 20000, platformName: ANDROID}
2026-09-01 01:43:04.312 [main] INFO  c.s.utils.helper.WebdriverHelper - Screen recording started
2026-09-01 01:43:04.722 [main] INFO  c.swaglabs.stepsDefs.LoginStepsDefs - User lands on the login page
2026-09-01 01:43:11.322 [main] INFO  c.swaglabs.stepsDefs.LoginStepsDefs - Logged in as standard_user
2026-09-01 01:43:13.621 [main] INFO  c.s.stepsDefs.ProductsStepsDefs - Added product at position 0 to the cart
2026-09-01 01:43:14.786 [main] INFO  c.swaglabs.stepsDefs.CartStepsDefs - Opened the cart
2026-09-01 01:43:15.665 [main] INFO  c.s.stepsDefs.CheckoutStepsDefs - Proceeded to checkout
2026-09-01 01:43:15.679 [main] INFO  com.swaglabs.hooks.Hooks - Scenario 'User completes a full purchase' FAILED. Capturing screenshot...
2026-09-01 01:43:17.849 [main] INFO  c.s.utils.helper.WebdriverHelper - Recording saved and attached to failed scenario 'User completes a full purchase'
2026-09-01 01:43:18.682 [main] INFO  c.s.managers.AppiumDriverManager - Local driver variables cleared
2026-09-01 01:43:18.682 [main] INFO  page_objects.PageObjectHelper - Page object instances cleared
2026-09-01 01:43:18.690 [main] INFO  com.swaglabs.hooks.Hooks - ******* Scenario: User completes a full purchase started *******
2026-09-01 01:43:18.691 [main] INFO  c.s.managers.AppiumServerManager - Appium server already running on 127.0.0.1:4723 - stopping to reuse clean state
2026-09-01 01:43:18.744 [main] INFO  c.s.managers.AppiumServerManager - Appium server stopped
2026-09-01 01:43:24.234 [main] INFO  c.s.managers.AppiumServerManager - Appium server started on http://127.0.0.1:4723
2026-09-01 01:43:24.300 [main] INFO  com.swaglabs.device.DeviceManager - Using Android device: b58c6ff4
2026-09-01 01:43:24.494 [main] INFO  c.s.managers.AppiumDriverManager - Starting Appium session: http://127.0.0.1:4723 with caps Capabilities {appium:adbExecTimeout: 20000, appium:app: C:\Users\family\Desktop\pro..., appium:appActivity: .MainActivity, appium:appPackage: com.juanforeroaxpo.saucedemo, appium:autoGrantPermissions: true, appium:automationName: UiAutomator2, appium:clearSystemFiles: true, appium:disableWindowAnimation: false, appium:newCommandTimeout: 250, appium:noSign: true, appium:udid: b58c6ff4, appium:uiautomator2ServerInstallTimeout: 20000, platformName: ANDROID}
2026-09-01 01:43:32.813 [main] INFO  c.s.utils.helper.WebdriverHelper - Screen recording started
2026-09-01 01:43:33.160 [main] INFO  c.swaglabs.stepsDefs.LoginStepsDefs - User lands on the login page
2026-09-01 01:43:39.507 [main] INFO  c.swaglabs.stepsDefs.LoginStepsDefs - Logged in as problem_user
2026-09-01 01:43:41.126 [main] INFO  c.s.stepsDefs.ProductsStepsDefs - Added product at position 0 to the cart
2026-09-01 01:43:42.282 [main] INFO  c.swaglabs.stepsDefs.CartStepsDefs - Opened the cart
2026-09-01 01:43:43.181 [main] INFO  c.s.stepsDefs.CheckoutStepsDefs - Proceeded to checkout
2026-09-01 01:43:43.189 [main] INFO  com.swaglabs.hooks.Hooks - Scenario 'User completes a full purchase' FAILED. Capturing screenshot...
2026-09-01 01:43:45.186 [main] INFO  c.s.utils.helper.WebdriverHelper - Recording saved and attached to failed scenario 'User completes a full purchase'
2026-09-01 01:43:46.009 [main] INFO  c.s.managers.AppiumDriverManager - Local driver variables cleared
2026-09-01 01:43:46.009 [main] INFO  page_objects.PageObjectHelper - Page object instances cleared
2026-09-01 01:43:46.024 [main] INFO  com.swaglabs.hooks.Hooks - ******* Scenario: Standard user can log in successfully started *******
2026-09-01 01:43:46.026 [main] INFO  c.s.managers.AppiumServerManager - Appium server already running on 127.0.0.1:4723 - stopping to reuse clean state
2026-09-01 01:43:46.068 [main] INFO  c.s.managers.AppiumServerManager - Appium server stopped
2026-09-01 01:43:52.082 [main] INFO  c.s.managers.AppiumServerManager - Appium server started on http://127.0.0.1:4723
2026-09-01 01:43:52.175 [main] INFO  com.swaglabs.device.DeviceManager - Using Android device: b58c6ff4
2026-09-01 01:43:52.375 [main] INFO  c.s.managers.AppiumDriverManager - Starting Appium session: http://127.0.0.1:4723 with caps Capabilities {appium:adbExecTimeout: 20000, appium:app: C:\Users\family\Desktop\pro..., appium:appActivity: .MainActivity, appium:appPackage: com.juanforeroaxpo.saucedemo, appium:autoGrantPermissions: true, appium:automationName: UiAutomator2, appium:clearSystemFiles: true, appium:disableWindowAnimation: false, appium:newCommandTimeout: 250, appium:noSign: true, appium:udid: b58c6ff4, appium:uiautomator2ServerInstallTimeout: 20000, platformName: ANDROID}
2026-09-01 01:44:00.629 [main] INFO  c.s.utils.helper.WebdriverHelper - Screen recording started
2026-09-01 01:44:00.877 [main] INFO  c.swaglabs.stepsDefs.LoginStepsDefs - User lands on the login page
2026-09-01 01:44:07.941 [main] INFO  c.swaglabs.stepsDefs.LoginStepsDefs - Logged in as standard_user
2026-09-01 01:44:09.497 [main] INFO  c.s.stepsDefs.ProductsStepsDefs - Products page is displayed
2026-09-01 01:44:09.498 [main] INFO  com.swaglabs.hooks.Hooks - Scenario 'Standard user can log in successfully' PASSED.
2026-09-01 01:44:11.358 [main] INFO  c.s.managers.AppiumDriverManager - Local driver variables cleared
2026-09-01 01:44:11.358 [main] INFO  page_objects.PageObjectHelper - Page object instances cleared
2026-09-01 01:44:11.361 [main] INFO  com.swaglabs.hooks.Hooks - ******* Scenario: Locked out user is blocked from logging in started *******
2026-09-01 01:44:11.361 [main] INFO  c.s.managers.AppiumServerManager - Appium server already running on 127.0.0.1:4723 - stopping to reuse clean state
2026-09-01 01:44:11.383 [main] INFO  c.s.managers.AppiumServerManager - Appium server stopped
2026-09-01 01:44:14.856 [main] INFO  c.s.managers.AppiumServerManager - Appium server started on http://127.0.0.1:4723
2026-09-01 01:44:14.913 [main] INFO  com.swaglabs.device.DeviceManager - Using Android device: b58c6ff4
2026-09-01 01:44:15.120 [main] INFO  c.s.managers.AppiumDriverManager - Starting Appium session: http://127.0.0.1:4723 with caps Capabilities {appium:adbExecTimeout: 20000, appium:app: C:\Users\family\Desktop\pro..., appium:appActivity: .MainActivity, appium:appPackage: com.juanforeroaxpo.saucedemo, appium:autoGrantPermissions: true, appium:automationName: UiAutomator2, appium:clearSystemFiles: true, appium:disableWindowAnimation: false, appium:newCommandTimeout: 250, appium:noSign: true, appium:udid: b58c6ff4, appium:uiautomator2ServerInstallTimeout: 20000, platformName: ANDROID}
2026-09-01 01:44:22.756 [main] INFO  c.s.utils.helper.WebdriverHelper - Screen recording started
2026-09-01 01:44:23.107 [main] INFO  c.swaglabs.stepsDefs.LoginStepsDefs - User lands on the login page
2026-09-01 01:44:30.010 [main] INFO  c.swaglabs.stepsDefs.LoginStepsDefs - Logged in as locked_out_user
2026-09-01 01:44:51.644 [main] INFO  com.swaglabs.hooks.Hooks - Scenario 'Locked out user is blocked from logging in' FAILED. Capturing screenshot...
2026-09-01 01:44:53.311 [main] INFO  c.s.utils.helper.WebdriverHelper - Recording saved and attached to failed scenario 'Locked out user is blocked from logging in'
2026-09-01 01:44:54.114 [main] INFO  c.s.managers.AppiumDriverManager - Local driver variables cleared
2026-09-01 01:44:54.115 [main] INFO  page_objects.PageObjectHelper - Page object instances cleared
2026-09-01 01:44:54.125 [main] INFO  com.swaglabs.hooks.Hooks - ******* Scenario: Login with empty credentials is rejected started *******
2026-09-01 01:44:54.127 [main] INFO  c.s.managers.AppiumServerManager - Appium server already running on 127.0.0.1:4723 - stopping to reuse clean state
2026-09-01 01:44:54.183 [main] INFO  c.s.managers.AppiumServerManager - Appium server stopped
2026-09-01 01:44:59.431 [main] INFO  c.s.managers.AppiumServerManager - Appium server started on http://127.0.0.1:4723
2026-09-01 01:44:59.488 [main] INFO  com.swaglabs.device.DeviceManager - Using Android device: b58c6ff4
2026-09-01 01:44:59.657 [main] INFO  c.s.managers.AppiumDriverManager - Starting Appium session: http://127.0.0.1:4723 with caps Capabilities {appium:adbExecTimeout: 20000, appium:app: C:\Users\family\Desktop\pro..., appium:appActivity: .MainActivity, appium:appPackage: com.juanforeroaxpo.saucedemo, appium:autoGrantPermissions: true, appium:automationName: UiAutomator2, appium:clearSystemFiles: true, appium:disableWindowAnimation: false, appium:newCommandTimeout: 250, appium:noSign: true, appium:udid: b58c6ff4, appium:uiautomator2ServerInstallTimeout: 20000, platformName: ANDROID}
2026-09-01 01:45:07.902 [main] INFO  c.s.utils.helper.WebdriverHelper - Screen recording started
2026-09-01 01:45:08.212 [main] INFO  c.swaglabs.stepsDefs.LoginStepsDefs - User lands on the login page
2026-09-01 01:45:16.091 [main] INFO  c.swaglabs.stepsDefs.LoginStepsDefs - Login error message is displayed
2026-09-01 01:45:16.092 [main] INFO  com.swaglabs.hooks.Hooks - Scenario 'Login with empty credentials is rejected' PASSED.
2026-09-01 01:45:18.141 [main] INFO  c.s.managers.AppiumDriverManager - Local driver variables cleared
2026-09-01 01:45:18.141 [main] INFO  page_objects.PageObjectHelper - Page object instances cleared
2026-09-01 01:45:18.159 [main] INFO  com.swaglabs.hooks.Hooks - ******* Scenario: User can see the product catalog after login started *******
2026-09-01 01:45:18.160 [main] INFO  c.s.managers.AppiumServerManager - Appium server already running on 127.0.0.1:4723 - stopping to reuse clean state
2026-09-01 01:45:18.179 [main] INFO  c.s.managers.AppiumServerManager - Appium server stopped
2026-09-01 01:45:22.665 [main] INFO  c.s.managers.AppiumServerManager - Appium server started on http://127.0.0.1:4723
2026-09-01 01:45:22.740 [main] INFO  com.swaglabs.device.DeviceManager - Using Android device: b58c6ff4
2026-09-01 01:45:22.943 [main] INFO  c.s.managers.AppiumDriverManager - Starting Appium session: http://127.0.0.1:4723 with caps Capabilities {appium:adbExecTimeout: 20000, appium:app: C:\Users\family\Desktop\pro..., appium:appActivity: .MainActivity, appium:appPackage: com.juanforeroaxpo.saucedemo, appium:autoGrantPermissions: true, appium:automationName: UiAutomator2, appium:clearSystemFiles: true, appium:disableWindowAnimation: false, appium:newCommandTimeout: 250, appium:noSign: true, appium:udid: b58c6ff4, appium:uiautomator2ServerInstallTimeout: 20000, platformName: ANDROID}
2026-09-01 01:45:31.256 [main] INFO  c.s.utils.helper.WebdriverHelper - Screen recording started
2026-09-01 01:45:31.582 [main] INFO  c.swaglabs.stepsDefs.LoginStepsDefs - User lands on the login page
2026-09-01 01:45:38.055 [main] INFO  c.swaglabs.stepsDefs.LoginStepsDefs - Logged in as standard_user
2026-09-01 01:45:39.567 [main] INFO  c.s.stepsDefs.ProductsStepsDefs - Products page is displayed
2026-09-01 01:45:39.777 [main] INFO  c.s.stepsDefs.ProductsStepsDefs - Product catalog has 6 products
2026-09-01 01:45:39.778 [main] INFO  com.swaglabs.hooks.Hooks - Scenario 'User can see the product catalog after login' PASSED.
2026-09-01 01:45:41.561 [main] INFO  c.s.managers.AppiumDriverManager - Local driver variables cleared
2026-09-01 01:45:41.562 [main] INFO  page_objects.PageObjectHelper - Page object instances cleared
2026-09-01 01:45:41.565 [main] INFO  com.swaglabs.hooks.Hooks - ******* Scenario: User can add a product to the cart started *******
2026-09-01 01:45:41.566 [main] INFO  c.s.managers.AppiumServerManager - Appium server already running on 127.0.0.1:4723 - stopping to reuse clean state
2026-09-01 01:45:41.589 [main] INFO  c.s.managers.AppiumServerManager - Appium server stopped
2026-09-01 01:45:45.380 [main] INFO  c.s.managers.AppiumServerManager - Appium server started on http://127.0.0.1:4723
2026-09-01 01:45:45.433 [main] INFO  com.swaglabs.device.DeviceManager - Using Android device: b58c6ff4
2026-09-01 01:45:45.596 [main] INFO  c.s.managers.AppiumDriverManager - Starting Appium session: http://127.0.0.1:4723 with caps Capabilities {appium:adbExecTimeout: 20000, appium:app: C:\Users\family\Desktop\pro..., appium:appActivity: .MainActivity, appium:appPackage: com.juanforeroaxpo.saucedemo, appium:autoGrantPermissions: true, appium:automationName: UiAutomator2, appium:clearSystemFiles: true, appium:disableWindowAnimation: false, appium:newCommandTimeout: 250, appium:noSign: true, appium:udid: b58c6ff4, appium:uiautomator2ServerInstallTimeout: 20000, platformName: ANDROID}
2026-09-01 01:45:53.365 [main] INFO  c.s.utils.helper.WebdriverHelper - Screen recording started
2026-09-01 01:45:53.716 [main] INFO  c.swaglabs.stepsDefs.LoginStepsDefs - User lands on the login page
2026-09-01 01:46:00.642 [main] INFO  c.swaglabs.stepsDefs.LoginStepsDefs - Logged in as standard_user
2026-09-01 01:46:02.297 [main] INFO  c.s.stepsDefs.ProductsStepsDefs - Added product at position 0 to the cart
2026-09-01 01:46:03.260 [main] INFO  c.s.stepsDefs.ProductsStepsDefs - Cart badge shows: 1
2026-09-01 01:46:03.261 [main] INFO  com.swaglabs.hooks.Hooks - Scenario 'User can add a product to the cart' PASSED.
2026-09-01 01:46:05.307 [main] INFO  c.s.managers.AppiumDriverManager - Local driver variables cleared
2026-09-01 01:46:05.308 [main] INFO  page_objects.PageObjectHelper - Page object instances cleared
2026-09-01 01:46:05.312 [main] INFO  com.swaglabs.hooks.Hooks - ******* Scenario: User can open a product and view its details started *******
2026-09-01 01:46:05.313 [main] INFO  c.s.managers.AppiumServerManager - Appium server already running on 127.0.0.1:4723 - stopping to reuse clean state
2026-09-01 01:46:05.347 [main] INFO  c.s.managers.AppiumServerManager - Appium server stopped
2026-09-01 01:46:08.296 [main] INFO  c.s.managers.AppiumServerManager - Appium server started on http://127.0.0.1:4723
2026-09-01 01:46:08.352 [main] INFO  com.swaglabs.device.DeviceManager - Using Android device: b58c6ff4
2026-09-01 01:46:08.509 [main] INFO  c.s.managers.AppiumDriverManager - Starting Appium session: http://127.0.0.1:4723 with caps Capabilities {appium:adbExecTimeout: 20000, appium:app: C:\Users\family\Desktop\pro..., appium:appActivity: .MainActivity, appium:appPackage: com.juanforeroaxpo.saucedemo, appium:autoGrantPermissions: true, appium:automationName: UiAutomator2, appium:clearSystemFiles: true, appium:disableWindowAnimation: false, appium:newCommandTimeout: 250, appium:noSign: true, appium:udid: b58c6ff4, appium:uiautomator2ServerInstallTimeout: 20000, platformName: ANDROID}
2026-09-01 01:46:15.940 [main] INFO  c.s.utils.helper.WebdriverHelper - Screen recording started
2026-09-01 01:46:16.298 [main] INFO  c.swaglabs.stepsDefs.LoginStepsDefs - User lands on the login page
2026-09-01 01:46:23.115 [main] INFO  c.swaglabs.stepsDefs.LoginStepsDefs - Logged in as standard_user
2026-09-01 01:46:24.803 [main] INFO  c.s.stepsDefs.ProductsStepsDefs - Tapped product at position 0
2026-09-01 01:46:25.652 [main] INFO  c.s.stepsDefs.ProductsStepsDefs - Product detail page is displayed
2026-09-01 01:46:25.794 [main] INFO  c.s.stepsDefs.ProductsStepsDefs - Product title: Sauce Labs Backpack
2026-09-01 01:46:25.795 [main] INFO  com.swaglabs.hooks.Hooks - Scenario 'User can open a product and view its details' PASSED.
2026-09-01 01:46:27.675 [main] INFO  c.s.managers.AppiumDriverManager - Local driver variables cleared
2026-09-01 01:46:27.675 [main] INFO  page_objects.PageObjectHelper - Page object instances cleared
2026-09-01 01:46:27.682 [main] INFO  com.swaglabs.hooks.Hooks - ******* Scenario: Products sorted by default (Name A-Z) started *******
2026-09-01 01:46:27.683 [main] INFO  c.s.managers.AppiumServerManager - Appium server already running on 127.0.0.1:4723 - stopping to reuse clean state
2026-09-01 01:46:27.708 [main] INFO  c.s.managers.AppiumServerManager - Appium server stopped
2026-09-01 01:46:30.489 [main] INFO  c.s.managers.AppiumServerManager - Appium server started on http://127.0.0.1:4723
2026-09-01 01:46:30.534 [main] INFO  com.swaglabs.device.DeviceManager - Using Android device: b58c6ff4
2026-09-01 01:46:30.690 [main] INFO  c.s.managers.AppiumDriverManager - Starting Appium session: http://127.0.0.1:4723 with caps Capabilities {appium:adbExecTimeout: 20000, appium:app: C:\Users\family\Desktop\pro..., appium:appActivity: .MainActivity, appium:appPackage: com.juanforeroaxpo.saucedemo, appium:autoGrantPermissions: true, appium:automationName: UiAutomator2, appium:clearSystemFiles: true, appium:disableWindowAnimation: false, appium:newCommandTimeout: 250, appium:noSign: true, appium:udid: b58c6ff4, appium:uiautomator2ServerInstallTimeout: 20000, platformName: ANDROID}
2026-09-01 01:46:37.877 [main] INFO  c.s.utils.helper.WebdriverHelper - Screen recording started
2026-09-01 01:46:38.203 [main] INFO  c.swaglabs.stepsDefs.LoginStepsDefs - User lands on the login page
2026-09-01 01:46:44.983 [main] INFO  c.swaglabs.stepsDefs.LoginStepsDefs - Logged in as standard_user
2026-09-01 01:46:50.161 [main] WARN  p.android.AndroidProductsPage - Failed to get title for product index 0: Expected condition failed: waiting for visibility of element found by By.xpath: //android.view.ViewGroup[@resource-id='product-0']//android.widget.TextView[@resource-id='product-title'], but... org.openqa.selenium.NoSuchElementException: An element could not be located on the page using the given search parameters..
(tried for 3 seconds with 500 milliseconds interval)
Build info: version: '4.40.0', revision: 'b3333f1'
System info: os.name: 'Windows 11', os.arch: 'amd64', os.version: '10.0', java.version: '26.0.2.1'
Driver info: io.appium.java_client.android.AndroidDriver
Capabilities {appium:adbExecTimeout: 20000, appium:app: C:\Users\family\Desktop\pro..., appium:appActivity: .MainActivity, appium:appPackage: com.juanforeroaxpo.saucedemo, appium:autoGrantPermissions: true, appium:automationName: UiAutomator2, appium:clearSystemFiles: true, appium:databaseEnabled: false, appium:desired: {adbExecTimeout: 20000, app: C:\Users\family\Desktop\pro..., appActivity: .MainActivity, appPackage: com.juanforeroaxpo.saucedemo, autoGrantPermissions: true, automationName: UiAutomator2, clearSystemFiles: true, disableWindowAnimation: false, newCommandTimeout: 250, noSign: true, platformName: ANDROID, udid: b58c6ff4, uiautomator2ServerInstallTimeout: 20000}, appium:deviceApiLevel: 35, appium:deviceManufacturer: Xiaomi, appium:deviceModel: 23129RAA4G, appium:deviceName: b58c6ff4, appium:deviceScreenDensity: 440, appium:deviceScreenSize: 1080x2400, appium:deviceUDID: b58c6ff4, appium:disableWindowAnimation: false, appium:javascriptEnabled: true, appium:locationContextEnabled: false, appium:networkConnectionEnabled: true, appium:newCommandTimeout: 250, appium:noSign: true, appium:pixelRatio: 2.75, appium:platformVersion: 15, appium:statBarHeight: 94, appium:takesScreenshot: true, appium:udid: b58c6ff4, appium:uiautomator2ServerInstallTimeout: 20000, appium:viewportRect: {height: 2306, left: 0, top: 94, width: 1080}, appium:warnings: {}, appium:webStorageEnabled: false, platformName: ANDROID}
Session ID: 900ce207-40bb-4376-ba58-84e497aaa230
2026-09-01 01:46:53.461 [main] WARN  p.android.AndroidProductsPage - Failed to get title for product index 1: Expected condition failed: waiting for visibility of element found by By.xpath: //android.view.ViewGroup[@resource-id='product-1']//android.widget.TextView[@resource-id='product-title'], but... org.openqa.selenium.NoSuchElementException: An element could not be located on the page using the given search parameters..
(tried for 3 seconds with 500 milliseconds interval)
Build info: version: '4.40.0', revision: 'b3333f1'
System info: os.name: 'Windows 11', os.arch: 'amd64', os.version: '10.0', java.version: '26.0.2.1'
Driver info: io.appium.java_client.android.AndroidDriver
Capabilities {appium:adbExecTimeout: 20000, appium:app: C:\Users\family\Desktop\pro..., appium:appActivity: .MainActivity, appium:appPackage: com.juanforeroaxpo.saucedemo, appium:autoGrantPermissions: true, appium:automationName: UiAutomator2, appium:clearSystemFiles: true, appium:databaseEnabled: false, appium:desired: {adbExecTimeout: 20000, app: C:\Users\family\Desktop\pro..., appActivity: .MainActivity, appPackage: com.juanforeroaxpo.saucedemo, autoGrantPermissions: true, automationName: UiAutomator2, clearSystemFiles: true, disableWindowAnimation: false, newCommandTimeout: 250, noSign: true, platformName: ANDROID, udid: b58c6ff4, uiautomator2ServerInstallTimeout: 20000}, appium:deviceApiLevel: 35, appium:deviceManufacturer: Xiaomi, appium:deviceModel: 23129RAA4G, appium:deviceName: b58c6ff4, appium:deviceScreenDensity: 440, appium:deviceScreenSize: 1080x2400, appium:deviceUDID: b58c6ff4, appium:disableWindowAnimation: false, appium:javascriptEnabled: true, appium:locationContextEnabled: false, appium:networkConnectionEnabled: true, appium:newCommandTimeout: 250, appium:noSign: true, appium:pixelRatio: 2.75, appium:platformVersion: 15, appium:statBarHeight: 94, appium:takesScreenshot: true, appium:udid: b58c6ff4, appium:uiautomator2ServerInstallTimeout: 20000, appium:viewportRect: {height: 2306, left: 0, top: 94, width: 1080}, appium:warnings: {}, appium:webStorageEnabled: false, platformName: ANDROID}
Session ID: 900ce207-40bb-4376-ba58-84e497aaa230
2026-09-01 01:46:56.793 [main] WARN  p.android.AndroidProductsPage - Failed to get title for product index 2: Expected condition failed: waiting for visibility of element found by By.xpath: //android.view.ViewGroup[@resource-id='product-2']//android.widget.TextView[@resource-id='product-title'], but... org.openqa.selenium.NoSuchElementException: An element could not be located on the page using the given search parameters..
(tried for 3 seconds with 500 milliseconds interval)
Build info: version: '4.40.0', revision: 'b3333f1'
System info: os.name: 'Windows 11', os.arch: 'amd64', os.version: '10.0', java.version: '26.0.2.1'
Driver info: io.appium.java_client.android.AndroidDriver
Capabilities {appium:adbExecTimeout: 20000, appium:app: C:\Users\family\Desktop\pro..., appium:appActivity: .MainActivity, appium:appPackage: com.juanforeroaxpo.saucedemo, appium:autoGrantPermissions: true, appium:automationName: UiAutomator2, appium:clearSystemFiles: true, appium:databaseEnabled: false, appium:desired: {adbExecTimeout: 20000, app: C:\Users\family\Desktop\pro..., appActivity: .MainActivity, appPackage: com.juanforeroaxpo.saucedemo, autoGrantPermissions: true, automationName: UiAutomator2, clearSystemFiles: true, disableWindowAnimation: false, newCommandTimeout: 250, noSign: true, platformName: ANDROID, udid: b58c6ff4, uiautomator2ServerInstallTimeout: 20000}, appium:deviceApiLevel: 35, appium:deviceManufacturer: Xiaomi, appium:deviceModel: 23129RAA4G, appium:deviceName: b58c6ff4, appium:deviceScreenDensity: 440, appium:deviceScreenSize: 1080x2400, appium:deviceUDID: b58c6ff4, appium:disableWindowAnimation: false, appium:javascriptEnabled: true, appium:locationContextEnabled: false, appium:networkConnectionEnabled: true, appium:newCommandTimeout: 250, appium:noSign: true, appium:pixelRatio: 2.75, appium:platformVersion: 15, appium:statBarHeight: 94, appium:takesScreenshot: true, appium:udid: b58c6ff4, appium:uiautomator2ServerInstallTimeout: 20000, appium:viewportRect: {height: 2306, left: 0, top: 94, width: 1080}, appium:warnings: {}, appium:webStorageEnabled: false, platformName: ANDROID}
Session ID: 900ce207-40bb-4376-ba58-84e497aaa230
2026-09-01 01:47:00.412 [main] WARN  p.android.AndroidProductsPage - Failed to get title for product index 3: Expected condition failed: waiting for visibility of element found by By.xpath: //android.view.ViewGroup[@resource-id='product-3']//android.widget.TextView[@resource-id='product-title'], but... org.openqa.selenium.NoSuchElementException: An element could not be located on the page using the given search parameters..
(tried for 3 seconds with 500 milliseconds interval)
Build info: version: '4.40.0', revision: 'b3333f1'
System info: os.name: 'Windows 11', os.arch: 'amd64', os.version: '10.0', java.version: '26.0.2.1'
Driver info: io.appium.java_client.android.AndroidDriver
Capabilities {appium:adbExecTimeout: 20000, appium:app: C:\Users\family\Desktop\pro..., appium:appActivity: .MainActivity, appium:appPackage: com.juanforeroaxpo.saucedemo, appium:autoGrantPermissions: true, appium:automationName: UiAutomator2, appium:clearSystemFiles: true, appium:databaseEnabled: false, appium:desired: {adbExecTimeout: 20000, app: C:\Users\family\Desktop\pro..., appActivity: .MainActivity, appPackage: com.juanforeroaxpo.saucedemo, autoGrantPermissions: true, automationName: UiAutomator2, clearSystemFiles: true, disableWindowAnimation: false, newCommandTimeout: 250, noSign: true, platformName: ANDROID, udid: b58c6ff4, uiautomator2ServerInstallTimeout: 20000}, appium:deviceApiLevel: 35, appium:deviceManufacturer: Xiaomi, appium:deviceModel: 23129RAA4G, appium:deviceName: b58c6ff4, appium:deviceScreenDensity: 440, appium:deviceScreenSize: 1080x2400, appium:deviceUDID: b58c6ff4, appium:disableWindowAnimation: false, appium:javascriptEnabled: true, appium:locationContextEnabled: false, appium:networkConnectionEnabled: true, appium:newCommandTimeout: 250, appium:noSign: true, appium:pixelRatio: 2.75, appium:platformVersion: 15, appium:statBarHeight: 94, appium:takesScreenshot: true, appium:udid: b58c6ff4, appium:uiautomator2ServerInstallTimeout: 20000, appium:viewportRect: {height: 2306, left: 0, top: 94, width: 1080}, appium:warnings: {}, appium:webStorageEnabled: false, platformName: ANDROID}
Session ID: 900ce207-40bb-4376-ba58-84e497aaa230
2026-09-01 01:47:03.941 [main] WARN  p.android.AndroidProductsPage - Failed to get title for product index 4: Expected condition failed: waiting for visibility of element found by By.xpath: //android.view.ViewGroup[@resource-id='product-4']//android.widget.TextView[@resource-id='product-title'], but... org.openqa.selenium.NoSuchElementException: An element could not be located on the page using the given search parameters..
(tried for 3 seconds with 500 milliseconds interval)
Build info: version: '4.40.0', revision: 'b3333f1'
System info: os.name: 'Windows 11', os.arch: 'amd64', os.version: '10.0', java.version: '26.0.2.1'
Driver info: io.appium.java_client.android.AndroidDriver
Capabilities {appium:adbExecTimeout: 20000, appium:app: C:\Users\family\Desktop\pro..., appium:appActivity: .MainActivity, appium:appPackage: com.juanforeroaxpo.saucedemo, appium:autoGrantPermissions: true, appium:automationName: UiAutomator2, appium:clearSystemFiles: true, appium:databaseEnabled: false, appium:desired: {adbExecTimeout: 20000, app: C:\Users\family\Desktop\pro..., appActivity: .MainActivity, appPackage: com.juanforeroaxpo.saucedemo, autoGrantPermissions: true, automationName: UiAutomator2, clearSystemFiles: true, disableWindowAnimation: false, newCommandTimeout: 250, noSign: true, platformName: ANDROID, udid: b58c6ff4, uiautomator2ServerInstallTimeout: 20000}, appium:deviceApiLevel: 35, appium:deviceManufacturer: Xiaomi, appium:deviceModel: 23129RAA4G, appium:deviceName: b58c6ff4, appium:deviceScreenDensity: 440, appium:deviceScreenSize: 1080x2400, appium:deviceUDID: b58c6ff4, appium:disableWindowAnimation: false, appium:javascriptEnabled: true, appium:locationContextEnabled: false, appium:networkConnectionEnabled: true, appium:newCommandTimeout: 250, appium:noSign: true, appium:pixelRatio: 2.75, appium:platformVersion: 15, appium:statBarHeight: 94, appium:takesScreenshot: true, appium:udid: b58c6ff4, appium:uiautomator2ServerInstallTimeout: 20000, appium:viewportRect: {height: 2306, left: 0, top: 94, width: 1080}, appium:warnings: {}, appium:webStorageEnabled: false, platformName: ANDROID}
Session ID: 900ce207-40bb-4376-ba58-84e497aaa230
2026-09-01 01:47:06.962 [main] WARN  p.android.AndroidProductsPage - Failed to get title for product index 5: Expected condition failed: waiting for visibility of element found by By.xpath: //android.view.ViewGroup[@resource-id='product-5']//android.widget.TextView[@resource-id='product-title'], but... org.openqa.selenium.NoSuchElementException: An element could not be located on the page using the given search parameters..
(tried for 3 seconds with 500 milliseconds interval)
Build info: version: '4.40.0', revision: 'b3333f1'
System info: os.name: 'Windows 11', os.arch: 'amd64', os.version: '10.0', java.version: '26.0.2.1'
Driver info: io.appium.java_client.android.AndroidDriver
Capabilities {appium:adbExecTimeout: 20000, appium:app: C:\Users\family\Desktop\pro..., appium:appActivity: .MainActivity, appium:appPackage: com.juanforeroaxpo.saucedemo, appium:autoGrantPermissions: true, appium:automationName: UiAutomator2, appium:clearSystemFiles: true, appium:databaseEnabled: false, appium:desired: {adbExecTimeout: 20000, app: C:\Users\family\Desktop\pro..., appActivity: .MainActivity, appPackage: com.juanforeroaxpo.saucedemo, autoGrantPermissions: true, automationName: UiAutomator2, clearSystemFiles: true, disableWindowAnimation: false, newCommandTimeout: 250, noSign: true, platformName: ANDROID, udid: b58c6ff4, uiautomator2ServerInstallTimeout: 20000}, appium:deviceApiLevel: 35, appium:deviceManufacturer: Xiaomi, appium:deviceModel: 23129RAA4G, appium:deviceName: b58c6ff4, appium:deviceScreenDensity: 440, appium:deviceScreenSize: 1080x2400, appium:deviceUDID: b58c6ff4, appium:disableWindowAnimation: false, appium:javascriptEnabled: true, appium:locationContextEnabled: false, appium:networkConnectionEnabled: true, appium:newCommandTimeout: 250, appium:noSign: true, appium:pixelRatio: 2.75, appium:platformVersion: 15, appium:statBarHeight: 94, appium:takesScreenshot: true, appium:udid: b58c6ff4, appium:uiautomator2ServerInstallTimeout: 20000, appium:viewportRect: {height: 2306, left: 0, top: 94, width: 1080}, appium:warnings: {}, appium:webStorageEnabled: false, platformName: ANDROID}
Session ID: 900ce207-40bb-4376-ba58-84e497aaa230
2026-09-01 01:47:10.248 [main] WARN  p.android.AndroidProductsPage - Failed to get price for product index 0: Expected condition failed: waiting for visibility of element found by By.xpath: //android.view.ViewGroup[@resource-id='product-0']//android.widget.TextView[@resource-id='product-price'], but... org.openqa.selenium.NoSuchElementException: An element could not be located on the page using the given search parameters..
(tried for 3 seconds with 500 milliseconds interval)
Build info: version: '4.40.0', revision: 'b3333f1'
System info: os.name: 'Windows 11', os.arch: 'amd64', os.version: '10.0', java.version: '26.0.2.1'
Driver info: io.appium.java_client.android.AndroidDriver
Capabilities {appium:adbExecTimeout: 20000, appium:app: C:\Users\family\Desktop\pro..., appium:appActivity: .MainActivity, appium:appPackage: com.juanforeroaxpo.saucedemo, appium:autoGrantPermissions: true, appium:automationName: UiAutomator2, appium:clearSystemFiles: true, appium:databaseEnabled: false, appium:desired: {adbExecTimeout: 20000, app: C:\Users\family\Desktop\pro..., appActivity: .MainActivity, appPackage: com.juanforeroaxpo.saucedemo, autoGrantPermissions: true, automationName: UiAutomator2, clearSystemFiles: true, disableWindowAnimation: false, newCommandTimeout: 250, noSign: true, platformName: ANDROID, udid: b58c6ff4, uiautomator2ServerInstallTimeout: 20000}, appium:deviceApiLevel: 35, appium:deviceManufacturer: Xiaomi, appium:deviceModel: 23129RAA4G, appium:deviceName: b58c6ff4, appium:deviceScreenDensity: 440, appium:deviceScreenSize: 1080x2400, appium:deviceUDID: b58c6ff4, appium:disableWindowAnimation: false, appium:javascriptEnabled: true, appium:locationContextEnabled: false, appium:networkConnectionEnabled: true, appium:newCommandTimeout: 250, appium:noSign: true, appium:pixelRatio: 2.75, appium:platformVersion: 15, appium:statBarHeight: 94, appium:takesScreenshot: true, appium:udid: b58c6ff4, appium:uiautomator2ServerInstallTimeout: 20000, appium:viewportRect: {height: 2306, left: 0, top: 94, width: 1080}, appium:warnings: {}, appium:webStorageEnabled: false, platformName: ANDROID}
Session ID: 900ce207-40bb-4376-ba58-84e497aaa230
2026-09-01 01:47:13.608 [main] WARN  p.android.AndroidProductsPage - Failed to get price for product index 1: Expected condition failed: waiting for visibility of element found by By.xpath: //android.view.ViewGroup[@resource-id='product-1']//android.widget.TextView[@resource-id='product-price'], but... org.openqa.selenium.NoSuchElementException: An element could not be located on the page using the given search parameters..
(tried for 3 seconds with 500 milliseconds interval)
Build info: version: '4.40.0', revision: 'b3333f1'
System info: os.name: 'Windows 11', os.arch: 'amd64', os.version: '10.0', java.version: '26.0.2.1'
Driver info: io.appium.java_client.android.AndroidDriver
Capabilities {appium:adbExecTimeout: 20000, appium:app: C:\Users\family\Desktop\pro..., appium:appActivity: .MainActivity, appium:appPackage: com.juanforeroaxpo.saucedemo, appium:autoGrantPermissions: true, appium:automationName: UiAutomator2, appium:clearSystemFiles: true, appium:databaseEnabled: false, appium:desired: {adbExecTimeout: 20000, app: C:\Users\family\Desktop\pro..., appActivity: .MainActivity, appPackage: com.juanforeroaxpo.saucedemo, autoGrantPermissions: true, automationName: UiAutomator2, clearSystemFiles: true, disableWindowAnimation: false, newCommandTimeout: 250, noSign: true, platformName: ANDROID, udid: b58c6ff4, uiautomator2ServerInstallTimeout: 20000}, appium:deviceApiLevel: 35, appium:deviceManufacturer: Xiaomi, appium:deviceModel: 23129RAA4G, appium:deviceName: b58c6ff4, appium:deviceScreenDensity: 440, appium:deviceScreenSize: 1080x2400, appium:deviceUDID: b58c6ff4, appium:disableWindowAnimation: false, appium:javascriptEnabled: true, appium:locationContextEnabled: false, appium:networkConnectionEnabled: true, appium:newCommandTimeout: 250, appium:noSign: true, appium:pixelRatio: 2.75, appium:platformVersion: 15, appium:statBarHeight: 94, appium:takesScreenshot: true, appium:udid: b58c6ff4, appium:uiautomator2ServerInstallTimeout: 20000, appium:viewportRect: {height: 2306, left: 0, top: 94, width: 1080}, appium:warnings: {}, appium:webStorageEnabled: false, platformName: ANDROID}
Session ID: 900ce207-40bb-4376-ba58-84e497aaa230
2026-09-01 01:47:16.727 [main] WARN  p.android.AndroidProductsPage - Failed to get price for product index 2: Expected condition failed: waiting for visibility of element found by By.xpath: //android.view.ViewGroup[@resource-id='product-2']//android.widget.TextView[@resource-id='product-price'], but... org.openqa.selenium.NoSuchElementException: An element could not be located on the page using the given search parameters..
(tried for 3 seconds with 500 milliseconds interval)
Build info: version: '4.40.0', revision: 'b3333f1'
System info: os.name: 'Windows 11', os.arch: 'amd64', os.version: '10.0', java.version: '26.0.2.1'
Driver info: io.appium.java_client.android.AndroidDriver
Capabilities {appium:adbExecTimeout: 20000, appium:app: C:\Users\family\Desktop\pro..., appium:appActivity: .MainActivity, appium:appPackage: com.juanforeroaxpo.saucedemo, appium:autoGrantPermissions: true, appium:automationName: UiAutomator2, appium:clearSystemFiles: true, appium:databaseEnabled: false, appium:desired: {adbExecTimeout: 20000, app: C:\Users\family\Desktop\pro..., appActivity: .MainActivity, appPackage: com.juanforeroaxpo.saucedemo, autoGrantPermissions: true, automationName: UiAutomator2, clearSystemFiles: true, disableWindowAnimation: false, newCommandTimeout: 250, noSign: true, platformName: ANDROID, udid: b58c6ff4, uiautomator2ServerInstallTimeout: 20000}, appium:deviceApiLevel: 35, appium:deviceManufacturer: Xiaomi, appium:deviceModel: 23129RAA4G, appium:deviceName: b58c6ff4, appium:deviceScreenDensity: 440, appium:deviceScreenSize: 1080x2400, appium:deviceUDID: b58c6ff4, appium:disableWindowAnimation: false, appium:javascriptEnabled: true, appium:locationContextEnabled: false, appium:networkConnectionEnabled: true, appium:newCommandTimeout: 250, appium:noSign: true, appium:pixelRatio: 2.75, appium:platformVersion: 15, appium:statBarHeight: 94, appium:takesScreenshot: true, appium:udid: b58c6ff4, appium:uiautomator2ServerInstallTimeout: 20000, appium:viewportRect: {height: 2306, left: 0, top: 94, width: 1080}, appium:warnings: {}, appium:webStorageEnabled: false, platformName: ANDROID}
Session ID: 900ce207-40bb-4376-ba58-84e497aaa230
2026-09-01 01:47:20.246 [main] WARN  p.android.AndroidProductsPage - Failed to get price for product index 3: Expected condition failed: waiting for visibility of element found by By.xpath: //android.view.ViewGroup[@resource-id='product-3']//android.widget.TextView[@resource-id='product-price'], but... org.openqa.selenium.NoSuchElementException: An element could not be located on the page using the given search parameters..
(tried for 3 seconds with 500 milliseconds interval)
Build info: version: '4.40.0', revision: 'b3333f1'
System info: os.name: 'Windows 11', os.arch: 'amd64', os.version: '10.0', java.version: '26.0.2.1'
Driver info: io.appium.java_client.android.AndroidDriver
Capabilities {appium:adbExecTimeout: 20000, appium:app: C:\Users\family\Desktop\pro..., appium:appActivity: .MainActivity, appium:appPackage: com.juanforeroaxpo.saucedemo, appium:autoGrantPermissions: true, appium:automationName: UiAutomator2, appium:clearSystemFiles: true, appium:databaseEnabled: false, appium:desired: {adbExecTimeout: 20000, app: C:\Users\family\Desktop\pro..., appActivity: .MainActivity, appPackage: com.juanforeroaxpo.saucedemo, autoGrantPermissions: true, automationName: UiAutomator2, clearSystemFiles: true, disableWindowAnimation: false, newCommandTimeout: 250, noSign: true, platformName: ANDROID, udid: b58c6ff4, uiautomator2ServerInstallTimeout: 20000}, appium:deviceApiLevel: 35, appium:deviceManufacturer: Xiaomi, appium:deviceModel: 23129RAA4G, appium:deviceName: b58c6ff4, appium:deviceScreenDensity: 440, appium:deviceScreenSize: 1080x2400, appium:deviceUDID: b58c6ff4, appium:disableWindowAnimation: false, appium:javascriptEnabled: true, appium:locationContextEnabled: false, appium:networkConnectionEnabled: true, appium:newCommandTimeout: 250, appium:noSign: true, appium:pixelRatio: 2.75, appium:platformVersion: 15, appium:statBarHeight: 94, appium:takesScreenshot: true, appium:udid: b58c6ff4, appium:uiautomator2ServerInstallTimeout: 20000, appium:viewportRect: {height: 2306, left: 0, top: 94, width: 1080}, appium:warnings: {}, appium:webStorageEnabled: false, platformName: ANDROID}
Session ID: 900ce207-40bb-4376-ba58-84e497aaa230
2026-09-01 01:47:23.379 [main] WARN  p.android.AndroidProductsPage - Failed to get price for product index 4: Expected condition failed: waiting for visibility of element found by By.xpath: //android.view.ViewGroup[@resource-id='product-4']//android.widget.TextView[@resource-id='product-price'], but... org.openqa.selenium.NoSuchElementException: An element could not be located on the page using the given search parameters..
(tried for 3 seconds with 500 milliseconds interval)
Build info: version: '4.40.0', revision: 'b3333f1'
System info: os.name: 'Windows 11', os.arch: 'amd64', os.version: '10.0', java.version: '26.0.2.1'
Driver info: io.appium.java_client.android.AndroidDriver
Capabilities {appium:adbExecTimeout: 20000, appium:app: C:\Users\family\Desktop\pro..., appium:appActivity: .MainActivity, appium:appPackage: com.juanforeroaxpo.saucedemo, appium:autoGrantPermissions: true, appium:automationName: UiAutomator2, appium:clearSystemFiles: true, appium:databaseEnabled: false, appium:desired: {adbExecTimeout: 20000, app: C:\Users\family\Desktop\pro..., appActivity: .MainActivity, appPackage: com.juanforeroaxpo.saucedemo, autoGrantPermissions: true, automationName: UiAutomator2, clearSystemFiles: true, disableWindowAnimation: false, newCommandTimeout: 250, noSign: true, platformName: ANDROID, udid: b58c6ff4, uiautomator2ServerInstallTimeout: 20000}, appium:deviceApiLevel: 35, appium:deviceManufacturer: Xiaomi, appium:deviceModel: 23129RAA4G, appium:deviceName: b58c6ff4, appium:deviceScreenDensity: 440, appium:deviceScreenSize: 1080x2400, appium:deviceUDID: b58c6ff4, appium:disableWindowAnimation: false, appium:javascriptEnabled: true, appium:locationContextEnabled: false, appium:networkConnectionEnabled: true, appium:newCommandTimeout: 250, appium:noSign: true, appium:pixelRatio: 2.75, appium:platformVersion: 15, appium:statBarHeight: 94, appium:takesScreenshot: true, appium:udid: b58c6ff4, appium:uiautomator2ServerInstallTimeout: 20000, appium:viewportRect: {height: 2306, left: 0, top: 94, width: 1080}, appium:warnings: {}, appium:webStorageEnabled: false, platformName: ANDROID}
Session ID: 900ce207-40bb-4376-ba58-84e497aaa230
2026-09-01 01:47:26.982 [main] WARN  p.android.AndroidProductsPage - Failed to get price for product index 5: Expected condition failed: waiting for visibility of element found by By.xpath: //android.view.ViewGroup[@resource-id='product-5']//android.widget.TextView[@resource-id='product-price'], but... org.openqa.selenium.NoSuchElementException: An element could not be located on the page using the given search parameters..
(tried for 3 seconds with 500 milliseconds interval)
Build info: version: '4.40.0', revision: 'b3333f1'
System info: os.name: 'Windows 11', os.arch: 'amd64', os.version: '10.0', java.version: '26.0.2.1'
Driver info: io.appium.java_client.android.AndroidDriver
Capabilities {appium:adbExecTimeout: 20000, appium:app: C:\Users\family\Desktop\pro..., appium:appActivity: .MainActivity, appium:appPackage: com.juanforeroaxpo.saucedemo, appium:autoGrantPermissions: true, appium:automationName: UiAutomator2, appium:clearSystemFiles: true, appium:databaseEnabled: false, appium:desired: {adbExecTimeout: 20000, app: C:\Users\family\Desktop\pro..., appActivity: .MainActivity, appPackage: com.juanforeroaxpo.saucedemo, autoGrantPermissions: true, automationName: UiAutomator2, clearSystemFiles: true, disableWindowAnimation: false, newCommandTimeout: 250, noSign: true, platformName: ANDROID, udid: b58c6ff4, uiautomator2ServerInstallTimeout: 20000}, appium:deviceApiLevel: 35, appium:deviceManufacturer: Xiaomi, appium:deviceModel: 23129RAA4G, appium:deviceName: b58c6ff4, appium:deviceScreenDensity: 440, appium:deviceScreenSize: 1080x2400, appium:deviceUDID: b58c6ff4, appium:disableWindowAnimation: false, appium:javascriptEnabled: true, appium:locationContextEnabled: false, appium:networkConnectionEnabled: true, appium:newCommandTimeout: 250, appium:noSign: true, appium:pixelRatio: 2.75, appium:platformVersion: 15, appium:statBarHeight: 94, appium:takesScreenshot: true, appium:udid: b58c6ff4, appium:uiautomator2ServerInstallTimeout: 20000, appium:viewportRect: {height: 2306, left: 0, top: 94, width: 1080}, appium:warnings: {}, appium:webStorageEnabled: false, platformName: ANDROID}
Session ID: 900ce207-40bb-4376-ba58-84e497aaa230
2026-09-01 01:47:26.982 [main] INFO  c.s.stepsDefs.ProductsStepsDefs - Verified products sorted by Name (A to Z)
2026-09-01 01:47:26.984 [main] INFO  com.swaglabs.hooks.Hooks - Scenario 'Products sorted by default (Name A-Z)' PASSED.
2026-09-01 01:47:29.018 [main] INFO  c.s.managers.AppiumDriverManager - Local driver variables cleared
2026-09-01 01:47:29.018 [main] INFO  page_objects.PageObjectHelper - Page object instances cleared
2026-09-01 01:47:29.044 [main] INFO  c.s.managers.AppiumServerManager - Appium server stopped
2026-09-01 01:47:29.044 [main] INFO  com.swaglabs.hooks.Hooks - Swag Labs automation finished.
2026-09-01 02:05:16.393 [main] INFO  c.s.managers.PropertiesManager - Loaded properties file: src/main/resources/project_properties/project_config_local.properties
2026-09-01 02:05:16.407 [main] INFO  c.s.capabilities.CapabilityManager - Loaded capabilities from C:\Users\family\Desktop\projects\swag-labs-mobile-nwdfew/src/main/resources/caps/local.json
2026-09-01 02:05:16.407 [main] INFO  com.swaglabs.hooks.Hooks - Swag Labs automation started. Platform=android, Environment=local
2026-09-01 02:05:16.664 [main] INFO  com.swaglabs.hooks.Hooks - ******* Scenario: Standard user can log in successfully started *******
2026-09-01 02:05:20.889 [main] INFO  c.s.managers.AppiumServerManager - Appium server started on http://127.0.0.1:4723
2026-09-01 02:05:20.973 [main] INFO  com.swaglabs.device.DeviceManager - Using Android device: b58c6ff4
2026-09-01 02:05:21.143 [main] INFO  c.s.managers.AppiumDriverManager - Starting Appium session: http://127.0.0.1:4723 with caps Capabilities {appium:adbExecTimeout: 20000, appium:app: C:\Users\family\Desktop\pro..., appium:appActivity: .MainActivity, appium:appPackage: com.juanforeroaxpo.saucedemo, appium:autoGrantPermissions: true, appium:automationName: UiAutomator2, appium:clearSystemFiles: true, appium:disableWindowAnimation: false, appium:newCommandTimeout: 250, appium:noSign: true, appium:udid: b58c6ff4, appium:uiautomator2ServerInstallTimeout: 20000, platformName: ANDROID}
2026-09-01 02:05:29.575 [main] INFO  c.s.utils.helper.WebdriverHelper - Screen recording started
2026-09-01 02:05:30.499 [main] INFO  c.swaglabs.stepsDefs.LoginStepsDefs - User lands on the login page
2026-09-01 02:05:37.081 [main] INFO  c.swaglabs.stepsDefs.LoginStepsDefs - Logged in as standard_user
2026-09-01 02:05:38.618 [main] INFO  c.s.stepsDefs.ProductsStepsDefs - Products page is displayed
2026-09-01 02:05:38.620 [main] INFO  com.swaglabs.hooks.Hooks - Scenario 'Standard user can log in successfully' PASSED.
2026-09-01 02:05:40.615 [main] INFO  c.s.managers.AppiumDriverManager - Local driver variables cleared
2026-09-01 02:05:40.615 [main] INFO  page_objects.PageObjectHelper - Page object instances cleared
2026-09-01 02:05:40.627 [main] INFO  com.swaglabs.hooks.Hooks - ******* Scenario: Locked out user is blocked from logging in started *******
2026-09-01 02:05:40.628 [main] INFO  c.s.managers.AppiumServerManager - Appium server already running on 127.0.0.1:4723 - stopping to reuse clean state
2026-09-01 02:05:40.660 [main] INFO  c.s.managers.AppiumServerManager - Appium server stopped
2026-09-01 02:05:44.145 [main] INFO  c.s.managers.AppiumServerManager - Appium server started on http://127.0.0.1:4723
2026-09-01 02:05:44.194 [main] INFO  com.swaglabs.device.DeviceManager - Using Android device: b58c6ff4
2026-09-01 02:05:44.345 [main] INFO  c.s.managers.AppiumDriverManager - Starting Appium session: http://127.0.0.1:4723 with caps Capabilities {appium:adbExecTimeout: 20000, appium:app: C:\Users\family\Desktop\pro..., appium:appActivity: .MainActivity, appium:appPackage: com.juanforeroaxpo.saucedemo, appium:autoGrantPermissions: true, appium:automationName: UiAutomator2, appium:clearSystemFiles: true, appium:disableWindowAnimation: false, appium:newCommandTimeout: 250, appium:noSign: true, appium:udid: b58c6ff4, appium:uiautomator2ServerInstallTimeout: 20000, platformName: ANDROID}
2026-09-01 02:05:51.630 [main] INFO  c.s.utils.helper.WebdriverHelper - Screen recording started
2026-09-01 02:05:52.131 [main] INFO  c.swaglabs.stepsDefs.LoginStepsDefs - User lands on the login page
2026-09-01 02:05:59.973 [main] INFO  c.swaglabs.stepsDefs.LoginStepsDefs - Logged in as locked_out_user
2026-09-01 02:06:22.140 [main] INFO  com.swaglabs.hooks.Hooks - Scenario 'Locked out user is blocked from logging in' FAILED. Capturing screenshot...
2026-09-01 02:06:23.951 [main] INFO  c.s.utils.helper.WebdriverHelper - Recording saved and attached to failed scenario 'Locked out user is blocked from logging in'
2026-09-01 02:06:24.791 [main] INFO  c.s.managers.AppiumDriverManager - Local driver variables cleared
2026-09-01 02:06:24.792 [main] INFO  page_objects.PageObjectHelper - Page object instances cleared
2026-09-01 02:06:24.816 [main] INFO  com.swaglabs.hooks.Hooks - ******* Scenario: Login with empty credentials is rejected started *******
2026-09-01 02:06:24.818 [main] INFO  c.s.managers.AppiumServerManager - Appium server already running on 127.0.0.1:4723 - stopping to reuse clean state
2026-09-01 02:06:24.860 [main] INFO  c.s.managers.AppiumServerManager - Appium server stopped
2026-09-01 02:06:28.561 [main] INFO  c.s.managers.AppiumServerManager - Appium server started on http://127.0.0.1:4723
2026-09-01 02:06:28.634 [main] INFO  com.swaglabs.device.DeviceManager - Using Android device: b58c6ff4
2026-09-01 02:06:28.795 [main] INFO  c.s.managers.AppiumDriverManager - Starting Appium session: http://127.0.0.1:4723 with caps Capabilities {appium:adbExecTimeout: 20000, appium:app: C:\Users\family\Desktop\pro..., appium:appActivity: .MainActivity, appium:appPackage: com.juanforeroaxpo.saucedemo, appium:autoGrantPermissions: true, appium:automationName: UiAutomator2, appium:clearSystemFiles: true, appium:disableWindowAnimation: false, appium:newCommandTimeout: 250, appium:noSign: true, appium:udid: b58c6ff4, appium:uiautomator2ServerInstallTimeout: 20000, platformName: ANDROID}
2026-09-01 02:06:36.312 [main] INFO  c.s.utils.helper.WebdriverHelper - Screen recording started
2026-09-01 02:06:36.675 [main] INFO  c.swaglabs.stepsDefs.LoginStepsDefs - User lands on the login page
2026-09-01 02:06:43.843 [main] INFO  c.swaglabs.stepsDefs.LoginStepsDefs - Login error message is displayed
2026-09-01 02:06:43.845 [main] INFO  com.swaglabs.hooks.Hooks - Scenario 'Login with empty credentials is rejected' PASSED.
2026-09-01 02:06:45.759 [main] INFO  c.s.managers.AppiumDriverManager - Local driver variables cleared
2026-09-01 02:06:45.759 [main] INFO  page_objects.PageObjectHelper - Page object instances cleared
2026-09-01 02:06:45.762 [main] INFO  com.swaglabs.hooks.Hooks - ******* Scenario: Wrong password is rejected started *******
2026-09-01 02:06:45.763 [main] INFO  c.s.managers.AppiumServerManager - Appium server already running on 127.0.0.1:4723 - stopping to reuse clean state
2026-09-01 02:06:45.786 [main] INFO  c.s.managers.AppiumServerManager - Appium server stopped
2026-09-01 02:06:49.719 [main] INFO  c.s.managers.AppiumServerManager - Appium server started on http://127.0.0.1:4723
2026-09-01 02:06:49.776 [main] INFO  com.swaglabs.device.DeviceManager - Using Android device: b58c6ff4
2026-09-01 02:06:50.002 [main] INFO  c.s.managers.AppiumDriverManager - Starting Appium session: http://127.0.0.1:4723 with caps Capabilities {appium:adbExecTimeout: 20000, appium:app: C:\Users\family\Desktop\pro..., appium:appActivity: .MainActivity, appium:appPackage: com.juanforeroaxpo.saucedemo, appium:autoGrantPermissions: true, appium:automationName: UiAutomator2, appium:clearSystemFiles: true, appium:disableWindowAnimation: false, appium:newCommandTimeout: 250, appium:noSign: true, appium:udid: b58c6ff4, appium:uiautomator2ServerInstallTimeout: 20000, platformName: ANDROID}
2026-09-01 02:06:57.410 [main] INFO  c.s.utils.helper.WebdriverHelper - Screen recording started
2026-09-01 02:06:57.778 [main] INFO  c.swaglabs.stepsDefs.LoginStepsDefs - User lands on the login page
2026-09-01 02:07:27.403 [main] INFO  com.swaglabs.hooks.Hooks - Scenario 'Wrong password is rejected' FAILED. Capturing screenshot...
2026-09-01 02:07:29.167 [main] INFO  c.s.utils.helper.WebdriverHelper - Recording saved and attached to failed scenario 'Wrong password is rejected'
2026-09-01 02:07:30.068 [main] INFO  c.s.managers.AppiumDriverManager - Local driver variables cleared
2026-09-01 02:07:30.069 [main] INFO  page_objects.PageObjectHelper - Page object instances cleared
2026-09-01 02:07:30.075 [main] INFO  com.swaglabs.hooks.Hooks - ******* Scenario: Username only (no password) is rejected started *******
2026-09-01 02:07:30.076 [main] INFO  c.s.managers.AppiumServerManager - Appium server already running on 127.0.0.1:4723 - stopping to reuse clean state
2026-09-01 02:07:30.101 [main] INFO  c.s.managers.AppiumServerManager - Appium server stopped
2026-09-01 02:07:33.748 [main] INFO  c.s.managers.AppiumServerManager - Appium server started on http://127.0.0.1:4723
2026-09-01 02:07:33.812 [main] INFO  com.swaglabs.device.DeviceManager - Using Android device: b58c6ff4
2026-09-01 02:07:33.997 [main] INFO  c.s.managers.AppiumDriverManager - Starting Appium session: http://127.0.0.1:4723 with caps Capabilities {appium:adbExecTimeout: 20000, appium:app: C:\Users\family\Desktop\pro..., appium:appActivity: .MainActivity, appium:appPackage: com.juanforeroaxpo.saucedemo, appium:autoGrantPermissions: true, appium:automationName: UiAutomator2, appium:clearSystemFiles: true, appium:disableWindowAnimation: false, appium:newCommandTimeout: 250, appium:noSign: true, appium:udid: b58c6ff4, appium:uiautomator2ServerInstallTimeout: 20000, platformName: ANDROID}
2026-09-01 02:07:42.218 [main] INFO  c.s.utils.helper.WebdriverHelper - Screen recording started
2026-09-01 02:07:42.669 [main] INFO  c.swaglabs.stepsDefs.LoginStepsDefs - User lands on the login page
2026-09-01 02:07:50.156 [main] INFO  c.swaglabs.stepsDefs.LoginStepsDefs - Login error message is displayed
2026-09-01 02:07:50.157 [main] INFO  com.swaglabs.hooks.Hooks - Scenario 'Username only (no password) is rejected' PASSED.
2026-09-01 02:07:52.043 [main] INFO  c.s.managers.AppiumDriverManager - Local driver variables cleared
2026-09-01 02:07:52.044 [main] INFO  page_objects.PageObjectHelper - Page object instances cleared
2026-09-01 02:07:52.048 [main] INFO  com.swaglabs.hooks.Hooks - ******* Scenario: Password only (no username) is rejected started *******
2026-09-01 02:07:52.048 [main] INFO  c.s.managers.AppiumServerManager - Appium server already running on 127.0.0.1:4723 - stopping to reuse clean state
2026-09-01 02:07:52.083 [main] INFO  c.s.managers.AppiumServerManager - Appium server stopped
2026-09-01 02:07:55.229 [main] INFO  c.s.managers.AppiumServerManager - Appium server started on http://127.0.0.1:4723
2026-09-01 02:07:55.296 [main] INFO  com.swaglabs.device.DeviceManager - Using Android device: b58c6ff4
2026-09-01 02:07:55.520 [main] INFO  c.s.managers.AppiumDriverManager - Starting Appium session: http://127.0.0.1:4723 with caps Capabilities {appium:adbExecTimeout: 20000, appium:app: C:\Users\family\Desktop\pro..., appium:appActivity: .MainActivity, appium:appPackage: com.juanforeroaxpo.saucedemo, appium:autoGrantPermissions: true, appium:automationName: UiAutomator2, appium:clearSystemFiles: true, appium:disableWindowAnimation: false, appium:newCommandTimeout: 250, appium:noSign: true, appium:udid: b58c6ff4, appium:uiautomator2ServerInstallTimeout: 20000, platformName: ANDROID}
2026-09-01 02:08:03.109 [main] INFO  c.s.utils.helper.WebdriverHelper - Screen recording started
2026-09-01 02:08:03.457 [main] INFO  c.swaglabs.stepsDefs.LoginStepsDefs - User lands on the login page
2026-09-01 02:08:10.569 [main] INFO  c.swaglabs.stepsDefs.LoginStepsDefs - Login error message is displayed
2026-09-01 02:08:10.569 [main] INFO  com.swaglabs.hooks.Hooks - Scenario 'Password only (no username) is rejected' PASSED.
2026-09-01 02:08:12.443 [main] INFO  c.s.managers.AppiumDriverManager - Local driver variables cleared
2026-09-01 02:08:12.443 [main] INFO  page_objects.PageObjectHelper - Page object instances cleared
2026-09-01 02:08:12.485 [main] INFO  c.s.managers.AppiumServerManager - Appium server stopped
2026-09-01 02:08:12.485 [main] INFO  com.swaglabs.hooks.Hooks - Swag Labs automation finished.
2026-09-01 02:17:26.284 [main] INFO  c.s.managers.PropertiesManager - Loaded properties file: src/main/resources/project_properties/project_config_local.properties
2026-09-01 02:17:26.317 [main] INFO  c.s.capabilities.CapabilityManager - Loaded capabilities from C:\Users\family\Desktop\projects\swag-labs-mobile-nwdfew/src/main/resources/caps/local.json
2026-09-01 02:17:26.318 [main] INFO  com.swaglabs.hooks.Hooks - Swag Labs automation started. Platform=android, Environment=local
2026-09-01 02:17:26.857 [main] INFO  com.swaglabs.hooks.Hooks - ******* Scenario: Standard user can log in successfully started *******
2026-09-01 02:17:34.926 [main] INFO  c.s.managers.AppiumServerManager - Appium server started on http://127.0.0.1:4723
2026-09-01 02:17:35.042 [main] INFO  com.swaglabs.device.DeviceManager - Using Android device: b58c6ff4
2026-09-01 02:17:35.263 [main] INFO  c.s.managers.AppiumDriverManager - Starting Appium session: http://127.0.0.1:4723 with caps Capabilities {appium:adbExecTimeout: 20000, appium:app: C:\Users\family\Desktop\pro..., appium:appActivity: .MainActivity, appium:appPackage: com.juanforeroaxpo.saucedemo, appium:autoGrantPermissions: true, appium:automationName: UiAutomator2, appium:clearSystemFiles: true, appium:disableWindowAnimation: false, appium:newCommandTimeout: 250, appium:noSign: true, appium:udid: b58c6ff4, appium:uiautomator2ServerInstallTimeout: 20000, platformName: ANDROID}
2026-09-01 02:17:44.821 [main] INFO  c.s.utils.helper.WebdriverHelper - Screen recording started
2026-09-01 02:17:46.882 [main] INFO  c.swaglabs.stepsDefs.LoginStepsDefs - User lands on the login page
2026-09-01 02:17:54.519 [main] INFO  c.swaglabs.stepsDefs.LoginStepsDefs - Logged in as standard_user
2026-09-01 02:17:56.131 [main] INFO  c.s.stepsDefs.ProductsStepsDefs - Products page is displayed
2026-09-01 02:17:56.135 [main] INFO  com.swaglabs.hooks.Hooks - Scenario 'Standard user can log in successfully' PASSED.
2026-09-01 02:17:58.477 [main] INFO  c.s.managers.AppiumDriverManager - Local driver variables cleared
2026-09-01 02:17:58.477 [main] INFO  page_objects.PageObjectHelper - Page object instances cleared
2026-09-01 02:17:58.488 [main] INFO  com.swaglabs.hooks.Hooks - ******* Scenario: Locked out user is blocked from logging in started *******
2026-09-01 02:17:58.489 [main] INFO  c.s.managers.AppiumServerManager - Appium server already running on 127.0.0.1:4723 - stopping to reuse clean state
2026-09-01 02:17:58.518 [main] INFO  c.s.managers.AppiumServerManager - Appium server stopped
2026-09-01 02:18:07.340 [main] INFO  c.s.managers.AppiumServerManager - Appium server started on http://127.0.0.1:4723
2026-09-01 02:18:07.472 [main] INFO  com.swaglabs.device.DeviceManager - Using Android device: b58c6ff4
2026-09-01 02:18:07.715 [main] INFO  c.s.managers.AppiumDriverManager - Starting Appium session: http://127.0.0.1:4723 with caps Capabilities {appium:adbExecTimeout: 20000, appium:app: C:\Users\family\Desktop\pro..., appium:appActivity: .MainActivity, appium:appPackage: com.juanforeroaxpo.saucedemo, appium:autoGrantPermissions: true, appium:automationName: UiAutomator2, appium:clearSystemFiles: true, appium:disableWindowAnimation: false, appium:newCommandTimeout: 250, appium:noSign: true, appium:udid: b58c6ff4, appium:uiautomator2ServerInstallTimeout: 20000, platformName: ANDROID}
2026-09-01 02:18:16.820 [main] INFO  c.s.utils.helper.WebdriverHelper - Screen recording started
2026-09-01 02:18:17.249 [main] INFO  c.swaglabs.stepsDefs.LoginStepsDefs - User lands on the login page
2026-09-01 02:18:23.698 [main] INFO  c.swaglabs.stepsDefs.LoginStepsDefs - Logged in as locked_out_user
2026-09-01 02:20:26.143 [main] INFO  com.swaglabs.hooks.Hooks - Scenario 'Locked out user is blocked from logging in' FAILED. Capturing screenshot...
2026-09-01 02:20:27.841 [main] INFO  c.s.utils.helper.WebdriverHelper - Recording saved and attached to failed scenario 'Locked out user is blocked from logging in'
2026-09-01 02:20:28.707 [main] INFO  c.s.managers.AppiumDriverManager - Local driver variables cleared
2026-09-01 02:20:28.707 [main] INFO  page_objects.PageObjectHelper - Page object instances cleared
2026-09-01 02:20:28.720 [main] INFO  com.swaglabs.hooks.Hooks - ******* Scenario: Login with empty credentials is rejected started *******
2026-09-01 02:20:28.721 [main] INFO  c.s.managers.AppiumServerManager - Appium server already running on 127.0.0.1:4723 - stopping to reuse clean state
2026-09-01 02:20:28.752 [main] INFO  c.s.managers.AppiumServerManager - Appium server stopped
2026-09-01 02:20:32.243 [main] INFO  c.s.managers.AppiumServerManager - Appium server started on http://127.0.0.1:4723
2026-09-01 02:20:32.290 [main] INFO  com.swaglabs.device.DeviceManager - Using Android device: b58c6ff4
2026-09-01 02:20:32.543 [main] INFO  c.s.managers.AppiumDriverManager - Starting Appium session: http://127.0.0.1:4723 with caps Capabilities {appium:adbExecTimeout: 20000, appium:app: C:\Users\family\Desktop\pro..., appium:appActivity: .MainActivity, appium:appPackage: com.juanforeroaxpo.saucedemo, appium:autoGrantPermissions: true, appium:automationName: UiAutomator2, appium:clearSystemFiles: true, appium:disableWindowAnimation: false, appium:newCommandTimeout: 250, appium:noSign: true, appium:udid: b58c6ff4, appium:uiautomator2ServerInstallTimeout: 20000, platformName: ANDROID}
2026-09-01 02:20:39.927 [main] INFO  c.s.utils.helper.WebdriverHelper - Screen recording started
2026-09-01 02:20:40.290 [main] INFO  c.swaglabs.stepsDefs.LoginStepsDefs - User lands on the login page
2026-09-01 02:20:47.721 [main] INFO  c.swaglabs.stepsDefs.LoginStepsDefs - Login error message is displayed
2026-09-01 02:20:47.722 [main] INFO  com.swaglabs.hooks.Hooks - Scenario 'Login with empty credentials is rejected' PASSED.
2026-09-01 02:20:49.544 [main] INFO  c.s.managers.AppiumDriverManager - Local driver variables cleared
2026-09-01 02:20:49.544 [main] INFO  page_objects.PageObjectHelper - Page object instances cleared
2026-09-01 02:20:49.548 [main] INFO  com.swaglabs.hooks.Hooks - ******* Scenario: Wrong password is rejected started *******
2026-09-01 02:20:49.549 [main] INFO  c.s.managers.AppiumServerManager - Appium server already running on 127.0.0.1:4723 - stopping to reuse clean state
2026-09-01 02:20:49.586 [main] INFO  c.s.managers.AppiumServerManager - Appium server stopped
2026-09-01 02:20:52.703 [main] INFO  c.s.managers.AppiumServerManager - Appium server started on http://127.0.0.1:4723
2026-09-01 02:20:52.753 [main] INFO  com.swaglabs.device.DeviceManager - Using Android device: b58c6ff4
2026-09-01 02:20:52.899 [main] INFO  c.s.managers.AppiumDriverManager - Starting Appium session: http://127.0.0.1:4723 with caps Capabilities {appium:adbExecTimeout: 20000, appium:app: C:\Users\family\Desktop\pro..., appium:appActivity: .MainActivity, appium:appPackage: com.juanforeroaxpo.saucedemo, appium:autoGrantPermissions: true, appium:automationName: UiAutomator2, appium:clearSystemFiles: true, appium:disableWindowAnimation: false, appium:newCommandTimeout: 250, appium:noSign: true, appium:udid: b58c6ff4, appium:uiautomator2ServerInstallTimeout: 20000, platformName: ANDROID}
2026-09-01 02:21:00.616 [main] INFO  c.s.utils.helper.WebdriverHelper - Screen recording started
2026-09-01 02:21:00.848 [main] INFO  c.swaglabs.stepsDefs.LoginStepsDefs - User lands on the login page
2026-09-01 02:28:02.469 [main] INFO  c.s.managers.PropertiesManager - Loaded properties file: src/main/resources/project_properties/project_config_local.properties
2026-09-01 02:28:02.483 [main] INFO  c.s.capabilities.CapabilityManager - Loaded capabilities from C:\Users\family\Desktop\projects\swag-labs-mobile-nwdfew/src/main/resources/caps/local.json
2026-09-01 02:28:02.483 [main] INFO  com.swaglabs.hooks.Hooks - Swag Labs automation started. Platform=android, Environment=local
2026-09-01 02:28:02.715 [main] INFO  com.swaglabs.hooks.Hooks - ******* Scenario: Standard user can log in successfully started *******
2026-09-01 02:28:06.350 [main] INFO  c.s.managers.AppiumServerManager - Appium server started on http://127.0.0.1:4723
2026-09-01 02:28:06.430 [main] INFO  com.swaglabs.device.DeviceManager - Using Android device: b58c6ff4
2026-09-01 02:28:06.633 [main] INFO  c.s.managers.AppiumDriverManager - Starting Appium session: http://127.0.0.1:4723 with caps Capabilities {appium:adbExecTimeout: 20000, appium:app: C:\Users\family\Desktop\pro..., appium:appActivity: .MainActivity, appium:appPackage: com.juanforeroaxpo.saucedemo, appium:autoGrantPermissions: true, appium:automationName: UiAutomator2, appium:clearSystemFiles: true, appium:disableWindowAnimation: false, appium:newCommandTimeout: 250, appium:noSign: true, appium:udid: b58c6ff4, appium:uiautomator2ServerInstallTimeout: 20000, platformName: ANDROID}
2026-09-01 02:28:15.306 [main] INFO  c.s.utils.helper.WebdriverHelper - Screen recording started
2026-09-01 02:28:16.202 [main] INFO  c.swaglabs.stepsDefs.LoginStepsDefs - User lands on the login page
2026-09-01 02:28:22.805 [main] INFO  c.swaglabs.stepsDefs.LoginStepsDefs - Logged in as standard_user
2026-09-01 02:28:24.334 [main] INFO  c.s.stepsDefs.ProductsStepsDefs - Products page is displayed
2026-09-01 02:28:24.337 [main] INFO  com.swaglabs.hooks.Hooks - Scenario 'Standard user can log in successfully' PASSED.
2026-09-01 02:28:26.236 [main] INFO  c.s.managers.AppiumDriverManager - Local driver variables cleared
2026-09-01 02:28:26.236 [main] INFO  page_objects.PageObjectHelper - Page object instances cleared
2026-09-01 02:28:26.245 [main] INFO  com.swaglabs.hooks.Hooks - ******* Scenario: Locked out user is blocked from logging in started *******
2026-09-01 02:28:26.246 [main] INFO  c.s.managers.AppiumServerManager - Appium server already running on 127.0.0.1:4723 - stopping to reuse clean state
2026-09-01 02:28:26.282 [main] INFO  c.s.managers.AppiumServerManager - Appium server stopped
2026-09-01 02:28:30.119 [main] INFO  c.s.managers.AppiumServerManager - Appium server started on http://127.0.0.1:4723
2026-09-01 02:28:30.169 [main] INFO  com.swaglabs.device.DeviceManager - Using Android device: b58c6ff4
2026-09-01 02:28:30.318 [main] INFO  c.s.managers.AppiumDriverManager - Starting Appium session: http://127.0.0.1:4723 with caps Capabilities {appium:adbExecTimeout: 20000, appium:app: C:\Users\family\Desktop\pro..., appium:appActivity: .MainActivity, appium:appPackage: com.juanforeroaxpo.saucedemo, appium:autoGrantPermissions: true, appium:automationName: UiAutomator2, appium:clearSystemFiles: true, appium:disableWindowAnimation: false, appium:newCommandTimeout: 250, appium:noSign: true, appium:udid: b58c6ff4, appium:uiautomator2ServerInstallTimeout: 20000, platformName: ANDROID}
2026-09-01 02:28:38.100 [main] INFO  c.s.utils.helper.WebdriverHelper - Screen recording started
2026-09-01 02:28:38.572 [main] INFO  c.swaglabs.stepsDefs.LoginStepsDefs - User lands on the login page
2026-09-01 02:28:45.306 [main] INFO  c.swaglabs.stepsDefs.LoginStepsDefs - Logged in as locked_out_user
2026-09-01 02:30:46.624 [main] INFO  com.swaglabs.hooks.Hooks - Scenario 'Locked out user is blocked from logging in' FAILED. Capturing screenshot...
2026-09-01 02:30:48.413 [main] INFO  c.s.utils.helper.WebdriverHelper - Recording saved and attached to failed scenario 'Locked out user is blocked from logging in'
2026-09-01 02:30:49.215 [main] INFO  c.s.managers.AppiumDriverManager - Local driver variables cleared
2026-09-01 02:30:49.215 [main] INFO  page_objects.PageObjectHelper - Page object instances cleared
2026-09-01 02:30:49.229 [main] INFO  com.swaglabs.hooks.Hooks - ******* Scenario: Login with empty credentials is rejected started *******
2026-09-01 02:30:49.229 [main] INFO  c.s.managers.AppiumServerManager - Appium server already running on 127.0.0.1:4723 - stopping to reuse clean state
2026-09-01 02:30:49.256 [main] INFO  c.s.managers.AppiumServerManager - Appium server stopped
2026-09-01 02:30:53.459 [main] INFO  c.s.managers.AppiumServerManager - Appium server started on http://127.0.0.1:4723
2026-09-01 02:30:53.511 [main] INFO  com.swaglabs.device.DeviceManager - Using Android device: b58c6ff4
2026-09-01 02:30:53.709 [main] INFO  c.s.managers.AppiumDriverManager - Starting Appium session: http://127.0.0.1:4723 with caps Capabilities {appium:adbExecTimeout: 20000, appium:app: C:\Users\family\Desktop\pro..., appium:appActivity: .MainActivity, appium:appPackage: com.juanforeroaxpo.saucedemo, appium:autoGrantPermissions: true, appium:automationName: UiAutomator2, appium:clearSystemFiles: true, appium:disableWindowAnimation: false, appium:newCommandTimeout: 250, appium:noSign: true, appium:udid: b58c6ff4, appium:uiautomator2ServerInstallTimeout: 20000, platformName: ANDROID}
2026-09-01 02:31:01.323 [main] INFO  c.s.utils.helper.WebdriverHelper - Screen recording started
2026-09-01 02:31:01.675 [main] INFO  c.swaglabs.stepsDefs.LoginStepsDefs - User lands on the login page
2026-09-01 02:31:09.285 [main] INFO  c.swaglabs.stepsDefs.LoginStepsDefs - Login error message is displayed
2026-09-01 02:31:09.285 [main] INFO  com.swaglabs.hooks.Hooks - Scenario 'Login with empty credentials is rejected' PASSED.
2026-09-01 02:31:11.089 [main] INFO  c.s.managers.AppiumDriverManager - Local driver variables cleared
2026-09-01 02:31:11.089 [main] INFO  page_objects.PageObjectHelper - Page object instances cleared
2026-09-01 02:31:11.094 [main] INFO  com.swaglabs.hooks.Hooks - ******* Scenario: Wrong password is rejected started *******
2026-09-01 02:31:11.094 [main] INFO  c.s.managers.AppiumServerManager - Appium server already running on 127.0.0.1:4723 - stopping to reuse clean state
2026-09-01 02:31:11.121 [main] INFO  c.s.managers.AppiumServerManager - Appium server stopped
2026-09-01 02:31:16.261 [main] INFO  c.s.managers.AppiumServerManager - Appium server started on http://127.0.0.1:4723
2026-09-01 02:31:16.350 [main] INFO  com.swaglabs.device.DeviceManager - Using Android device: b58c6ff4
2026-09-01 02:31:16.585 [main] INFO  c.s.managers.AppiumDriverManager - Starting Appium session: http://127.0.0.1:4723 with caps Capabilities {appium:adbExecTimeout: 20000, appium:app: C:\Users\family\Desktop\pro..., appium:appActivity: .MainActivity, appium:appPackage: com.juanforeroaxpo.saucedemo, appium:autoGrantPermissions: true, appium:automationName: UiAutomator2, appium:clearSystemFiles: true, appium:disableWindowAnimation: false, appium:newCommandTimeout: 250, appium:noSign: true, appium:udid: b58c6ff4, appium:uiautomator2ServerInstallTimeout: 20000, platformName: ANDROID}
2026-09-01 02:31:24.522 [main] INFO  c.s.utils.helper.WebdriverHelper - Screen recording started
2026-09-01 02:31:24.943 [main] INFO  c.swaglabs.stepsDefs.LoginStepsDefs - User lands on the login page
2026-09-01 02:38:21.760 [main] INFO  c.s.managers.PropertiesManager - Loaded properties file: src/main/resources/project_properties/project_config_local.properties
2026-09-01 02:38:21.784 [main] INFO  c.s.capabilities.CapabilityManager - Loaded capabilities from C:\Users\family\Desktop\projects\swag-labs-mobile-nwdfew/src/main/resources/caps/local.json
2026-09-01 02:38:21.784 [main] INFO  com.swaglabs.hooks.Hooks - Swag Labs automation started. Platform=android, Environment=local
2026-09-01 02:38:22.080 [main] INFO  com.swaglabs.hooks.Hooks - ******* Scenario: Standard user can log in successfully started *******
2026-09-01 02:38:27.633 [main] INFO  c.s.managers.AppiumServerManager - Appium server started on http://127.0.0.1:4723
2026-09-01 02:38:27.746 [main] INFO  com.swaglabs.device.DeviceManager - Using Android device: b58c6ff4
2026-09-01 02:38:28.019 [main] INFO  c.s.managers.AppiumDriverManager - Starting Appium session: http://127.0.0.1:4723 with caps Capabilities {appium:adbExecTimeout: 20000, appium:app: C:\Users\family\Desktop\pro..., appium:appActivity: .MainActivity, appium:appPackage: com.juanforeroaxpo.saucedemo, appium:autoGrantPermissions: true, appium:automationName: UiAutomator2, appium:clearSystemFiles: true, appium:disableWindowAnimation: false, appium:newCommandTimeout: 250, appium:noSign: true, appium:udid: b58c6ff4, appium:uiautomator2ServerInstallTimeout: 20000, platformName: ANDROID}
2026-09-01 02:38:38.508 [main] INFO  c.s.utils.helper.WebdriverHelper - Screen recording started
2026-09-01 02:38:40.140 [main] INFO  c.swaglabs.stepsDefs.LoginStepsDefs - User lands on the login page
2026-09-01 02:38:47.859 [main] INFO  c.swaglabs.stepsDefs.LoginStepsDefs - Logged in as standard_user
2026-09-01 02:38:49.431 [main] INFO  c.s.stepsDefs.ProductsStepsDefs - Products page is displayed
2026-09-01 02:38:49.434 [main] INFO  com.swaglabs.hooks.Hooks - Scenario 'Standard user can log in successfully' PASSED.
2026-09-01 02:38:51.798 [main] INFO  c.s.managers.AppiumDriverManager - Local driver variables cleared
2026-09-01 02:38:51.798 [main] INFO  page_objects.PageObjectHelper - Page object instances cleared
2026-09-01 02:38:51.806 [main] INFO  com.swaglabs.hooks.Hooks - ******* Scenario: Locked out user is blocked from logging in started *******
2026-09-01 02:38:51.807 [main] INFO  c.s.managers.AppiumServerManager - Appium server already running on 127.0.0.1:4723 - stopping to reuse clean state
2026-09-01 02:38:51.834 [main] INFO  c.s.managers.AppiumServerManager - Appium server stopped
2026-09-01 02:38:55.993 [main] INFO  c.s.managers.AppiumServerManager - Appium server started on http://127.0.0.1:4723
2026-09-01 02:38:56.157 [main] INFO  com.swaglabs.device.DeviceManager - Using Android device: b58c6ff4
2026-09-01 02:38:56.434 [main] INFO  c.s.managers.AppiumDriverManager - Starting Appium session: http://127.0.0.1:4723 with caps Capabilities {appium:adbExecTimeout: 20000, appium:app: C:\Users\family\Desktop\pro..., appium:appActivity: .MainActivity, appium:appPackage: com.juanforeroaxpo.saucedemo, appium:autoGrantPermissions: true, appium:automationName: UiAutomator2, appium:clearSystemFiles: true, appium:disableWindowAnimation: false, appium:newCommandTimeout: 250, appium:noSign: true, appium:udid: b58c6ff4, appium:uiautomator2ServerInstallTimeout: 20000, platformName: ANDROID}
2026-09-01 02:39:05.133 [main] INFO  c.s.utils.helper.WebdriverHelper - Screen recording started
2026-09-01 02:39:05.752 [main] INFO  c.swaglabs.stepsDefs.LoginStepsDefs - User lands on the login page
2026-09-01 02:39:13.046 [main] INFO  c.swaglabs.stepsDefs.LoginStepsDefs - Logged in as locked_out_user
2026-09-01 02:40:14.508 [main] INFO  com.swaglabs.hooks.Hooks - Scenario 'Locked out user is blocked from logging in' FAILED. Capturing screenshot...
2026-09-01 02:40:16.707 [main] INFO  c.s.utils.helper.WebdriverHelper - Recording saved and attached to failed scenario 'Locked out user is blocked from logging in'
2026-09-01 02:40:17.721 [main] INFO  c.s.managers.AppiumDriverManager - Local driver variables cleared
2026-09-01 02:40:17.721 [main] INFO  page_objects.PageObjectHelper - Page object instances cleared
2026-09-01 02:40:17.741 [main] INFO  com.swaglabs.hooks.Hooks - ******* Scenario: Login with empty credentials is rejected started *******
2026-09-01 02:40:17.742 [main] INFO  c.s.managers.AppiumServerManager - Appium server already running on 127.0.0.1:4723 - stopping to reuse clean state
2026-09-01 02:40:17.777 [main] INFO  c.s.managers.AppiumServerManager - Appium server stopped
2026-09-01 02:40:21.575 [main] INFO  c.s.managers.AppiumServerManager - Appium server started on http://127.0.0.1:4723
2026-09-01 02:40:21.631 [main] INFO  com.swaglabs.device.DeviceManager - Using Android device: b58c6ff4
2026-09-01 02:40:21.871 [main] INFO  c.s.managers.AppiumDriverManager - Starting Appium session: http://127.0.0.1:4723 with caps Capabilities {appium:adbExecTimeout: 20000, appium:app: C:\Users\family\Desktop\pro..., appium:appActivity: .MainActivity, appium:appPackage: com.juanforeroaxpo.saucedemo, appium:autoGrantPermissions: true, appium:automationName: UiAutomator2, appium:clearSystemFiles: true, appium:disableWindowAnimation: false, appium:newCommandTimeout: 250, appium:noSign: true, appium:udid: b58c6ff4, appium:uiautomator2ServerInstallTimeout: 20000, platformName: ANDROID}
2026-09-01 02:40:30.933 [main] INFO  c.s.utils.helper.WebdriverHelper - Screen recording started
2026-09-01 02:40:31.431 [main] INFO  c.swaglabs.stepsDefs.LoginStepsDefs - User lands on the login page
2026-09-01 02:40:39.738 [main] INFO  c.swaglabs.stepsDefs.LoginStepsDefs - Login error message is displayed
2026-09-01 02:40:39.738 [main] INFO  com.swaglabs.hooks.Hooks - Scenario 'Login with empty credentials is rejected' PASSED.
2026-09-01 02:40:41.889 [main] INFO  c.s.managers.AppiumDriverManager - Local driver variables cleared
2026-09-01 02:40:41.889 [main] INFO  page_objects.PageObjectHelper - Page object instances cleared
2026-09-01 02:40:41.892 [main] INFO  com.swaglabs.hooks.Hooks - ******* Scenario: Wrong password is rejected started *******
2026-09-01 02:40:41.893 [main] INFO  c.s.managers.AppiumServerManager - Appium server already running on 127.0.0.1:4723 - stopping to reuse clean state
2026-09-01 02:40:41.915 [main] INFO  c.s.managers.AppiumServerManager - Appium server stopped
2026-09-01 02:40:45.445 [main] INFO  c.s.managers.AppiumServerManager - Appium server started on http://127.0.0.1:4723
2026-09-01 02:40:45.498 [main] INFO  com.swaglabs.device.DeviceManager - Using Android device: b58c6ff4
2026-09-01 02:40:45.722 [main] INFO  c.s.managers.AppiumDriverManager - Starting Appium session: http://127.0.0.1:4723 with caps Capabilities {appium:adbExecTimeout: 20000, appium:app: C:\Users\family\Desktop\pro..., appium:appActivity: .MainActivity, appium:appPackage: com.juanforeroaxpo.saucedemo, appium:autoGrantPermissions: true, appium:automationName: UiAutomator2, appium:clearSystemFiles: true, appium:disableWindowAnimation: false, appium:newCommandTimeout: 250, appium:noSign: true, appium:udid: b58c6ff4, appium:uiautomator2ServerInstallTimeout: 20000, platformName: ANDROID}
2026-09-01 02:40:54.365 [main] INFO  c.s.utils.helper.WebdriverHelper - Screen recording started
2026-09-01 02:40:54.871 [main] INFO  c.swaglabs.stepsDefs.LoginStepsDefs - User lands on the login page
2026-09-01 02:42:04.726 [main] INFO  com.swaglabs.hooks.Hooks - Scenario 'Wrong password is rejected' FAILED. Capturing screenshot...
2026-09-01 02:42:06.814 [main] INFO  c.s.utils.helper.WebdriverHelper - Recording saved and attached to failed scenario 'Wrong password is rejected'
2026-09-01 02:42:07.783 [main] INFO  c.s.managers.AppiumDriverManager - Local driver variables cleared
2026-09-01 02:42:07.783 [main] INFO  page_objects.PageObjectHelper - Page object instances cleared
2026-09-01 02:42:07.791 [main] INFO  com.swaglabs.hooks.Hooks - ******* Scenario: Username only (no password) is rejected started *******
2026-09-01 02:42:07.792 [main] INFO  c.s.managers.AppiumServerManager - Appium server already running on 127.0.0.1:4723 - stopping to reuse clean state
2026-09-01 02:42:07.817 [main] INFO  c.s.managers.AppiumServerManager - Appium server stopped
2026-09-01 02:42:11.593 [main] INFO  c.s.managers.AppiumServerManager - Appium server started on http://127.0.0.1:4723
2026-09-01 02:42:11.669 [main] INFO  com.swaglabs.device.DeviceManager - Using Android device: b58c6ff4
2026-09-01 02:42:11.912 [main] INFO  c.s.managers.AppiumDriverManager - Starting Appium session: http://127.0.0.1:4723 with caps Capabilities {appium:adbExecTimeout: 20000, appium:app: C:\Users\family\Desktop\pro..., appium:appActivity: .MainActivity, appium:appPackage: com.juanforeroaxpo.saucedemo, appium:autoGrantPermissions: true, appium:automationName: UiAutomator2, appium:clearSystemFiles: true, appium:disableWindowAnimation: false, appium:newCommandTimeout: 250, appium:noSign: true, appium:udid: b58c6ff4, appium:uiautomator2ServerInstallTimeout: 20000, platformName: ANDROID}
2026-09-01 02:42:20.333 [main] INFO  c.s.utils.helper.WebdriverHelper - Screen recording started
2026-09-01 02:42:20.779 [main] INFO  c.swaglabs.stepsDefs.LoginStepsDefs - User lands on the login page
2026-09-01 02:42:28.820 [main] INFO  c.swaglabs.stepsDefs.LoginStepsDefs - Login error message is displayed
2026-09-01 02:42:28.821 [main] INFO  com.swaglabs.hooks.Hooks - Scenario 'Username only (no password) is rejected' PASSED.
2026-09-01 02:42:31.165 [main] INFO  c.s.managers.AppiumDriverManager - Local driver variables cleared
2026-09-01 02:42:31.165 [main] INFO  page_objects.PageObjectHelper - Page object instances cleared
2026-09-01 02:42:31.170 [main] INFO  com.swaglabs.hooks.Hooks - ******* Scenario: Password only (no username) is rejected started *******
2026-09-01 02:42:31.171 [main] INFO  c.s.managers.AppiumServerManager - Appium server already running on 127.0.0.1:4723 - stopping to reuse clean state
2026-09-01 02:42:31.193 [main] INFO  c.s.managers.AppiumServerManager - Appium server stopped
2026-09-01 02:42:34.637 [main] INFO  c.s.managers.AppiumServerManager - Appium server started on http://127.0.0.1:4723
2026-09-01 02:42:34.702 [main] INFO  com.swaglabs.device.DeviceManager - Using Android device: b58c6ff4
2026-09-01 02:42:34.991 [main] INFO  c.s.managers.AppiumDriverManager - Starting Appium session: http://127.0.0.1:4723 with caps Capabilities {appium:adbExecTimeout: 20000, appium:app: C:\Users\family\Desktop\pro..., appium:appActivity: .MainActivity, appium:appPackage: com.juanforeroaxpo.saucedemo, appium:autoGrantPermissions: true, appium:automationName: UiAutomator2, appium:clearSystemFiles: true, appium:disableWindowAnimation: false, appium:newCommandTimeout: 250, appium:noSign: true, appium:udid: b58c6ff4, appium:uiautomator2ServerInstallTimeout: 20000, platformName: ANDROID}
2026-09-01 02:42:43.720 [main] INFO  c.s.utils.helper.WebdriverHelper - Screen recording started
2026-09-01 02:42:44.157 [main] INFO  c.swaglabs.stepsDefs.LoginStepsDefs - User lands on the login page
2026-09-01 02:42:53.053 [main] INFO  c.swaglabs.stepsDefs.LoginStepsDefs - Login error message is displayed
2026-09-01 02:42:53.054 [main] INFO  com.swaglabs.hooks.Hooks - Scenario 'Password only (no username) is rejected' PASSED.
2026-09-01 02:42:55.300 [main] INFO  c.s.managers.AppiumDriverManager - Local driver variables cleared
2026-09-01 02:42:55.300 [main] INFO  page_objects.PageObjectHelper - Page object instances cleared
2026-09-01 02:42:55.338 [main] INFO  c.s.managers.AppiumServerManager - Appium server stopped
2026-09-01 02:42:55.339 [main] INFO  com.swaglabs.hooks.Hooks - Swag Labs automation finished.
2026-09-01 02:46:23.742 [main] INFO  c.s.managers.PropertiesManager - Loaded properties file: src/main/resources/project_properties/project_config_local.properties
2026-09-01 02:46:23.760 [main] INFO  c.s.capabilities.CapabilityManager - Loaded capabilities from C:\Users\family\Desktop\projects\swag-labs-mobile-nwdfew/src/main/resources/caps/local.json
2026-09-01 02:46:23.761 [main] INFO  com.swaglabs.hooks.Hooks - Swag Labs automation started. Platform=android, Environment=local
2026-09-01 02:46:24.231 [main] INFO  com.swaglabs.hooks.Hooks - ******* Scenario: Locked out user is blocked from logging in started *******
2026-09-01 02:46:29.870 [main] INFO  c.s.managers.AppiumServerManager - Appium server started on http://127.0.0.1:4723
2026-09-01 02:46:29.989 [main] INFO  com.swaglabs.device.DeviceManager - Using Android device: b58c6ff4
2026-09-01 02:46:30.292 [main] INFO  c.s.managers.AppiumDriverManager - Starting Appium session: http://127.0.0.1:4723 with caps Capabilities {appium:adbExecTimeout: 20000, appium:app: C:\Users\family\Desktop\pro..., appium:appActivity: .MainActivity, appium:appPackage: com.juanforeroaxpo.saucedemo, appium:autoGrantPermissions: true, appium:automationName: UiAutomator2, appium:clearSystemFiles: true, appium:disableWindowAnimation: false, appium:newCommandTimeout: 250, appium:noSign: true, appium:udid: b58c6ff4, appium:uiautomator2ServerInstallTimeout: 20000, platformName: ANDROID}
2026-09-01 02:46:39.076 [main] INFO  c.s.utils.helper.WebdriverHelper - Screen recording started
2026-09-01 02:46:40.402 [main] INFO  c.swaglabs.stepsDefs.LoginStepsDefs - User lands on the login page
2026-09-01 02:46:48.446 [main] INFO  c.swaglabs.stepsDefs.LoginStepsDefs - Logged in as locked_out_user
2026-09-01 02:46:50.111 [main] INFO  p.android.AndroidLoginPage - Page source at error: <?xml version='1.0' encoding='UTF-8' standalone='yes' ?>
<hierarchy index="0" class="hierarchy" rotation="0" width="1080" height="2262">
  <android.widget.FrameLayout index="0" package="com.juanforeroaxpo.saucedemo" class="android.widget.FrameLayout" text="" checkable="false" checked="false" clickable="false" enabled="true" focusable="false" focused="false" long-clickable="false" password="false" scrollable="false" selected="false" bounds="[0,0][1080,2400]" displayed="true" a11y-important="true" screen-reader-focusable="false" drawing-order="0" showing-hint="false" text-entry-key="false" dismissable="false" a11y-focused="false" heading="false" live-region="0" context-clickable="false" content-invalid="false" window-id="921">
    <android.widget.LinearLayout index="0" package="com.juanforeroaxpo.saucedemo" class="android.widget.LinearLayout" text="" checkable="false" checked="false" clickable="false" enabled="true" focusable="false" focused="false" long-clickable="false" password="false" scrollable="false" selected="false" bounds="[0,0][1080,2400]" displayed="true" a11y-important="false" screen-reader-focusable="false" drawing-order="1" showing-hint="false" text-entry-key="false" dismissable="false" a11y-focused="false" heading="false" live-region="0" context-clickable="false" content-invalid="false" window-id="921">
      <android.widget.FrameLayout index="0" package="com.juanforeroaxpo.saucedemo" class="android.widget.FrameLayout" text="" checkable="false" checked="false" clickable="false" enabled="true" focusable="false" focused="false" long-clickable="false" password="false" scrollable="false" selected="false" bounds="[0,0][1080,2400]" displayed="true" a11y-important="false" screen-reader-focusable="false" drawing-order="2" showing-hint="false" text-entry-key="false" dismissable="false" a11y-focused="false" heading="false" live-region="0" context-clickable="false" content-invalid="false" window-id="921">
        <android.widget.LinearLayout index="0" package="com.juanforeroaxpo.saucedemo" class="android.widget.LinearLayout" text="" resource-id="com.juanforeroaxpo.saucedemo:id/action_bar_root" checkable="false" checked="false" clickable="false" enabled="true" focusable="false" focused="false" long-clickable="false" password="false" scrollable="false" selected="false" bounds="[0,0][1080,2400]" displayed="true" a11y-important="false" screen-reader-focusable="false" drawing-order="1" showing-hint="false" text-entry-key="false" dismissable="false" a11y-focused="false" heading="false" live-region="0" context-clickable="false" content-invalid="false" window-id="921">
          <android.widget.FrameLayout index="0" package="com.juanforeroaxpo.saucedemo" class="android.widget.FrameLayout" text="" resource-id="android:id/content" checkable="false" checked="false" clickable="false" enabled="true" focusable="false" focused="false" long-clickable="false" password="false" scrollable="false" selected="false" bounds="[0,0][1080,2400]" displayed="true" a11y-important="false" screen-reader-focusable="false" drawing-order="2" showing-hint="false" text-entry-key="false" dismissable="false" a11y-focused="false" heading="false" live-region="0" context-clickable="false" content-invalid="false" window-id="921">
            <android.widget.FrameLayout index="0" package="com.juanforeroaxpo.saucedemo" class="android.widget.FrameLayout" text="" checkable="false" checked="false" clickable="false" enabled="true" focusable="false" focused="false" long-clickable="false" password="false" scrollable="false" selected="false" bounds="[0,0][1080,2400]" displayed="true" a11y-important="false" screen-reader-focusable="false" drawing-order="1" showing-hint="false" text-entry-key="false" dismissable="false" a11y-focused="false" heading="false" live-region="0" context-clickable="false" content-invalid="false" window-id="921">
              <android.view.ViewGroup index="0" package="com.juanforeroaxpo.saucedemo" class="android.view.ViewGroup" text="" checkable="false" checked="false" clickable="false" enabled="true" focusable="false" focused="false" long-clickable="false" password="false" scrollable="false" selected="false" bounds="[0,0][1080,2400]" displayed="true" a11y-important="false" screen-reader-focusable="false" drawing-order="1" showing-hint="false" text-entry-key="false" dismissable="false" a11y-focused="false" heading="false" live-region="0" context-clickable="false" content-invalid="false" window-id="921">
                <android.view.ViewGroup index="0" package="com.juanforeroaxpo.saucedemo" class="android.view.ViewGroup" text="" checkable="false" checked="false" clickable="false" enabled="true" focusable="false" focused="false" long-clickable="false" password="false" scrollable="false" selected="false" bounds="[0,0][1080,2400]" displayed="true" a11y-important="false" screen-reader-focusable="false" drawing-order="1" showing-hint="false" text-entry-key="false" dismissable="false" a11y-focused="false" heading="false" live-region="0" context-clickable="false" content-invalid="false" window-id="921">
                  <android.view.ViewGroup index="0" package="com.juanforeroaxpo.saucedemo" class="android.view.ViewGroup" text="" checkable="false" checked="false" clickable="false" enabled="true" focusable="false" focused="false" long-clickable="false" password="false" scrollable="false" selected="false" bounds="[0,0][1080,2400]" displayed="true" a11y-important="false" screen-reader-focusable="false" drawing-order="1" showing-hint="false" text-entry-key="false" dismissable="false" a11y-focused="false" heading="false" live-region="0" context-clickable="false" content-invalid="false" window-id="921">
                    <android.widget.ScrollView index="0" package="com.juanforeroaxpo.saucedemo" class="android.widget.ScrollView" text="" checkable="false" checked="false" clickable="false" enabled="true" focusable="false" focused="false" long-clickable="false" password="false" scrollable="false" selected="false" bounds="[0,0][1080,2400]" displayed="true" a11y-important="true" screen-reader-focusable="false" drawing-order="1" showing-hint="false" text-entry-key="false" dismissable="false" a11y-focused="false" heading="false" live-region="0" context-clickable="false" content-invalid="false" window-id="921">
                      <android.view.ViewGroup index="1" package="com.juanforeroaxpo.saucedemo" class="android.view.ViewGroup" text="" checkable="false" checked="false" clickable="false" enabled="true" focusable="false" focused="false" long-clickable="false" password="false" scrollable="false" selected="false" bounds="[0,0][1080,2400]" displayed="true" a11y-important="false" screen-reader-focusable="false" drawing-order="1" showing-hint="false" text-entry-key="false" dismissable="false" a11y-focused="false" heading="false" live-region="0" context-clickable="false" content-invalid="false" window-id="921">
                        <android.view.ViewGroup index="1" package="com.juanforeroaxpo.saucedemo" class="android.view.ViewGroup" text="" checkable="false" checked="false" clickable="false" enabled="true" focusable="false" focused="false" long-clickable="false" password="false" scrollable="false" selected="false" bounds="[0,0][1080,2400]" displayed="true" a11y-important="false" screen-reader-focusable="false" drawing-order="1" showing-hint="false" text-entry-key="false" dismissable="false" a11y-focused="false" heading="false" live-region="0" context-clickable="false" content-invalid="false" window-id="921">
                          <android.view.ViewGroup index="0" package="com.juanforeroaxpo.saucedemo" class="android.view.ViewGroup" text="" checkable="false" checked="false" clickable="false" enabled="true" focusable="false" focused="false" long-clickable="false" password="false" scrollable="false" selected="false" bounds="[0,0][1080,1567]" displayed="true" a11y-important="false" screen-reader-focusable="false" drawing-order="1" showing-hint="false" text-entry-key="false" dismissable="false" a11y-focused="false" heading="false" live-region="0" context-clickable="false" content-invalid="false" window-id="921" />
                          <android.widget.ScrollView index="1" package="com.juanforeroaxpo.saucedemo" class="android.widget.ScrollView" text="" checkable="false" checked="false" clickable="false" enabled="true" focusable="true" focused="false" long-clickable="false" password="false" scrollable="true" selected="false" bounds="[0,0][1080,1567]" displayed="true" a11y-important="true" screen-reader-focusable="false" drawing-order="2" showing-hint="false" text-entry-key="false" dismissable="false" a11y-focused="false" heading="false" live-region="0" context-clickable="false" content-invalid="false" window-id="921">
                            <android.view.ViewGroup index="0" package="com.juanforeroaxpo.saucedemo" class="android.view.ViewGroup" text="" checkable="false" checked="false" clickable="false" enabled="true" focusable="false" focused="false" long-clickable="false" password="false" scrollable="false" selected="false" bounds="[0,0][1080,1567]" displayed="true" a11y-important="false" screen-reader-focusable="false" drawing-order="1" showing-hint="false" text-entry-key="false" dismissable="false" a11y-focused="false" heading="false" live-region="0" context-clickable="false" content-invalid="false" window-id="921">
                              <android.widget.TextView index="0" package="com.juanforeroaxpo.saucedemo" class="android.widget.TextView" text="Swag Labs" checkable="false" checked="false" clickable="false" enabled="true" focusable="false" focused="false" long-clickable="false" password="false" scrollable="false" selected="false" bounds="[326,187][754,304]" displayed="true" a11y-important="true" screen-reader-focusable="false" drawing-order="1" showing-hint="false" text-entry-key="false" dismissable="false" a11y-focused="false" heading="false" live-region="0" context-clickable="false" content-invalid="false" window-id="921" />
                              <android.view.ViewGroup index="1" package="com.juanforeroaxpo.saucedemo" class="android.view.ViewGroup" text="" resource-id="login-error" checkable="false" checked="false" clickable="false" enabled="true" focusable="false" focused="false" long-clickable="false" password="false" scrollable="false" selected="false" bounds="[66,392][1014,579]" displayed="true" a11y-important="true" screen-reader-focusable="false" drawing-order="2" showing-hint="false" text-entry-key="false" dismissable="false" a11y-focused="false" heading="false" live-region="0" context-clickable="false" content-invalid="false" window-id="921" />
                              <android.widget.TextView index="2" package="com.juanforeroaxpo.saucedemo" class="android.widget.TextView" text="Epic sadface: Sorry, this user has been locked out." checkable="false" checked="false" clickable="false" enabled="true" focusable="false" focused="false" long-clickable="false" password="false" scrollable="false" selected="false" bounds="[110,436][898,535]" displayed="true" a11y-important="true" screen-reader-focusable="false" drawing-order="3" showing-hint="false" text-entry-key="false" dismissable="false" a11y-focused="false" heading="false" live-region="0" context-clickable="false" content-invalid="false" window-id="921" />
                              <android.view.ViewGroup index="3" package="com.juanforeroaxpo.saucedemo" class="android.view.ViewGroup" text="" content-desc="X" checkable="false" checked="false" clickable="true" enabled="true" focusable="true" focused="false" long-clickable="false" password="false" scrollable="false" selected="false" bounds="[920,445][970,526]" displayed="true" a11y-important="true" screen-reader-focusable="false" drawing-order="4" showing-hint="false" text-entry-key="false" dismissable="false" a11y-focused="false" heading="false" live-region="0" context-clickable="false" content-invalid="false" window-id="921">
                                <android.widget.TextView index="0" package="com.juanforeroaxpo.saucedemo" class="android.widget.TextView" text="X" checkable="false" checked="false" clickable="false" enabled="true" focusable="false" focused="false" long-clickable="false" password="false" scrollable="false" selected="false" bounds="[931,456][959,515]" displayed="true" a11y-important="true" screen-reader-focusable="false" drawing-order="1" showing-hint="false" text-entry-key="false" dismissable="false" a11y-focused="false" heading="false" live-region="0" context-clickable="false" content-invalid="false" window-id="921" />
                              </android.view.ViewGroup>
                              <android.widget.EditText index="4" package="com.juanforeroaxpo.saucedemo" class="android.widget.EditText" text="locked_out_user" resource-id="username-input" checkable="false" checked="false" clickable="true" enabled="true" focusable="true" focused="false" long-clickable="true" password="false" scrollable="false" selected="false" bounds="[66,623][1014,743]" displayed="true" hint="Username" a11y-important="true" screen-reader-focusable="false" input-type="524289" drawing-order="5" showing-hint="false" text-entry-key="false" multiline="false" dismissable="false" a11y-focused="false" heading="false" live-region="0" context-clickable="false" max-text-length="5000" content-invalid="false" window-id="921" />
                              <android.widget.EditText index="5" package="com.juanforeroaxpo.saucedemo" class="android.widget.EditText" text="••••••••••••" resource-id="password-input" checkable="false" checked="false" clickable="true" enabled="true" focusable="true" focused="true" long-clickable="true" password="true" scrollable="false" selected="false" bounds="[66,787][1014,907]" displayed="true" hint="Password" a11y-important="true" screen-reader-focusable="false" input-type="16513" drawing-order="6" showing-hint="false" text-entry-key="false" multiline="false" dismissable="false" a11y-focused="false" heading="false" live-region="0" context-clickable="false" max-text-length="5000" content-invalid="false" window-id="921" />
                              <android.view.ViewGroup index="6" package="com.juanforeroaxpo.saucedemo" class="android.view.ViewGroup" text="" content-desc="LOGIN" resource-id="login-button" checkable="false" checked="false" clickable="true" enabled="true" focusable="true" focused="false" long-clickable="false" password="false" scrollable="false" selected="false" bounds="[66,950][1014,1075]" displayed="true" a11y-important="true" screen-reader-focusable="false" drawing-order="7" showing-hint="false" text-entry-key="false" dismissable="false" a11y-focused="false" heading="false" live-region="0" context-clickable="false" content-invalid="false" window-id="921">
                                <android.widget.TextView index="0" package="com.juanforeroaxpo.saucedemo" class="android.widget.TextView" text="LOGIN" checkable="false" checked="false" clickable="false" enabled="true" focusable="false" focused="false" long-clickable="false" password="false" scrollable="false" selected="false" bounds="[476,983][603,1042]" displayed="true" a11y-important="true" screen-reader-focusable="false" drawing-order="1" showing-hint="false" text-entry-key="false" dismissable="false" a11y-focused="false" heading="false" live-region="0" context-clickable="false" content-invalid="false" window-id="921" />
                              </android.view.ViewGroup>
                              <android.view.ViewGroup index="7" package="com.juanforeroaxpo.saucedemo" class="android.view.ViewGroup" text="" checkable="false" checked="false" clickable="false" enabled="true" focusable="false" focused="false" long-clickable="false" password="false" scrollable="false" selected="false" bounds="[66,1141][1014,1567]" displayed="true" a11y-important="false" screen-reader-focusable="false" drawing-order="8" showing-hint="false" text-entry-key="false" dismissable="false" a11y-focused="false" heading="false" live-region="0" context-clickable="false" content-invalid="false" window-id="921" />
                              <android.widget.TextView index="8" package="com.juanforeroaxpo.saucedemo" class="android.widget.TextView" text="Accepted usernames are:" checkable="false" checked="false" clickable="false" enabled="true" focusable="false" focused="false" long-clickable="false" password="false" scrollable="false" selected="false" bounds="[110,1185][970,1238]" displayed="true" a11y-important="true" screen-reader-focusable="false" drawing-order="9" showing-hint="false" text-entry-key="false" dismissable="false" a11y-focused="false" heading="false" live-region="0" context-clickable="false" content-invalid="false" window-id="921" />
                              <android.widget.TextView index="9" package="com.juanforeroaxpo.saucedemo" class="android.widget.TextView" text="standard_user" checkable="false" checked="false" clickable="false" enabled="true" focusable="false" focused="false" long-clickable="false" password="false" scrollable="false" selected="false" bounds="[110,1249][970,1304]" displayed="true" a11y-important="true" screen-reader-focusable="false" drawing-order="10" showing-hint="false" text-entry-key="false" dismissable="false" a11y-focused="false" heading="false" live-region="0" context-clickable="false" content-invalid="false" window-id="921" />
                              <android.widget.TextView index="10" package="com.juanforeroaxpo.saucedemo" class="android.widget.TextView" text="locked_out_user" checkable="false" checked="false" clickable="false" enabled="true" focusable="false" focused="false" long-clickable="false" password="false" scrollable="false" selected="false" bounds="[110,1304][970,1359]" displayed="true" a11y-important="true" screen-reader-focusable="false" drawing-order="11" showing-hint="false" text-entry-key="false" dismissable="false" a11y-focused="false" heading="false" live-region="0" context-clickable="false" content-invalid="false" window-id="921" />
                              <android.widget.TextView index="11" package="com.juanforeroaxpo.saucedemo" class="android.widget.TextView" text="problem_user" checkable="false" checked="false" clickable="false" enabled="true" focusable="false" focused="false" long-clickable="false" password="false" scrollable="false" selected="false" bounds="[110,1359][970,1414]" displayed="true" a11y-important="true" screen-reader-focusable="false" drawing-order="12" showing-hint="false" text-entry-key="false" dismissable="false" a11y-focused="false" heading="false" live-region="0" context-clickable="false" content-invalid="false" window-id="921" />
                              <android.widget.TextView index="12" package="com.juanforeroaxpo.saucedemo" class="android.widget.TextView" text="performance_glitch_user" checkable="false" checked="false" clickable="false" enabled="true" focusable="false" focused="false" long-clickable="false" password="false" scrollable="false" selected="false" bounds="[110,1414][970,1469]" displayed="true" a11y-important="true" screen-reader-focusable="false" drawing-order="13" showing-hint="false" text-entry-key="false" dismissable="false" a11y-focused="false" heading="false" live-region="0" context-clickable="false" content-invalid="false" window-id="921" />
                              <android.widget.TextView index="13" package="com.juanforeroaxpo.saucedemo" class="android.widget.TextView" text="error_user" checkable="false" checked="false" clickable="false" enabled="true" focusable="false" focused="false" long-clickable="false" password="false" scrollable="false" selected="false" bounds="[110,1469][970,1524]" displayed="true" a11y-important="true" screen-reader-focusable="false" drawing-order="14" showing-hint="false" text-entry-key="false" dismissable="false" a11y-focused="false" heading="false" live-region="0" context-clickable="false" content-invalid="false" window-id="921" />
                              <android.widget.TextView index="14" package="com.juanforeroaxpo.saucedemo" class="android.widget.TextView" text="visual_user" checkable="false" checked="false" clickable="false" enabled="true" focusable="false" focused="false" long-clickable="false" password="false" scrollable="false" selected="false" bounds="[110,1524][970,1567]" displayed="true" a11y-important="true" screen-reader-focusable="false" drawing-order="15" showing-hint="false" text-entry-key="false" dismissable="false" a11y-focused="false" heading="false" live-region="0" context-clickable="false" content-invalid="false" window-id="921" />
                            </android.view.ViewGroup>
                          </android.widget.ScrollView>
                        </android.view.ViewGroup>
                      </android.view.ViewGroup>
                    </android.widget.ScrollView>
                  </android.view.ViewGroup>
                </android.view.ViewGroup>
              </android.view.ViewGroup>
            </android.widget.FrameLayout>
          </android.widget.FrameLayout>
        </android.widget.LinearLayout>
      </android.widget.FrameLayout>
    </android.widget.LinearLayout>
  </android.widget.FrameLayout>
</hierarchy>
2026-09-01 02:46:50.413 [main] INFO  p.android.AndroidLoginPage - Container text: ''
2026-09-01 02:46:51.443 [main] INFO  p.android.AndroidLoginPage - Container text: ''
2026-09-01 02:46:52.978 [main] INFO  p.android.AndroidLoginPage - Container text: ''
2026-09-01 02:46:54.018 [main] INFO  p.android.AndroidLoginPage - Container text: ''
2026-09-01 02:46:55.049 [main] INFO  p.android.AndroidLoginPage - Container text: ''
2026-09-01 02:46:56.067 [main] INFO  p.android.AndroidLoginPage - Container text: ''
2026-09-01 02:46:57.286 [main] INFO  p.android.AndroidLoginPage - Container text: ''
2026-09-01 02:46:58.285 [main] INFO  p.android.AndroidLoginPage - Container text: ''
2026-09-01 02:46:59.707 [main] INFO  p.android.AndroidLoginPage - Container text: ''
2026-09-01 02:47:00.697 [main] INFO  p.android.AndroidLoginPage - Container text: ''
2026-09-01 02:47:01.643 [main] INFO  p.android.AndroidLoginPage - Container text: ''
2026-09-01 02:47:03.092 [main] INFO  p.android.AndroidLoginPage - Container text: ''
2026-09-01 02:47:04.118 [main] INFO  p.android.AndroidLoginPage - Container text: ''
2026-09-01 02:47:04.978 [main] INFO  p.android.AndroidLoginPage - Container text: ''
2026-09-01 02:47:05.855 [main] INFO  p.android.AndroidLoginPage - Container text: ''
2026-09-01 02:47:06.810 [main] INFO  p.android.AndroidLoginPage - Container text: ''
2026-09-01 02:47:07.792 [main] INFO  p.android.AndroidLoginPage - Container text: ''
2026-09-01 02:47:08.739 [main] INFO  p.android.AndroidLoginPage - Container text: ''
2026-09-01 02:47:09.675 [main] INFO  p.android.AndroidLoginPage - Container text: ''
2026-09-01 02:47:10.629 [main] INFO  p.android.AndroidLoginPage - Container text: ''
2026-09-01 02:47:11.532 [main] INFO  p.android.AndroidLoginPage - Container text: ''
2026-09-01 02:47:12.473 [main] INFO  p.android.AndroidLoginPage - Container text: ''
2026-09-01 02:47:13.473 [main] INFO  p.android.AndroidLoginPage - Container text: ''
2026-09-01 02:47:14.414 [main] INFO  p.android.AndroidLoginPage - Container text: ''
2026-09-01 02:47:15.357 [main] INFO  p.android.AndroidLoginPage - Container text: ''
2026-09-01 02:47:16.334 [main] INFO  p.android.AndroidLoginPage - Container text: ''
2026-09-01 02:47:17.281 [main] INFO  p.android.AndroidLoginPage - Container text: ''
2026-09-01 02:47:18.487 [main] INFO  p.android.AndroidLoginPage - Container text: ''
2026-09-01 02:47:19.492 [main] INFO  p.android.AndroidLoginPage - Container text: ''
2026-09-01 02:47:20.407 [main] INFO  p.android.AndroidLoginPage - Container text: ''
2026-09-01 02:47:21.413 [main] INFO  p.android.AndroidLoginPage - Container text: ''
2026-09-01 02:47:22.353 [main] INFO  p.android.AndroidLoginPage - Container text: ''
2026-09-01 02:47:23.269 [main] INFO  p.android.AndroidLoginPage - Container text: ''
2026-09-01 02:47:24.294 [main] INFO  p.android.AndroidLoginPage - Container text: ''
2026-09-01 02:47:25.280 [main] INFO  p.android.AndroidLoginPage - Container text: ''
2026-09-01 02:47:26.248 [main] INFO  p.android.AndroidLoginPage - Container text: ''
2026-09-01 02:47:27.570 [main] INFO  p.android.AndroidLoginPage - Container text: ''
2026-09-01 02:47:28.562 [main] INFO  p.android.AndroidLoginPage - Container text: ''
2026-09-01 02:47:29.511 [main] INFO  p.android.AndroidLoginPage - Container text: ''
2026-09-01 02:47:30.561 [main] INFO  p.android.AndroidLoginPage - Container text: ''
2026-09-01 02:47:31.508 [main] INFO  p.android.AndroidLoginPage - Container text: ''
2026-09-01 02:47:32.464 [main] INFO  p.android.AndroidLoginPage - Container text: ''
2026-09-01 02:47:33.602 [main] INFO  p.android.AndroidLoginPage - Container text: ''
2026-09-01 02:47:34.568 [main] INFO  p.android.AndroidLoginPage - Container text: ''
2026-09-01 02:47:35.541 [main] INFO  p.android.AndroidLoginPage - Container text: ''
2026-09-01 02:47:36.524 [main] INFO  p.android.AndroidLoginPage - Container text: ''
2026-09-01 02:47:37.500 [main] INFO  p.android.AndroidLoginPage - Container text: ''
2026-09-01 02:47:38.403 [main] INFO  p.android.AndroidLoginPage - Container text: ''
2026-09-01 02:47:39.307 [main] INFO  p.android.AndroidLoginPage - Container text: ''
2026-09-01 02:47:40.207 [main] INFO  p.android.AndroidLoginPage - Container text: ''
2026-09-01 02:47:41.187 [main] INFO  p.android.AndroidLoginPage - Container text: ''
2026-09-01 02:47:42.471 [main] INFO  p.android.AndroidLoginPage - Container text: ''
2026-09-01 02:47:43.499 [main] INFO  p.android.AndroidLoginPage - Container text: ''
2026-09-01 02:47:44.496 [main] INFO  p.android.AndroidLoginPage - Container text: ''
2026-09-01 02:47:45.708 [main] INFO  p.android.AndroidLoginPage - Container text: ''
2026-09-01 02:47:46.608 [main] INFO  p.android.AndroidLoginPage - Container text: ''
2026-09-01 02:47:47.610 [main] INFO  p.android.AndroidLoginPage - Container text: ''
2026-09-01 02:47:48.725 [main] INFO  p.android.AndroidLoginPage - Container text: ''
2026-09-01 02:47:49.689 [main] INFO  p.android.AndroidLoginPage - Container text: ''
2026-09-01 02:47:50.658 [main] INFO  p.android.AndroidLoginPage - Container text: ''
2026-09-01 02:47:50.893 [main] INFO  com.swaglabs.hooks.Hooks - Scenario 'Locked out user is blocked from logging in' FAILED. Capturing screenshot...
2026-09-01 02:47:53.841 [main] INFO  c.s.utils.helper.WebdriverHelper - Recording saved and attached to failed scenario 'Locked out user is blocked from logging in'
2026-09-01 02:47:56.007 [main] INFO  c.s.managers.AppiumDriverManager - Local driver variables cleared
2026-09-01 02:47:56.008 [main] INFO  page_objects.PageObjectHelper - Page object instances cleared
2026-09-01 02:47:56.231 [main] INFO  c.s.managers.AppiumServerManager - Appium server stopped
2026-09-01 02:47:56.231 [main] INFO  com.swaglabs.hooks.Hooks - Swag Labs automation finished.
2026-09-01 02:52:06.322 [main] INFO  c.s.managers.PropertiesManager - Loaded properties file: src/main/resources/project_properties/project_config_local.properties
2026-09-01 02:52:06.338 [main] INFO  c.s.capabilities.CapabilityManager - Loaded capabilities from C:\Users\family\Desktop\projects\swag-labs-mobile-nwdfew/src/main/resources/caps/local.json
2026-09-01 02:52:06.339 [main] INFO  com.swaglabs.hooks.Hooks - Swag Labs automation started. Platform=android, Environment=local
2026-09-01 02:52:06.608 [main] INFO  com.swaglabs.hooks.Hooks - ******* Scenario: Locked out user is blocked from logging in started *******
2026-09-01 02:52:06.635 [main] INFO  c.s.managers.AppiumServerManager - Appium server already running on 127.0.0.1:4723 - stopping to reuse clean state
2026-09-01 02:52:07.460 [main] INFO  c.s.managers.AppiumServerManager - Appium server started on http://127.0.0.1:4723
2026-09-01 02:52:07.667 [main] INFO  com.swaglabs.device.DeviceManager - Using Android device: b58c6ff4
2026-09-01 02:52:07.993 [main] INFO  c.s.managers.AppiumDriverManager - Starting Appium session: http://127.0.0.1:4723 with caps Capabilities {appium:adbExecTimeout: 20000, appium:app: C:\Users\family\Desktop\pro..., appium:appActivity: .MainActivity, appium:appPackage: com.juanforeroaxpo.saucedemo, appium:autoGrantPermissions: true, appium:automationName: UiAutomator2, appium:clearSystemFiles: true, appium:disableWindowAnimation: false, appium:newCommandTimeout: 250, appium:noSign: true, appium:udid: b58c6ff4, appium:uiautomator2ServerInstallTimeout: 20000, platformName: ANDROID}
2026-09-01 02:52:18.092 [main] INFO  c.s.utils.helper.WebdriverHelper - Screen recording started
2026-09-01 02:52:19.282 [main] INFO  c.swaglabs.stepsDefs.LoginStepsDefs - User lands on the login page
2026-09-01 02:52:26.744 [main] INFO  c.swaglabs.stepsDefs.LoginStepsDefs - Logged in as locked_out_user
2026-09-01 02:52:28.410 [main] INFO  p.android.AndroidLoginPage - Page source at error: <?xml version='1.0' encoding='UTF-8' standalone='yes' ?>
<hierarchy index="0" class="hierarchy" rotation="0" width="1080" height="2262">
  <android.widget.FrameLayout index="0" package="com.juanforeroaxpo.saucedemo" class="android.widget.FrameLayout" text="" checkable="false" checked="false" clickable="false" enabled="true" focusable="false" focused="false" long-clickable="false" password="false" scrollable="false" selected="false" bounds="[0,0][1080,2400]" displayed="true" a11y-important="true" screen-reader-focusable="false" drawing-order="0" showing-hint="false" text-entry-key="false" dismissable="false" a11y-focused="false" heading="false" live-region="0" context-clickable="false" content-invalid="false" window-id="927">
    <android.widget.LinearLayout index="0" package="com.juanforeroaxpo.saucedemo" class="android.widget.LinearLayout" text="" checkable="false" checked="false" clickable="false" enabled="true" focusable="false" focused="false" long-clickable="false" password="false" scrollable="false" selected="false" bounds="[0,0][1080,2400]" displayed="true" a11y-important="false" screen-reader-focusable="false" drawing-order="1" showing-hint="false" text-entry-key="false" dismissable="false" a11y-focused="false" heading="false" live-region="0" context-clickable="false" content-invalid="false" window-id="927">
      <android.widget.FrameLayout index="0" package="com.juanforeroaxpo.saucedemo" class="android.widget.FrameLayout" text="" checkable="false" checked="false" clickable="false" enabled="true" focusable="false" focused="false" long-clickable="false" password="false" scrollable="false" selected="false" bounds="[0,0][1080,2400]" displayed="true" a11y-important="false" screen-reader-focusable="false" drawing-order="2" showing-hint="false" text-entry-key="false" dismissable="false" a11y-focused="false" heading="false" live-region="0" context-clickable="false" content-invalid="false" window-id="927">
        <android.widget.LinearLayout index="0" package="com.juanforeroaxpo.saucedemo" class="android.widget.LinearLayout" text="" resource-id="com.juanforeroaxpo.saucedemo:id/action_bar_root" checkable="false" checked="false" clickable="false" enabled="true" focusable="false" focused="false" long-clickable="false" password="false" scrollable="false" selected="false" bounds="[0,0][1080,2400]" displayed="true" a11y-important="false" screen-reader-focusable="false" drawing-order="1" showing-hint="false" text-entry-key="false" dismissable="false" a11y-focused="false" heading="false" live-region="0" context-clickable="false" content-invalid="false" window-id="927">
          <android.widget.FrameLayout index="0" package="com.juanforeroaxpo.saucedemo" class="android.widget.FrameLayout" text="" resource-id="android:id/content" checkable="false" checked="false" clickable="false" enabled="true" focusable="false" focused="false" long-clickable="false" password="false" scrollable="false" selected="false" bounds="[0,0][1080,2400]" displayed="true" a11y-important="false" screen-reader-focusable="false" drawing-order="2" showing-hint="false" text-entry-key="false" dismissable="false" a11y-focused="false" heading="false" live-region="0" context-clickable="false" content-invalid="false" window-id="927">
            <android.widget.FrameLayout index="0" package="com.juanforeroaxpo.saucedemo" class="android.widget.FrameLayout" text="" checkable="false" checked="false" clickable="false" enabled="true" focusable="false" focused="false" long-clickable="false" password="false" scrollable="false" selected="false" bounds="[0,0][1080,2400]" displayed="true" a11y-important="false" screen-reader-focusable="false" drawing-order="1" showing-hint="false" text-entry-key="false" dismissable="false" a11y-focused="false" heading="false" live-region="0" context-clickable="false" content-invalid="false" window-id="927">
              <android.view.ViewGroup index="0" package="com.juanforeroaxpo.saucedemo" class="android.view.ViewGroup" text="" checkable="false" checked="false" clickable="false" enabled="true" focusable="false" focused="false" long-clickable="false" password="false" scrollable="false" selected="false" bounds="[0,0][1080,2400]" displayed="true" a11y-important="false" screen-reader-focusable="false" drawing-order="1" showing-hint="false" text-entry-key="false" dismissable="false" a11y-focused="false" heading="false" live-region="0" context-clickable="false" content-invalid="false" window-id="927">
                <android.view.ViewGroup index="0" package="com.juanforeroaxpo.saucedemo" class="android.view.ViewGroup" text="" checkable="false" checked="false" clickable="false" enabled="true" focusable="false" focused="false" long-clickable="false" password="false" scrollable="false" selected="false" bounds="[0,0][1080,2400]" displayed="true" a11y-important="false" screen-reader-focusable="false" drawing-order="1" showing-hint="false" text-entry-key="false" dismissable="false" a11y-focused="false" heading="false" live-region="0" context-clickable="false" content-invalid="false" window-id="927">
                  <android.view.ViewGroup index="0" package="com.juanforeroaxpo.saucedemo" class="android.view.ViewGroup" text="" checkable="false" checked="false" clickable="false" enabled="true" focusable="false" focused="false" long-clickable="false" password="false" scrollable="false" selected="false" bounds="[0,0][1080,2400]" displayed="true" a11y-important="false" screen-reader-focusable="false" drawing-order="1" showing-hint="false" text-entry-key="false" dismissable="false" a11y-focused="false" heading="false" live-region="0" context-clickable="false" content-invalid="false" window-id="927">
                    <android.widget.ScrollView index="0" package="com.juanforeroaxpo.saucedemo" class="android.widget.ScrollView" text="" checkable="false" checked="false" clickable="false" enabled="true" focusable="false" focused="false" long-clickable="false" password="false" scrollable="false" selected="false" bounds="[0,0][1080,2400]" displayed="true" a11y-important="true" screen-reader-focusable="false" drawing-order="1" showing-hint="false" text-entry-key="false" dismissable="false" a11y-focused="false" heading="false" live-region="0" context-clickable="false" content-invalid="false" window-id="927">
                      <android.view.ViewGroup index="1" package="com.juanforeroaxpo.saucedemo" class="android.view.ViewGroup" text="" checkable="false" checked="false" clickable="false" enabled="true" focusable="false" focused="false" long-clickable="false" password="false" scrollable="false" selected="false" bounds="[0,0][1080,2400]" displayed="true" a11y-important="false" screen-reader-focusable="false" drawing-order="1" showing-hint="false" text-entry-key="false" dismissable="false" a11y-focused="false" heading="false" live-region="0" context-clickable="false" content-invalid="false" window-id="927">
                        <android.view.ViewGroup index="1" package="com.juanforeroaxpo.saucedemo" class="android.view.ViewGroup" text="" checkable="false" checked="false" clickable="false" enabled="true" focusable="false" focused="false" long-clickable="false" password="false" scrollable="false" selected="false" bounds="[0,0][1080,2400]" displayed="true" a11y-important="false" screen-reader-focusable="false" drawing-order="1" showing-hint="false" text-entry-key="false" dismissable="false" a11y-focused="false" heading="false" live-region="0" context-clickable="false" content-invalid="false" window-id="927">
                          <android.view.ViewGroup index="0" package="com.juanforeroaxpo.saucedemo" class="android.view.ViewGroup" text="" checkable="false" checked="false" clickable="false" enabled="true" focusable="false" focused="false" long-clickable="false" password="false" scrollable="false" selected="false" bounds="[0,0][1080,1567]" displayed="true" a11y-important="false" screen-reader-focusable="false" drawing-order="1" showing-hint="false" text-entry-key="false" dismissable="false" a11y-focused="false" heading="false" live-region="0" context-clickable="false" content-invalid="false" window-id="927" />
                          <android.widget.ScrollView index="1" package="com.juanforeroaxpo.saucedemo" class="android.widget.ScrollView" text="" checkable="false" checked="false" clickable="false" enabled="true" focusable="true" focused="false" long-clickable="false" password="false" scrollable="true" selected="false" bounds="[0,0][1080,1567]" displayed="true" a11y-important="true" screen-reader-focusable="false" drawing-order="2" showing-hint="false" text-entry-key="false" dismissable="false" a11y-focused="false" heading="false" live-region="0" context-clickable="false" content-invalid="false" window-id="927">
                            <android.view.ViewGroup index="0" package="com.juanforeroaxpo.saucedemo" class="android.view.ViewGroup" text="" checkable="false" checked="false" clickable="false" enabled="true" focusable="false" focused="false" long-clickable="false" password="false" scrollable="false" selected="false" bounds="[0,0][1080,1567]" displayed="true" a11y-important="false" screen-reader-focusable="false" drawing-order="1" showing-hint="false" text-entry-key="false" dismissable="false" a11y-focused="false" heading="false" live-region="0" context-clickable="false" content-invalid="false" window-id="927">
                              <android.widget.TextView index="0" package="com.juanforeroaxpo.saucedemo" class="android.widget.TextView" text="Swag Labs" checkable="false" checked="false" clickable="false" enabled="true" focusable="false" focused="false" long-clickable="false" password="false" scrollable="false" selected="false" bounds="[326,187][754,304]" displayed="true" a11y-important="true" screen-reader-focusable="false" drawing-order="1" showing-hint="false" text-entry-key="false" dismissable="false" a11y-focused="false" heading="false" live-region="0" context-clickable="false" content-invalid="false" window-id="927" />
                              <android.view.ViewGroup index="1" package="com.juanforeroaxpo.saucedemo" class="android.view.ViewGroup" text="" resource-id="login-error" checkable="false" checked="false" clickable="false" enabled="true" focusable="false" focused="false" long-clickable="false" password="false" scrollable="false" selected="false" bounds="[66,392][1014,579]" displayed="true" a11y-important="true" screen-reader-focusable="false" drawing-order="2" showing-hint="false" text-entry-key="false" dismissable="false" a11y-focused="false" heading="false" live-region="0" context-clickable="false" content-invalid="false" window-id="927" />
                              <android.widget.TextView index="2" package="com.juanforeroaxpo.saucedemo" class="android.widget.TextView" text="Epic sadface: Sorry, this user has been locked out." checkable="false" checked="false" clickable="false" enabled="true" focusable="false" focused="false" long-clickable="false" password="false" scrollable="false" selected="false" bounds="[110,436][898,535]" displayed="true" a11y-important="true" screen-reader-focusable="false" drawing-order="3" showing-hint="false" text-entry-key="false" dismissable="false" a11y-focused="false" heading="false" live-region="0" context-clickable="false" content-invalid="false" window-id="927" />
                              <android.view.ViewGroup index="3" package="com.juanforeroaxpo.saucedemo" class="android.view.ViewGroup" text="" content-desc="X" checkable="false" checked="false" clickable="true" enabled="true" focusable="true" focused="false" long-clickable="false" password="false" scrollable="false" selected="false" bounds="[920,445][970,526]" displayed="true" a11y-important="true" screen-reader-focusable="false" drawing-order="4" showing-hint="false" text-entry-key="false" dismissable="false" a11y-focused="false" heading="false" live-region="0" context-clickable="false" content-invalid="false" window-id="927">
                                <android.widget.TextView index="0" package="com.juanforeroaxpo.saucedemo" class="android.widget.TextView" text="X" checkable="false" checked="false" clickable="false" enabled="true" focusable="false" focused="false" long-clickable="false" password="false" scrollable="false" selected="false" bounds="[931,456][959,515]" displayed="true" a11y-important="true" screen-reader-focusable="false" drawing-order="1" showing-hint="false" text-entry-key="false" dismissable="false" a11y-focused="false" heading="false" live-region="0" context-clickable="false" content-invalid="false" window-id="927" />
                              </android.view.ViewGroup>
                              <android.widget.EditText index="4" package="com.juanforeroaxpo.saucedemo" class="android.widget.EditText" text="locked_out_user" resource-id="username-input" checkable="false" checked="false" clickable="true" enabled="true" focusable="true" focused="false" long-clickable="true" password="false" scrollable="false" selected="false" bounds="[66,623][1014,743]" displayed="true" hint="Username" a11y-important="true" screen-reader-focusable="false" input-type="524289" drawing-order="5" showing-hint="false" text-entry-key="false" multiline="false" dismissable="false" a11y-focused="false" heading="false" live-region="0" context-clickable="false" max-text-length="5000" content-invalid="false" window-id="927" />
                              <android.widget.EditText index="5" package="com.juanforeroaxpo.saucedemo" class="android.widget.EditText" text="••••••••••••" resource-id="password-input" checkable="false" checked="false" clickable="true" enabled="true" focusable="true" focused="true" long-clickable="true" password="true" scrollable="false" selected="false" bounds="[66,787][1014,907]" displayed="true" hint="Password" a11y-important="true" screen-reader-focusable="false" input-type="16513" drawing-order="6" showing-hint="false" text-entry-key="false" multiline="false" dismissable="false" a11y-focused="false" heading="false" live-region="0" context-clickable="false" max-text-length="5000" content-invalid="false" window-id="927" />
                              <android.view.ViewGroup index="6" package="com.juanforeroaxpo.saucedemo" class="android.view.ViewGroup" text="" content-desc="LOGIN" resource-id="login-button" checkable="false" checked="false" clickable="true" enabled="true" focusable="true" focused="false" long-clickable="false" password="false" scrollable="false" selected="false" bounds="[66,950][1014,1075]" displayed="true" a11y-important="true" screen-reader-focusable="false" drawing-order="7" showing-hint="false" text-entry-key="false" dismissable="false" a11y-focused="false" heading="false" live-region="0" context-clickable="false" content-invalid="false" window-id="927">
                                <android.widget.TextView index="0" package="com.juanforeroaxpo.saucedemo" class="android.widget.TextView" text="LOGIN" checkable="false" checked="false" clickable="false" enabled="true" focusable="false" focused="false" long-clickable="false" password="false" scrollable="false" selected="false" bounds="[476,983][603,1042]" displayed="true" a11y-important="true" screen-reader-focusable="false" drawing-order="1" showing-hint="false" text-entry-key="false" dismissable="false" a11y-focused="false" heading="false" live-region="0" context-clickable="false" content-invalid="false" window-id="927" />
                              </android.view.ViewGroup>
                              <android.view.ViewGroup index="7" package="com.juanforeroaxpo.saucedemo" class="android.view.ViewGroup" text="" checkable="false" checked="false" clickable="false" enabled="true" focusable="false" focused="false" long-clickable="false" password="false" scrollable="false" selected="false" bounds="[66,1141][1014,1567]" displayed="true" a11y-important="false" screen-reader-focusable="false" drawing-order="8" showing-hint="false" text-entry-key="false" dismissable="false" a11y-focused="false" heading="false" live-region="0" context-clickable="false" content-invalid="false" window-id="927" />
                              <android.widget.TextView index="8" package="com.juanforeroaxpo.saucedemo" class="android.widget.TextView" text="Accepted usernames are:" checkable="false" checked="false" clickable="false" enabled="true" focusable="false" focused="false" long-clickable="false" password="false" scrollable="false" selected="false" bounds="[110,1185][970,1238]" displayed="true" a11y-important="true" screen-reader-focusable="false" drawing-order="9" showing-hint="false" text-entry-key="false" dismissable="false" a11y-focused="false" heading="false" live-region="0" context-clickable="false" content-invalid="false" window-id="927" />
                              <android.widget.TextView index="9" package="com.juanforeroaxpo.saucedemo" class="android.widget.TextView" text="standard_user" checkable="false" checked="false" clickable="false" enabled="true" focusable="false" focused="false" long-clickable="false" password="false" scrollable="false" selected="false" bounds="[110,1249][970,1304]" displayed="true" a11y-important="true" screen-reader-focusable="false" drawing-order="10" showing-hint="false" text-entry-key="false" dismissable="false" a11y-focused="false" heading="false" live-region="0" context-clickable="false" content-invalid="false" window-id="927" />
                              <android.widget.TextView index="10" package="com.juanforeroaxpo.saucedemo" class="android.widget.TextView" text="locked_out_user" checkable="false" checked="false" clickable="false" enabled="true" focusable="false" focused="false" long-clickable="false" password="false" scrollable="false" selected="false" bounds="[110,1304][970,1359]" displayed="true" a11y-important="true" screen-reader-focusable="false" drawing-order="11" showing-hint="false" text-entry-key="false" dismissable="false" a11y-focused="false" heading="false" live-region="0" context-clickable="false" content-invalid="false" window-id="927" />
                              <android.widget.TextView index="11" package="com.juanforeroaxpo.saucedemo" class="android.widget.TextView" text="problem_user" checkable="false" checked="false" clickable="false" enabled="true" focusable="false" focused="false" long-clickable="false" password="false" scrollable="false" selected="false" bounds="[110,1359][970,1414]" displayed="true" a11y-important="true" screen-reader-focusable="false" drawing-order="12" showing-hint="false" text-entry-key="false" dismissable="false" a11y-focused="false" heading="false" live-region="0" context-clickable="false" content-invalid="false" window-id="927" />
                              <android.widget.TextView index="12" package="com.juanforeroaxpo.saucedemo" class="android.widget.TextView" text="performance_glitch_user" checkable="false" checked="false" clickable="false" enabled="true" focusable="false" focused="false" long-clickable="false" password="false" scrollable="false" selected="false" bounds="[110,1414][970,1469]" displayed="true" a11y-important="true" screen-reader-focusable="false" drawing-order="13" showing-hint="false" text-entry-key="false" dismissable="false" a11y-focused="false" heading="false" live-region="0" context-clickable="false" content-invalid="false" window-id="927" />
                              <android.widget.TextView index="13" package="com.juanforeroaxpo.saucedemo" class="android.widget.TextView" text="error_user" checkable="false" checked="false" clickable="false" enabled="true" focusable="false" focused="false" long-clickable="false" password="false" scrollable="false" selected="false" bounds="[110,1469][970,1524]" displayed="true" a11y-important="true" screen-reader-focusable="false" drawing-order="14" showing-hint="false" text-entry-key="false" dismissable="false" a11y-focused="false" heading="false" live-region="0" context-clickable="false" content-invalid="false" window-id="927" />
                              <android.widget.TextView index="14" package="com.juanforeroaxpo.saucedemo" class="android.widget.TextView" text="visual_user" checkable="false" checked="false" clickable="false" enabled="true" focusable="false" focused="false" long-clickable="false" password="false" scrollable="false" selected="false" bounds="[110,1524][970,1567]" displayed="true" a11y-important="true" screen-reader-focusable="false" drawing-order="15" showing-hint="false" text-entry-key="false" dismissable="false" a11y-focused="false" heading="false" live-region="0" context-clickable="false" content-invalid="false" window-id="927" />
                            </android.view.ViewGroup>
                          </android.widget.ScrollView>
                        </android.view.ViewGroup>
                      </android.view.ViewGroup>
                    </android.widget.ScrollView>
                  </android.view.ViewGroup>
                </android.view.ViewGroup>
              </android.view.ViewGroup>
            </android.widget.FrameLayout>
          </android.widget.FrameLayout>
        </android.widget.LinearLayout>
      </android.widget.FrameLayout>
    </android.widget.LinearLayout>
  </android.widget.FrameLayout>
</hierarchy>
2026-09-01 02:52:28.678 [main] INFO  p.android.AndroidLoginPage - Container text: ''
2026-09-01 02:52:29.278 [main] INFO  p.android.AndroidLoginPage - Fallback element text: 'Epic sadface: Sorry, this user has been locked out.'
2026-09-01 02:52:29.713 [main] INFO  c.swaglabs.stepsDefs.LoginStepsDefs - Login error verified: Epic sadface: Sorry, this user has been locked out.
2026-09-01 02:52:30.229 [main] INFO  com.swaglabs.hooks.Hooks - Scenario 'Locked out user is blocked from logging in' PASSED.
2026-09-01 02:52:32.552 [main] INFO  c.s.managers.AppiumDriverManager - Local driver variables cleared
2026-09-01 02:52:32.567 [main] INFO  page_objects.PageObjectHelper - Page object instances cleared
2026-09-01 02:52:32.614 [main] INFO  c.s.managers.AppiumServerManager - Appium server stopped
2026-09-01 02:52:32.614 [main] INFO  com.swaglabs.hooks.Hooks - Swag Labs automation finished.
2026-09-01 02:52:59.439 [main] INFO  c.s.managers.PropertiesManager - Loaded properties file: src/main/resources/project_properties/project_config_local.properties
2026-09-01 02:52:59.450 [main] INFO  c.s.capabilities.CapabilityManager - Loaded capabilities from C:\Users\family\Desktop\projects\swag-labs-mobile-nwdfew/src/main/resources/caps/local.json
2026-09-01 02:52:59.450 [main] INFO  com.swaglabs.hooks.Hooks - Swag Labs automation started. Platform=android, Environment=local
2026-09-01 02:52:59.706 [main] INFO  com.swaglabs.hooks.Hooks - ******* Scenario: Wrong password is rejected started *******
2026-09-01 02:53:03.091 [main] INFO  c.s.managers.AppiumServerManager - Appium server started on http://127.0.0.1:4723
2026-09-01 02:53:03.219 [main] INFO  com.swaglabs.device.DeviceManager - Using Android device: b58c6ff4
2026-09-01 02:53:03.515 [main] INFO  c.s.managers.AppiumDriverManager - Starting Appium session: http://127.0.0.1:4723 with caps Capabilities {appium:adbExecTimeout: 20000, appium:app: C:\Users\family\Desktop\pro..., appium:appActivity: .MainActivity, appium:appPackage: com.juanforeroaxpo.saucedemo, appium:autoGrantPermissions: true, appium:automationName: UiAutomator2, appium:clearSystemFiles: true, appium:disableWindowAnimation: false, appium:newCommandTimeout: 250, appium:noSign: true, appium:udid: b58c6ff4, appium:uiautomator2ServerInstallTimeout: 20000, platformName: ANDROID}
2026-09-01 02:53:13.240 [main] INFO  c.s.utils.helper.WebdriverHelper - Screen recording started
2026-09-01 02:53:14.452 [main] INFO  c.swaglabs.stepsDefs.LoginStepsDefs - User lands on the login page
2026-09-01 02:53:23.934 [main] INFO  p.android.AndroidLoginPage - Page source at error: <?xml version='1.0' encoding='UTF-8' standalone='yes' ?>
<hierarchy index="0" class="hierarchy" rotation="0" width="1080" height="2262">
  <android.widget.FrameLayout index="0" package="com.juanforeroaxpo.saucedemo" class="android.widget.FrameLayout" text="" checkable="false" checked="false" clickable="false" enabled="true" focusable="false" focused="false" long-clickable="false" password="false" scrollable="false" selected="false" bounds="[0,0][1080,2400]" displayed="true" a11y-important="true" screen-reader-focusable="false" drawing-order="0" showing-hint="false" text-entry-key="false" dismissable="false" a11y-focused="false" heading="false" live-region="0" context-clickable="false" content-invalid="false" window-id="931">
    <android.widget.LinearLayout index="0" package="com.juanforeroaxpo.saucedemo" class="android.widget.LinearLayout" text="" checkable="false" checked="false" clickable="false" enabled="true" focusable="false" focused="false" long-clickable="false" password="false" scrollable="false" selected="false" bounds="[0,0][1080,2400]" displayed="true" a11y-important="false" screen-reader-focusable="false" drawing-order="1" showing-hint="false" text-entry-key="false" dismissable="false" a11y-focused="false" heading="false" live-region="0" context-clickable="false" content-invalid="false" window-id="931">
      <android.widget.FrameLayout index="0" package="com.juanforeroaxpo.saucedemo" class="android.widget.FrameLayout" text="" checkable="false" checked="false" clickable="false" enabled="true" focusable="false" focused="false" long-clickable="false" password="false" scrollable="false" selected="false" bounds="[0,0][1080,2400]" displayed="true" a11y-important="false" screen-reader-focusable="false" drawing-order="2" showing-hint="false" text-entry-key="false" dismissable="false" a11y-focused="false" heading="false" live-region="0" context-clickable="false" content-invalid="false" window-id="931">
        <android.widget.LinearLayout index="0" package="com.juanforeroaxpo.saucedemo" class="android.widget.LinearLayout" text="" resource-id="com.juanforeroaxpo.saucedemo:id/action_bar_root" checkable="false" checked="false" clickable="false" enabled="true" focusable="false" focused="false" long-clickable="false" password="false" scrollable="false" selected="false" bounds="[0,0][1080,2400]" displayed="true" a11y-important="false" screen-reader-focusable="false" drawing-order="1" showing-hint="false" text-entry-key="false" dismissable="false" a11y-focused="false" heading="false" live-region="0" context-clickable="false" content-invalid="false" window-id="931">
          <android.widget.FrameLayout index="0" package="com.juanforeroaxpo.saucedemo" class="android.widget.FrameLayout" text="" resource-id="android:id/content" checkable="false" checked="false" clickable="false" enabled="true" focusable="false" focused="false" long-clickable="false" password="false" scrollable="false" selected="false" bounds="[0,0][1080,2400]" displayed="true" a11y-important="false" screen-reader-focusable="false" drawing-order="2" showing-hint="false" text-entry-key="false" dismissable="false" a11y-focused="false" heading="false" live-region="0" context-clickable="false" content-invalid="false" window-id="931">
            <android.widget.FrameLayout index="0" package="com.juanforeroaxpo.saucedemo" class="android.widget.FrameLayout" text="" checkable="false" checked="false" clickable="false" enabled="true" focusable="false" focused="false" long-clickable="false" password="false" scrollable="false" selected="false" bounds="[0,0][1080,2400]" displayed="true" a11y-important="false" screen-reader-focusable="false" drawing-order="1" showing-hint="false" text-entry-key="false" dismissable="false" a11y-focused="false" heading="false" live-region="0" context-clickable="false" content-invalid="false" window-id="931">
              <android.view.ViewGroup index="0" package="com.juanforeroaxpo.saucedemo" class="android.view.ViewGroup" text="" checkable="false" checked="false" clickable="false" enabled="true" focusable="false" focused="false" long-clickable="false" password="false" scrollable="false" selected="false" bounds="[0,0][1080,2400]" displayed="true" a11y-important="false" screen-reader-focusable="false" drawing-order="1" showing-hint="false" text-entry-key="false" dismissable="false" a11y-focused="false" heading="false" live-region="0" context-clickable="false" content-invalid="false" window-id="931">
                <android.view.ViewGroup index="0" package="com.juanforeroaxpo.saucedemo" class="android.view.ViewGroup" text="" checkable="false" checked="false" clickable="false" enabled="true" focusable="false" focused="false" long-clickable="false" password="false" scrollable="false" selected="false" bounds="[0,0][1080,2400]" displayed="true" a11y-important="false" screen-reader-focusable="false" drawing-order="1" showing-hint="false" text-entry-key="false" dismissable="false" a11y-focused="false" heading="false" live-region="0" context-clickable="false" content-invalid="false" window-id="931">
                  <android.view.ViewGroup index="0" package="com.juanforeroaxpo.saucedemo" class="android.view.ViewGroup" text="" checkable="false" checked="false" clickable="false" enabled="true" focusable="false" focused="false" long-clickable="false" password="false" scrollable="false" selected="false" bounds="[0,0][1080,2400]" displayed="true" a11y-important="false" screen-reader-focusable="false" drawing-order="1" showing-hint="false" text-entry-key="false" dismissable="false" a11y-focused="false" heading="false" live-region="0" context-clickable="false" content-invalid="false" window-id="931">
                    <android.widget.ScrollView index="0" package="com.juanforeroaxpo.saucedemo" class="android.widget.ScrollView" text="" checkable="false" checked="false" clickable="false" enabled="true" focusable="false" focused="false" long-clickable="false" password="false" scrollable="false" selected="false" bounds="[0,0][1080,2400]" displayed="true" a11y-important="true" screen-reader-focusable="false" drawing-order="1" showing-hint="false" text-entry-key="false" dismissable="false" a11y-focused="false" heading="false" live-region="0" context-clickable="false" content-invalid="false" window-id="931">
                      <android.view.ViewGroup index="1" package="com.juanforeroaxpo.saucedemo" class="android.view.ViewGroup" text="" checkable="false" checked="false" clickable="false" enabled="true" focusable="false" focused="false" long-clickable="false" password="false" scrollable="false" selected="false" bounds="[0,0][1080,2400]" displayed="true" a11y-important="false" screen-reader-focusable="false" drawing-order="1" showing-hint="false" text-entry-key="false" dismissable="false" a11y-focused="false" heading="false" live-region="0" context-clickable="false" content-invalid="false" window-id="931">
                        <android.view.ViewGroup index="1" package="com.juanforeroaxpo.saucedemo" class="android.view.ViewGroup" text="" checkable="false" checked="false" clickable="false" enabled="true" focusable="false" focused="false" long-clickable="false" password="false" scrollable="false" selected="false" bounds="[0,0][1080,2400]" displayed="true" a11y-important="false" screen-reader-focusable="false" drawing-order="1" showing-hint="false" text-entry-key="false" dismissable="false" a11y-focused="false" heading="false" live-region="0" context-clickable="false" content-invalid="false" window-id="931">
                          <android.view.ViewGroup index="0" package="com.juanforeroaxpo.saucedemo" class="android.view.ViewGroup" text="" checkable="false" checked="false" clickable="false" enabled="true" focusable="false" focused="false" long-clickable="false" password="false" scrollable="false" selected="false" bounds="[0,0][1080,1567]" displayed="true" a11y-important="false" screen-reader-focusable="false" drawing-order="1" showing-hint="false" text-entry-key="false" dismissable="false" a11y-focused="false" heading="false" live-region="0" context-clickable="false" content-invalid="false" window-id="931" />
                          <android.widget.ScrollView index="1" package="com.juanforeroaxpo.saucedemo" class="android.widget.ScrollView" text="" checkable="false" checked="false" clickable="false" enabled="true" focusable="true" focused="false" long-clickable="false" password="false" scrollable="true" selected="false" bounds="[0,0][1080,1567]" displayed="true" a11y-important="true" screen-reader-focusable="false" drawing-order="2" showing-hint="false" text-entry-key="false" dismissable="false" a11y-focused="false" heading="false" live-region="0" context-clickable="false" content-invalid="false" window-id="931">
                            <android.view.ViewGroup index="0" package="com.juanforeroaxpo.saucedemo" class="android.view.ViewGroup" text="" checkable="false" checked="false" clickable="false" enabled="true" focusable="false" focused="false" long-clickable="false" password="false" scrollable="false" selected="false" bounds="[0,0][1080,1567]" displayed="true" a11y-important="false" screen-reader-focusable="false" drawing-order="1" showing-hint="false" text-entry-key="false" dismissable="false" a11y-focused="false" heading="false" live-region="0" context-clickable="false" content-invalid="false" window-id="931">
                              <android.widget.TextView index="0" package="com.juanforeroaxpo.saucedemo" class="android.widget.TextView" text="Swag Labs" checkable="false" checked="false" clickable="false" enabled="true" focusable="false" focused="false" long-clickable="false" password="false" scrollable="false" selected="false" bounds="[326,187][754,304]" displayed="true" a11y-important="true" screen-reader-focusable="false" drawing-order="1" showing-hint="false" text-entry-key="false" dismissable="false" a11y-focused="false" heading="false" live-region="0" context-clickable="false" content-invalid="false" window-id="931" />
                              <android.view.ViewGroup index="1" package="com.juanforeroaxpo.saucedemo" class="android.view.ViewGroup" text="" resource-id="login-error" checkable="false" checked="false" clickable="false" enabled="true" focusable="false" focused="false" long-clickable="false" password="false" scrollable="false" selected="false" bounds="[66,392][1014,579]" displayed="true" a11y-important="true" screen-reader-focusable="false" drawing-order="2" showing-hint="false" text-entry-key="false" dismissable="false" a11y-focused="false" heading="false" live-region="0" context-clickable="false" content-invalid="false" window-id="931" />
                              <android.widget.TextView index="2" package="com.juanforeroaxpo.saucedemo" class="android.widget.TextView" text="Epic sadface: Username and password do not match any user in this service" checkable="false" checked="false" clickable="false" enabled="true" focusable="false" focused="false" long-clickable="false" password="false" scrollable="false" selected="false" bounds="[110,436][898,535]" displayed="true" a11y-important="true" screen-reader-focusable="false" drawing-order="3" showing-hint="false" text-entry-key="false" dismissable="false" a11y-focused="false" heading="false" live-region="0" context-clickable="false" content-invalid="false" window-id="931" />
                              <android.view.ViewGroup index="3" package="com.juanforeroaxpo.saucedemo" class="android.view.ViewGroup" text="" content-desc="X" checkable="false" checked="false" clickable="true" enabled="true" focusable="true" focused="false" long-clickable="false" password="false" scrollable="false" selected="false" bounds="[920,445][970,526]" displayed="true" a11y-important="true" screen-reader-focusable="false" drawing-order="4" showing-hint="false" text-entry-key="false" dismissable="false" a11y-focused="false" heading="false" live-region="0" context-clickable="false" content-invalid="false" window-id="931">
                                <android.widget.TextView index="0" package="com.juanforeroaxpo.saucedemo" class="android.widget.TextView" text="X" checkable="false" checked="false" clickable="false" enabled="true" focusable="false" focused="false" long-clickable="false" password="false" scrollable="false" selected="false" bounds="[931,456][959,515]" displayed="true" a11y-important="true" screen-reader-focusable="false" drawing-order="1" showing-hint="false" text-entry-key="false" dismissable="false" a11y-focused="false" heading="false" live-region="0" context-clickable="false" content-invalid="false" window-id="931" />
                              </android.view.ViewGroup>
                              <android.widget.EditText index="4" package="com.juanforeroaxpo.saucedemo" class="android.widget.EditText" text="standard_user" resource-id="username-input" checkable="false" checked="false" clickable="true" enabled="true" focusable="true" focused="false" long-clickable="true" password="false" scrollable="false" selected="false" bounds="[66,623][1014,743]" displayed="true" hint="Username" a11y-important="true" screen-reader-focusable="false" input-type="524289" drawing-order="5" showing-hint="false" text-entry-key="false" multiline="false" dismissable="false" a11y-focused="false" heading="false" live-region="0" context-clickable="false" max-text-length="5000" content-invalid="false" window-id="931" />
                              <android.widget.EditText index="5" package="com.juanforeroaxpo.saucedemo" class="android.widget.EditText" text="••••••••••••••" resource-id="password-input" checkable="false" checked="false" clickable="true" enabled="true" focusable="true" focused="true" long-clickable="true" password="true" scrollable="false" selected="false" bounds="[66,787][1014,907]" displayed="true" hint="Password" a11y-important="true" screen-reader-focusable="false" input-type="16513" drawing-order="6" showing-hint="false" text-entry-key="false" multiline="false" dismissable="false" a11y-focused="false" heading="false" live-region="0" context-clickable="false" max-text-length="5000" content-invalid="false" window-id="931" />
                              <android.view.ViewGroup index="6" package="com.juanforeroaxpo.saucedemo" class="android.view.ViewGroup" text="" content-desc="LOGIN" resource-id="login-button" checkable="false" checked="false" clickable="true" enabled="true" focusable="true" focused="false" long-clickable="false" password="false" scrollable="false" selected="false" bounds="[66,950][1014,1075]" displayed="true" a11y-important="true" screen-reader-focusable="false" drawing-order="7" showing-hint="false" text-entry-key="false" dismissable="false" a11y-focused="false" heading="false" live-region="0" context-clickable="false" content-invalid="false" window-id="931">
                                <android.widget.TextView index="0" package="com.juanforeroaxpo.saucedemo" class="android.widget.TextView" text="LOGIN" checkable="false" checked="false" clickable="false" enabled="true" focusable="false" focused="false" long-clickable="false" password="false" scrollable="false" selected="false" bounds="[476,983][603,1042]" displayed="true" a11y-important="true" screen-reader-focusable="false" drawing-order="1" showing-hint="false" text-entry-key="false" dismissable="false" a11y-focused="false" heading="false" live-region="0" context-clickable="false" content-invalid="false" window-id="931" />
                              </android.view.ViewGroup>
                              <android.view.ViewGroup index="7" package="com.juanforeroaxpo.saucedemo" class="android.view.ViewGroup" text="" checkable="false" checked="false" clickable="false" enabled="true" focusable="false" focused="false" long-clickable="false" password="false" scrollable="false" selected="false" bounds="[66,1141][1014,1567]" displayed="true" a11y-important="false" screen-reader-focusable="false" drawing-order="8" showing-hint="false" text-entry-key="false" dismissable="false" a11y-focused="false" heading="false" live-region="0" context-clickable="false" content-invalid="false" window-id="931" />
                              <android.widget.TextView index="8" package="com.juanforeroaxpo.saucedemo" class="android.widget.TextView" text="Accepted usernames are:" checkable="false" checked="false" clickable="false" enabled="true" focusable="false" focused="false" long-clickable="false" password="false" scrollable="false" selected="false" bounds="[110,1185][970,1238]" displayed="true" a11y-important="true" screen-reader-focusable="false" drawing-order="9" showing-hint="false" text-entry-key="false" dismissable="false" a11y-focused="false" heading="false" live-region="0" context-clickable="false" content-invalid="false" window-id="931" />
                              <android.widget.TextView index="9" package="com.juanforeroaxpo.saucedemo" class="android.widget.TextView" text="standard_user" checkable="false" checked="false" clickable="false" enabled="true" focusable="false" focused="false" long-clickable="false" password="false" scrollable="false" selected="false" bounds="[110,1249][970,1304]" displayed="true" a11y-important="true" screen-reader-focusable="false" drawing-order="10" showing-hint="false" text-entry-key="false" dismissable="false" a11y-focused="false" heading="false" live-region="0" context-clickable="false" content-invalid="false" window-id="931" />
                              <android.widget.TextView index="10" package="com.juanforeroaxpo.saucedemo" class="android.widget.TextView" text="locked_out_user" checkable="false" checked="false" clickable="false" enabled="true" focusable="false" focused="false" long-clickable="false" password="false" scrollable="false" selected="false" bounds="[110,1304][970,1359]" displayed="true" a11y-important="true" screen-reader-focusable="false" drawing-order="11" showing-hint="false" text-entry-key="false" dismissable="false" a11y-focused="false" heading="false" live-region="0" context-clickable="false" content-invalid="false" window-id="931" />
                              <android.widget.TextView index="11" package="com.juanforeroaxpo.saucedemo" class="android.widget.TextView" text="problem_user" checkable="false" checked="false" clickable="false" enabled="true" focusable="false" focused="false" long-clickable="false" password="false" scrollable="false" selected="false" bounds="[110,1359][970,1414]" displayed="true" a11y-important="true" screen-reader-focusable="false" drawing-order="12" showing-hint="false" text-entry-key="false" dismissable="false" a11y-focused="false" heading="false" live-region="0" context-clickable="false" content-invalid="false" window-id="931" />
                              <android.widget.TextView index="12" package="com.juanforeroaxpo.saucedemo" class="android.widget.TextView" text="performance_glitch_user" checkable="false" checked="false" clickable="false" enabled="true" focusable="false" focused="false" long-clickable="false" password="false" scrollable="false" selected="false" bounds="[110,1414][970,1469]" displayed="true" a11y-important="true" screen-reader-focusable="false" drawing-order="13" showing-hint="false" text-entry-key="false" dismissable="false" a11y-focused="false" heading="false" live-region="0" context-clickable="false" content-invalid="false" window-id="931" />
                              <android.widget.TextView index="13" package="com.juanforeroaxpo.saucedemo" class="android.widget.TextView" text="error_user" checkable="false" checked="false" clickable="false" enabled="true" focusable="false" focused="false" long-clickable="false" password="false" scrollable="false" selected="false" bounds="[110,1469][970,1524]" displayed="true" a11y-important="true" screen-reader-focusable="false" drawing-order="14" showing-hint="false" text-entry-key="false" dismissable="false" a11y-focused="false" heading="false" live-region="0" context-clickable="false" content-invalid="false" window-id="931" />
                              <android.widget.TextView index="14" package="com.juanforeroaxpo.saucedemo" class="android.widget.TextView" text="visual_user" checkable="false" checked="false" clickable="false" enabled="true" focusable="false" focused="false" long-clickable="false" password="false" scrollable="false" selected="false" bounds="[110,1524][970,1567]" displayed="true" a11y-important="true" screen-reader-focusable="false" drawing-order="15" showing-hint="false" text-entry-key="false" dismissable="false" a11y-focused="false" heading="false" live-region="0" context-clickable="false" content-invalid="false" window-id="931" />
                            </android.view.ViewGroup>
                          </android.widget.ScrollView>
                        </android.view.ViewGroup>
                      </android.view.ViewGroup>
                    </android.widget.ScrollView>
                  </android.view.ViewGroup>
                </android.view.ViewGroup>
              </android.view.ViewGroup>
            </android.widget.FrameLayout>
          </android.widget.FrameLayout>
        </android.widget.LinearLayout>
      </android.widget.FrameLayout>
    </android.widget.LinearLayout>
  </android.widget.FrameLayout>
</hierarchy>
2026-09-01 02:53:24.209 [main] INFO  p.android.AndroidLoginPage - Container text: ''
2026-09-01 02:53:24.812 [main] INFO  p.android.AndroidLoginPage - Fallback element text: 'Epic sadface: Username and password do not match any user in this service'
2026-09-01 02:53:25.200 [main] INFO  c.swaglabs.stepsDefs.LoginStepsDefs - Login error verified: Epic sadface: Username and password do not match any user in this service
2026-09-01 02:53:25.203 [main] INFO  com.swaglabs.hooks.Hooks - Scenario 'Wrong password is rejected' PASSED.
2026-09-01 02:53:27.635 [main] INFO  c.s.managers.AppiumDriverManager - Local driver variables cleared
2026-09-01 02:53:27.635 [main] INFO  page_objects.PageObjectHelper - Page object instances cleared
2026-09-01 02:53:27.675 [main] INFO  c.s.managers.AppiumServerManager - Appium server stopped
2026-09-01 02:53:27.676 [main] INFO  com.swaglabs.hooks.Hooks - Swag Labs automation finished.
2026-09-01 02:53:59.497 [main] INFO  c.s.managers.PropertiesManager - Loaded properties file: src/main/resources/project_properties/project_config_local.properties
2026-09-01 02:53:59.531 [main] INFO  c.s.capabilities.CapabilityManager - Loaded capabilities from C:\Users\family\Desktop\projects\swag-labs-mobile-nwdfew/src/main/resources/caps/local.json
2026-09-01 02:53:59.531 [main] INFO  com.swaglabs.hooks.Hooks - Swag Labs automation started. Platform=android, Environment=local
2026-09-01 02:53:59.982 [main] INFO  com.swaglabs.hooks.Hooks - ******* Scenario: Standard user can log in successfully started *******
2026-09-01 02:54:08.040 [main] INFO  c.s.managers.AppiumServerManager - Appium server started on http://127.0.0.1:4723
2026-09-01 02:54:08.304 [main] INFO  com.swaglabs.device.DeviceManager - Using Android device: b58c6ff4
2026-09-01 02:54:08.655 [main] INFO  c.s.managers.AppiumDriverManager - Starting Appium session: http://127.0.0.1:4723 with caps Capabilities {appium:adbExecTimeout: 20000, appium:app: C:\Users\family\Desktop\pro..., appium:appActivity: .MainActivity, appium:appPackage: com.juanforeroaxpo.saucedemo, appium:autoGrantPermissions: true, appium:automationName: UiAutomator2, appium:clearSystemFiles: true, appium:disableWindowAnimation: false, appium:newCommandTimeout: 250, appium:noSign: true, appium:udid: b58c6ff4, appium:uiautomator2ServerInstallTimeout: 20000, platformName: ANDROID}
2026-09-01 02:54:20.477 [main] INFO  c.s.utils.helper.WebdriverHelper - Screen recording started
2026-09-01 02:54:21.720 [main] INFO  c.swaglabs.stepsDefs.LoginStepsDefs - User lands on the login page
2026-09-01 02:54:29.440 [main] INFO  c.swaglabs.stepsDefs.LoginStepsDefs - Logged in as standard_user
2026-09-01 02:54:31.641 [main] INFO  c.s.stepsDefs.ProductsStepsDefs - Products page is displayed
2026-09-01 02:54:31.642 [main] INFO  com.swaglabs.hooks.Hooks - Scenario 'Standard user can log in successfully' PASSED.
2026-09-01 02:54:34.061 [main] INFO  c.s.managers.AppiumDriverManager - Local driver variables cleared
2026-09-01 02:54:34.062 [main] INFO  page_objects.PageObjectHelper - Page object instances cleared
2026-09-01 02:54:34.069 [main] INFO  com.swaglabs.hooks.Hooks - ******* Scenario: Locked out user is blocked from logging in started *******
2026-09-01 02:54:34.070 [main] INFO  c.s.managers.AppiumServerManager - Appium server already running on 127.0.0.1:4723 - stopping to reuse clean state
2026-09-01 02:54:34.094 [main] INFO  c.s.managers.AppiumServerManager - Appium server stopped
2026-09-01 02:54:38.646 [main] INFO  c.s.managers.AppiumServerManager - Appium server started on http://127.0.0.1:4723
2026-09-01 02:54:38.694 [main] INFO  com.swaglabs.device.DeviceManager - Using Android device: b58c6ff4
2026-09-01 02:54:38.927 [main] INFO  c.s.managers.AppiumDriverManager - Starting Appium session: http://127.0.0.1:4723 with caps Capabilities {appium:adbExecTimeout: 20000, appium:app: C:\Users\family\Desktop\pro..., appium:appActivity: .MainActivity, appium:appPackage: com.juanforeroaxpo.saucedemo, appium:autoGrantPermissions: true, appium:automationName: UiAutomator2, appium:clearSystemFiles: true, appium:disableWindowAnimation: false, appium:newCommandTimeout: 250, appium:noSign: true, appium:udid: b58c6ff4, appium:uiautomator2ServerInstallTimeout: 20000, platformName: ANDROID}
2026-09-01 02:54:46.445 [main] INFO  c.s.utils.helper.WebdriverHelper - Screen recording started
2026-09-01 02:54:46.949 [main] INFO  c.swaglabs.stepsDefs.LoginStepsDefs - User lands on the login page
2026-09-01 02:54:54.880 [main] INFO  c.swaglabs.stepsDefs.LoginStepsDefs - Logged in as locked_out_user
2026-09-01 02:54:56.593 [main] INFO  p.android.AndroidLoginPage - Page source at error: <?xml version='1.0' encoding='UTF-8' standalone='yes' ?>
<hierarchy index="0" class="hierarchy" rotation="0" width="1080" height="2262">
  <android.widget.FrameLayout index="0" package="com.juanforeroaxpo.saucedemo" class="android.widget.FrameLayout" text="" checkable="false" checked="false" clickable="false" enabled="true" focusable="false" focused="false" long-clickable="false" password="false" scrollable="false" selected="false" bounds="[0,0][1080,2400]" displayed="true" a11y-important="true" screen-reader-focusable="false" drawing-order="0" showing-hint="false" text-entry-key="false" dismissable="false" a11y-focused="false" heading="false" live-region="0" context-clickable="false" content-invalid="false" window-id="939">
    <android.widget.LinearLayout index="0" package="com.juanforeroaxpo.saucedemo" class="android.widget.LinearLayout" text="" checkable="false" checked="false" clickable="false" enabled="true" focusable="false" focused="false" long-clickable="false" password="false" scrollable="false" selected="false" bounds="[0,0][1080,2400]" displayed="true" a11y-important="false" screen-reader-focusable="false" drawing-order="1" showing-hint="false" text-entry-key="false" dismissable="false" a11y-focused="false" heading="false" live-region="0" context-clickable="false" content-invalid="false" window-id="939">
      <android.widget.FrameLayout index="0" package="com.juanforeroaxpo.saucedemo" class="android.widget.FrameLayout" text="" checkable="false" checked="false" clickable="false" enabled="true" focusable="false" focused="false" long-clickable="false" password="false" scrollable="false" selected="false" bounds="[0,0][1080,2400]" displayed="true" a11y-important="false" screen-reader-focusable="false" drawing-order="2" showing-hint="false" text-entry-key="false" dismissable="false" a11y-focused="false" heading="false" live-region="0" context-clickable="false" content-invalid="false" window-id="939">
        <android.widget.LinearLayout index="0" package="com.juanforeroaxpo.saucedemo" class="android.widget.LinearLayout" text="" resource-id="com.juanforeroaxpo.saucedemo:id/action_bar_root" checkable="false" checked="false" clickable="false" enabled="true" focusable="false" focused="false" long-clickable="false" password="false" scrollable="false" selected="false" bounds="[0,0][1080,2400]" displayed="true" a11y-important="false" screen-reader-focusable="false" drawing-order="1" showing-hint="false" text-entry-key="false" dismissable="false" a11y-focused="false" heading="false" live-region="0" context-clickable="false" content-invalid="false" window-id="939">
          <android.widget.FrameLayout index="0" package="com.juanforeroaxpo.saucedemo" class="android.widget.FrameLayout" text="" resource-id="android:id/content" checkable="false" checked="false" clickable="false" enabled="true" focusable="false" focused="false" long-clickable="false" password="false" scrollable="false" selected="false" bounds="[0,0][1080,2400]" displayed="true" a11y-important="false" screen-reader-focusable="false" drawing-order="2" showing-hint="false" text-entry-key="false" dismissable="false" a11y-focused="false" heading="false" live-region="0" context-clickable="false" content-invalid="false" window-id="939">
            <android.widget.FrameLayout index="0" package="com.juanforeroaxpo.saucedemo" class="android.widget.FrameLayout" text="" checkable="false" checked="false" clickable="false" enabled="true" focusable="false" focused="false" long-clickable="false" password="false" scrollable="false" selected="false" bounds="[0,0][1080,2400]" displayed="true" a11y-important="false" screen-reader-focusable="false" drawing-order="1" showing-hint="false" text-entry-key="false" dismissable="false" a11y-focused="false" heading="false" live-region="0" context-clickable="false" content-invalid="false" window-id="939">
              <android.view.ViewGroup index="0" package="com.juanforeroaxpo.saucedemo" class="android.view.ViewGroup" text="" checkable="false" checked="false" clickable="false" enabled="true" focusable="false" focused="false" long-clickable="false" password="false" scrollable="false" selected="false" bounds="[0,0][1080,2400]" displayed="true" a11y-important="false" screen-reader-focusable="false" drawing-order="1" showing-hint="false" text-entry-key="false" dismissable="false" a11y-focused="false" heading="false" live-region="0" context-clickable="false" content-invalid="false" window-id="939">
                <android.view.ViewGroup index="0" package="com.juanforeroaxpo.saucedemo" class="android.view.ViewGroup" text="" checkable="false" checked="false" clickable="false" enabled="true" focusable="false" focused="false" long-clickable="false" password="false" scrollable="false" selected="false" bounds="[0,0][1080,2400]" displayed="true" a11y-important="false" screen-reader-focusable="false" drawing-order="1" showing-hint="false" text-entry-key="false" dismissable="false" a11y-focused="false" heading="false" live-region="0" context-clickable="false" content-invalid="false" window-id="939">
                  <android.view.ViewGroup index="0" package="com.juanforeroaxpo.saucedemo" class="android.view.ViewGroup" text="" checkable="false" checked="false" clickable="false" enabled="true" focusable="false" focused="false" long-clickable="false" password="false" scrollable="false" selected="false" bounds="[0,0][1080,2400]" displayed="true" a11y-important="false" screen-reader-focusable="false" drawing-order="1" showing-hint="false" text-entry-key="false" dismissable="false" a11y-focused="false" heading="false" live-region="0" context-clickable="false" content-invalid="false" window-id="939">
                    <android.widget.ScrollView index="0" package="com.juanforeroaxpo.saucedemo" class="android.widget.ScrollView" text="" checkable="false" checked="false" clickable="false" enabled="true" focusable="false" focused="false" long-clickable="false" password="false" scrollable="false" selected="false" bounds="[0,0][1080,2400]" displayed="true" a11y-important="true" screen-reader-focusable="false" drawing-order="1" showing-hint="false" text-entry-key="false" dismissable="false" a11y-focused="false" heading="false" live-region="0" context-clickable="false" content-invalid="false" window-id="939">
                      <android.view.ViewGroup index="1" package="com.juanforeroaxpo.saucedemo" class="android.view.ViewGroup" text="" checkable="false" checked="false" clickable="false" enabled="true" focusable="false" focused="false" long-clickable="false" password="false" scrollable="false" selected="false" bounds="[0,0][1080,2400]" displayed="true" a11y-important="false" screen-reader-focusable="false" drawing-order="1" showing-hint="false" text-entry-key="false" dismissable="false" a11y-focused="false" heading="false" live-region="0" context-clickable="false" content-invalid="false" window-id="939">
                        <android.view.ViewGroup index="1" package="com.juanforeroaxpo.saucedemo" class="android.view.ViewGroup" text="" checkable="false" checked="false" clickable="false" enabled="true" focusable="false" focused="false" long-clickable="false" password="false" scrollable="false" selected="false" bounds="[0,0][1080,2400]" displayed="true" a11y-important="false" screen-reader-focusable="false" drawing-order="1" showing-hint="false" text-entry-key="false" dismissable="false" a11y-focused="false" heading="false" live-region="0" context-clickable="false" content-invalid="false" window-id="939">
                          <android.view.ViewGroup index="0" package="com.juanforeroaxpo.saucedemo" class="android.view.ViewGroup" text="" checkable="false" checked="false" clickable="false" enabled="true" focusable="false" focused="false" long-clickable="false" password="false" scrollable="false" selected="false" bounds="[0,0][1080,1567]" displayed="true" a11y-important="false" screen-reader-focusable="false" drawing-order="1" showing-hint="false" text-entry-key="false" dismissable="false" a11y-focused="false" heading="false" live-region="0" context-clickable="false" content-invalid="false" window-id="939" />
                          <android.widget.ScrollView index="1" package="com.juanforeroaxpo.saucedemo" class="android.widget.ScrollView" text="" checkable="false" checked="false" clickable="false" enabled="true" focusable="true" focused="false" long-clickable="false" password="false" scrollable="true" selected="false" bounds="[0,0][1080,1567]" displayed="true" a11y-important="true" screen-reader-focusable="false" drawing-order="2" showing-hint="false" text-entry-key="false" dismissable="false" a11y-focused="false" heading="false" live-region="0" context-clickable="false" content-invalid="false" window-id="939">
                            <android.view.ViewGroup index="0" package="com.juanforeroaxpo.saucedemo" class="android.view.ViewGroup" text="" checkable="false" checked="false" clickable="false" enabled="true" focusable="false" focused="false" long-clickable="false" password="false" scrollable="false" selected="false" bounds="[0,0][1080,1567]" displayed="true" a11y-important="false" screen-reader-focusable="false" drawing-order="1" showing-hint="false" text-entry-key="false" dismissable="false" a11y-focused="false" heading="false" live-region="0" context-clickable="false" content-invalid="false" window-id="939">
                              <android.widget.TextView index="0" package="com.juanforeroaxpo.saucedemo" class="android.widget.TextView" text="Swag Labs" checkable="false" checked="false" clickable="false" enabled="true" focusable="false" focused="false" long-clickable="false" password="false" scrollable="false" selected="false" bounds="[326,187][754,304]" displayed="true" a11y-important="true" screen-reader-focusable="false" drawing-order="1" showing-hint="false" text-entry-key="false" dismissable="false" a11y-focused="false" heading="false" live-region="0" context-clickable="false" content-invalid="false" window-id="939" />
                              <android.view.ViewGroup index="1" package="com.juanforeroaxpo.saucedemo" class="android.view.ViewGroup" text="" resource-id="login-error" checkable="false" checked="false" clickable="false" enabled="true" focusable="false" focused="false" long-clickable="false" password="false" scrollable="false" selected="false" bounds="[66,392][1014,579]" displayed="true" a11y-important="true" screen-reader-focusable="false" drawing-order="2" showing-hint="false" text-entry-key="false" dismissable="false" a11y-focused="false" heading="false" live-region="0" context-clickable="false" content-invalid="false" window-id="939" />
                              <android.widget.TextView index="2" package="com.juanforeroaxpo.saucedemo" class="android.widget.TextView" text="Epic sadface: Sorry, this user has been locked out." checkable="false" checked="false" clickable="false" enabled="true" focusable="false" focused="false" long-clickable="false" password="false" scrollable="false" selected="false" bounds="[110,436][898,535]" displayed="true" a11y-important="true" screen-reader-focusable="false" drawing-order="3" showing-hint="false" text-entry-key="false" dismissable="false" a11y-focused="false" heading="false" live-region="0" context-clickable="false" content-invalid="false" window-id="939" />
                              <android.view.ViewGroup index="3" package="com.juanforeroaxpo.saucedemo" class="android.view.ViewGroup" text="" content-desc="X" checkable="false" checked="false" clickable="true" enabled="true" focusable="true" focused="false" long-clickable="false" password="false" scrollable="false" selected="false" bounds="[920,445][970,526]" displayed="true" a11y-important="true" screen-reader-focusable="false" drawing-order="4" showing-hint="false" text-entry-key="false" dismissable="false" a11y-focused="false" heading="false" live-region="0" context-clickable="false" content-invalid="false" window-id="939">
                                <android.widget.TextView index="0" package="com.juanforeroaxpo.saucedemo" class="android.widget.TextView" text="X" checkable="false" checked="false" clickable="false" enabled="true" focusable="false" focused="false" long-clickable="false" password="false" scrollable="false" selected="false" bounds="[931,456][959,515]" displayed="true" a11y-important="true" screen-reader-focusable="false" drawing-order="1" showing-hint="false" text-entry-key="false" dismissable="false" a11y-focused="false" heading="false" live-region="0" context-clickable="false" content-invalid="false" window-id="939" />
                              </android.view.ViewGroup>
                              <android.widget.EditText index="4" package="com.juanforeroaxpo.saucedemo" class="android.widget.EditText" text="locked_out_user" resource-id="username-input" checkable="false" checked="false" clickable="true" enabled="true" focusable="true" focused="false" long-clickable="true" password="false" scrollable="false" selected="false" bounds="[66,623][1014,743]" displayed="true" hint="Username" a11y-important="true" screen-reader-focusable="false" input-type="524289" drawing-order="5" showing-hint="false" text-entry-key="false" multiline="false" dismissable="false" a11y-focused="false" heading="false" live-region="0" context-clickable="false" max-text-length="5000" content-invalid="false" window-id="939" />
                              <android.widget.EditText index="5" package="com.juanforeroaxpo.saucedemo" class="android.widget.EditText" text="••••••••••••" resource-id="password-input" checkable="false" checked="false" clickable="true" enabled="true" focusable="true" focused="true" long-clickable="true" password="true" scrollable="false" selected="false" bounds="[66,787][1014,907]" displayed="true" hint="Password" a11y-important="true" screen-reader-focusable="false" input-type="16513" drawing-order="6" showing-hint="false" text-entry-key="false" multiline="false" dismissable="false" a11y-focused="false" heading="false" live-region="0" context-clickable="false" max-text-length="5000" content-invalid="false" window-id="939" />
                              <android.view.ViewGroup index="6" package="com.juanforeroaxpo.saucedemo" class="android.view.ViewGroup" text="" content-desc="LOGIN" resource-id="login-button" checkable="false" checked="false" clickable="true" enabled="true" focusable="true" focused="false" long-clickable="false" password="false" scrollable="false" selected="false" bounds="[66,950][1014,1075]" displayed="true" a11y-important="true" screen-reader-focusable="false" drawing-order="7" showing-hint="false" text-entry-key="false" dismissable="false" a11y-focused="false" heading="false" live-region="0" context-clickable="false" content-invalid="false" window-id="939">
                                <android.widget.TextView index="0" package="com.juanforeroaxpo.saucedemo" class="android.widget.TextView" text="LOGIN" checkable="false" checked="false" clickable="false" enabled="true" focusable="false" focused="false" long-clickable="false" password="false" scrollable="false" selected="false" bounds="[476,983][603,1042]" displayed="true" a11y-important="true" screen-reader-focusable="false" drawing-order="1" showing-hint="false" text-entry-key="false" dismissable="false" a11y-focused="false" heading="false" live-region="0" context-clickable="false" content-invalid="false" window-id="939" />
                              </android.view.ViewGroup>
                              <android.view.ViewGroup index="7" package="com.juanforeroaxpo.saucedemo" class="android.view.ViewGroup" text="" checkable="false" checked="false" clickable="false" enabled="true" focusable="false" focused="false" long-clickable="false" password="false" scrollable="false" selected="false" bounds="[66,1141][1014,1567]" displayed="true" a11y-important="false" screen-reader-focusable="false" drawing-order="8" showing-hint="false" text-entry-key="false" dismissable="false" a11y-focused="false" heading="false" live-region="0" context-clickable="false" content-invalid="false" window-id="939" />
                              <android.widget.TextView index="8" package="com.juanforeroaxpo.saucedemo" class="android.widget.TextView" text="Accepted usernames are:" checkable="false" checked="false" clickable="false" enabled="true" focusable="false" focused="false" long-clickable="false" password="false" scrollable="false" selected="false" bounds="[110,1185][970,1238]" displayed="true" a11y-important="true" screen-reader-focusable="false" drawing-order="9" showing-hint="false" text-entry-key="false" dismissable="false" a11y-focused="false" heading="false" live-region="0" context-clickable="false" content-invalid="false" window-id="939" />
                              <android.widget.TextView index="9" package="com.juanforeroaxpo.saucedemo" class="android.widget.TextView" text="standard_user" checkable="false" checked="false" clickable="false" enabled="true" focusable="false" focused="false" long-clickable="false" password="false" scrollable="false" selected="false" bounds="[110,1249][970,1304]" displayed="true" a11y-important="true" screen-reader-focusable="false" drawing-order="10" showing-hint="false" text-entry-key="false" dismissable="false" a11y-focused="false" heading="false" live-region="0" context-clickable="false" content-invalid="false" window-id="939" />
                              <android.widget.TextView index="10" package="com.juanforeroaxpo.saucedemo" class="android.widget.TextView" text="locked_out_user" checkable="false" checked="false" clickable="false" enabled="true" focusable="false" focused="false" long-clickable="false" password="false" scrollable="false" selected="false" bounds="[110,1304][970,1359]" displayed="true" a11y-important="true" screen-reader-focusable="false" drawing-order="11" showing-hint="false" text-entry-key="false" dismissable="false" a11y-focused="false" heading="false" live-region="0" context-clickable="false" content-invalid="false" window-id="939" />
                              <android.widget.TextView index="11" package="com.juanforeroaxpo.saucedemo" class="android.widget.TextView" text="problem_user" checkable="false" checked="false" clickable="false" enabled="true" focusable="false" focused="false" long-clickable="false" password="false" scrollable="false" selected="false" bounds="[110,1359][970,1414]" displayed="true" a11y-important="true" screen-reader-focusable="false" drawing-order="12" showing-hint="false" text-entry-key="false" dismissable="false" a11y-focused="false" heading="false" live-region="0" context-clickable="false" content-invalid="false" window-id="939" />
                              <android.widget.TextView index="12" package="com.juanforeroaxpo.saucedemo" class="android.widget.TextView" text="performance_glitch_user" checkable="false" checked="false" clickable="false" enabled="true" focusable="false" focused="false" long-clickable="false" password="false" scrollable="false" selected="false" bounds="[110,1414][970,1469]" displayed="true" a11y-important="true" screen-reader-focusable="false" drawing-order="13" showing-hint="false" text-entry-key="false" dismissable="false" a11y-focused="false" heading="false" live-region="0" context-clickable="false" content-invalid="false" window-id="939" />
                              <android.widget.TextView index="13" package="com.juanforeroaxpo.saucedemo" class="android.widget.TextView" text="error_user" checkable="false" checked="false" clickable="false" enabled="true" focusable="false" focused="false" long-clickable="false" password="false" scrollable="false" selected="false" bounds="[110,1469][970,1524]" displayed="true" a11y-important="true" screen-reader-focusable="false" drawing-order="14" showing-hint="false" text-entry-key="false" dismissable="false" a11y-focused="false" heading="false" live-region="0" context-clickable="false" content-invalid="false" window-id="939" />
                              <android.widget.TextView index="14" package="com.juanforeroaxpo.saucedemo" class="android.widget.TextView" text="visual_user" checkable="false" checked="false" clickable="false" enabled="true" focusable="false" focused="false" long-clickable="false" password="false" scrollable="false" selected="false" bounds="[110,1524][970,1567]" displayed="true" a11y-important="true" screen-reader-focusable="false" drawing-order="15" showing-hint="false" text-entry-key="false" dismissable="false" a11y-focused="false" heading="false" live-region="0" context-clickable="false" content-invalid="false" window-id="939" />
                            </android.view.ViewGroup>
                          </android.widget.ScrollView>
                        </android.view.ViewGroup>
                      </android.view.ViewGroup>
                    </android.widget.ScrollView>
                  </android.view.ViewGroup>
                </android.view.ViewGroup>
              </android.view.ViewGroup>
            </android.widget.FrameLayout>
          </android.widget.FrameLayout>
        </android.widget.LinearLayout>
      </android.widget.FrameLayout>
    </android.widget.LinearLayout>
  </android.widget.FrameLayout>
</hierarchy>
2026-09-01 02:54:56.923 [main] INFO  p.android.AndroidLoginPage - Container text: ''
2026-09-01 02:54:57.496 [main] INFO  p.android.AndroidLoginPage - Fallback element text: 'Epic sadface: Sorry, this user has been locked out.'
2026-09-01 02:54:57.927 [main] INFO  c.swaglabs.stepsDefs.LoginStepsDefs - Login error verified: Epic sadface: Sorry, this user has been locked out.
2026-09-01 02:54:59.021 [main] INFO  com.swaglabs.hooks.Hooks - Scenario 'Locked out user is blocked from logging in' PASSED.
2026-09-01 02:55:01.357 [main] INFO  c.s.managers.AppiumDriverManager - Local driver variables cleared
2026-09-01 02:55:01.357 [main] INFO  page_objects.PageObjectHelper - Page object instances cleared
2026-09-01 02:55:01.362 [main] INFO  com.swaglabs.hooks.Hooks - ******* Scenario: Login with empty credentials is rejected started *******
2026-09-01 02:55:01.363 [main] INFO  c.s.managers.AppiumServerManager - Appium server already running on 127.0.0.1:4723 - stopping to reuse clean state
2026-09-01 02:55:01.385 [main] INFO  c.s.managers.AppiumServerManager - Appium server stopped
2026-09-01 02:55:04.484 [main] INFO  c.s.managers.AppiumServerManager - Appium server started on http://127.0.0.1:4723
2026-09-01 02:55:04.541 [main] INFO  com.swaglabs.device.DeviceManager - Using Android device: b58c6ff4
2026-09-01 02:55:04.788 [main] INFO  c.s.managers.AppiumDriverManager - Starting Appium session: http://127.0.0.1:4723 with caps Capabilities {appium:adbExecTimeout: 20000, appium:app: C:\Users\family\Desktop\pro..., appium:appActivity: .MainActivity, appium:appPackage: com.juanforeroaxpo.saucedemo, appium:autoGrantPermissions: true, appium:automationName: UiAutomator2, appium:clearSystemFiles: true, appium:disableWindowAnimation: false, appium:newCommandTimeout: 250, appium:noSign: true, appium:udid: b58c6ff4, appium:uiautomator2ServerInstallTimeout: 20000, platformName: ANDROID}
2026-09-01 02:55:13.278 [main] INFO  c.s.utils.helper.WebdriverHelper - Screen recording started
2026-09-01 02:55:13.794 [main] INFO  c.swaglabs.stepsDefs.LoginStepsDefs - User lands on the login page
2026-09-01 02:55:22.458 [main] INFO  c.swaglabs.stepsDefs.LoginStepsDefs - Login error message is displayed
2026-09-01 02:55:22.459 [main] INFO  com.swaglabs.hooks.Hooks - Scenario 'Login with empty credentials is rejected' PASSED.
2026-09-01 02:55:24.592 [main] INFO  c.s.managers.AppiumDriverManager - Local driver variables cleared
2026-09-01 02:55:24.592 [main] INFO  page_objects.PageObjectHelper - Page object instances cleared
2026-09-01 02:55:24.596 [main] INFO  com.swaglabs.hooks.Hooks - ******* Scenario: Wrong password is rejected started *******
2026-09-01 02:55:24.597 [main] INFO  c.s.managers.AppiumServerManager - Appium server already running on 127.0.0.1:4723 - stopping to reuse clean state
2026-09-01 02:55:24.618 [main] INFO  c.s.managers.AppiumServerManager - Appium server stopped
2026-09-01 02:55:27.759 [main] INFO  c.s.managers.AppiumServerManager - Appium server started on http://127.0.0.1:4723
2026-09-01 02:55:27.811 [main] INFO  com.swaglabs.device.DeviceManager - Using Android device: b58c6ff4
2026-09-01 02:55:28.045 [main] INFO  c.s.managers.AppiumDriverManager - Starting Appium session: http://127.0.0.1:4723 with caps Capabilities {appium:adbExecTimeout: 20000, appium:app: C:\Users\family\Desktop\pro..., appium:appActivity: .MainActivity, appium:appPackage: com.juanforeroaxpo.saucedemo, appium:autoGrantPermissions: true, appium:automationName: UiAutomator2, appium:clearSystemFiles: true, appium:disableWindowAnimation: false, appium:newCommandTimeout: 250, appium:noSign: true, appium:udid: b58c6ff4, appium:uiautomator2ServerInstallTimeout: 20000, platformName: ANDROID}
2026-09-01 02:55:36.385 [main] INFO  c.s.utils.helper.WebdriverHelper - Screen recording started
2026-09-01 02:55:36.741 [main] INFO  c.swaglabs.stepsDefs.LoginStepsDefs - User lands on the login page
2026-09-01 02:55:45.279 [main] INFO  p.android.AndroidLoginPage - Page source at error: <?xml version='1.0' encoding='UTF-8' standalone='yes' ?>
<hierarchy index="0" class="hierarchy" rotation="0" width="1080" height="2262">
  <android.widget.FrameLayout index="0" package="com.juanforeroaxpo.saucedemo" class="android.widget.FrameLayout" text="" checkable="false" checked="false" clickable="false" enabled="true" focusable="false" focused="false" long-clickable="false" password="false" scrollable="false" selected="false" bounds="[0,0][1080,2400]" displayed="true" a11y-important="true" screen-reader-focusable="false" drawing-order="0" showing-hint="false" text-entry-key="false" dismissable="false" a11y-focused="false" heading="false" live-region="0" context-clickable="false" content-invalid="false" window-id="947">
    <android.widget.LinearLayout index="0" package="com.juanforeroaxpo.saucedemo" class="android.widget.LinearLayout" text="" checkable="false" checked="false" clickable="false" enabled="true" focusable="false" focused="false" long-clickable="false" password="false" scrollable="false" selected="false" bounds="[0,0][1080,2400]" displayed="true" a11y-important="false" screen-reader-focusable="false" drawing-order="1" showing-hint="false" text-entry-key="false" dismissable="false" a11y-focused="false" heading="false" live-region="0" context-clickable="false" content-invalid="false" window-id="947">
      <android.widget.FrameLayout index="0" package="com.juanforeroaxpo.saucedemo" class="android.widget.FrameLayout" text="" checkable="false" checked="false" clickable="false" enabled="true" focusable="false" focused="false" long-clickable="false" password="false" scrollable="false" selected="false" bounds="[0,0][1080,2400]" displayed="true" a11y-important="false" screen-reader-focusable="false" drawing-order="2" showing-hint="false" text-entry-key="false" dismissable="false" a11y-focused="false" heading="false" live-region="0" context-clickable="false" content-invalid="false" window-id="947">
        <android.widget.LinearLayout index="0" package="com.juanforeroaxpo.saucedemo" class="android.widget.LinearLayout" text="" resource-id="com.juanforeroaxpo.saucedemo:id/action_bar_root" checkable="false" checked="false" clickable="false" enabled="true" focusable="false" focused="false" long-clickable="false" password="false" scrollable="false" selected="false" bounds="[0,0][1080,2400]" displayed="true" a11y-important="false" screen-reader-focusable="false" drawing-order="1" showing-hint="false" text-entry-key="false" dismissable="false" a11y-focused="false" heading="false" live-region="0" context-clickable="false" content-invalid="false" window-id="947">
          <android.widget.FrameLayout index="0" package="com.juanforeroaxpo.saucedemo" class="android.widget.FrameLayout" text="" resource-id="android:id/content" checkable="false" checked="false" clickable="false" enabled="true" focusable="false" focused="false" long-clickable="false" password="false" scrollable="false" selected="false" bounds="[0,0][1080,2400]" displayed="true" a11y-important="false" screen-reader-focusable="false" drawing-order="2" showing-hint="false" text-entry-key="false" dismissable="false" a11y-focused="false" heading="false" live-region="0" context-clickable="false" content-invalid="false" window-id="947">
            <android.widget.FrameLayout index="0" package="com.juanforeroaxpo.saucedemo" class="android.widget.FrameLayout" text="" checkable="false" checked="false" clickable="false" enabled="true" focusable="false" focused="false" long-clickable="false" password="false" scrollable="false" selected="false" bounds="[0,0][1080,2400]" displayed="true" a11y-important="false" screen-reader-focusable="false" drawing-order="1" showing-hint="false" text-entry-key="false" dismissable="false" a11y-focused="false" heading="false" live-region="0" context-clickable="false" content-invalid="false" window-id="947">
              <android.view.ViewGroup index="0" package="com.juanforeroaxpo.saucedemo" class="android.view.ViewGroup" text="" checkable="false" checked="false" clickable="false" enabled="true" focusable="false" focused="false" long-clickable="false" password="false" scrollable="false" selected="false" bounds="[0,0][1080,2400]" displayed="true" a11y-important="false" screen-reader-focusable="false" drawing-order="1" showing-hint="false" text-entry-key="false" dismissable="false" a11y-focused="false" heading="false" live-region="0" context-clickable="false" content-invalid="false" window-id="947">
                <android.view.ViewGroup index="0" package="com.juanforeroaxpo.saucedemo" class="android.view.ViewGroup" text="" checkable="false" checked="false" clickable="false" enabled="true" focusable="false" focused="false" long-clickable="false" password="false" scrollable="false" selected="false" bounds="[0,0][1080,2400]" displayed="true" a11y-important="false" screen-reader-focusable="false" drawing-order="1" showing-hint="false" text-entry-key="false" dismissable="false" a11y-focused="false" heading="false" live-region="0" context-clickable="false" content-invalid="false" window-id="947">
                  <android.view.ViewGroup index="0" package="com.juanforeroaxpo.saucedemo" class="android.view.ViewGroup" text="" checkable="false" checked="false" clickable="false" enabled="true" focusable="false" focused="false" long-clickable="false" password="false" scrollable="false" selected="false" bounds="[0,0][1080,2400]" displayed="true" a11y-important="false" screen-reader-focusable="false" drawing-order="1" showing-hint="false" text-entry-key="false" dismissable="false" a11y-focused="false" heading="false" live-region="0" context-clickable="false" content-invalid="false" window-id="947">
                    <android.widget.ScrollView index="0" package="com.juanforeroaxpo.saucedemo" class="android.widget.ScrollView" text="" checkable="false" checked="false" clickable="false" enabled="true" focusable="false" focused="false" long-clickable="false" password="false" scrollable="false" selected="false" bounds="[0,0][1080,2400]" displayed="true" a11y-important="true" screen-reader-focusable="false" drawing-order="1" showing-hint="false" text-entry-key="false" dismissable="false" a11y-focused="false" heading="false" live-region="0" context-clickable="false" content-invalid="false" window-id="947">
                      <android.view.ViewGroup index="1" package="com.juanforeroaxpo.saucedemo" class="android.view.ViewGroup" text="" checkable="false" checked="false" clickable="false" enabled="true" focusable="false" focused="false" long-clickable="false" password="false" scrollable="false" selected="false" bounds="[0,0][1080,2400]" displayed="true" a11y-important="false" screen-reader-focusable="false" drawing-order="1" showing-hint="false" text-entry-key="false" dismissable="false" a11y-focused="false" heading="false" live-region="0" context-clickable="false" content-invalid="false" window-id="947">
                        <android.view.ViewGroup index="1" package="com.juanforeroaxpo.saucedemo" class="android.view.ViewGroup" text="" checkable="false" checked="false" clickable="false" enabled="true" focusable="false" focused="false" long-clickable="false" password="false" scrollable="false" selected="false" bounds="[0,0][1080,2400]" displayed="true" a11y-important="false" screen-reader-focusable="false" drawing-order="1" showing-hint="false" text-entry-key="false" dismissable="false" a11y-focused="false" heading="false" live-region="0" context-clickable="false" content-invalid="false" window-id="947">
                          <android.view.ViewGroup index="0" package="com.juanforeroaxpo.saucedemo" class="android.view.ViewGroup" text="" checkable="false" checked="false" clickable="false" enabled="true" focusable="false" focused="false" long-clickable="false" password="false" scrollable="false" selected="false" bounds="[0,0][1080,1567]" displayed="true" a11y-important="false" screen-reader-focusable="false" drawing-order="1" showing-hint="false" text-entry-key="false" dismissable="false" a11y-focused="false" heading="false" live-region="0" context-clickable="false" content-invalid="false" window-id="947" />
                          <android.widget.ScrollView index="1" package="com.juanforeroaxpo.saucedemo" class="android.widget.ScrollView" text="" checkable="false" checked="false" clickable="false" enabled="true" focusable="true" focused="false" long-clickable="false" password="false" scrollable="true" selected="false" bounds="[0,0][1080,1567]" displayed="true" a11y-important="true" screen-reader-focusable="false" drawing-order="2" showing-hint="false" text-entry-key="false" dismissable="false" a11y-focused="false" heading="false" live-region="0" context-clickable="false" content-invalid="false" window-id="947">
                            <android.view.ViewGroup index="0" package="com.juanforeroaxpo.saucedemo" class="android.view.ViewGroup" text="" checkable="false" checked="false" clickable="false" enabled="true" focusable="false" focused="false" long-clickable="false" password="false" scrollable="false" selected="false" bounds="[0,0][1080,1567]" displayed="true" a11y-important="false" screen-reader-focusable="false" drawing-order="1" showing-hint="false" text-entry-key="false" dismissable="false" a11y-focused="false" heading="false" live-region="0" context-clickable="false" content-invalid="false" window-id="947">
                              <android.widget.TextView index="0" package="com.juanforeroaxpo.saucedemo" class="android.widget.TextView" text="Swag Labs" checkable="false" checked="false" clickable="false" enabled="true" focusable="false" focused="false" long-clickable="false" password="false" scrollable="false" selected="false" bounds="[326,187][754,304]" displayed="true" a11y-important="true" screen-reader-focusable="false" drawing-order="1" showing-hint="false" text-entry-key="false" dismissable="false" a11y-focused="false" heading="false" live-region="0" context-clickable="false" content-invalid="false" window-id="947" />
                              <android.view.ViewGroup index="1" package="com.juanforeroaxpo.saucedemo" class="android.view.ViewGroup" text="" resource-id="login-error" checkable="false" checked="false" clickable="false" enabled="true" focusable="false" focused="false" long-clickable="false" password="false" scrollable="false" selected="false" bounds="[66,392][1014,579]" displayed="true" a11y-important="true" screen-reader-focusable="false" drawing-order="2" showing-hint="false" text-entry-key="false" dismissable="false" a11y-focused="false" heading="false" live-region="0" context-clickable="false" content-invalid="false" window-id="947" />
                              <android.widget.TextView index="2" package="com.juanforeroaxpo.saucedemo" class="android.widget.TextView" text="Epic sadface: Username and password do not match any user in this service" checkable="false" checked="false" clickable="false" enabled="true" focusable="false" focused="false" long-clickable="false" password="false" scrollable="false" selected="false" bounds="[110,436][898,535]" displayed="true" a11y-important="true" screen-reader-focusable="false" drawing-order="3" showing-hint="false" text-entry-key="false" dismissable="false" a11y-focused="false" heading="false" live-region="0" context-clickable="false" content-invalid="false" window-id="947" />
                              <android.view.ViewGroup index="3" package="com.juanforeroaxpo.saucedemo" class="android.view.ViewGroup" text="" content-desc="X" checkable="false" checked="false" clickable="true" enabled="true" focusable="true" focused="false" long-clickable="false" password="false" scrollable="false" selected="false" bounds="[920,445][970,526]" displayed="true" a11y-important="true" screen-reader-focusable="false" drawing-order="4" showing-hint="false" text-entry-key="false" dismissable="false" a11y-focused="false" heading="false" live-region="0" context-clickable="false" content-invalid="false" window-id="947">
                                <android.widget.TextView index="0" package="com.juanforeroaxpo.saucedemo" class="android.widget.TextView" text="X" checkable="false" checked="false" clickable="false" enabled="true" focusable="false" focused="false" long-clickable="false" password="false" scrollable="false" selected="false" bounds="[931,456][959,515]" displayed="true" a11y-important="true" screen-reader-focusable="false" drawing-order="1" showing-hint="false" text-entry-key="false" dismissable="false" a11y-focused="false" heading="false" live-region="0" context-clickable="false" content-invalid="false" window-id="947" />
                              </android.view.ViewGroup>
                              <android.widget.EditText index="4" package="com.juanforeroaxpo.saucedemo" class="android.widget.EditText" text="standard_user" resource-id="username-input" checkable="false" checked="false" clickable="true" enabled="true" focusable="true" focused="false" long-clickable="true" password="false" scrollable="false" selected="false" bounds="[66,623][1014,743]" displayed="true" hint="Username" a11y-important="true" screen-reader-focusable="false" input-type="524289" drawing-order="5" showing-hint="false" text-entry-key="false" multiline="false" dismissable="false" a11y-focused="false" heading="false" live-region="0" context-clickable="false" max-text-length="5000" content-invalid="false" window-id="947" />
                              <android.widget.EditText index="5" package="com.juanforeroaxpo.saucedemo" class="android.widget.EditText" text="••••••••••••••" resource-id="password-input" checkable="false" checked="false" clickable="true" enabled="true" focusable="true" focused="true" long-clickable="true" password="true" scrollable="false" selected="false" bounds="[66,787][1014,907]" displayed="true" hint="Password" a11y-important="true" screen-reader-focusable="false" input-type="16513" drawing-order="6" showing-hint="false" text-entry-key="false" multiline="false" dismissable="false" a11y-focused="false" heading="false" live-region="0" context-clickable="false" max-text-length="5000" content-invalid="false" window-id="947" />
                              <android.view.ViewGroup index="6" package="com.juanforeroaxpo.saucedemo" class="android.view.ViewGroup" text="" content-desc="LOGIN" resource-id="login-button" checkable="false" checked="false" clickable="true" enabled="true" focusable="true" focused="false" long-clickable="false" password="false" scrollable="false" selected="false" bounds="[66,950][1014,1075]" displayed="true" a11y-important="true" screen-reader-focusable="false" drawing-order="7" showing-hint="false" text-entry-key="false" dismissable="false" a11y-focused="false" heading="false" live-region="0" context-clickable="false" content-invalid="false" window-id="947">
                                <android.widget.TextView index="0" package="com.juanforeroaxpo.saucedemo" class="android.widget.TextView" text="LOGIN" checkable="false" checked="false" clickable="false" enabled="true" focusable="false" focused="false" long-clickable="false" password="false" scrollable="false" selected="false" bounds="[476,983][603,1042]" displayed="true" a11y-important="true" screen-reader-focusable="false" drawing-order="1" showing-hint="false" text-entry-key="false" dismissable="false" a11y-focused="false" heading="false" live-region="0" context-clickable="false" content-invalid="false" window-id="947" />
                              </android.view.ViewGroup>
                              <android.view.ViewGroup index="7" package="com.juanforeroaxpo.saucedemo" class="android.view.ViewGroup" text="" checkable="false" checked="false" clickable="false" enabled="true" focusable="false" focused="false" long-clickable="false" password="false" scrollable="false" selected="false" bounds="[66,1141][1014,1567]" displayed="true" a11y-important="false" screen-reader-focusable="false" drawing-order="8" showing-hint="false" text-entry-key="false" dismissable="false" a11y-focused="false" heading="false" live-region="0" context-clickable="false" content-invalid="false" window-id="947" />
                              <android.widget.TextView index="8" package="com.juanforeroaxpo.saucedemo" class="android.widget.TextView" text="Accepted usernames are:" checkable="false" checked="false" clickable="false" enabled="true" focusable="false" focused="false" long-clickable="false" password="false" scrollable="false" selected="false" bounds="[110,1185][970,1238]" displayed="true" a11y-important="true" screen-reader-focusable="false" drawing-order="9" showing-hint="false" text-entry-key="false" dismissable="false" a11y-focused="false" heading="false" live-region="0" context-clickable="false" content-invalid="false" window-id="947" />
                              <android.widget.TextView index="9" package="com.juanforeroaxpo.saucedemo" class="android.widget.TextView" text="standard_user" checkable="false" checked="false" clickable="false" enabled="true" focusable="false" focused="false" long-clickable="false" password="false" scrollable="false" selected="false" bounds="[110,1249][970,1304]" displayed="true" a11y-important="true" screen-reader-focusable="false" drawing-order="10" showing-hint="false" text-entry-key="false" dismissable="false" a11y-focused="false" heading="false" live-region="0" context-clickable="false" content-invalid="false" window-id="947" />
                              <android.widget.TextView index="10" package="com.juanforeroaxpo.saucedemo" class="android.widget.TextView" text="locked_out_user" checkable="false" checked="false" clickable="false" enabled="true" focusable="false" focused="false" long-clickable="false" password="false" scrollable="false" selected="false" bounds="[110,1304][970,1359]" displayed="true" a11y-important="true" screen-reader-focusable="false" drawing-order="11" showing-hint="false" text-entry-key="false" dismissable="false" a11y-focused="false" heading="false" live-region="0" context-clickable="false" content-invalid="false" window-id="947" />
                              <android.widget.TextView index="11" package="com.juanforeroaxpo.saucedemo" class="android.widget.TextView" text="problem_user" checkable="false" checked="false" clickable="false" enabled="true" focusable="false" focused="false" long-clickable="false" password="false" scrollable="false" selected="false" bounds="[110,1359][970,1414]" displayed="true" a11y-important="true" screen-reader-focusable="false" drawing-order="12" showing-hint="false" text-entry-key="false" dismissable="false" a11y-focused="false" heading="false" live-region="0" context-clickable="false" content-invalid="false" window-id="947" />
                              <android.widget.TextView index="12" package="com.juanforeroaxpo.saucedemo" class="android.widget.TextView" text="performance_glitch_user" checkable="false" checked="false" clickable="false" enabled="true" focusable="false" focused="false" long-clickable="false" password="false" scrollable="false" selected="false" bounds="[110,1414][970,1469]" displayed="true" a11y-important="true" screen-reader-focusable="false" drawing-order="13" showing-hint="false" text-entry-key="false" dismissable="false" a11y-focused="false" heading="false" live-region="0" context-clickable="false" content-invalid="false" window-id="947" />
                              <android.widget.TextView index="13" package="com.juanforeroaxpo.saucedemo" class="android.widget.TextView" text="error_user" checkable="false" checked="false" clickable="false" enabled="true" focusable="false" focused="false" long-clickable="false" password="false" scrollable="false" selected="false" bounds="[110,1469][970,1524]" displayed="true" a11y-important="true" screen-reader-focusable="false" drawing-order="14" showing-hint="false" text-entry-key="false" dismissable="false" a11y-focused="false" heading="false" live-region="0" context-clickable="false" content-invalid="false" window-id="947" />
                              <android.widget.TextView index="14" package="com.juanforeroaxpo.saucedemo" class="android.widget.TextView" text="visual_user" checkable="false" checked="false" clickable="false" enabled="true" focusable="false" focused="false" long-clickable="false" password="false" scrollable="false" selected="false" bounds="[110,1524][970,1567]" displayed="true" a11y-important="true" screen-reader-focusable="false" drawing-order="15" showing-hint="false" text-entry-key="false" dismissable="false" a11y-focused="false" heading="false" live-region="0" context-clickable="false" content-invalid="false" window-id="947" />
                            </android.view.ViewGroup>
                          </android.widget.ScrollView>
                        </android.view.ViewGroup>
                      </android.view.ViewGroup>
                    </android.widget.ScrollView>
                  </android.view.ViewGroup>
                </android.view.ViewGroup>
              </android.view.ViewGroup>
            </android.widget.FrameLayout>
          </android.widget.FrameLayout>
        </android.widget.LinearLayout>
      </android.widget.FrameLayout>
    </android.widget.LinearLayout>
  </android.widget.FrameLayout>
</hierarchy>
2026-09-01 02:55:45.584 [main] INFO  p.android.AndroidLoginPage - Container text: ''
2026-09-01 02:55:46.137 [main] INFO  p.android.AndroidLoginPage - Fallback element text: 'Epic sadface: Username and password do not match any user in this service'
2026-09-01 02:55:46.138 [main] INFO  c.swaglabs.stepsDefs.LoginStepsDefs - Login error verified: Epic sadface: Username and password do not match any user in this service
2026-09-01 02:55:46.138 [main] INFO  com.swaglabs.hooks.Hooks - Scenario 'Wrong password is rejected' PASSED.
2026-09-01 02:55:48.454 [main] INFO  c.s.managers.AppiumDriverManager - Local driver variables cleared
2026-09-01 02:55:48.454 [main] INFO  page_objects.PageObjectHelper - Page object instances cleared
2026-09-01 02:55:48.458 [main] INFO  com.swaglabs.hooks.Hooks - ******* Scenario: Username only (no password) is rejected started *******
2026-09-01 02:55:48.458 [main] INFO  c.s.managers.AppiumServerManager - Appium server already running on 127.0.0.1:4723 - stopping to reuse clean state
2026-09-01 02:55:48.480 [main] INFO  c.s.managers.AppiumServerManager - Appium server stopped
2026-09-01 02:55:51.610 [main] INFO  c.s.managers.AppiumServerManager - Appium server started on http://127.0.0.1:4723
2026-09-01 02:55:51.704 [main] INFO  com.swaglabs.device.DeviceManager - Using Android device: b58c6ff4
2026-09-01 02:55:51.968 [main] INFO  c.s.managers.AppiumDriverManager - Starting Appium session: http://127.0.0.1:4723 with caps Capabilities {appium:adbExecTimeout: 20000, appium:app: C:\Users\family\Desktop\pro..., appium:appActivity: .MainActivity, appium:appPackage: com.juanforeroaxpo.saucedemo, appium:autoGrantPermissions: true, appium:automationName: UiAutomator2, appium:clearSystemFiles: true, appium:disableWindowAnimation: false, appium:newCommandTimeout: 250, appium:noSign: true, appium:udid: b58c6ff4, appium:uiautomator2ServerInstallTimeout: 20000, platformName: ANDROID}
2026-09-01 02:56:00.858 [main] INFO  c.s.utils.helper.WebdriverHelper - Screen recording started
2026-09-01 02:56:01.234 [main] INFO  c.swaglabs.stepsDefs.LoginStepsDefs - User lands on the login page
2026-09-01 02:56:09.577 [main] INFO  c.swaglabs.stepsDefs.LoginStepsDefs - Login error message is displayed
2026-09-01 02:56:09.578 [main] INFO  com.swaglabs.hooks.Hooks - Scenario 'Username only (no password) is rejected' PASSED.
2026-09-01 02:56:11.897 [main] INFO  c.s.managers.AppiumDriverManager - Local driver variables cleared
2026-09-01 02:56:11.897 [main] INFO  page_objects.PageObjectHelper - Page object instances cleared
2026-09-01 02:56:11.900 [main] INFO  com.swaglabs.hooks.Hooks - ******* Scenario: Password only (no username) is rejected started *******
2026-09-01 02:56:11.900 [main] INFO  c.s.managers.AppiumServerManager - Appium server already running on 127.0.0.1:4723 - stopping to reuse clean state
2026-09-01 02:56:11.919 [main] INFO  c.s.managers.AppiumServerManager - Appium server stopped
2026-09-01 02:56:15.039 [main] INFO  c.s.managers.AppiumServerManager - Appium server started on http://127.0.0.1:4723
2026-09-01 02:56:15.092 [main] INFO  com.swaglabs.device.DeviceManager - Using Android device: b58c6ff4
2026-09-01 02:56:15.307 [main] INFO  c.s.managers.AppiumDriverManager - Starting Appium session: http://127.0.0.1:4723 with caps Capabilities {appium:adbExecTimeout: 20000, appium:app: C:\Users\family\Desktop\pro..., appium:appActivity: .MainActivity, appium:appPackage: com.juanforeroaxpo.saucedemo, appium:autoGrantPermissions: true, appium:automationName: UiAutomator2, appium:clearSystemFiles: true, appium:disableWindowAnimation: false, appium:newCommandTimeout: 250, appium:noSign: true, appium:udid: b58c6ff4, appium:uiautomator2ServerInstallTimeout: 20000, platformName: ANDROID}
2026-09-01 02:56:23.722 [main] INFO  c.s.utils.helper.WebdriverHelper - Screen recording started
2026-09-01 02:56:24.176 [main] INFO  c.swaglabs.stepsDefs.LoginStepsDefs - User lands on the login page
2026-09-01 02:56:32.125 [main] INFO  c.swaglabs.stepsDefs.LoginStepsDefs - Login error message is displayed
2026-09-01 02:56:32.126 [main] INFO  com.swaglabs.hooks.Hooks - Scenario 'Password only (no username) is rejected' PASSED.
2026-09-01 02:56:34.398 [main] INFO  c.s.managers.AppiumDriverManager - Local driver variables cleared
2026-09-01 02:56:34.398 [main] INFO  page_objects.PageObjectHelper - Page object instances cleared
2026-09-01 02:56:34.433 [main] INFO  c.s.managers.AppiumServerManager - Appium server stopped
2026-09-01 02:56:34.434 [main] INFO  com.swaglabs.hooks.Hooks - Swag Labs automation finished.
2026-09-01 02:57:54.908 [main] INFO  c.s.managers.PropertiesManager - Loaded properties file: src/main/resources/project_properties/project_config_local.properties
2026-09-01 02:57:54.923 [main] INFO  c.s.capabilities.CapabilityManager - Loaded capabilities from C:\Users\family\Desktop\projects\swag-labs-mobile-nwdfew/src/main/resources/caps/local.json
2026-09-01 02:57:54.923 [main] INFO  com.swaglabs.hooks.Hooks - Swag Labs automation started. Platform=android, Environment=local
2026-09-01 02:57:55.153 [main] INFO  com.swaglabs.hooks.Hooks - ******* Scenario: User completes a full purchase started *******
2026-09-01 02:57:58.847 [main] INFO  c.s.managers.AppiumServerManager - Appium server started on http://127.0.0.1:4723
2026-09-01 02:57:58.922 [main] INFO  com.swaglabs.device.DeviceManager - Using Android device: b58c6ff4
2026-09-01 02:57:59.170 [main] INFO  c.s.managers.AppiumDriverManager - Starting Appium session: http://127.0.0.1:4723 with caps Capabilities {appium:adbExecTimeout: 20000, appium:app: C:\Users\family\Desktop\pro..., appium:appActivity: .MainActivity, appium:appPackage: com.juanforeroaxpo.saucedemo, appium:autoGrantPermissions: true, appium:automationName: UiAutomator2, appium:clearSystemFiles: true, appium:disableWindowAnimation: false, appium:newCommandTimeout: 250, appium:noSign: true, appium:udid: b58c6ff4, appium:uiautomator2ServerInstallTimeout: 20000, platformName: ANDROID}
2026-09-01 02:58:08.363 [main] INFO  c.s.utils.helper.WebdriverHelper - Screen recording started
2026-09-01 02:58:09.602 [main] INFO  c.swaglabs.stepsDefs.LoginStepsDefs - User lands on the login page
2026-09-01 02:58:17.080 [main] INFO  c.swaglabs.stepsDefs.LoginStepsDefs - Logged in as standard_user
2026-09-01 02:58:19.043 [main] INFO  c.s.stepsDefs.ProductsStepsDefs - Added product at position 0 to the cart
2026-09-01 02:58:20.255 [main] INFO  c.swaglabs.stepsDefs.CartStepsDefs - Opened the cart
2026-09-01 02:58:21.542 [main] INFO  c.s.stepsDefs.CheckoutStepsDefs - Proceeded to checkout
2026-09-01 02:58:22.859 [main] INFO  c.s.stepsDefs.CheckoutStepsDefs - Checkout info page is displayed
2026-09-01 02:58:33.768 [main] INFO  c.s.stepsDefs.CheckoutStepsDefs - Entered shipping info: John Doe 12345
2026-09-01 02:58:34.990 [main] INFO  c.s.stepsDefs.CheckoutStepsDefs - Continued to overview page
2026-09-01 02:58:37.007 [main] INFO  c.s.stepsDefs.CheckoutStepsDefs - Checkout overview page is displayed
2026-09-01 02:58:37.728 [main] INFO  c.s.stepsDefs.CheckoutStepsDefs - Finished the order
2026-09-01 02:58:39.076 [main] INFO  c.s.stepsDefs.CheckoutStepsDefs - Checkout completion page is displayed
2026-09-01 02:58:40.057 [main] INFO  c.s.stepsDefs.CheckoutStepsDefs - Went back home
2026-09-01 02:58:40.058 [main] INFO  com.swaglabs.hooks.Hooks - Scenario 'User completes a full purchase' PASSED.
2026-09-01 02:58:42.509 [main] INFO  c.s.managers.AppiumDriverManager - Local driver variables cleared
2026-09-01 02:58:42.509 [main] INFO  page_objects.PageObjectHelper - Page object instances cleared
2026-09-01 02:58:42.515 [main] INFO  com.swaglabs.hooks.Hooks - ******* Scenario: User completes a full purchase started *******
2026-09-01 02:58:42.516 [main] INFO  c.s.managers.AppiumServerManager - Appium server already running on 127.0.0.1:4723 - stopping to reuse clean state
2026-09-01 02:58:42.540 [main] INFO  c.s.managers.AppiumServerManager - Appium server stopped
2026-09-01 02:58:45.654 [main] INFO  c.s.managers.AppiumServerManager - Appium server started on http://127.0.0.1:4723
2026-09-01 02:58:45.706 [main] INFO  com.swaglabs.device.DeviceManager - Using Android device: b58c6ff4
2026-09-01 02:58:45.924 [main] INFO  c.s.managers.AppiumDriverManager - Starting Appium session: http://127.0.0.1:4723 with caps Capabilities {appium:adbExecTimeout: 20000, appium:app: C:\Users\family\Desktop\pro..., appium:appActivity: .MainActivity, appium:appPackage: com.juanforeroaxpo.saucedemo, appium:autoGrantPermissions: true, appium:automationName: UiAutomator2, appium:clearSystemFiles: true, appium:disableWindowAnimation: false, appium:newCommandTimeout: 250, appium:noSign: true, appium:udid: b58c6ff4, appium:uiautomator2ServerInstallTimeout: 20000, platformName: ANDROID}
2026-09-01 02:58:54.105 [main] INFO  c.s.utils.helper.WebdriverHelper - Screen recording started
2026-09-01 02:58:54.906 [main] INFO  c.swaglabs.stepsDefs.LoginStepsDefs - User lands on the login page
2026-09-01 02:59:03.130 [main] INFO  c.swaglabs.stepsDefs.LoginStepsDefs - Logged in as problem_user
2026-09-01 02:59:05.079 [main] INFO  c.s.stepsDefs.ProductsStepsDefs - Added product at position 0 to the cart
2026-09-01 02:59:06.367 [main] INFO  c.swaglabs.stepsDefs.CartStepsDefs - Opened the cart
2026-09-01 02:59:07.568 [main] INFO  c.s.stepsDefs.CheckoutStepsDefs - Proceeded to checkout
2026-09-01 02:59:08.879 [main] INFO  c.s.stepsDefs.CheckoutStepsDefs - Checkout info page is displayed
2026-09-01 02:59:18.515 [main] INFO  c.s.stepsDefs.CheckoutStepsDefs - Entered shipping info: John Doe 12345
2026-09-01 02:59:19.749 [main] INFO  c.s.stepsDefs.CheckoutStepsDefs - Continued to overview page
2026-09-01 02:59:40.066 [main] ERROR c.s.exceptions.ExceptionController - Element not found: PAGE (timeout)
org.openqa.selenium.TimeoutException: Expected condition failed: waiting for visibility of Located by By.chained({AppiumBy.androidUIAutomator: resourceId("finish-button")})
(tried for 20 seconds with 500 milliseconds interval)
	at org.openqa.selenium.support.ui.WebDriverWait.timeoutException(WebDriverWait.java:84)
	at org.openqa.selenium.support.ui.FluentWait.until(FluentWait.java:231)
	at com.swaglabs.utils.Waits.waitForElement(Waits.java:27)
	at com.swaglabs.utils.Waits.waitForElement(Waits.java:22)
	at page_objects.BaseMobilePage.checkElement(BaseMobilePage.java:44)
	at page_objects.android.AndroidCheckoutOverviewPage.checkElement(AndroidCheckoutOverviewPage.java:18)
	at com.swaglabs.stepsDefs.CheckoutStepsDefs.iShouldSeeTheCheckoutOverviewPage(CheckoutStepsDefs.java:47)
	at java.base/jdk.internal.reflect.DirectMethodHandleAccessor.invoke(DirectMethodHandleAccessor.java:104)
	at java.base/java.lang.reflect.Method.invoke(Method.java:565)
	at io.cucumber.java.Invoker.doInvoke(Invoker.java:66)
	at io.cucumber.java.Invoker.invoke(Invoker.java:24)
	at io.cucumber.java.AbstractGlueDefinition.invokeMethod(AbstractGlueDefinition.java:47)
	at io.cucumber.java.JavaStepDefinition.execute(JavaStepDefinition.java:29)
	at io.cucumber.core.runner.CoreStepDefinition.execute(CoreStepDefinition.java:66)
	at io.cucumber.core.runner.PickleStepDefinitionMatch.runStep(PickleStepDefinitionMatch.java:62)
	at io.cucumber.core.runner.ExecutionMode$1.execute(ExecutionMode.java:10)
	at io.cucumber.core.runner.TestStep.executeStep(TestStep.java:81)
	at io.cucumber.core.runner.TestStep.run(TestStep.java:53)
	at io.cucumber.core.runner.PickleStepTestStep.run(PickleStepTestStep.java:51)
	at io.cucumber.core.runner.TestCase.run(TestCase.java:87)
	at io.cucumber.core.runner.Runner.runPickle(Runner.java:75)
	at io.cucumber.junit.platform.engine.CucumberEngineExecutionContext.lambda$runTestCase$4(CucumberEngineExecutionContext.java:115)
	at io.cucumber.core.runtime.CucumberExecutionContext.lambda$runTestCase$5(CucumberExecutionContext.java:136)
	at io.cucumber.core.runtime.RethrowingThrowableCollector.executeAndThrow(RethrowingThrowableCollector.java:23)
	at io.cucumber.core.runtime.CucumberExecutionContext.runTestCase(CucumberExecutionContext.java:136)
	at io.cucumber.junit.platform.engine.CucumberEngineExecutionContext.runTestCase(CucumberEngineExecutionContext.java:112)
	at io.cucumber.junit.platform.engine.CucumberTestDescriptor$PickleDescriptor.execute(CucumberTestDescriptor.java:308)
	at io.cucumber.junit.platform.engine.CucumberTestDescriptor$PickleDescriptor.execute(CucumberTestDescriptor.java:249)
	at org.junit.platform.engine.support.hierarchical.NodeTestTask.lambda$executeRecursively$2(NodeTestTask.java:176)
	at org.junit.platform.engine.support.hierarchical.ThrowableCollector.execute(ThrowableCollector.java:74)
	at org.junit.platform.engine.support.hierarchical.NodeTestTask.lambda$executeRecursively$1(NodeTestTask.java:166)
	at org.junit.platform.engine.support.hierarchical.Node.around(Node.java:138)
	at org.junit.platform.engine.support.hierarchical.NodeTestTask.lambda$executeRecursively$0(NodeTestTask.java:164)
	at org.junit.platform.engine.support.hierarchical.ThrowableCollector.execute(ThrowableCollector.java:74)
	at org.junit.platform.engine.support.hierarchical.NodeTestTask.executeRecursively(NodeTestTask.java:163)
	at org.junit.platform.engine.support.hierarchical.NodeTestTask.execute(NodeTestTask.java:116)
	at java.base/java.util.ArrayList.forEach(ArrayList.java:1612)
	at org.junit.platform.engine.support.hierarchical.SameThreadHierarchicalTestExecutorService.invokeAll(SameThreadHierarchicalTestExecutorService.java:42)
	at org.junit.platform.engine.support.hierarchical.NodeTestTask.lambda$executeRecursively$2(NodeTestTask.java:180)
	at org.junit.platform.engine.support.hierarchical.ThrowableCollector.execute(ThrowableCollector.java:74)
	at org.junit.platform.engine.support.hierarchical.NodeTestTask.lambda$executeRecursively$1(NodeTestTask.java:166)
	at org.junit.platform.engine.support.hierarchical.Node.around(Node.java:138)
	at org.junit.platform.engine.support.hierarchical.NodeTestTask.lambda$executeRecursively$0(NodeTestTask.java:164)
	at org.junit.platform.engine.support.hierarchical.ThrowableCollector.execute(ThrowableCollector.java:74)
	at org.junit.platform.engine.support.hierarchical.NodeTestTask.executeRecursively(NodeTestTask.java:163)
	at org.junit.platform.engine.support.hierarchical.NodeTestTask.execute(NodeTestTask.java:116)
	at java.base/java.util.ArrayList.forEach(ArrayList.java:1612)
	at org.junit.platform.engine.support.hierarchical.SameThreadHierarchicalTestExecutorService.invokeAll(SameThreadHierarchicalTestExecutorService.java:42)
	at org.junit.platform.engine.support.hierarchical.NodeTestTask.lambda$executeRecursively$2(NodeTestTask.java:180)
	at org.junit.platform.engine.support.hierarchical.ThrowableCollector.execute(ThrowableCollector.java:74)
	at org.junit.platform.engine.support.hierarchical.NodeTestTask.lambda$executeRecursively$1(NodeTestTask.java:166)
	at org.junit.platform.engine.support.hierarchical.Node.around(Node.java:138)
	at org.junit.platform.engine.support.hierarchical.NodeTestTask.lambda$executeRecursively$0(NodeTestTask.java:164)
	at org.junit.platform.engine.support.hierarchical.ThrowableCollector.execute(ThrowableCollector.java:74)
	at org.junit.platform.engine.support.hierarchical.NodeTestTask.executeRecursively(NodeTestTask.java:163)
	at org.junit.platform.engine.support.hierarchical.NodeTestTask.execute(NodeTestTask.java:116)
	at java.base/java.util.ArrayList.forEach(ArrayList.java:1612)
	at org.junit.platform.engine.support.hierarchical.SameThreadHierarchicalTestExecutorService.invokeAll(SameThreadHierarchicalTestExecutorService.java:42)
	at org.junit.platform.engine.support.hierarchical.NodeTestTask.lambda$executeRecursively$2(NodeTestTask.java:180)
	at org.junit.platform.engine.support.hierarchical.ThrowableCollector.execute(ThrowableCollector.java:74)
	at org.junit.platform.engine.support.hierarchical.NodeTestTask.lambda$executeRecursively$1(NodeTestTask.java:166)
	at org.junit.platform.engine.support.hierarchical.Node.around(Node.java:138)
	at org.junit.platform.engine.support.hierarchical.NodeTestTask.lambda$executeRecursively$0(NodeTestTask.java:164)
	at org.junit.platform.engine.support.hierarchical.ThrowableCollector.execute(ThrowableCollector.java:74)
	at org.junit.platform.engine.support.hierarchical.NodeTestTask.executeRecursively(NodeTestTask.java:163)
	at org.junit.platform.engine.support.hierarchical.NodeTestTask.execute(NodeTestTask.java:116)
	at java.base/java.util.ArrayList.forEach(ArrayList.java:1612)
	at org.junit.platform.engine.support.hierarchical.SameThreadHierarchicalTestExecutorService.invokeAll(SameThreadHierarchicalTestExecutorService.java:42)
	at org.junit.platform.engine.support.hierarchical.NodeTestTask.lambda$executeRecursively$2(NodeTestTask.java:180)
	at org.junit.platform.engine.support.hierarchical.ThrowableCollector.execute(ThrowableCollector.java:74)
	at org.junit.platform.engine.support.hierarchical.NodeTestTask.lambda$executeRecursively$1(NodeTestTask.java:166)
	at org.junit.platform.engine.support.hierarchical.Node.around(Node.java:138)
	at org.junit.platform.engine.support.hierarchical.NodeTestTask.lambda$executeRecursively$0(NodeTestTask.java:164)
	at org.junit.platform.engine.support.hierarchical.ThrowableCollector.execute(ThrowableCollector.java:74)
	at org.junit.platform.engine.support.hierarchical.NodeTestTask.executeRecursively(NodeTestTask.java:163)
	at org.junit.platform.engine.support.hierarchical.NodeTestTask.execute(NodeTestTask.java:116)
	at org.junit.platform.engine.support.hierarchical.SameThreadHierarchicalTestExecutorService.submit(SameThreadHierarchicalTestExecutorService.java:36)
	at org.junit.platform.engine.support.hierarchical.HierarchicalTestExecutor.execute(HierarchicalTestExecutor.java:52)
	at org.junit.platform.engine.support.hierarchical.HierarchicalTestEngine.execute(HierarchicalTestEngine.java:58)
	at org.junit.platform.launcher.core.EngineExecutionOrchestrator.executeEngine(EngineExecutionOrchestrator.java:246)
	at org.junit.platform.launcher.core.EngineExecutionOrchestrator.failOrExecuteEngine(EngineExecutionOrchestrator.java:218)
	at org.junit.platform.launcher.core.EngineExecutionOrchestrator.execute(EngineExecutionOrchestrator.java:179)
	at org.junit.platform.launcher.core.EngineExecutionOrchestrator.execute(EngineExecutionOrchestrator.java:108)
	at org.junit.platform.launcher.core.EngineExecutionOrchestrator.execute(EngineExecutionOrchestrator.java:89)
	at org.junit.platform.suite.engine.SuiteLauncher.execute(SuiteLauncher.java:65)
	at org.junit.platform.suite.engine.SuiteTestDescriptor.executeTests(SuiteTestDescriptor.java:208)
	at org.junit.platform.suite.engine.SuiteTestDescriptor.execute(SuiteTestDescriptor.java:173)
	at org.junit.platform.suite.engine.SuiteTestEngine.lambda$execute$0(SuiteTestEngine.java:78)
	at java.base/java.util.stream.ForEachOps$ForEachOp$OfRef.accept(ForEachOps.java:186)
	at java.base/java.util.stream.ReferencePipeline$3$1.accept(ReferencePipeline.java:214)
	at java.base/java.util.Iterator.forEachRemaining(Iterator.java:133)
	at java.base/java.util.Spliterators$IteratorSpliterator.forEachRemaining(Spliterators.java:1939)
	at java.base/java.util.stream.AbstractPipeline.copyInto(AbstractPipeline.java:570)
	at java.base/java.util.stream.AbstractPipeline.wrapAndCopyInto(AbstractPipeline.java:560)
	at java.base/java.util.stream.ForEachOps$ForEachOp.evaluateSequential(ForEachOps.java:153)
	at java.base/java.util.stream.ForEachOps$ForEachOp$OfRef.evaluateSequential(ForEachOps.java:176)
	at java.base/java.util.stream.AbstractPipeline.evaluate(AbstractPipeline.java:265)
	at java.base/java.util.stream.ReferencePipeline.forEach(ReferencePipeline.java:632)
	at org.junit.platform.suite.engine.SuiteTestEngine.execute(SuiteTestEngine.java:78)
	at org.junit.platform.launcher.core.EngineExecutionOrchestrator.executeEngine(EngineExecutionOrchestrator.java:246)
	at org.junit.platform.launcher.core.EngineExecutionOrchestrator.failOrExecuteEngine(EngineExecutionOrchestrator.java:218)
	at org.junit.platform.launcher.core.EngineExecutionOrchestrator.execute(EngineExecutionOrchestrator.java:179)
	at org.junit.platform.launcher.core.EngineExecutionOrchestrator.execute(EngineExecutionOrchestrator.java:108)
	at org.junit.platform.launcher.core.EngineExecutionOrchestrator.lambda$execute$0(EngineExecutionOrchestrator.java:66)
	at org.junit.platform.launcher.core.EngineExecutionOrchestrator.withInterceptedStreams(EngineExecutionOrchestrator.java:157)
	at org.junit.platform.launcher.core.EngineExecutionOrchestrator.execute(EngineExecutionOrchestrator.java:65)
	at org.junit.platform.launcher.core.DefaultLauncher.execute(DefaultLauncher.java:125)
	at org.junit.platform.launcher.core.DefaultLauncher.execute(DefaultLauncher.java:114)
	at org.junit.platform.launcher.core.DelegatingLauncher.execute(DelegatingLauncher.java:58)
	at org.junit.platform.launcher.core.InterceptingLauncher.lambda$execute$2(InterceptingLauncher.java:57)
	at org.junit.platform.launcher.core.ClasspathAlignmentCheckingLauncherInterceptor.intercept(ClasspathAlignmentCheckingLauncherInterceptor.java:25)
	at org.junit.platform.launcher.core.InterceptingLauncher.execute(InterceptingLauncher.java:56)
	at org.junit.platform.launcher.core.DelegatingLauncher.execute(DelegatingLauncher.java:58)
	at java.base/jdk.internal.reflect.DirectMethodHandleAccessor.invoke(DirectMethodHandleAccessor.java:104)
	at java.base/java.lang.reflect.Method.invoke(Method.java:565)
	at org.apache.maven.surefire.api.util.ReflectionUtils.invokeMethodWithArray(ReflectionUtils.java:125)
	at org.apache.maven.surefire.junitplatform.LauncherAdapter.executeWithCancellationToken(LauncherAdapter.java:68)
	at org.apache.maven.surefire.junitplatform.LauncherAdapter.execute(LauncherAdapter.java:54)
	at org.apache.maven.surefire.junitplatform.JUnitPlatformProvider.execute(JUnitPlatformProvider.java:203)
	at org.apache.maven.surefire.junitplatform.JUnitPlatformProvider.invokeAllTests(JUnitPlatformProvider.java:168)
	at org.apache.maven.surefire.junitplatform.JUnitPlatformProvider.invoke(JUnitPlatformProvider.java:136)
	at org.apache.maven.surefire.booter.ForkedBooter.runSuitesInProcess(ForkedBooter.java:385)
	at org.apache.maven.surefire.booter.ForkedBooter.execute(ForkedBooter.java:162)
	at org.apache.maven.surefire.booter.ForkedBooter.run(ForkedBooter.java:507)
	at org.apache.maven.surefire.booter.ForkedBooter.main(ForkedBooter.java:495)
Caused by: org.openqa.selenium.NoSuchElementException: Can't locate an element by this strategy: By.chained({AppiumBy.androidUIAutomator: resourceId("finish-button")})
	at io.appium.java_client.pagefactory.AppiumElementLocator.findElement(AppiumElementLocator.java:166)
	at io.appium.java_client.pagefactory.interceptors.InterceptorOfASingleElement.call(InterceptorOfASingleElement.java:74)
	at io.appium.java_client.proxy.Interceptor.intercept(Interceptor.java:78)
	at org.openqa.selenium.remote.RemoteWebElement$ByteBuddy$IQLYXS4M.isDisplayed(Unknown Source)
	at org.openqa.selenium.support.ui.ExpectedConditions.elementIfVisible(ExpectedConditions.java:367)
	at org.openqa.selenium.support.ui.ExpectedConditions$10.apply(ExpectedConditions.java:353)
	at org.openqa.selenium.support.ui.ExpectedConditions$10.apply(ExpectedConditions.java:350)
	at org.openqa.selenium.support.ui.FluentWait.until(FluentWait.java:207)
	... 123 common frames omitted
Caused by: org.openqa.selenium.TimeoutException: Expected condition failed: waiting for io.appium.java_client.pagefactory.AppiumElementLocator$WaitingFunction@7e047d85
(tried for 20 seconds with 500 milliseconds interval)
	at org.openqa.selenium.support.ui.FluentWait.timeoutException(FluentWait.java:276)
	at org.openqa.selenium.support.ui.FluentWait.until(FluentWait.java:231)
	at io.appium.java_client.pagefactory.AppiumElementLocator.waitFor(AppiumElementLocator.java:135)
	at io.appium.java_client.pagefactory.AppiumElementLocator.findElement(AppiumElementLocator.java:160)
	... 130 common frames omitted
Caused by: org.openqa.selenium.NoSuchElementException: Cannot locate an element using By.chained({AppiumBy.androidUIAutomator: resourceId("finish-button")})
For documentation on this error, please visit: https://www.selenium.dev/documentation/webdriver/troubleshooting/errors#nosuchelementexception
Build info: version: '4.40.0', revision: 'b3333f1'
System info: os.name: 'Windows 11', os.arch: 'amd64', os.version: '10.0', java.version: '26.0.2.1'
Driver info: driver.version: RemoteWebDriver
	at io.appium.java_client.pagefactory.bys.builder.ByChained.findElement(ByChained.java:74)
	at org.openqa.selenium.remote.ElementLocation$ElementFinder$1.findElement(ElementLocation.java:140)
	at org.openqa.selenium.remote.ElementLocation.findElement(ElementLocation.java:60)
	at org.openqa.selenium.remote.RemoteWebDriver.findElement(RemoteWebDriver.java:424)
	at org.openqa.selenium.remote.RemoteWebDriver.findElement(RemoteWebDriver.java:418)
	at io.appium.java_client.pagefactory.bys.ContentMappedBy.findElement(ContentMappedBy.java:54)
	at org.openqa.selenium.remote.ElementLocation$ElementFinder$1.findElement(ElementLocation.java:140)
	at org.openqa.selenium.remote.ElementLocation.findElement(ElementLocation.java:60)
	at org.openqa.selenium.remote.RemoteWebDriver.findElement(RemoteWebDriver.java:424)
	at org.openqa.selenium.remote.RemoteWebDriver.findElement(RemoteWebDriver.java:418)
	at io.appium.java_client.pagefactory.AppiumElementLocator.lambda$findElement$1(AppiumElementLocator.java:160)
	at io.appium.java_client.pagefactory.AppiumElementLocator$WaitingFunction.apply(AppiumElementLocator.java:217)
	at io.appium.java_client.pagefactory.AppiumElementLocator$WaitingFunction.apply(AppiumElementLocator.java:210)
	at org.openqa.selenium.support.ui.FluentWait.until(FluentWait.java:207)
	... 132 common frames omitted
2026-09-01 02:59:40.080 [main] INFO  com.swaglabs.hooks.Hooks - Scenario 'User completes a full purchase' FAILED. Capturing screenshot...
2026-09-01 02:59:42.261 [main] INFO  c.s.utils.helper.WebdriverHelper - Recording saved and attached to failed scenario 'User completes a full purchase'
2026-09-01 02:59:43.247 [main] INFO  c.s.managers.AppiumDriverManager - Local driver variables cleared
2026-09-01 02:59:43.247 [main] INFO  page_objects.PageObjectHelper - Page object instances cleared
2026-09-01 02:59:43.307 [main] INFO  c.s.managers.AppiumServerManager - Appium server stopped
2026-09-01 02:59:43.307 [main] INFO  com.swaglabs.hooks.Hooks - Swag Labs automation finished.
2026-09-01 03:18:27.425 [main] INFO  c.s.managers.PropertiesManager - Loaded properties file: src/main/resources/project_properties/project_config_local.properties
2026-09-01 03:18:27.446 [main] INFO  c.s.capabilities.CapabilityManager - Loaded capabilities from C:\Users\family\Desktop\projects\swag-labs-mobile-nwdfew/src/main/resources/caps/local.json
2026-09-01 03:18:27.446 [main] INFO  com.swaglabs.hooks.Hooks - Swag Labs automation started. Platform=android, Environment=local
2026-09-01 03:18:27.765 [main] INFO  com.swaglabs.hooks.Hooks - ******* Scenario: Locked out user is blocked from logging in started *******
2026-09-01 03:18:34.698 [main] INFO  c.s.managers.AppiumServerManager - Appium server started on http://127.0.0.1:4723
2026-09-01 03:18:34.854 [main] INFO  com.swaglabs.device.DeviceManager - Using Android device: b58c6ff4
2026-09-01 03:18:35.148 [main] INFO  c.s.managers.AppiumDriverManager - Starting Appium session: http://127.0.0.1:4723 with caps Capabilities {appium:adbExecTimeout: 20000, appium:app: C:\Users\family\Desktop\pro..., appium:appActivity: .MainActivity, appium:appPackage: com.juanforeroaxpo.saucedemo, appium:autoGrantPermissions: true, appium:automationName: UiAutomator2, appium:clearSystemFiles: true, appium:disableWindowAnimation: false, appium:newCommandTimeout: 250, appium:noSign: true, appium:udid: b58c6ff4, appium:uiautomator2ServerInstallTimeout: 20000, platformName: ANDROID}
2026-09-01 03:18:46.556 [main] INFO  c.s.utils.helper.WebdriverHelper - Screen recording started
2026-09-01 03:18:48.187 [main] INFO  c.swaglabs.stepsDefs.LoginStepsDefs - User lands on the login page
2026-09-01 03:18:55.991 [main] INFO  c.swaglabs.stepsDefs.LoginStepsDefs - Logged in as locked_out_user
2026-09-01 03:18:58.959 [main] INFO  c.swaglabs.stepsDefs.LoginStepsDefs - Login error verified: Epic sadface: Sorry, this user has been locked out.
2026-09-01 03:19:00.119 [main] INFO  com.swaglabs.hooks.Hooks - Scenario 'Locked out user is blocked from logging in' PASSED.
2026-09-01 03:19:02.986 [main] INFO  c.s.managers.AppiumDriverManager - Local driver variables cleared
2026-09-01 03:19:02.986 [main] INFO  page_objects.PageObjectHelper - Page object instances cleared
2026-09-01 03:19:03.062 [main] INFO  c.s.managers.AppiumServerManager - Appium server stopped
2026-09-01 03:19:03.062 [main] INFO  com.swaglabs.hooks.Hooks - Swag Labs automation finished.
2026-09-01 03:21:16.100 [main] INFO  c.s.managers.PropertiesManager - Loaded properties file: src/main/resources/project_properties/project_config_local.properties
2026-09-01 03:21:16.118 [main] INFO  c.s.capabilities.CapabilityManager - Loaded capabilities from C:\Users\family\Desktop\projects\swag-labs-mobile-nwdfew/src/main/resources/caps/local.json
2026-09-01 03:21:16.119 [main] INFO  com.swaglabs.hooks.Hooks - Swag Labs automation started. Platform=android, Environment=local
2026-09-01 03:21:16.451 [main] INFO  com.swaglabs.hooks.Hooks - ******* Scenario: Standard user can log in successfully started *******
2026-09-01 03:21:22.012 [main] INFO  c.s.managers.AppiumServerManager - Appium server started on http://127.0.0.1:4723
2026-09-01 03:21:22.142 [main] INFO  com.swaglabs.device.DeviceManager - Using Android device: b58c6ff4
2026-09-01 03:21:22.428 [main] INFO  c.s.managers.AppiumDriverManager - Starting Appium session: http://127.0.0.1:4723 with caps Capabilities {appium:adbExecTimeout: 20000, appium:app: C:\Users\family\Desktop\pro..., appium:appActivity: .MainActivity, appium:appPackage: com.juanforeroaxpo.saucedemo, appium:autoGrantPermissions: true, appium:automationName: UiAutomator2, appium:clearSystemFiles: true, appium:disableWindowAnimation: false, appium:newCommandTimeout: 250, appium:noSign: true, appium:udid: b58c6ff4, appium:uiautomator2ServerInstallTimeout: 20000, platformName: ANDROID}
2026-09-01 03:21:33.044 [main] INFO  c.s.utils.helper.WebdriverHelper - Screen recording started
2026-09-01 03:21:34.796 [main] INFO  c.swaglabs.stepsDefs.LoginStepsDefs - User lands on the login page
2026-09-01 03:21:42.833 [main] INFO  c.swaglabs.stepsDefs.LoginStepsDefs - Logged in as standard_user
2026-09-01 03:21:44.622 [main] INFO  c.s.stepsDefs.ProductsStepsDefs - Products page is displayed
2026-09-01 03:21:44.624 [main] INFO  com.swaglabs.hooks.Hooks - Scenario 'Standard user can log in successfully' PASSED.
2026-09-01 03:21:47.169 [main] INFO  c.s.managers.AppiumDriverManager - Local driver variables cleared
2026-09-01 03:21:47.169 [main] INFO  page_objects.PageObjectHelper - Page object instances cleared
2026-09-01 03:21:47.185 [main] INFO  com.swaglabs.hooks.Hooks - ******* Scenario: Locked out user is blocked from logging in started *******
2026-09-01 03:21:47.186 [main] INFO  c.s.managers.AppiumServerManager - Appium server already running on 127.0.0.1:4723 - stopping to reuse clean state
2026-09-01 03:21:47.215 [main] INFO  c.s.managers.AppiumServerManager - Appium server stopped
2026-09-01 03:21:52.397 [main] INFO  c.s.managers.AppiumServerManager - Appium server started on http://127.0.0.1:4723
2026-09-01 03:21:52.450 [main] INFO  com.swaglabs.device.DeviceManager - Using Android device: b58c6ff4
2026-09-01 03:21:52.698 [main] INFO  c.s.managers.AppiumDriverManager - Starting Appium session: http://127.0.0.1:4723 with caps Capabilities {appium:adbExecTimeout: 20000, appium:app: C:\Users\family\Desktop\pro..., appium:appActivity: .MainActivity, appium:appPackage: com.juanforeroaxpo.saucedemo, appium:autoGrantPermissions: true, appium:automationName: UiAutomator2, appium:clearSystemFiles: true, appium:disableWindowAnimation: false, appium:newCommandTimeout: 250, appium:noSign: true, appium:udid: b58c6ff4, appium:uiautomator2ServerInstallTimeout: 20000, platformName: ANDROID}
